Archive member included because of file (symbol)

.\CortexM3\ARM_GCC_484\Debug\Hummingbird Test.a(cyfitter_cfg.o)
                              .\CortexM3\ARM_GCC_484\Debug\Cm3Start.o (cyfitter_cfg)
.\CortexM3\ARM_GCC_484\Debug\Hummingbird Test.a(CyBootAsmGnu.o)
                              .\CortexM3\ARM_GCC_484\Debug\Hummingbird Test.a(cyfitter_cfg.o) (CyDelayCycles)
.\CortexM3\ARM_GCC_484\Debug\Hummingbird Test.a(CyLib.o)
                              .\CortexM3\ARM_GCC_484\Debug\Cm3Start.o (CyHalt)
.\CortexM3\ARM_GCC_484\Debug\Hummingbird Test.a(cyPm.o)
                              .\CortexM3\ARM_GCC_484\Debug\Hummingbird Test.a(CyLib.o) (CyPmReadStatus)
.\CortexM3\ARM_GCC_484\Debug\Hummingbird Test.a(ADC_SAR_1.o)
                              .\CortexM3\ARM_GCC_484\Debug\main.o (ADC_SAR_1_Start)
.\CortexM3\ARM_GCC_484\Debug\Hummingbird Test.a(ADC_SAR_1_INT.o)
                              .\CortexM3\ARM_GCC_484\Debug\Hummingbird Test.a(ADC_SAR_1.o) (ADC_SAR_1_ISR)
.\CortexM3\ARM_GCC_484\Debug\Hummingbird Test.a(ADC_SAR_1_theACLK.o)
                              .\CortexM3\ARM_GCC_484\Debug\Hummingbird Test.a(ADC_SAR_1.o) (ADC_SAR_1_theACLK_SetModeRegister)
.\CortexM3\ARM_GCC_484\Debug\Hummingbird Test.a(LCD.o)
                              .\CortexM3\ARM_GCC_484\Debug\main.o (LCD_PrintString)
.\CortexM3\ARM_GCC_484\Debug\Hummingbird Test.a(Timer_1.o)
                              .\CortexM3\ARM_GCC_484\Debug\main.o (Timer_1_Start)
.\CortexM3\ARM_GCC_484\Debug\Hummingbird Test.a(isr_1.o)
                              .\CortexM3\ARM_GCC_484\Debug\main.o (isr_1_StartEx)
.\CortexM3\ARM_GCC_484\Debug\Hummingbird Test.a(CyFlash.o)
                              .\CortexM3\ARM_GCC_484\Debug\Hummingbird Test.a(cyPm.o) (CyFlash_SetWaitCycles)
.\CortexM3\ARM_GCC_484\Debug\Hummingbird Test.a(CySpc.o)
                              .\CortexM3\ARM_GCC_484\Debug\Hummingbird Test.a(CyFlash.o) (CySpcStart)
.\CortexM3\ARM_GCC_484\Debug\Hummingbird Test.a(cyutils.o)
                              .\CortexM3\ARM_GCC_484\Debug\Hummingbird Test.a(Timer_1.o) (CySetReg24)
.\emFile_V322c\LinkLibrary\PSoC5\GCC\libemf32nosnlfn.a(FS_Misc.o)
                              .\CortexM3\ARM_GCC_484\Debug\main.o (FS_Init)
.\emFile_V322c\LinkLibrary\PSoC5\GCC\libemf32nosnlfn.a(FS_Storage.o)
                              .\emFile_V322c\LinkLibrary\PSoC5\GCC\libemf32nosnlfn.a(FS_Misc.o) (FS__FindVolume)
.\emFile_V322c\LinkLibrary\PSoC5\GCC\libemf32nosnlfn.a(FS_Unmount.o)
                              .\emFile_V322c\LinkLibrary\PSoC5\GCC\libemf32nosnlfn.a(FS_Misc.o) (FS__UnmountForcedNL)
.\emFile_V322c\LinkLibrary\PSoC5\GCC\libemf32nosnlfn.a(FS_Volume.o)
                              .\emFile_V322c\LinkLibrary\PSoC5\GCC\libemf32nosnlfn.a(FS_Misc.o) (FS__AutoMount)
.\emFile_V322c\LinkLibrary\PSoC5\GCC\libemf32nosnlfn.a(FS_Write.o)
                              .\CortexM3\ARM_GCC_484\Debug\main.o (FS_Write)
.\emFile_V322c\LinkLibrary\PSoC5\GCC\libemf32nosnlfn.a(FAT_CheckDisk.o)
                              .\emFile_V322c\LinkLibrary\PSoC5\GCC\libemf32nosnlfn.a(FS_Volume.o) (FS_FAT__CheckDisk)
.\emFile_V322c\LinkLibrary\PSoC5\GCC\libemf32nosnlfn.a(FAT_Dir.o)
                              .\emFile_V322c\LinkLibrary\PSoC5\GCC\libemf32nosnlfn.a(FAT_CheckDisk.o) (FS_FAT_CreateDirEx)
.\emFile_V322c\LinkLibrary\PSoC5\GCC\libemf32nosnlfn.a(FAT_DiskInfo.o)
                              .\emFile_V322c\LinkLibrary\PSoC5\GCC\libemf32nosnlfn.a(FS_Volume.o) (FS_FAT_GetDiskInfo)
.\emFile_V322c\LinkLibrary\PSoC5\GCC\libemf32nosnlfn.a(FAT_Misc.o)
                              .\emFile_V322c\LinkLibrary\PSoC5\GCC\libemf32nosnlfn.a(FAT_Dir.o) (FS_FAT_ClusterId2SectorNo)
.\emFile_V322c\LinkLibrary\PSoC5\GCC\libemf32nosnlfn.a(FAT_Open.o)
                              .\emFile_V322c\LinkLibrary\PSoC5\GCC\libemf32nosnlfn.a(FAT_CheckDisk.o) (FS_FAT_InitDirEntryScan)
.\emFile_V322c\LinkLibrary\PSoC5\GCC\libemf32nosnlfn.a(FAT_VolumeLabel.o)
                              .\emFile_V322c\LinkLibrary\PSoC5\GCC\libemf32nosnlfn.a(FS_Volume.o) (FS_FAT_SetVolumeLabel)
.\emFile_V322c\LinkLibrary\PSoC5\GCC\libemf32nosnlfn.a(FAT_Write.o)
                              .\emFile_V322c\LinkLibrary\PSoC5\GCC\libemf32nosnlfn.a(FS_Unmount.o) (FS_FAT_Clean)
.\emFile_V322c\LinkLibrary\PSoC5\GCC\libemf32nosnlfn.a(FS_CLib.o)
                              .\emFile_V322c\LinkLibrary\PSoC5\GCC\libemf32nosnlfn.a(FS_Storage.o) (FS__CLIB_memcmp)
.\emFile_V322c\LinkLibrary\PSoC5\GCC\libemf32nosnlfn.a(FS_Core.o)
                              .\emFile_V322c\LinkLibrary\PSoC5\GCC\libemf32nosnlfn.a(FAT_Misc.o) (FS__DivideU32Up)
.\emFile_V322c\LinkLibrary\PSoC5\GCC\libemf32nosnlfn.a(FS_LogBlock.o)
                              .\emFile_V322c\LinkLibrary\PSoC5\GCC\libemf32nosnlfn.a(FS_Misc.o) (FS_LB_GetStatus)
.\emFile_V322c\LinkLibrary\PSoC5\GCC\libemf32nosnlfn.a(FS_memcpy.o)
[...]
Memory Configuration

Name             Origin             Length             Attributes
rom              0x00000000         0x00040000         xr
ram              0x1fff8000         0x00010000         xrw
*default*        0x00000000         0xffffffff

Linker script and memory map

LOAD c:/program files (x86)/cypress/psoc creator/3.2/psoc creator/import/gnu/arm/4.8.4/bin/../lib/gcc/arm-none-eabi/4.8.4/armv7-m/crti.o
LOAD c:/program files (x86)/cypress/psoc creator/3.2/psoc creator/import/gnu/arm/4.8.4/bin/../lib/gcc/arm-none-eabi/4.8.4/armv7-m/crtbegin.o
LOAD c:/program files (x86)/cypress/psoc creator/3.2/psoc creator/import/gnu/arm/4.8.4/bin/../lib/gcc/arm-none-eabi/4.8.4/../../../../arm-none-eabi/lib/armv7-m/crt0.o
START GROUP
LOAD .\CortexM3\ARM_GCC_484\Debug\main.o
LOAD .\CortexM3\ARM_GCC_484\Debug\WAV.o
LOAD .\CortexM3\ARM_GCC_484\Debug\cymetadata.o
LOAD .\CortexM3\ARM_GCC_484\Debug\Cm3Start.o
LOAD .\CortexM3\ARM_GCC_484\Debug\Hummingbird Test.a
LOAD C:\Program Files (x86)\Cypress\PSoC Creator\3.2\PSoC Creator\psoc\content\cycomponentlibrary\CyComponentLibrary.cylib\CortexM3\ARM_GCC_484\Debug\CyComponentLibrary.a
LOAD .\emFile_V322c\LinkLibrary\PSoC5\GCC\libemf32nosnlfn.a
END GROUP
START GROUP
LOAD c:/program files (x86)/cypress/psoc creator/3.2/psoc creator/import/gnu/arm/4.8.4/bin/../lib/gcc/arm-none-eabi/4.8.4/armv7-m\libgcc.a
LOAD c:/program files (x86)/cypress/psoc creator/3.2/psoc creator/import/gnu/arm/4.8.4/bin/../lib/gcc/arm-none-eabi/4.8.4/../../../../arm-none-eabi/lib/armv7-m\libg_s.a
LOAD c:/program files (x86)/cypress/psoc creator/3.2/psoc creator/import/gnu/arm/4.8.4/bin/../lib/gcc/arm-none-eabi/4.8.4/../../../../arm-none-eabi/lib/armv7-m\libc_s.a
END GROUP
START GROUP
LOAD c:/program files (x86)/cypress/psoc creator/3.2/psoc creator/import/gnu/arm/4.8.4/bin/../lib/gcc/arm-none-eabi/4.8.4/armv7-m\libgcc.a
LOAD c:/program files (x86)/cypress/psoc creator/3.2/psoc creator/import/gnu/arm/4.8.4/bin/../lib/gcc/arm-none-eabi/4.8.4/../../../../arm-none-eabi/lib/armv7-m\libc_s.a
END GROUP
LOAD c:/program files (x86)/cypress/psoc creator/3.2/psoc creator/import/gnu/arm/4.8.4/bin/../lib/gcc/arm-none-eabi/4.8.4/armv7-m/crtend.o
LOAD c:/program files (x86)/cypress/psoc creator/3.2/psoc creator/import/gnu/arm/4.8.4/bin/../lib/gcc/arm-none-eabi/4.8.4/armv7-m/crtn.o
START GROUP
LOAD c:/program files (x86)/cypress/psoc creator/3.2/psoc creator/import/gnu/arm/4.8.4/bin/../lib/gcc/arm-none-eabi/4.8.4/armv7-m\libgcc.a
LOAD c:/program files (x86)/cypress/psoc creator/3.2/psoc creator/import/gnu/arm/4.8.4/bin/../lib/gcc/arm-none-eabi/4.8.4/../../../../arm-none-eabi/lib/armv7-m\libc.a
LOAD c:/program files (x86)/cypress/psoc creator/3.2/psoc creator/import/gnu/arm/4.8.4/bin/../lib/gcc/arm-none-eabi/4.8.4/../../../../arm-none-eabi/lib/armv7-m\libnosys.a
END GROUP
                0x00000000                CY_APPL_ORIGIN = 0x0
                0x00000100                CY_FLASH_ROW_SIZE = 0x100
                0x00000020                CY_ECC_ROW_SIZE = 0x20
                0x00000000                CY_EE_IN_BTLDR = 0x0
                0x00000000                CY_APPL_LOADABLE = 0x0
                0x00000800                CY_EE_SIZE = 0x800
                0x00000001                CY_APPL_NUM = 0x1
                0x00000001                CY_APPL_MAX = 0x1
                0x00000040                CY_METADATA_SIZE = 0x40
                0x1fffa2a0                PROVIDE (__cy_heap_start, _end)
                0x00000001                PROVIDE (__cy_region_num, ((__cy_regions_end - __cy_regions) / 0x10))
                0x20008000                PROVIDE (__cy_stack, (ORIGIN (ram) + 0x10000))
                0x20007800                PROVIDE (__cy_heap_end, (__cy_stack - 0x800))

.cybootloader   0x00000000        0x0
 *(.cybootloader)
                0x00000000                appl1_start = CY_APPL_ORIGIN?CY_APPL_ORIGIN:ALIGN (CY_FLASH_ROW_SIZE)
                0x0001ff00                appl2_start = (appl1_start + ALIGN ((((0x40000 - appl1_start) - (0x2 * CY_FLASH_ROW_SIZE)) / 0x2), CY_FLASH_ROW_SIZE))
                0x00000000                appl_start = (CY_APPL_NUM == 0x1)?appl1_start:appl2_start
                0x00000000                ecc_offset = ((appl_start / CY_FLASH_ROW_SIZE) * CY_ECC_ROW_SIZE)
                0x00000000                ee_offset = (CY_APPL_LOADABLE && ! (CY_EE_IN_BTLDR))?((CY_EE_SIZE / CY_APPL_MAX) * (CY_APPL_NUM - 0x1)):0x0
                0x00000800                ee_size = (CY_APPL_LOADABLE && ! (CY_EE_IN_BTLDR))?(CY_EE_SIZE / CY_APPL_MAX):CY_EE_SIZE
                0x00000000                PROVIDE (CY_ECC_OFFSET, ecc_offset)

.text           0x00000000     0x4028
 CREATE_OBJECT_SYMBOLS
                0x00000000                PROVIDE (__cy_interrupt_vector, RomVectors)
 *(.romvectors)
 .romvectors    0x00000000       0x10 .\CortexM3\ARM_GCC_484\Debug\Cm3Start.o
                0x00000000                RomVectors
                0x00000001                ASSERT ((. != __cy_interrupt_vector), No interrupt vector)
                0x00000001                ASSERT (CY_APPL_ORIGIN?(SIZEOF (.cybootloader) <= CY_APPL_ORIGIN):0x1, Wrong image location)
                0x00000010                PROVIDE (__cy_reset, Reset)
 *(.text.Reset)
 .text.Reset    0x00000010       0x18 .\CortexM3\ARM_GCC_484\Debug\Cm3Start.o
                0x00000010                Reset
                0x00000001                ASSERT ((. != __cy_reset), No reset code)
 *(.dma_init)
                0x00000001                ASSERT ((((appl_start + .) <= 0x10000) || 0x1), DMA Init must be within the first 64k of flash)
 *(.text .text.* .gnu.linkonce.t.*)
 .text          0x00000028       0x54 c:/program files (x86)/cypress/psoc creator/3.2/psoc creator/import/gnu/arm/4.8.4/bin/../lib/gcc/arm-none-eabi/4.8.4/armv7-m/crtbegin.o
 .text.GetSample
                0x0000007c       0x44 .\CortexM3\ARM_GCC_484\Debug\main.o
                0x0000007c                GetSample
 .text.SizeOfString
                0x000000c0       0x1c .\CortexM3\ARM_GCC_484\Debug\main.o
                0x000000c0                SizeOfString
 .text.main     0x000000dc       0xc0 .\CortexM3\ARM_GCC_484\Debug\main.o
                0x000000dc                main
 .text.IntDefaultHandler
                0x0000019c        0x4 .\CortexM3\ARM_GCC_484\Debug\Cm3Start.o
                0x0000019c                IntDefaultHandler
 .text._sbrk    0x000001a0       0x30 .\CortexM3\ARM_GCC_484\Debug\Cm3Start.o
                0x000001a0                _sbrk
 .text.Start_c  0x000001d0       0x4c .\CortexM3\ARM_GCC_484\Debug\Cm3Start.o
                0x000001d0                Start_c
 .text.initialize_psoc
                0x0000021c       0x70 .\CortexM3\ARM_GCC_484\Debug\Cm3Start.o
                0x0000021c                initialize_psoc
 .text.CyClockStartupError
                0x0000028c        0x4 .\CortexM3\ARM_GCC_484\Debug\Hummingbird Test.a(cyfitter_cfg.o)
 .text.cfg_write_bytes32
                0x00000290       0x34 .\CortexM3\ARM_GCC_484\Debug\Hummingbird Test.a(cyfitter_cfg.o)
 .text.AnalogSetDefault
                0x000002c4       0x70 .\CortexM3\ARM_GCC_484\Debug\Hummingbird Test.a(cyfitter_cfg.o)
 .text.CYMEMZERO
                0x00000334        0xc .\CortexM3\ARM_GCC_484\Debug\Hummingbird Test.a(cyfitter_cfg.o)
 .text.ClockSetup
                0x00000340       0xc4 .\CortexM3\ARM_GCC_484\Debug\Hummingbird Test.a(cyfitter_cfg.o)
 .text.CYCONFIGCPY
                0x00000404        0x8 .\CortexM3\ARM_GCC_484\Debug\Hummingbird Test.a(cyfitter_cfg.o)
 .text.cyfitter_cfg
                0x0000040c       0xfc .\CortexM3\ARM_GCC_484\Debug\Hummingbird Test.a(cyfitter_cfg.o)
                0x0000040c                cyfitter_cfg
 .text          0x00000508       0x28 .\CortexM3\ARM_GCC_484\Debug\Hummingbird Test.a(CyBootAsmGnu.o)
                0x00000508                CyDelayCycles
                0x0000051c                CyEnterCriticalSection
                0x00000524                CyExitCriticalSection
 .text.CyHalt   0x00000530        0x4 .\CortexM3\ARM_GCC_484\Debug\Hummingbird Test.a(CyLib.o)
                0x00000530                CyHalt
 .text.CyDelay  0x00000534       0x2c .\CortexM3\ARM_GCC_484\Debug\Hummingbird Test.a(CyLib.o)
                0x00000534                CyDelay
 .text.CyDelayUs
                0x00000560       0x14 .\CortexM3\ARM_GCC_484\Debug\Hummingbird Test.a(CyLib.o)
                0x00000560                CyDelayUs
 .text.CyIntSetVector
                0x00000574       0x28 .\CortexM3\ARM_GCC_484\Debug\Hummingbird Test.a(CyLib.o)
                0x00000574                CyIntSetVector
 .text.CyIntSetPriority
                0x0000059c       0x30 .\CortexM3\ARM_GCC_484\Debug\Hummingbird Test.a(CyLib.o)
                0x0000059c                CyIntSetPriority
 .text.ADC_SAR_1_CalcGain
                0x000005cc       0x68 .\CortexM3\ARM_GCC_484\Debug\Hummingbird Test.a(ADC_SAR_1.o)
 .text.ADC_SAR_1_Enable
                0x00000634       0x90 .\CortexM3\ARM_GCC_484\Debug\Hummingbird Test.a(ADC_SAR_1.o)
                0x00000634                ADC_SAR_1_Enable
 .text.ADC_SAR_1_SetResolution
                0x000006c4       0x38 .\CortexM3\ARM_GCC_484\Debug\Hummingbird Test.a(ADC_SAR_1.o)
                0x000006c4                ADC_SAR_1_SetResolution
 .text.ADC_SAR_1_Init
                0x000006fc       0x3c .\CortexM3\ARM_GCC_484\Debug\Hummingbird Test.a(ADC_SAR_1.o)
                0x000006fc                ADC_SAR_1_Init
 .text.ADC_SAR_1_Start
                0x00000738       0x1c .\CortexM3\ARM_GCC_484\Debug\Hummingbird Test.a(ADC_SAR_1.o)
                0x00000738                ADC_SAR_1_Start
 .text.ADC_SAR_1_StartConvert
                0x00000754       0x10 .\CortexM3\ARM_GCC_484\Debug\Hummingbird Test.a(ADC_SAR_1.o)
                0x00000754                ADC_SAR_1_StartConvert
 .text.ADC_SAR_1_IsEndConversion
                0x00000764       0x24 .\CortexM3\ARM_GCC_484\Debug\Hummingbird Test.a(ADC_SAR_1.o)
                0x00000764                ADC_SAR_1_IsEndConversion
 .text.ADC_SAR_1_GetResult16
                0x00000788       0x18 .\CortexM3\ARM_GCC_484\Debug\Hummingbird Test.a(ADC_SAR_1.o)
                0x00000788                ADC_SAR_1_GetResult16
 .text.ADC_SAR_1_ISR
                0x000007a0        0x4 .\CortexM3\ARM_GCC_484\Debug\Hummingbird Test.a(ADC_SAR_1_INT.o)
                0x000007a0                ADC_SAR_1_ISR
 .text.ADC_SAR_1_theACLK_SetModeRegister
                0x000007a4       0x14 .\CortexM3\ARM_GCC_484\Debug\Hummingbird Test.a(ADC_SAR_1_theACLK.o)
                0x000007a4                ADC_SAR_1_theACLK_SetModeRegister
 .text.LCD_WrCntrlNib
                0x000007b8       0x34 .\CortexM3\ARM_GCC_484\Debug\Hummingbird Test.a(LCD.o)
 .text.LCD_WrDatNib
                0x000007ec       0x44 .\CortexM3\ARM_GCC_484\Debug\Hummingbird Test.a(LCD.o)
 .text.LCD_IsReady
                0x00000830       0xec .\CortexM3\ARM_GCC_484\Debug\Hummingbird Test.a(LCD.o)
                0x00000830                LCD_IsReady
 .text.LCD_WriteData
                0x0000091c       0x18 .\CortexM3\ARM_GCC_484\Debug\Hummingbird Test.a(LCD.o)
                0x0000091c                LCD_WriteData
 .text.LCD_PrintString
                0x00000934       0x1c .\CortexM3\ARM_GCC_484\Debug\Hummingbird Test.a(LCD.o)
                0x00000934                LCD_PrintString
 .text.LCD_WriteControl
                0x00000950       0x18 .\CortexM3\ARM_GCC_484\Debug\Hummingbird Test.a(LCD.o)
                0x00000950                LCD_WriteControl
 .text.LCD_Init
                0x00000968       0x6c .\CortexM3\ARM_GCC_484\Debug\Hummingbird Test.a(LCD.o)
                0x00000968                LCD_Init
 .text.LCD_Enable
                0x000009d4       0x14 .\CortexM3\ARM_GCC_484\Debug\Hummingbird Test.a(LCD.o)
                0x000009d4                LCD_Enable
 .text.LCD_Start
                0x000009e8       0x1c .\CortexM3\ARM_GCC_484\Debug\Hummingbird Test.a(LCD.o)
                0x000009e8                LCD_Start
 .text.LCD_Position
                0x00000a04       0x3c .\CortexM3\ARM_GCC_484\Debug\Hummingbird Test.a(LCD.o)
                0x00000a04                LCD_Position
 .text.Timer_1_Enable
                0x00000a40       0x10 .\CortexM3\ARM_GCC_484\Debug\Hummingbird Test.a(Timer_1.o)
                0x00000a40                Timer_1_Enable
 .text.Timer_1_SetInterruptMode
                0x00000a50        0xc .\CortexM3\ARM_GCC_484\Debug\Hummingbird Test.a(Timer_1.o)
                0x00000a50                Timer_1_SetInterruptMode
 .text.Timer_1_ReadStatusRegister
                0x00000a5c        0xc .\CortexM3\ARM_GCC_484\Debug\Hummingbird Test.a(Timer_1.o)
                0x00000a5c                Timer_1_ReadStatusRegister
 .text.Timer_1_WritePeriod
                0x00000a68       0x10 .\CortexM3\ARM_GCC_484\Debug\Hummingbird Test.a(Timer_1.o)
                0x00000a68                Timer_1_WritePeriod
 .text.Timer_1_ReadCapture
                0x00000a78       0x10 .\CortexM3\ARM_GCC_484\Debug\Hummingbird Test.a(Timer_1.o)
                0x00000a78                Timer_1_ReadCapture
 .text.Timer_1_WriteCounter
                0x00000a88       0x10 .\CortexM3\ARM_GCC_484\Debug\Hummingbird Test.a(Timer_1.o)
                0x00000a88                Timer_1_WriteCounter
 .text.Timer_1_ClearFIFO
                0x00000a98       0x14 .\CortexM3\ARM_GCC_484\Debug\Hummingbird Test.a(Timer_1.o)
                0x00000a98                Timer_1_ClearFIFO
 .text.Timer_1_Init
                0x00000aac       0x34 .\CortexM3\ARM_GCC_484\Debug\Hummingbird Test.a(Timer_1.o)
                0x00000aac                Timer_1_Init
 .text.Timer_1_Start
                0x00000ae0       0x1c .\CortexM3\ARM_GCC_484\Debug\Hummingbird Test.a(Timer_1.o)
                0x00000ae0                Timer_1_Start
 .text.isr_1_SetVector
                0x00000afc        0xc .\CortexM3\ARM_GCC_484\Debug\Hummingbird Test.a(isr_1.o)
                0x00000afc                isr_1_SetVector
 .text.isr_1_SetPriority
                0x00000b08       0x10 .\CortexM3\ARM_GCC_484\Debug\Hummingbird Test.a(isr_1.o)
                0x00000b08                isr_1_SetPriority
 .text.isr_1_Enable
                0x00000b18        0xc .\CortexM3\ARM_GCC_484\Debug\Hummingbird Test.a(isr_1.o)
                0x00000b18                isr_1_Enable
 .text.isr_1_Disable
                0x00000b24        0xc .\CortexM3\ARM_GCC_484\Debug\Hummingbird Test.a(isr_1.o)
                0x00000b24                isr_1_Disable
 .text.isr_1_StartEx
                0x00000b30       0x1c .\CortexM3\ARM_GCC_484\Debug\Hummingbird Test.a(isr_1.o)
                0x00000b30                isr_1_StartEx
 .text.isr_1_ClearPending
                0x00000b4c        0xc .\CortexM3\ARM_GCC_484\Debug\Hummingbird Test.a(isr_1.o)
                0x00000b4c                isr_1_ClearPending
 .text.CySetReg24
                0x00000b58       0x14 .\CortexM3\ARM_GCC_484\Debug\Hummingbird Test.a(cyutils.o)
                0x00000b58                CySetReg24
 .text.FS__AllocSectorBuffer
                0x00000b6c       0x2c .\emFile_V322c\LinkLibrary\PSoC5\GCC\libemf32nosnlfn.a(FS_Misc.o)
                0x00000b6c                FS__AllocSectorBuffer
 .text.FS__FreeSectorBuffer
                0x00000b98       0x28 .\emFile_V322c\LinkLibrary\PSoC5\GCC\libemf32nosnlfn.a(FS_Misc.o)
                0x00000b98                FS__FreeSectorBuffer
 .text.FS__SB_MarkDirty
                0x00000bc0        0x6 .\emFile_V322c\LinkLibrary\PSoC5\GCC\libemf32nosnlfn.a(FS_Misc.o)
                0x00000bc0                FS__SB_MarkDirty
 .text.FS__SB_MarkNotDirty
                0x00000bc6        0x6 .\emFile_V322c\LinkLibrary\PSoC5\GCC\libemf32nosnlfn.a(FS_Misc.o)
                0x00000bc6                FS__SB_MarkNotDirty
 .text.FS__FreeFileHandle
                0x00000bcc        0xa .\emFile_V322c\LinkLibrary\PSoC5\GCC\libemf32nosnlfn.a(FS_Misc.o)
                0x00000bcc                FS__FreeFileHandle
 .text.FS__FreeFileObj
                0x00000bd6        0xc .\emFile_V322c\LinkLibrary\PSoC5\GCC\libemf32nosnlfn.a(FS_Misc.o)
                0x00000bd6                FS__FreeFileObj
 *fill*         0x00000be2        0x2 
 .text.FS_Init  0x00000be4       0x58 .\emFile_V322c\LinkLibrary\PSoC5\GCC\libemf32nosnlfn.a(FS_Misc.o)
                0x00000be4                FS_Init
 .text.FS__SB_Create
                0x00000c3c       0x28 .\emFile_V322c\LinkLibrary\PSoC5\GCC\libemf32nosnlfn.a(FS_Misc.o)
                0x00000c3c                FS__SB_Create
 .text.FS__FCloseNL
                0x00000c64       0x1e .\emFile_V322c\LinkLibrary\PSoC5\GCC\libemf32nosnlfn.a(FS_Misc.o)
                0x00000c64                FS__FCloseNL
 .text.FS__FClose
                0x00000c82       0x1a .\emFile_V322c\LinkLibrary\PSoC5\GCC\libemf32nosnlfn.a(FS_Misc.o)
                0x00000c82                FS__FClose
 .text.FS_FClose
                0x00000c9c        0xa .\emFile_V322c\LinkLibrary\PSoC5\GCC\libemf32nosnlfn.a(FS_Misc.o)
                0x00000c9c                FS_FClose
 *fill*         0x00000ca6        0x2 
 .text.FS__AllocFileObj
                0x00000ca8       0x48 .\emFile_V322c\LinkLibrary\PSoC5\GCC\libemf32nosnlfn.a(FS_Misc.o)
                0x00000ca8                FS__AllocFileObj
 .text.FS__AllocFileHandle
                0x00000cf0       0x40 .\emFile_V322c\LinkLibrary\PSoC5\GCC\libemf32nosnlfn.a(FS_Misc.o)
                0x00000cf0                FS__AllocFileHandle
 .text.FS__OpenEx
                0x00000d30       0x58 .\emFile_V322c\LinkLibrary\PSoC5\GCC\libemf32nosnlfn.a(FS_Misc.o)
                0x00000d30                FS__OpenEx
 .text.FS__FOpenEx
                0x00000d88       0x56 .\emFile_V322c\LinkLibrary\PSoC5\GCC\libemf32nosnlfn.a(FS_Misc.o)
                0x00000d88                FS__FOpenEx
 *fill*         0x00000dde        0x2 
 .text.FS__FOpen
                0x00000de0       0x48 .\emFile_V322c\LinkLibrary\PSoC5\GCC\libemf32nosnlfn.a(FS_Misc.o)
                0x00000de0                FS__FOpen
 .text.FS_FOpen
                0x00000e28        0x4 .\emFile_V322c\LinkLibrary\PSoC5\GCC\libemf32nosnlfn.a(FS_Misc.o)
                0x00000e28                FS_FOpen
 .text.FS__SB_Write
                0x00000e2c       0x24 .\emFile_V322c\LinkLibrary\PSoC5\GCC\libemf32nosnlfn.a(FS_Misc.o)
                0x00000e2c                FS__SB_Write
 .text._SB_Clean
                0x00000e50       0x24 .\emFile_V322c\LinkLibrary\PSoC5\GCC\libemf32nosnlfn.a(FS_Misc.o)
 .text.FS__SB_SetSector
                0x00000e74       0x20 .\emFile_V322c\LinkLibrary\PSoC5\GCC\libemf32nosnlfn.a(FS_Misc.o)
                0x00000e74                FS__SB_SetSector
 .text.FS__SB_Clean
                0x00000e94        0x4 .\emFile_V322c\LinkLibrary\PSoC5\GCC\libemf32nosnlfn.a(FS_Misc.o)
                0x00000e94                FS__SB_Clean
 .text.FS__SB_Delete
                0x00000e98       0x12 .\emFile_V322c\LinkLibrary\PSoC5\GCC\libemf32nosnlfn.a(FS_Misc.o)
                0x00000e98                FS__SB_Delete
 .text.FS__SB_Flush
                0x00000eaa        0x8 .\emFile_V322c\LinkLibrary\PSoC5\GCC\libemf32nosnlfn.a(FS_Misc.o)
                0x00000eaa                FS__SB_Flush
 .text.FS__SB_Read
                0x00000eb2       0x2a .\emFile_V322c\LinkLibrary\PSoC5\GCC\libemf32nosnlfn.a(FS_Misc.o)
                0x00000eb2                FS__SB_Read
 .text.FS__AddPhysDevice
                0x00000edc       0x10 .\emFile_V322c\LinkLibrary\PSoC5\GCC\libemf32nosnlfn.a(FS_Storage.o)
                0x00000edc                FS__AddPhysDevice
 .text.FS__FindVolume
                0x00000eec       0x78 .\emFile_V322c\LinkLibrary\PSoC5\GCC\libemf32nosnlfn.a(FS_Storage.o)
                0x00000eec                FS__FindVolume
 .text.FS__AddDevice
                0x00000f64       0x68 .\emFile_V322c\LinkLibrary\PSoC5\GCC\libemf32nosnlfn.a(FS_Storage.o)
                0x00000f64                FS__AddDevice
 .text.FS_AddDevice
                0x00000fcc        0x4 .\emFile_V322c\LinkLibrary\PSoC5\GCC\libemf32nosnlfn.a(FS_Storage.o)
                0x00000fcc                FS_AddDevice
 .text._Mount   0x00000fd0       0x2e .\emFile_V322c\LinkLibrary\PSoC5\GCC\libemf32nosnlfn.a(FS_Volume.o)
 .text.FS__AutoMount
                0x00000ffe       0x14 .\emFile_V322c\LinkLibrary\PSoC5\GCC\libemf32nosnlfn.a(FS_Volume.o)
                0x00000ffe                FS__AutoMount
 .text.FS__Write
                0x00001012       0x3a .\emFile_V322c\LinkLibrary\PSoC5\GCC\libemf32nosnlfn.a(FS_Write.o)
                0x00001012                FS__Write
 .text.FS_Write
                0x0000104c        0x4 .\emFile_V322c\LinkLibrary\PSoC5\GCC\libemf32nosnlfn.a(FS_Write.o)
                0x0000104c                FS_Write
 .text._ClusterId2FATOff
                0x00001050       0x18 .\emFile_V322c\LinkLibrary\PSoC5\GCC\libemf32nosnlfn.a(FAT_Misc.o)
 .text._CalcLogClusterPos
                0x00001068        0xe .\emFile_V322c\LinkLibrary\PSoC5\GCC\libemf32nosnlfn.a(FAT_Misc.o)
 .text._ReadFromFreeClusterCache
                0x00001076       0x46 .\emFile_V322c\LinkLibrary\PSoC5\GCC\libemf32nosnlfn.a(FAT_Misc.o)
 .text.FS_FAT_GetFATType
                0x000010bc       0x1a .\emFile_V322c\LinkLibrary\PSoC5\GCC\libemf32nosnlfn.a(FAT_Misc.o)
                0x000010bc                FS_FAT_GetFATType
 .text.FS_FAT_ClusterId2SectorNo
                0x000010d6        0xc .\emFile_V322c\LinkLibrary\PSoC5\GCC\libemf32nosnlfn.a(FAT_Misc.o)
                0x000010d6                FS_FAT_ClusterId2SectorNo
 .text.FS_FAT_IsValidShortNameChar
                0x000010e2       0x34 .\emFile_V322c\LinkLibrary\PSoC5\GCC\libemf32nosnlfn.a(FAT_Misc.o)
                0x000010e2                FS_FAT_IsValidShortNameChar
 .text.FS_FAT_CopyShortName
                0x00001116       0x56 .\emFile_V322c\LinkLibrary\PSoC5\GCC\libemf32nosnlfn.a(FAT_Misc.o)
                0x00001116                FS_FAT_CopyShortName
 .text._SFN_CreateDirEntry
                0x0000116c       0x5a .\emFile_V322c\LinkLibrary\PSoC5\GCC\libemf32nosnlfn.a(FAT_Misc.o)
 .text._SFN_FindDirEntry
                0x000011c6       0x10 .\emFile_V322c\LinkLibrary\PSoC5\GCC\libemf32nosnlfn.a(FAT_Misc.o)
 *fill*         0x000011d6        0x2 
 .text.FS_FAT_FindDirEntry
                0x000011d8       0x60 .\emFile_V322c\LinkLibrary\PSoC5\GCC\libemf32nosnlfn.a(FAT_Misc.o)
                0x000011d8                FS_FAT_FindDirEntry
 .text.FS_FAT_CopyDirEntryInfo
                0x00001238       0x50 .\emFile_V322c\LinkLibrary\PSoC5\GCC\libemf32nosnlfn.a(FAT_Misc.o)
                0x00001238                FS_FAT_CopyDirEntryInfo
 .text._SFN_ReadDirEntryInfo
                0x00001288       0x6e .\emFile_V322c\LinkLibrary\PSoC5\GCC\libemf32nosnlfn.a(FAT_Misc.o)
 .text._SetFATSector
                0x000012f6        0x6 .\emFile_V322c\LinkLibrary\PSoC5\GCC\libemf32nosnlfn.a(FAT_Misc.o)
 .text.FS_FAT_ReadFATEntry
                0x000012fc       0xb2 .\emFile_V322c\LinkLibrary\PSoC5\GCC\libemf32nosnlfn.a(FAT_Misc.o)
                0x000012fc                FS_FAT_ReadFATEntry
 *fill*         0x000013ae        0x2 
 .text.FS_FAT_GetNumAdjClustersInChain
                0x000013b0       0x64 .\emFile_V322c\LinkLibrary\PSoC5\GCC\libemf32nosnlfn.a(FAT_Misc.o)
                0x000013b0                FS_FAT_GetNumAdjClustersInChain
 .text.FS_FAT_WalkClusterEx
                0x00001414       0x5c .\emFile_V322c\LinkLibrary\PSoC5\GCC\libemf32nosnlfn.a(FAT_Misc.o)
                0x00001414                FS_FAT_WalkClusterEx
 .text.FS_FAT_GotoCluster
                0x00001470       0x88 .\emFile_V322c\LinkLibrary\PSoC5\GCC\libemf32nosnlfn.a(FAT_Misc.o)
                0x00001470                FS_FAT_GotoCluster
 .text.FS_FAT_WalkCluster
                0x000014f8       0x18 .\emFile_V322c\LinkLibrary\PSoC5\GCC\libemf32nosnlfn.a(FAT_Misc.o)
                0x000014f8                FS_FAT_WalkCluster
 .text.FS_FAT_FindLastCluster
                0x00001510       0x34 .\emFile_V322c\LinkLibrary\PSoC5\GCC\libemf32nosnlfn.a(FAT_Misc.o)
                0x00001510                FS_FAT_FindLastCluster
 .text._WriteFATEntry
                0x00001544      0x18e .\emFile_V322c\LinkLibrary\PSoC5\GCC\libemf32nosnlfn.a(FAT_Misc.o)
 .text.FS_FAT_MarkClusterEOC
                0x000016d2        0x8 .\emFile_V322c\LinkLibrary\PSoC5\GCC\libemf32nosnlfn.a(FAT_Misc.o)
                0x000016d2                FS_FAT_MarkClusterEOC
 .text.FS_FAT_SyncFAT
                0x000016da       0x3c .\emFile_V322c\LinkLibrary\PSoC5\GCC\libemf32nosnlfn.a(FAT_Misc.o)
                0x000016da                FS_FAT_SyncFAT
 .text.FS_FAT_LinkCluster
                0x00001716       0x1c .\emFile_V322c\LinkLibrary\PSoC5\GCC\libemf32nosnlfn.a(FAT_Misc.o)
                0x00001716                FS_FAT_LinkCluster
 *fill*         0x00001732        0x2 
 .text._CalcFreeClusterCnt
                0x00001734       0x88 .\emFile_V322c\LinkLibrary\PSoC5\GCC\libemf32nosnlfn.a(FAT_Misc.o)
 .text.FS_FAT_FindFreeCluster
                0x000017bc       0xa8 .\emFile_V322c\LinkLibrary\PSoC5\GCC\libemf32nosnlfn.a(FAT_Misc.o)
                0x000017bc                FS_FAT_FindFreeCluster
 .text.FS_FAT_AllocCluster
                0x00001864       0x20 .\emFile_V322c\LinkLibrary\PSoC5\GCC\libemf32nosnlfn.a(FAT_Misc.o)
                0x00001864                FS_FAT_AllocCluster
 .text._WriteEmptyFATSectors
                0x00001884       0x3c .\emFile_V322c\LinkLibrary\PSoC5\GCC\libemf32nosnlfn.a(FAT_Misc.o)
 .text.FS_FAT_FreeClusterChain
                0x000018c0       0xe0 .\emFile_V322c\LinkLibrary\PSoC5\GCC\libemf32nosnlfn.a(FAT_Misc.o)
                0x000018c0                FS_FAT_FreeClusterChain
 .text.FS_FAT_CheckBPB
                0x000019a0      0x1cc .\emFile_V322c\LinkLibrary\PSoC5\GCC\libemf32nosnlfn.a(FAT_Misc.o)
                0x000019a0                FS_FAT_CheckBPB
 .text.FS_FAT_InitDirEntryScan
                0x00001b6c       0x14 .\emFile_V322c\LinkLibrary\PSoC5\GCC\libemf32nosnlfn.a(FAT_Open.o)
                0x00001b6c                FS_FAT_InitDirEntryScan
 .text.FS_FAT_IncDirPos
                0x00001b80        0x8 .\emFile_V322c\LinkLibrary\PSoC5\GCC\libemf32nosnlfn.a(FAT_Open.o)
                0x00001b80                FS_FAT_IncDirPos
 .text._CopyDirText
                0x00001b88       0x44 .\emFile_V322c\LinkLibrary\PSoC5\GCC\libemf32nosnlfn.a(FAT_Open.o)
 .text.FS_FAT_Make83Name
                0x00001bcc       0xb0 .\emFile_V322c\LinkLibrary\PSoC5\GCC\libemf32nosnlfn.a(FAT_Open.o)
                0x00001bcc                FS_FAT_Make83Name
 .text.FS_FAT_GetDirEntry
                0x00001c7c       0xb2 .\emFile_V322c\LinkLibrary\PSoC5\GCC\libemf32nosnlfn.a(FAT_Open.o)
                0x00001c7c                FS_FAT_GetDirEntry
 .text.FS_FAT_FindDirEntryShortEx
                0x00001d2e       0x5a .\emFile_V322c\LinkLibrary\PSoC5\GCC\libemf32nosnlfn.a(FAT_Open.o)
                0x00001d2e                FS_FAT_FindDirEntryShortEx
 .text.FS_FAT_FindDirEntryShort
                0x00001d88       0x36 .\emFile_V322c\LinkLibrary\PSoC5\GCC\libemf32nosnlfn.a(FAT_Open.o)
                0x00001d88                FS_FAT_FindDirEntryShort
 .text.FS_FAT_FindEmptyDirEntry
                0x00001dbe       0xb0 .\emFile_V322c\LinkLibrary\PSoC5\GCC\libemf32nosnlfn.a(FAT_Open.o)
                0x00001dbe                FS_FAT_FindEmptyDirEntry
 .text.FS_FAT_GetFirstCluster
                0x00001e6e       0x1a .\emFile_V322c\LinkLibrary\PSoC5\GCC\libemf32nosnlfn.a(FAT_Open.o)
                0x00001e6e                FS_FAT_GetFirstCluster
 .text.FS_FAT_FindPath
                0x00001e88       0x7a .\emFile_V322c\LinkLibrary\PSoC5\GCC\libemf32nosnlfn.a(FAT_Open.o)
                0x00001e88                FS_FAT_FindPath
 .text.FS_FAT_DeleteFileOrDir
                0x00001f02       0x48 .\emFile_V322c\LinkLibrary\PSoC5\GCC\libemf32nosnlfn.a(FAT_Open.o)
                0x00001f02                FS_FAT_DeleteFileOrDir
 *fill*         0x00001f4a        0x2 
 .text.FS_FAT_Open
                0x00001f4c      0x1dc .\emFile_V322c\LinkLibrary\PSoC5\GCC\libemf32nosnlfn.a(FAT_Open.o)
                0x00001f4c                FS_FAT_Open
 .text.FS_FAT_WriteDirEntryCluster
                0x00002128       0x1c .\emFile_V322c\LinkLibrary\PSoC5\GCC\libemf32nosnlfn.a(FAT_Open.o)
                0x00002128                FS_FAT_WriteDirEntryCluster
 .text.FS_FAT_WriteDirEntry83
                0x00002144       0x6c .\emFile_V322c\LinkLibrary\PSoC5\GCC\libemf32nosnlfn.a(FAT_Open.o)
                0x00002144                FS_FAT_WriteDirEntry83
 .text._WriteBurst
                0x000021b0       0x24 .\emFile_V322c\LinkLibrary\PSoC5\GCC\libemf32nosnlfn.a(FAT_Write.o)
 .text.FS_FAT_GotoClusterAllocIfReq
                0x000021d4       0xa8 .\emFile_V322c\LinkLibrary\PSoC5\GCC\libemf32nosnlfn.a(FAT_Write.o)
                0x000021d4                FS_FAT_GotoClusterAllocIfReq
 .text.FS_FAT_UpdateDirEntry
                0x0000227c       0x68 .\emFile_V322c\LinkLibrary\PSoC5\GCC\libemf32nosnlfn.a(FAT_Write.o)
                0x0000227c                FS_FAT_UpdateDirEntry
 .text.FS_FAT_Close
                0x000022e4       0x44 .\emFile_V322c\LinkLibrary\PSoC5\GCC\libemf32nosnlfn.a(FAT_Write.o)
                0x000022e4                FS_FAT_Close
 .text.FS_FAT_Write
                0x00002328      0x1c8 .\emFile_V322c\LinkLibrary\PSoC5\GCC\libemf32nosnlfn.a(FAT_Write.o)
                0x00002328                FS_FAT_Write
 .text.FS__CLIB_memcmp
                0x000024f0       0x20 .\emFile_V322c\LinkLibrary\PSoC5\GCC\libemf32nosnlfn.a(FS_CLib.o)
                0x000024f0                FS__CLIB_memcmp
 .text.FS__CLIB_memset
                0x00002510       0x6c .\emFile_V322c\LinkLibrary\PSoC5\GCC\libemf32nosnlfn.a(FS_CLib.o)
                0x00002510                FS__CLIB_memset
 .text.FS__CLIB_strcmp
                0x0000257c       0x1a .\emFile_V322c\LinkLibrary\PSoC5\GCC\libemf32nosnlfn.a(FS_CLib.o)
                0x0000257c                FS__CLIB_strcmp
 .text.FS__CLIB_strlen
                0x00002596       0x10 .\emFile_V322c\LinkLibrary\PSoC5\GCC\libemf32nosnlfn.a(FS_CLib.o)
                0x00002596                FS__CLIB_strlen
 .text.FS__CLIB_strncmp
                0x000025a6       0x26 .\emFile_V322c\LinkLibrary\PSoC5\GCC\libemf32nosnlfn.a(FS_CLib.o)
                0x000025a6                FS__CLIB_strncmp
 .text.FS__CLIB_toupper
                0x000025cc        0xe .\emFile_V322c\LinkLibrary\PSoC5\GCC\libemf32nosnlfn.a(FS_CLib.o)
                0x000025cc                FS__CLIB_toupper
 .text.FS__strchr
                0x000025da       0x14 .\emFile_V322c\LinkLibrary\PSoC5\GCC\libemf32nosnlfn.a(FS_Core.o)
                0x000025da                FS__strchr
 .text.FS_LoadU32BE
                0x000025ee       0x18 .\emFile_V322c\LinkLibrary\PSoC5\GCC\libemf32nosnlfn.a(FS_Core.o)
                0x000025ee                FS_LoadU32BE
 .text.FS_LoadU32LE
                0x00002606       0x16 .\emFile_V322c\LinkLibrary\PSoC5\GCC\libemf32nosnlfn.a(FS_Core.o)
                0x00002606                FS_LoadU32LE
 .text.FS_StoreU32LE
                0x0000261c       0x14 .\emFile_V322c\LinkLibrary\PSoC5\GCC\libemf32nosnlfn.a(FS_Core.o)
                0x0000261c                FS_StoreU32LE
 .text.FS_StoreU16LE
                0x00002630        0x8 .\emFile_V322c\LinkLibrary\PSoC5\GCC\libemf32nosnlfn.a(FS_Core.o)
                0x00002630                FS_StoreU16LE
 .text.FS_LoadU16LE
                0x00002638        0xa .\emFile_V322c\LinkLibrary\PSoC5\GCC\libemf32nosnlfn.a(FS_Core.o)
                0x00002638                FS_LoadU16LE
 *fill*         0x00002642        0x2 
 .text._Alloc   0x00002644       0x30 .\emFile_V322c\LinkLibrary\PSoC5\GCC\libemf32nosnlfn.a(FS_Core.o)
 .text.FS_Alloc
                0x00002674        0xc .\emFile_V322c\LinkLibrary\PSoC5\GCC\libemf32nosnlfn.a(FS_Core.o)
                0x00002674                FS_Alloc
 .text.FS_TryAlloc
                0x00002680        0x4 .\emFile_V322c\LinkLibrary\PSoC5\GCC\libemf32nosnlfn.a(FS_Core.o)
                0x00002680                FS_TryAlloc
 .text.FS_Free  0x00002684       0x1c .\emFile_V322c\LinkLibrary\PSoC5\GCC\libemf32nosnlfn.a(FS_Core.o)
                0x00002684                FS_Free
 .text.FS_AssignMemory
                0x000026a0        0xc .\emFile_V322c\LinkLibrary\PSoC5\GCC\libemf32nosnlfn.a(FS_Core.o)
                0x000026a0                FS_AssignMemory
 .text.FS_AllocZeroed
                0x000026ac       0x16 .\emFile_V322c\LinkLibrary\PSoC5\GCC\libemf32nosnlfn.a(FS_Core.o)
                0x000026ac                FS_AllocZeroed
 *fill*         0x000026c2        0x2 
 .text.FS_STORAGE_Init
                0x000026c4       0x28 .\emFile_V322c\LinkLibrary\PSoC5\GCC\libemf32nosnlfn.a(FS_Core.o)
                0x000026c4                FS_STORAGE_Init
 .text._ClrBusyLED
                0x000026ec        0xc .\emFile_V322c\LinkLibrary\PSoC5\GCC\libemf32nosnlfn.a(FS_LogBlock.o)
 .text._SetBusyLED
                0x000026f8        0xc .\emFile_V322c\LinkLibrary\PSoC5\GCC\libemf32nosnlfn.a(FS_LogBlock.o)
 .text._Read    0x00002704        0xc .\emFile_V322c\LinkLibrary\PSoC5\GCC\libemf32nosnlfn.a(FS_LogBlock.o)
 .text._Write   0x00002710       0x12 .\emFile_V322c\LinkLibrary\PSoC5\GCC\libemf32nosnlfn.a(FS_LogBlock.o)
 .text.FS_LB_GetStatus
                0x00002722        0xc .\emFile_V322c\LinkLibrary\PSoC5\GCC\libemf32nosnlfn.a(FS_LogBlock.o)
                0x00002722                FS_LB_GetStatus
 .text.FS_LB_InitMedium
                0x0000272e       0x1a .\emFile_V322c\LinkLibrary\PSoC5\GCC\libemf32nosnlfn.a(FS_LogBlock.o)
                0x0000272e                FS_LB_InitMedium
 .text.FS_LB_InitMediumIfRequired
                0x00002748       0x10 .\emFile_V322c\LinkLibrary\PSoC5\GCC\libemf32nosnlfn.a(FS_LogBlock.o)
                0x00002748                FS_LB_InitMediumIfRequired
 .text.FS_LB_ReadDevice
                0x00002758       0x2e .\emFile_V322c\LinkLibrary\PSoC5\GCC\libemf32nosnlfn.a(FS_LogBlock.o)
                0x00002758                FS_LB_ReadDevice
 .text.FS_LB_ReadPart
                0x00002786        0xe .\emFile_V322c\LinkLibrary\PSoC5\GCC\libemf32nosnlfn.a(FS_LogBlock.o)
                0x00002786                FS_LB_ReadPart
 .text.FS_LB_WriteBurst
                0x00002794       0x30 .\emFile_V322c\LinkLibrary\PSoC5\GCC\libemf32nosnlfn.a(FS_LogBlock.o)
                0x00002794                FS_LB_WriteBurst
 .text.FS_LB_WriteBurstPart
                0x000027c4       0x14 .\emFile_V322c\LinkLibrary\PSoC5\GCC\libemf32nosnlfn.a(FS_LogBlock.o)
                0x000027c4                FS_LB_WriteBurstPart
 .text.FS_LB_WriteMultiple
                0x000027d8       0x30 .\emFile_V322c\LinkLibrary\PSoC5\GCC\libemf32nosnlfn.a(FS_LogBlock.o)
                0x000027d8                FS_LB_WriteMultiple
 .text.FS_LB_WriteMultiplePart
                0x00002808       0x14 .\emFile_V322c\LinkLibrary\PSoC5\GCC\libemf32nosnlfn.a(FS_LogBlock.o)
                0x00002808                FS_LB_WriteMultiplePart
 .text.FS_LB_WriteDevice
                0x0000281c       0x36 .\emFile_V322c\LinkLibrary\PSoC5\GCC\libemf32nosnlfn.a(FS_LogBlock.o)
                0x0000281c                FS_LB_WriteDevice
 .text.FS_LB_WritePart
                0x00002852        0xe .\emFile_V322c\LinkLibrary\PSoC5\GCC\libemf32nosnlfn.a(FS_LogBlock.o)
                0x00002852                FS_LB_WritePart
 .text.FS_GetSectorSize
                0x00002860       0x28 .\emFile_V322c\LinkLibrary\PSoC5\GCC\libemf32nosnlfn.a(FS_LogBlock.o)
                0x00002860                FS_GetSectorSize
 .text.FS_LB_GetDeviceInfo
                0x00002888       0x26 .\emFile_V322c\LinkLibrary\PSoC5\GCC\libemf32nosnlfn.a(FS_LogBlock.o)
                0x00002888                FS_LB_GetDeviceInfo
 .text.FS_memcpy
                0x000028ae      0x120 .\emFile_V322c\LinkLibrary\PSoC5\GCC\libemf32nosnlfn.a(FS_memcpy.o)
                0x000028ae                FS_memcpy
 .text._IsBPB   0x000029ce       0x1e .\emFile_V322c\LinkLibrary\PSoC5\GCC\libemf32nosnlfn.a(FS_Partition.o)
 .text._HasSignature
                0x000029ec       0x18 .\emFile_V322c\LinkLibrary\PSoC5\GCC\libemf32nosnlfn.a(FS_Partition.o)
 .text._GetPartitionStartSector
                0x00002a04        0xc .\emFile_V322c\LinkLibrary\PSoC5\GCC\libemf32nosnlfn.a(FS_Partition.o)
 .text.FS__GetMediaStartSecEx
                0x00002a10       0x6e .\emFile_V322c\LinkLibrary\PSoC5\GCC\libemf32nosnlfn.a(FS_Partition.o)
                0x00002a10                FS__GetMediaStartSecEx
 *fill*         0x00002a7e        0x2 
 .text.FS__LocatePartition
                0x00002a80       0x44 .\emFile_V322c\LinkLibrary\PSoC5\GCC\libemf32nosnlfn.a(FS_Partition.o)
                0x00002a80                FS__LocatePartition
 .text.FS_X_AddDevices
                0x00002ac4       0x1c .\CortexM3\ARM_GCC_484\Debug\Hummingbird Test.a(SDCard_ConfigMMC_SPI.o)
                0x00002ac4                FS_X_AddDevices
 .text.FS_X_GetTimeDate
                0x00002ae0        0x8 .\CortexM3\ARM_GCC_484\Debug\Hummingbird Test.a(SDCard_ConfigMMC_SPI.o)
                0x00002ae0                FS_X_GetTimeDate
 .text._CalcDataCRC16Dummy
                0x00002ae8        0x6 .\emFile_V322c\LinkLibrary\PSoC5\GCC\libemf32nosnlfn.a(MMC_Drv.o)
 *fill*         0x00002aee        0x2 
 .text._MMC_GetNumUnits
                0x00002af0        0xc .\emFile_V322c\LinkLibrary\PSoC5\GCC\libemf32nosnlfn.a(MMC_Drv.o)
 .text._MMC_GetDriverName
                0x00002afc        0x8 .\emFile_V322c\LinkLibrary\PSoC5\GCC\libemf32nosnlfn.a(MMC_Drv.o)
 .text._MMC_GetStatus
                0x00002b04        0x4 .\emFile_V322c\LinkLibrary\PSoC5\GCC\libemf32nosnlfn.a(MMC_Drv.o)
 .text._CheckR1
                0x00002b08       0x38 .\emFile_V322c\LinkLibrary\PSoC5\GCC\libemf32nosnlfn.a(MMC_Drv.o)
 .text._WaitToGetReady
                0x00002b40       0x26 .\emFile_V322c\LinkLibrary\PSoC5\GCC\libemf32nosnlfn.a(MMC_Drv.o)
 .text._SendEmptyCycles
                0x00002b66       0x24 .\emFile_V322c\LinkLibrary\PSoC5\GCC\libemf32nosnlfn.a(MMC_Drv.o)
 *fill*         0x00002b8a        0x2 
 .text._MMC_AddDevice
                0x00002b8c       0x2c .\emFile_V322c\LinkLibrary\PSoC5\GCC\libemf32nosnlfn.a(MMC_Drv.o)
 .text.T.53     0x00002bb8       0x14 .\emFile_V322c\LinkLibrary\PSoC5\GCC\libemf32nosnlfn.a(MMC_Drv.o)
 .text._GetFromCSD
                0x00002bcc       0x34 .\emFile_V322c\LinkLibrary\PSoC5\GCC\libemf32nosnlfn.a(MMC_Drv.o)
 .text._ExecCmdR1
                0x00002c00       0x98 .\emFile_V322c\LinkLibrary\PSoC5\GCC\libemf32nosnlfn.a(MMC_Drv.o)
 .text._ReadCSD
                0x00002c98       0x86 .\emFile_V322c\LinkLibrary\PSoC5\GCC\libemf32nosnlfn.a(MMC_Drv.o)
 *fill*         0x00002d1e        0x2 
 .text._MMC_Read
                0x00002d20      0x130 .\emFile_V322c\LinkLibrary\PSoC5\GCC\libemf32nosnlfn.a(MMC_Drv.o)
 .text._MMC_Write
                0x00002e50      0x13c .\emFile_V322c\LinkLibrary\PSoC5\GCC\libemf32nosnlfn.a(MMC_Drv.o)
 .text._ApplyCSD
                0x00002f8c      0x228 .\emFile_V322c\LinkLibrary\PSoC5\GCC\libemf32nosnlfn.a(MMC_Drv.o)
 .text._MMC_Init
                0x000031b4      0x1c0 .\emFile_V322c\LinkLibrary\PSoC5\GCC\libemf32nosnlfn.a(MMC_Drv.o)
 .text._MMC_InitMedium
                0x00003374       0x28 .\emFile_V322c\LinkLibrary\PSoC5\GCC\libemf32nosnlfn.a(MMC_Drv.o)
 .text._MMC_IoCtl
                0x0000339c       0x60 .\emFile_V322c\LinkLibrary\PSoC5\GCC\libemf32nosnlfn.a(MMC_Drv.o)
 .text.SDCard_Init
                0x000033fc       0x4c .\CortexM3\ARM_GCC_484\Debug\Hummingbird Test.a(SDCard_MMC_HW_SPI.o)
 .text.SDCard_ReadWriteSPI
                0x00003448       0x30 .\CortexM3\ARM_GCC_484\Debug\Hummingbird Test.a(SDCard_MMC_HW_SPI.o)
 .text.FS_MMC_HW_X_EnableCS
                0x00003478       0x14 .\CortexM3\ARM_GCC_484\Debug\Hummingbird Test.a(SDCard_MMC_HW_SPI.o)
                0x00003478                FS_MMC_HW_X_EnableCS
 .text.FS_MMC_HW_X_DisableCS
                0x0000348c       0x14 .\CortexM3\ARM_GCC_484\Debug\Hummingbird Test.a(SDCard_MMC_HW_SPI.o)
                0x0000348c                FS_MMC_HW_X_DisableCS
 .text.FS_MMC_HW_X_IsWriteProtected
                0x000034a0        0x4 .\CortexM3\ARM_GCC_484\Debug\Hummingbird Test.a(SDCard_MMC_HW_SPI.o)
                0x000034a0                FS_MMC_HW_X_IsWriteProtected
 .text.FS_MMC_HW_X_SetMaxSpeed
                0x000034a4       0x54 .\CortexM3\ARM_GCC_484\Debug\Hummingbird Test.a(SDCard_MMC_HW_SPI.o)
                0x000034a4                FS_MMC_HW_X_SetMaxSpeed
 .text.FS_MMC_HW_X_SetVoltage
                0x000034f8       0x3c .\CortexM3\ARM_GCC_484\Debug\Hummingbird Test.a(SDCard_MMC_HW_SPI.o)
                0x000034f8                FS_MMC_HW_X_SetVoltage
 .text.FS_MMC_HW_X_IsPresent
                0x00003534        0xc .\CortexM3\ARM_GCC_484\Debug\Hummingbird Test.a(SDCard_MMC_HW_SPI.o)
                0x00003534                FS_MMC_HW_X_IsPresent
 .text.FS_MMC_HW_X_Read
                0x00003540       0x24 .\CortexM3\ARM_GCC_484\Debug\Hummingbird Test.a(SDCard_MMC_HW_SPI.o)
                0x00003540                FS_MMC_HW_X_Read
 .text.FS_MMC_HW_X_Write
                0x00003564       0x18 .\CortexM3\ARM_GCC_484\Debug\Hummingbird Test.a(SDCard_MMC_HW_SPI.o)
                0x00003564                FS_MMC_HW_X_Write
 .text.SDCard_SPI0_Enable
                0x0000357c       0x30 .\CortexM3\ARM_GCC_484\Debug\Hummingbird Test.a(SDCard_SPI0.o)
                0x0000357c                SDCard_SPI0_Enable
 .text.SDCard_SPI0_ReadTxStatus
                0x000035ac        0xc .\CortexM3\ARM_GCC_484\Debug\Hummingbird Test.a(SDCard_SPI0.o)
                0x000035ac                SDCard_SPI0_ReadTxStatus
 .text.SDCard_SPI0_ReadRxStatus
                0x000035b8        0xc .\CortexM3\ARM_GCC_484\Debug\Hummingbird Test.a(SDCard_SPI0.o)
                0x000035b8                SDCard_SPI0_ReadRxStatus
 .text.SDCard_SPI0_WriteTxData
                0x000035c4       0x18 .\CortexM3\ARM_GCC_484\Debug\Hummingbird Test.a(SDCard_SPI0.o)
                0x000035c4                SDCard_SPI0_WriteTxData
 .text.SDCard_SPI0_ReadRxData
                0x000035dc        0xc .\CortexM3\ARM_GCC_484\Debug\Hummingbird Test.a(SDCard_SPI0.o)
                0x000035dc                SDCard_SPI0_ReadRxData
 .text.SDCard_SPI0_ClearFIFO
                0x000035e8       0x3c .\CortexM3\ARM_GCC_484\Debug\Hummingbird Test.a(SDCard_SPI0.o)
                0x000035e8                SDCard_SPI0_ClearFIFO
 .text.SDCard_SPI0_Init
                0x00003624       0x28 .\CortexM3\ARM_GCC_484\Debug\Hummingbird Test.a(SDCard_SPI0.o)
                0x00003624                SDCard_SPI0_Init
 .text.SDCard_SPI0_Start
                0x0000364c       0x1c .\CortexM3\ARM_GCC_484\Debug\Hummingbird Test.a(SDCard_SPI0.o)
                0x0000364c                SDCard_SPI0_Start
 .text.SDCard_Clock_1_Start
                0x00003668       0x1c .\CortexM3\ARM_GCC_484\Debug\Hummingbird Test.a(SDCard_Clock_1.o)
                0x00003668                SDCard_Clock_1_Start
 .text.SDCard_Clock_1_Stop
                0x00003684       0x1c .\CortexM3\ARM_GCC_484\Debug\Hummingbird Test.a(SDCard_Clock_1.o)
                0x00003684                SDCard_Clock_1_Stop
 .text.SDCard_Clock_1_GetDividerRegister
                0x000036a0        0xc .\CortexM3\ARM_GCC_484\Debug\Hummingbird Test.a(SDCard_Clock_1.o)
                0x000036a0                SDCard_Clock_1_GetDividerRegister
 .text.SDCard_Clock_1_GetSourceRegister
                0x000036ac       0x10 .\CortexM3\ARM_GCC_484\Debug\Hummingbird Test.a(SDCard_Clock_1.o)
                0x000036ac                SDCard_Clock_1_GetSourceRegister
 .text.SDCard_Clock_1_SetDividerRegister
                0x000036bc       0xe4 .\CortexM3\ARM_GCC_484\Debug\Hummingbird Test.a(SDCard_Clock_1.o)
                0x000036bc                SDCard_Clock_1_SetDividerRegister
 .text.SDCard_SPI0_CS_Write
                0x000037a0       0x18 .\CortexM3\ARM_GCC_484\Debug\Hummingbird Test.a(SDCard_SPI0_CS.o)
                0x000037a0                SDCard_SPI0_CS_Write
 .text.__errno  0x000037b8        0xc c:/program files (x86)/cypress/psoc creator/3.2/psoc creator/import/gnu/arm/4.8.4/bin/../lib/gcc/arm-none-eabi/4.8.4/../../../../arm-none-eabi/lib/armv7-m\libg_s.a(lib_a-errno.o)
                0x000037b8                __errno
 .text.__libc_init_array
                0x000037c4       0x4c c:/program files (x86)/cypress/psoc creator/3.2/psoc creator/import/gnu/arm/4.8.4/bin/../lib/gcc/arm-none-eabi/4.8.4/../../../../arm-none-eabi/lib/armv7-m\libg_s.a(lib_a-init.o)
                0x000037c4                __libc_init_array
 .text.memcpy   0x00003810       0x12 c:/program files (x86)/cypress/psoc creator/3.2/psoc creator/import/gnu/arm/4.8.4/bin/../lib/gcc/arm-none-eabi/4.8.4/../../../../arm-none-eabi/lib/armv7-m\libg_s.a(lib_a-memcpy-stub.o)
                0x00003810                memcpy
 .text.memset   0x00003822       0x10 c:/program files (x86)/cypress/psoc creator/3.2/psoc creator/import/gnu/arm/4.8.4/bin/../lib/gcc/arm-none-eabi/4.8.4/../../../../arm-none-eabi/lib/armv7-m\libg_s.a(lib_a-memset.o)
                0x00003822                memset
 *fill*         0x00003832        0x2 
 .text._free_r  0x00003834       0x88 c:/program files (x86)/cypress/psoc creator/3.2/psoc creator/import/gnu/arm/4.8.4/bin/../lib/gcc/arm-none-eabi/4.8.4/../../../../arm-none-eabi/lib/armv7-m\libg_s.a(lib_a-nano-freer.o)
                0x00003834                _free_r
 .text._malloc_r
                0x000038bc       0xa8 c:/program files (x86)/cypress/psoc creator/3.2/psoc creator/import/gnu/arm/4.8.4/bin/../lib/gcc/arm-none-eabi/4.8.4/../../../../arm-none-eabi/lib/armv7-m\libg_s.a(lib_a-nano-mallocr.o)
                0x000038bc                _malloc_r
 .text._sbrk_r  0x00003964       0x20 c:/program files (x86)/cypress/psoc creator/3.2/psoc creator/import/gnu/arm/4.8.4/bin/../lib/gcc/arm-none-eabi/4.8.4/../../../../arm-none-eabi/lib/armv7-m\libg_s.a(lib_a-sbrkr.o)
                0x00003964                _sbrk_r
 .text.sprintf  0x00003984       0x48 c:/program files (x86)/cypress/psoc creator/3.2/psoc creator/import/gnu/arm/4.8.4/bin/../lib/gcc/arm-none-eabi/4.8.4/../../../../arm-none-eabi/lib/armv7-m\libg_s.a(lib_a-sprintf.o)
                0x00003984                siprintf
                0x00003984                sprintf
 .text.strlen   0x000039cc       0x10 c:/program files (x86)/cypress/psoc creator/3.2/psoc creator/import/gnu/arm/4.8.4/bin/../lib/gcc/arm-none-eabi/4.8.4/../../../../arm-none-eabi/lib/armv7-m\libg_s.a(lib_a-strlen.o)
                0x000039cc                strlen
 .text.__ssputs_r
                0x000039dc       0xb8 c:/program files (x86)/cypress/psoc creator/3.2/psoc creator/import/gnu/arm/4.8.4/bin/../lib/gcc/arm-none-eabi/4.8.4/../../../../arm-none-eabi/lib/armv7-m\libg_s.a(lib_a-svfprintf.o)
                0x000039dc                __ssputs_r
 .text._svfprintf_r
                0x00003a94      0x1d8 c:/program files (x86)/cypress/psoc creator/3.2/psoc creator/import/gnu/arm/4.8.4/bin/../lib/gcc/arm-none-eabi/4.8.4/../../../../arm-none-eabi/lib/armv7-m\libg_s.a(lib_a-svfprintf.o)
                0x00003a94                _svfiprintf_r
                0x00003a94                _svfprintf_r
 .text._printf_common
                0x00003c6c       0xe4 c:/program files (x86)/cypress/psoc creator/3.2/psoc creator/import/gnu/arm/4.8.4/bin/../lib/gcc/arm-none-eabi/4.8.4/../../../../arm-none-eabi/lib/armv7-m\libg_s.a(lib_a-vfprintf_i.o)
                0x00003c6c                _printf_common
 .text._printf_i
                0x00003d50      0x228 c:/program files (x86)/cypress/psoc creator/3.2/psoc creator/import/gnu/arm/4.8.4/bin/../lib/gcc/arm-none-eabi/4.8.4/../../../../arm-none-eabi/lib/armv7-m\libg_s.a(lib_a-vfprintf_i.o)
                0x00003d50                _printf_i
 .text.memchr   0x00003f78       0x1c c:/program files (x86)/cypress/psoc creator/3.2/psoc creator/import/gnu/arm/4.8.4/bin/../lib/gcc/arm-none-eabi/4.8.4/../../../../arm-none-eabi/lib/armv7-m\libg_s.a(lib_a-memchr-stub.o)
                0x00003f78                memchr
 .text.memmove  0x00003f94       0x36 c:/program files (x86)/cypress/psoc creator/3.2/psoc creator/import/gnu/arm/4.8.4/bin/../lib/gcc/arm-none-eabi/4.8.4/../../../../arm-none-eabi/lib/armv7-m\libg_s.a(lib_a-memmove.o)
                0x00003f94                memmove
 .text._realloc_r
                0x00003fca       0x4c c:/program files (x86)/cypress/psoc creator/3.2/psoc creator/import/gnu/arm/4.8.4/bin/../lib/gcc/arm-none-eabi/4.8.4/../../../../arm-none-eabi/lib/armv7-m\libg_s.a(lib_a-nano-reallocr.o)
                0x00003fca                _realloc_r
 .text._malloc_usable_size_r
                0x00004016       0x12 c:/program files (x86)/cypress/psoc creator/3.2/psoc creator/import/gnu/arm/4.8.4/bin/../lib/gcc/arm-none-eabi/4.8.4/../../../../arm-none-eabi/lib/armv7-m\libg_s.a(lib_a-nano-msizer.o)
                0x00004016                _malloc_usable_size_r
 *(.plt)
 *(.gnu.warning)
 *(.glue_7t)
 .glue_7t       0x00000000        0x0 linker stubs
 *(.glue_7)
 .glue_7        0x00000000        0x0 linker stubs
 *(.vfp11_veneer)
 .vfp11_veneer  0x00000000        0x0 linker stubs
 *(.bootloader)
 *(.ARM.extab* .gnu.linkonce.armextab.*)
 *(.gcc_except_table)

.v4_bx          0x00004028        0x0
 .v4_bx         0x00000000        0x0 linker stubs

.iplt           0x00004028        0x0
 .iplt          0x00000000        0x0 c:/program files (x86)/cypress/psoc creator/3.2/psoc creator/import/gnu/arm/4.8.4/bin/../lib/gcc/arm-none-eabi/4.8.4/armv7-m/crtbegin.o

.eh_frame_hdr
 *(.eh_frame_hdr)

.eh_frame       0x00004028        0x4
 *(.eh_frame)
 .eh_frame      0x00004028        0x0 c:/program files (x86)/cypress/psoc creator/3.2/psoc creator/import/gnu/arm/4.8.4/bin/../lib/gcc/arm-none-eabi/4.8.4/armv7-m/crtbegin.o
 .eh_frame      0x00004028        0x4 c:/program files (x86)/cypress/psoc creator/3.2/psoc creator/import/gnu/arm/4.8.4/bin/../lib/gcc/arm-none-eabi/4.8.4/armv7-m/crtend.o
                0x0000402c                PROVIDE (__exidx_start, .)

.ARM.exidx
 *(.ARM.exidx* .gnu.linkonce.armexidx.*)
                0x0000402c                __exidx_end = .

.rodata         0x0000402c      0x26c
 *(.rodata .rodata.* .gnu.linkonce.r.*)
 .rodata.str1.4
                0x0000402c       0x38 .\CortexM3\ARM_GCC_484\Debug\main.o
 .rodata        0x00004064       0x3c .\CortexM3\ARM_GCC_484\Debug\Hummingbird Test.a(cyfitter_cfg.o)
 .rodata        0x000040a0       0x78 .\emFile_V322c\LinkLibrary\PSoC5\GCC\libemf32nosnlfn.a(FS_Misc.o)
 .rodata.str1.1
                0x00004118       0x30 .\emFile_V322c\LinkLibrary\PSoC5\GCC\libemf32nosnlfn.a(FS_Misc.o)
 .rodata        0x00004148       0x10 .\emFile_V322c\LinkLibrary\PSoC5\GCC\libemf32nosnlfn.a(FAT_Misc.o)
                0x00004148                FAT_SFN_API
 .rodata.str1.1
                0x00004158        0x3 .\emFile_V322c\LinkLibrary\PSoC5\GCC\libemf32nosnlfn.a(FAT_Open.o)
 *fill*         0x0000415b        0x1 
 .rodata        0x0000415c       0x68 .\emFile_V322c\LinkLibrary\PSoC5\GCC\libemf32nosnlfn.a(MMC_Drv.o)
                0x000041a4                FS_MMC_SPI_Driver
 .rodata.str1.1
                0x000041c4        0x4 .\emFile_V322c\LinkLibrary\PSoC5\GCC\libemf32nosnlfn.a(MMC_Drv.o)
 .rodata.__sf_fake_stdin
                0x000041c8       0x20 c:/program files (x86)/cypress/psoc creator/3.2/psoc creator/import/gnu/arm/4.8.4/bin/../lib/gcc/arm-none-eabi/4.8.4/../../../../arm-none-eabi/lib/armv7-m\libg_s.a(lib_a-findfp.o)
                0x000041c8                __sf_fake_stdin
 .rodata.__sf_fake_stdout
                0x000041e8       0x20 c:/program files (x86)/cypress/psoc creator/3.2/psoc creator/import/gnu/arm/4.8.4/bin/../lib/gcc/arm-none-eabi/4.8.4/../../../../arm-none-eabi/lib/armv7-m\libg_s.a(lib_a-findfp.o)
                0x000041e8                __sf_fake_stdout
 .rodata.__sf_fake_stderr
                0x00004208       0x20 c:/program files (x86)/cypress/psoc creator/3.2/psoc creator/import/gnu/arm/4.8.4/bin/../lib/gcc/arm-none-eabi/4.8.4/../../../../arm-none-eabi/lib/armv7-m\libg_s.a(lib_a-findfp.o)
                0x00004208                __sf_fake_stderr
 .rodata.str1.1
                0x00004228        0x2 c:/program files (x86)/cypress/psoc creator/3.2/psoc creator/import/gnu/arm/4.8.4/bin/../lib/gcc/arm-none-eabi/4.8.4/../../../../arm-none-eabi/lib/armv7-m\libg_s.a(lib_a-impure.o)
 .rodata.str1.1
                0x0000422a       0x11 c:/program files (x86)/cypress/psoc creator/3.2/psoc creator/import/gnu/arm/4.8.4/bin/../lib/gcc/arm-none-eabi/4.8.4/../../../../arm-none-eabi/lib/armv7-m\libg_s.a(lib_a-svfprintf.o)
 .rodata.str1.1
                0x0000423b       0x22 c:/program files (x86)/cypress/psoc creator/3.2/psoc creator/import/gnu/arm/4.8.4/bin/../lib/gcc/arm-none-eabi/4.8.4/../../../../arm-none-eabi/lib/armv7-m\libg_s.a(lib_a-vfprintf_i.o)
                0x00004260                . = ALIGN (0x4)
 *fill*         0x0000425d        0x3 
 *(.init)
 .init          0x00004260        0x4 c:/program files (x86)/cypress/psoc creator/3.2/psoc creator/import/gnu/arm/4.8.4/bin/../lib/gcc/arm-none-eabi/4.8.4/armv7-m/crti.o
                0x00004260                _init
 .init          0x00004264        0x8 c:/program files (x86)/cypress/psoc creator/3.2/psoc creator/import/gnu/arm/4.8.4/bin/../lib/gcc/arm-none-eabi/4.8.4/armv7-m/crtn.o
                0x0000426c                . = ALIGN (0x4)
                0x0000426c                __preinit_array_start = .
 *(.preinit_array)
                0x0000426c                __preinit_array_end = .
                0x0000426c                . = ALIGN (0x4)
                0x0000426c                __init_array_start = .
 *(SORT(.init_array.*))
 *(.init_array)
 .init_array    0x0000426c        0x4 c:/program files (x86)/cypress/psoc creator/3.2/psoc creator/import/gnu/arm/4.8.4/bin/../lib/gcc/arm-none-eabi/4.8.4/armv7-m/crtbegin.o
 .init_array    0x00004270        0x4 .\CortexM3\ARM_GCC_484\Debug\Cm3Start.o
                0x00004274                __init_array_end = .
                0x00004274                . = ALIGN (0x4)
 *(.fini)
 .fini          0x00004274        0x4 c:/program files (x86)/cypress/psoc creator/3.2/psoc creator/import/gnu/arm/4.8.4/bin/../lib/gcc/arm-none-eabi/4.8.4/armv7-m/crti.o
                0x00004274                _fini
 .fini          0x00004278        0x8 c:/program files (x86)/cypress/psoc creator/3.2/psoc creator/import/gnu/arm/4.8.4/bin/../lib/gcc/arm-none-eabi/4.8.4/armv7-m/crtn.o
                0x00004280                . = ALIGN (0x4)
                0x00004280                __fini_array_start = .
 *(.fini_array)
 .fini_array    0x00004280        0x4 c:/program files (x86)/cypress/psoc creator/3.2/psoc creator/import/gnu/arm/4.8.4/bin/../lib/gcc/arm-none-eabi/4.8.4/armv7-m/crtbegin.o
 *(SORT(.fini_array.*))
                0x00004284                __fini_array_end = .
                0x00004284                . = ALIGN (0x4)
 *crtbegin.o(.ctors)
 *(EXCLUDE_FILE(*crtend.o) .ctors)
 *(SORT(.ctors.*))
 *crtend.o(.ctors)
                0x00004284                . = ALIGN (0x4)
 *crtbegin.o(.dtors)
 *(EXCLUDE_FILE(*crtend.o) .dtors)
 *(SORT(.dtors.*))
 *crtend.o(.dtors)
                0x00004284                . = ALIGN (0x4)
                0x00004284                __cy_regions = .
                0x00004284        0x4 LONG 0x4298 __cy_region_init_ram
                0x00004288        0x4 LONG 0x1fff8108 __cy_region_start_data
                0x0000428c        0x4 LONG 0x88 __cy_region_init_size_ram
                0x00004290        0x4 LONG 0x2110 __cy_region_zero_size_ram
                0x00004294                __cy_regions_end = .
                0x00004298                . = ALIGN (0x8)
 *fill*         0x00004294        0x4 
                0x00004298                _etext = .

.ramvectors     0x1fff8000      0x100
                0x1fff8000                __cy_region_start_ram = .
 *(.ramvectors)
 .ramvectors    0x1fff8000      0x100 .\CortexM3\ARM_GCC_484\Debug\Cm3Start.o
                0x1fff8000                CyRamVectors

.noinit         0x1fff8100        0x5
 *(.noinit)
 .noinit        0x1fff8100        0x4 .\CortexM3\ARM_GCC_484\Debug\Cm3Start.o
 .noinit        0x1fff8104        0x1 .\CortexM3\ARM_GCC_484\Debug\Hummingbird Test.a(CyLib.o)
                0x1fff8104                CyResetStatus

.data           0x1fff8108       0x88 load address 0x00004298
                0x1fff8108                __cy_region_start_data = .
 *(.jcr)
 .jcr           0x1fff8108        0x0 c:/program files (x86)/cypress/psoc creator/3.2/psoc creator/import/gnu/arm/4.8.4/bin/../lib/gcc/arm-none-eabi/4.8.4/armv7-m/crtbegin.o
 .jcr           0x1fff8108        0x4 c:/program files (x86)/cypress/psoc creator/3.2/psoc creator/import/gnu/arm/4.8.4/bin/../lib/gcc/arm-none-eabi/4.8.4/armv7-m/crtend.o
 *(.got.plt)
 *(.got)
 *(.shdata)
 *(.data .data.* .gnu.linkonce.d.*)
 .data          0x1fff810c        0x4 .\CortexM3\ARM_GCC_484\Debug\Cm3Start.o
 .data          0x1fff8110       0x10 .\CortexM3\ARM_GCC_484\Debug\Hummingbird Test.a(CyLib.o)
                0x1fff8110                cydelay_32k_ms
                0x1fff8114                cydelay_freq_khz
                0x1fff8118                cydelay_freq_mhz
                0x1fff811c                cydelay_freq_hz
 .data          0x1fff8120        0x4 .\emFile_V322c\LinkLibrary\PSoC5\GCC\libemf32nosnlfn.a(FAT_Misc.o)
                0x1fff8120                FAT_pDirEntryAPI
 .data          0x1fff8124        0x4 .\emFile_V322c\LinkLibrary\PSoC5\GCC\libemf32nosnlfn.a(MMC_Drv.o)
 .data.impure_data
                0x1fff8128       0x60 c:/program files (x86)/cypress/psoc creator/3.2/psoc creator/import/gnu/arm/4.8.4/bin/../lib/gcc/arm-none-eabi/4.8.4/../../../../arm-none-eabi/lib/armv7-m\libg_s.a(lib_a-impure.o)
 .data._impure_ptr
                0x1fff8188        0x4 c:/program files (x86)/cypress/psoc creator/3.2/psoc creator/import/gnu/arm/4.8.4/bin/../lib/gcc/arm-none-eabi/4.8.4/../../../../arm-none-eabi/lib/armv7-m\libg_s.a(lib_a-impure.o)
                0x1fff8188                _impure_ptr
                0x1fff8190                . = ALIGN (0x8)
 *fill*         0x1fff818c        0x4 
 *(.ram)
                0x1fff8190                _edata = .

.igot.plt       0x1fff8190        0x0 load address 0x00004320
 .igot.plt      0x00000000        0x0 c:/program files (x86)/cypress/psoc creator/3.2/psoc creator/import/gnu/arm/4.8.4/bin/../lib/gcc/arm-none-eabi/4.8.4/armv7-m/crtbegin.o

.bss            0x1fff8190     0x2110 load address 0x00004320
                0x1fff8190                PROVIDE (__bss_start__, .)
 *(.shbss)
 *(.bss .bss.* .gnu.linkonce.b.*)
 .bss           0x1fff8190       0x1c c:/program files (x86)/cypress/psoc creator/3.2/psoc creator/import/gnu/arm/4.8.4/bin/../lib/gcc/arm-none-eabi/4.8.4/armv7-m/crtbegin.o
 .bss           0x1fff81ac     0x1014 .\CortexM3\ARM_GCC_484\Debug\main.o
                0x1fff81ac                frameIndex
                0x1fff81b0                dataFrame1
                0x1fff89b0                bufferFull
                0x1fff89bd                frameCompleteFlag
                0x1fff89be                currFrame
                0x1fff89c0                dataFrame2
 .bss           0x1fff91c0        0x1 .\CortexM3\ARM_GCC_484\Debug\Hummingbird Test.a(ADC_SAR_1.o)
                0x1fff91c0                ADC_SAR_1_initVar
 .bss           0x1fff91c1        0x2 .\CortexM3\ARM_GCC_484\Debug\Hummingbird Test.a(LCD.o)
                0x1fff91c1                LCD_enableState
                0x1fff91c2                LCD_initVar
 .bss           0x1fff91c3        0x1 .\CortexM3\ARM_GCC_484\Debug\Hummingbird Test.a(Timer_1.o)
                0x1fff91c3                Timer_1_initVar
 .bss           0x1fff91c4        0xc .\emFile_V322c\LinkLibrary\PSoC5\GCC\libemf32nosnlfn.a(FS_Core.o)
 .bss           0x1fff91d0     0x1000 .\CortexM3\ARM_GCC_484\Debug\Hummingbird Test.a(SDCard_ConfigMMC_SPI.o)
 .bss           0x1fffa1d0       0x14 .\emFile_V322c\LinkLibrary\PSoC5\GCC\libemf32nosnlfn.a(MMC_Drv.o)
 .bss           0x1fffa1e4        0x1 .\CortexM3\ARM_GCC_484\Debug\Hummingbird Test.a(SDCard_MMC_HW_SPI.o)
 .bss           0x1fffa1e5        0x1 .\CortexM3\ARM_GCC_484\Debug\Hummingbird Test.a(SDCard_SPI0.o)
                0x1fffa1e5                SDCard_SPI0_initVar
 *fill*         0x1fffa1e6        0x2 
 .bss.__malloc_sbrk_start
                0x1fffa1e8        0x4 c:/program files (x86)/cypress/psoc creator/3.2/psoc creator/import/gnu/arm/4.8.4/bin/../lib/gcc/arm-none-eabi/4.8.4/../../../../arm-none-eabi/lib/armv7-m\libg_s.a(lib_a-nano-mallocr.o)
                0x1fffa1e8                __malloc_sbrk_start
 .bss.__malloc_free_list
                0x1fffa1ec        0x4 c:/program files (x86)/cypress/psoc creator/3.2/psoc creator/import/gnu/arm/4.8.4/bin/../lib/gcc/arm-none-eabi/4.8.4/../../../../arm-none-eabi/lib/armv7-m\libg_s.a(lib_a-nano-mallocr.o)
                0x1fffa1ec                __malloc_free_list
 *(COMMON)
 COMMON         0x1fffa1f0       0x18 .\CortexM3\ARM_GCC_484\Debug\main.o
                0x1fffa1f0                wav_sample
                0x1fffa1f4                ADCoutput
                0x1fffa1f8                LCDstr
                0x1fffa204                pFile
 COMMON         0x1fffa208        0xa .\CortexM3\ARM_GCC_484\Debug\Hummingbird Test.a(ADC_SAR_1.o)
                0x1fffa208                ADC_SAR_1_countsPerVolt
                0x1fffa20a                ADC_SAR_1_shift
                0x1fffa20c                ADC_SAR_1_countsPer10Volt
                0x1fffa210                ADC_SAR_1_offset
 *fill*         0x1fffa212        0x2 
 COMMON         0x1fffa214       0x88 .\emFile_V322c\LinkLibrary\PSoC5\GCC\libemf32nosnlfn.a(FS_Core.o)
                0x1fffa214                FS_Global
                0x1fffa298                FS_NumBytesAllocated
 COMMON         0x1fffa29c        0x4 c:/program files (x86)/cypress/psoc creator/3.2/psoc creator/import/gnu/arm/4.8.4/bin/../lib/gcc/arm-none-eabi/4.8.4/../../../../arm-none-eabi/lib/armv7-m\libg_s.a(lib_a-reent.o)
                0x1fffa29c                errno
                0x1fffa2a0                . = ALIGN (0x8)
 *(.ram.b)
                0x1fffa2a0                _end = .
                0x1fffa2a0                __end = .
                0x1fffa2a0                PROVIDE (end, .)
                0x1fffa2a0                PROVIDE (__bss_end__, .)
                0x00004298                __cy_region_init_ram = LOADADDR (.data)
                0x00000088                __cy_region_init_size_ram = (_edata - ADDR (.data))
                0x00002110                __cy_region_zero_size_ram = (_end - _edata)

.heap           0x1fffa2a0       0x80 load address 0x00004320
                0x1fffa2a0                . = _end
                0x1fffa320                . = (. + 0x80)
 *fill*         0x1fffa2a0       0x80 
                0x1fffa320                __cy_heap_limit = .

.stack          0x20007800      0x800
                0x20007800                __cy_stack_limit = .
                0x20008000                . = (. + 0x800)
 *fill*         0x20007800      0x800 
                0x00000001                ASSERT ((__cy_stack_limit >= __cy_heap_limit), region RAM overflowed with stack)

.cyloadermeta
 *(.cyloadermeta)

.cyloadablemeta
 *(.cyloadablemeta)

.cyconfigecc    0x80000000      0x424
 *(.cyconfigecc)
 .cyconfigecc   0x80000000      0x424 .\CortexM3\ARM_GCC_484\Debug\cymetadata.o
                0x80000000                cy_meta_configecc

.cycustnvl      0x90000000        0x4
 *(.cycustnvl)
 .cycustnvl     0x90000000        0x4 .\CortexM3\ARM_GCC_484\Debug\cymetadata.o
                0x90000000                cy_meta_custnvl

.cywolatch      0x90100000        0x4
 *(.cywolatch)
 .cywolatch     0x90100000        0x4 .\CortexM3\ARM_GCC_484\Debug\cymetadata.o
                0x90100000                cy_meta_wonvl

.cyeeprom       0x90200000        0x0
 *(.cyeeprom)
                0x00000001                ASSERT ((. <= ((0x90200000 + ee_offset) + ee_size)), .cyeeprom data will not fit in EEPROM)

.cyflashprotect
                0x90400000      0x100
 *(.cyflashprotect)
 .cyflashprotect
                0x90400000      0x100 .\CortexM3\ARM_GCC_484\Debug\cymetadata.o
                0x90400000                cy_meta_flashprotect

.cymeta         0x90500000        0xc
 *(.cymeta)
 .cymeta        0x90500000        0xc .\CortexM3\ARM_GCC_484\Debug\cymetadata.o
                0x90500000                cy_metadata

.rel.dyn        0x00004320        0x0 load address 0x9050000c
 .rel.iplt      0x00000000        0x0 c:/program files (x86)/cypress/psoc creator/3.2/psoc creator/import/gnu/arm/4.8.4/bin/../lib/gcc/arm-none-eabi/4.8.4/armv7-m/crtbegin.o

.stab           0x00000000       0xb4
 *(.stab)
 .stab          0x00000000       0x24 c:/program files (x86)/cypress/psoc creator/3.2/psoc creator/import/gnu/arm/4.8.4/bin/../lib/gcc/arm-none-eabi/4.8.4/../../../../arm-none-eabi/lib/armv7-m\libnosys.a(close.o)
 .stab          0x00000024       0x18 c:/program files (x86)/cypress/psoc creator/3.2/psoc creator/import/gnu/arm/4.8.4/bin/../lib/gcc/arm-none-eabi/4.8.4/../../../../arm-none-eabi/lib/armv7-m\libnosys.a(fstat.o)
                                 0x24 (size before relaxing)
 .stab          0x0000003c       0x18 c:/program files (x86)/cypress/psoc creator/3.2/psoc creator/import/gnu/arm/4.8.4/bin/../lib/gcc/arm-none-eabi/4.8.4/../../../../arm-none-eabi/lib/armv7-m\libnosys.a(isatty.o)
                                 0x24 (size before relaxing)
 .stab          0x00000054       0x18 c:/program files (x86)/cypress/psoc creator/3.2/psoc creator/import/gnu/arm/4.8.4/bin/../lib/gcc/arm-none-eabi/4.8.4/../../../../arm-none-eabi/lib/armv7-m\libnosys.a(lseek.o)
                                 0x24 (size before relaxing)
 .stab          0x0000006c       0x18 c:/program files (x86)/cypress/psoc creator/3.2/psoc creator/import/gnu/arm/4.8.4/bin/../lib/gcc/arm-none-eabi/4.8.4/../../../../arm-none-eabi/lib/armv7-m\libnosys.a(open.o)
                                 0x24 (size before relaxing)
 .stab          0x00000084       0x18 c:/program files (x86)/cypress/psoc creator/3.2/psoc creator/import/gnu/arm/4.8.4/bin/../lib/gcc/arm-none-eabi/4.8.4/../../../../arm-none-eabi/lib/armv7-m\libnosys.a(read.o)
                                 0x24 (size before relaxing)
 .stab          0x0000009c       0x18 c:/program files (x86)/cypress/psoc creator/3.2/psoc creator/import/gnu/arm/4.8.4/bin/../lib/gcc/arm-none-eabi/4.8.4/../../../../arm-none-eabi/lib/armv7-m\libnosys.a(write.o)
                                 0x24 (size before relaxing)

.stabstr        0x00000000      0x181
 *(.stabstr)
 .stabstr       0x00000000      0x181 c:/program files (x86)/cypress/psoc creator/3.2/psoc creator/import/gnu/arm/4.8.4/bin/../lib/gcc/arm-none-eabi/4.8.4/../../../../arm-none-eabi/lib/armv7-m\libnosys.a(close.o)

.debug
 *(.debug)

.line
 *(.line)

.debug_srcinfo
 *(.debug_srcinfo)

.debug_sfnames
 *(.debug_sfnames)

.debug_aranges  0x00000000      0xa78
 *(.debug_aranges)
 .debug_aranges
                0x00000000       0x38 .\CortexM3\ARM_GCC_484\Debug\main.o
 .debug_aranges
                0x00000038       0x30 .\CortexM3\ARM_GCC_484\Debug\WAV.o
 .debug_aranges
                0x00000068       0x18 .\CortexM3\ARM_GCC_484\Debug\cymetadata.o
 .debug_aranges
                0x00000080       0x48 .\CortexM3\ARM_GCC_484\Debug\Cm3Start.o
 .debug_aranges
                0x000000c8       0x58 .\CortexM3\ARM_GCC_484\Debug\Hummingbird Test.a(cyfitter_cfg.o)
 .debug_aranges
                0x00000120       0x20 .\CortexM3\ARM_GCC_484\Debug\Hummingbird Test.a(CyBootAsmGnu.o)
 .debug_aranges
                0x00000140      0x298 .\CortexM3\ARM_GCC_484\Debug\Hummingbird Test.a(CyLib.o)
 .debug_aranges
                0x000003d8       0x98 .\CortexM3\ARM_GCC_484\Debug\Hummingbird Test.a(cyPm.o)
 .debug_aranges
                0x00000470       0xa8 .\CortexM3\ARM_GCC_484\Debug\Hummingbird Test.a(ADC_SAR_1.o)
 .debug_aranges
                0x00000518       0x20 .\CortexM3\ARM_GCC_484\Debug\Hummingbird Test.a(ADC_SAR_1_INT.o)
 .debug_aranges
                0x00000538       0x70 .\CortexM3\ARM_GCC_484\Debug\Hummingbird Test.a(ADC_SAR_1_theACLK.o)
 .debug_aranges
                0x000005a8       0x98 .\CortexM3\ARM_GCC_484\Debug\Hummingbird Test.a(LCD.o)
 .debug_aranges
                0x00000640       0x90 .\CortexM3\ARM_GCC_484\Debug\Hummingbird Test.a(Timer_1.o)
 .debug_aranges
                0x000006d0       0x80 .\CortexM3\ARM_GCC_484\Debug\Hummingbird Test.a(isr_1.o)
 .debug_aranges
                0x00000750       0x80 .\CortexM3\ARM_GCC_484\Debug\Hummingbird Test.a(CyFlash.o)
 .debug_aranges
                0x000007d0       0x78 .\CortexM3\ARM_GCC_484\Debug\Hummingbird Test.a(CySpc.o)
 .debug_aranges
                0x00000848       0x20 .\CortexM3\ARM_GCC_484\Debug\Hummingbird Test.a(cyutils.o)
 .debug_aranges
                0x00000868       0x28 .\CortexM3\ARM_GCC_484\Debug\Hummingbird Test.a(SDCard_ConfigMMC_SPI.o)
 .debug_aranges
                0x00000890       0x68 .\CortexM3\ARM_GCC_484\Debug\Hummingbird Test.a(SDCard_MMC_HW_SPI.o)
 .debug_aranges
                0x000008f8       0xd8 .\CortexM3\ARM_GCC_484\Debug\Hummingbird Test.a(SDCard_SPI0.o)
 .debug_aranges
                0x000009d0       0x70 .\CortexM3\ARM_GCC_484\Debug\Hummingbird Test.a(SDCard_Clock_1.o)
 .debug_aranges
                0x00000a40       0x38 .\CortexM3\ARM_GCC_484\Debug\Hummingbird Test.a(SDCard_SPI0_CS.o)

.debug_pubnames
 *(.debug_pubnames)

.debug_info     0x00000000     0x7381
 *(.debug_info .gnu.linkonce.wi.*)
 .debug_info    0x00000000      0xd00 .\CortexM3\ARM_GCC_484\Debug\main.o
 .debug_info    0x00000d00      0xbee .\CortexM3\ARM_GCC_484\Debug\WAV.o
 .debug_info    0x000018ee      0x13a .\CortexM3\ARM_GCC_484\Debug\cymetadata.o
 .debug_info    0x00001a28      0x39f .\CortexM3\ARM_GCC_484\Debug\Cm3Start.o
 .debug_info    0x00001dc7      0x50c .\CortexM3\ARM_GCC_484\Debug\Hummingbird Test.a(cyfitter_cfg.o)
 .debug_info    0x000022d3       0x9e .\CortexM3\ARM_GCC_484\Debug\Hummingbird Test.a(CyBootAsmGnu.o)
 .debug_info    0x00002371     0x1373 .\CortexM3\ARM_GCC_484\Debug\Hummingbird Test.a(CyLib.o)
 .debug_info    0x000036e4      0xa56 .\CortexM3\ARM_GCC_484\Debug\Hummingbird Test.a(cyPm.o)
 .debug_info    0x0000413a      0x604 .\CortexM3\ARM_GCC_484\Debug\Hummingbird Test.a(ADC_SAR_1.o)
 .debug_info    0x0000473e       0x92 .\CortexM3\ARM_GCC_484\Debug\Hummingbird Test.a(ADC_SAR_1_INT.o)
 .debug_info    0x000047d0      0x283 .\CortexM3\ARM_GCC_484\Debug\Hummingbird Test.a(ADC_SAR_1_theACLK.o)
 .debug_info    0x00004a53      0x714 .\CortexM3\ARM_GCC_484\Debug\Hummingbird Test.a(LCD.o)
 .debug_info    0x00005167      0x33d .\CortexM3\ARM_GCC_484\Debug\Hummingbird Test.a(Timer_1.o)
 .debug_info    0x000054a4      0x2c7 .\CortexM3\ARM_GCC_484\Debug\Hummingbird Test.a(isr_1.o)
 .debug_info    0x0000576b      0x60a .\CortexM3\ARM_GCC_484\Debug\Hummingbird Test.a(CyFlash.o)
 .debug_info    0x00005d75      0x4ee .\CortexM3\ARM_GCC_484\Debug\Hummingbird Test.a(CySpc.o)
 .debug_info    0x00006263       0xec .\CortexM3\ARM_GCC_484\Debug\Hummingbird Test.a(cyutils.o)
 .debug_info    0x0000634f      0x2f1 .\CortexM3\ARM_GCC_484\Debug\Hummingbird Test.a(SDCard_ConfigMMC_SPI.o)
 .debug_info    0x00006640      0x511 .\CortexM3\ARM_GCC_484\Debug\Hummingbird Test.a(SDCard_MMC_HW_SPI.o)
 .debug_info    0x00006b51      0x48d .\CortexM3\ARM_GCC_484\Debug\Hummingbird Test.a(SDCard_SPI0.o)
 .debug_info    0x00006fde      0x283 .\CortexM3\ARM_GCC_484\Debug\Hummingbird Test.a(SDCard_Clock_1.o)
 .debug_info    0x00007261      0x120 .\CortexM3\ARM_GCC_484\Debug\Hummingbird Test.a(SDCard_SPI0_CS.o)

.debug_abbrev   0x00000000     0x2100
 *(.debug_abbrev)
 .debug_abbrev  0x00000000      0x327 .\CortexM3\ARM_GCC_484\Debug\main.o
 .debug_abbrev  0x00000327      0x236 .\CortexM3\ARM_GCC_484\Debug\WAV.o
 .debug_abbrev  0x0000055d       0x66 .\CortexM3\ARM_GCC_484\Debug\cymetadata.o
 .debug_abbrev  0x000005c3      0x20d .\CortexM3\ARM_GCC_484\Debug\Cm3Start.o
 .debug_abbrev  0x000007d0      0x21b .\CortexM3\ARM_GCC_484\Debug\Hummingbird Test.a(cyfitter_cfg.o)
 .debug_abbrev  0x000009eb       0x14 .\CortexM3\ARM_GCC_484\Debug\Hummingbird Test.a(CyBootAsmGnu.o)
 .debug_abbrev  0x000009ff      0x296 .\CortexM3\ARM_GCC_484\Debug\Hummingbird Test.a(CyLib.o)
 .debug_abbrev  0x00000c95      0x1fa .\CortexM3\ARM_GCC_484\Debug\Hummingbird Test.a(cyPm.o)
 .debug_abbrev  0x00000e8f      0x1f8 .\CortexM3\ARM_GCC_484\Debug\Hummingbird Test.a(ADC_SAR_1.o)
 .debug_abbrev  0x00001087       0x42 .\CortexM3\ARM_GCC_484\Debug\Hummingbird Test.a(ADC_SAR_1_INT.o)
 .debug_abbrev  0x000010c9      0x137 .\CortexM3\ARM_GCC_484\Debug\Hummingbird Test.a(ADC_SAR_1_theACLK.o)
 .debug_abbrev  0x00001200      0x17e .\CortexM3\ARM_GCC_484\Debug\Hummingbird Test.a(LCD.o)
 .debug_abbrev  0x0000137e      0x17d .\CortexM3\ARM_GCC_484\Debug\Hummingbird Test.a(Timer_1.o)
 .debug_abbrev  0x000014fb      0x157 .\CortexM3\ARM_GCC_484\Debug\Hummingbird Test.a(isr_1.o)
 .debug_abbrev  0x00001652      0x1de .\CortexM3\ARM_GCC_484\Debug\Hummingbird Test.a(CyFlash.o)
 .debug_abbrev  0x00001830      0x1ce .\CortexM3\ARM_GCC_484\Debug\Hummingbird Test.a(CySpc.o)
 .debug_abbrev  0x000019fe       0x8e .\CortexM3\ARM_GCC_484\Debug\Hummingbird Test.a(cyutils.o)
 .debug_abbrev  0x00001a8c      0x176 .\CortexM3\ARM_GCC_484\Debug\Hummingbird Test.a(SDCard_ConfigMMC_SPI.o)
 .debug_abbrev  0x00001c02      0x1bd .\CortexM3\ARM_GCC_484\Debug\Hummingbird Test.a(SDCard_MMC_HW_SPI.o)
 .debug_abbrev  0x00001dbf      0x16d .\CortexM3\ARM_GCC_484\Debug\Hummingbird Test.a(SDCard_SPI0.o)
 .debug_abbrev  0x00001f2c      0x137 .\CortexM3\ARM_GCC_484\Debug\Hummingbird Test.a(SDCard_Clock_1.o)
 .debug_abbrev  0x00002063       0x9d .\CortexM3\ARM_GCC_484\Debug\Hummingbird Test.a(SDCard_SPI0_CS.o)

.debug_line     0x00000000     0x2b8f
 *(.debug_line)
 .debug_line    0x00000000      0x38c .\CortexM3\ARM_GCC_484\Debug\main.o
 .debug_line    0x0000038c      0x1f8 .\CortexM3\ARM_GCC_484\Debug\WAV.o
 .debug_line    0x00000584       0x53 .\CortexM3\ARM_GCC_484\Debug\cymetadata.o
 .debug_line    0x000005d7      0x238 .\CortexM3\ARM_GCC_484\Debug\Cm3Start.o
 .debug_line    0x0000080f      0x1eb .\CortexM3\ARM_GCC_484\Debug\Hummingbird Test.a(cyfitter_cfg.o)
 .debug_line    0x000009fa       0x68 .\CortexM3\ARM_GCC_484\Debug\Hummingbird Test.a(CyBootAsmGnu.o)
 .debug_line    0x00000a62      0x818 .\CortexM3\ARM_GCC_484\Debug\Hummingbird Test.a(CyLib.o)
 .debug_line    0x0000127a      0x366 .\CortexM3\ARM_GCC_484\Debug\Hummingbird Test.a(cyPm.o)
 .debug_line    0x000015e0      0x221 .\CortexM3\ARM_GCC_484\Debug\Hummingbird Test.a(ADC_SAR_1.o)
 .debug_line    0x00001801       0x58 .\CortexM3\ARM_GCC_484\Debug\Hummingbird Test.a(ADC_SAR_1_INT.o)
 .debug_line    0x00001859      0x1a1 .\CortexM3\ARM_GCC_484\Debug\Hummingbird Test.a(ADC_SAR_1_theACLK.o)
 .debug_line    0x000019fa      0x1f0 .\CortexM3\ARM_GCC_484\Debug\Hummingbird Test.a(LCD.o)
 .debug_line    0x00001bea      0x178 .\CortexM3\ARM_GCC_484\Debug\Hummingbird Test.a(Timer_1.o)
 .debug_line    0x00001d62      0x14b .\CortexM3\ARM_GCC_484\Debug\Hummingbird Test.a(isr_1.o)
 .debug_line    0x00001ead      0x233 .\CortexM3\ARM_GCC_484\Debug\Hummingbird Test.a(CyFlash.o)
 .debug_line    0x000020e0      0x248 .\CortexM3\ARM_GCC_484\Debug\Hummingbird Test.a(CySpc.o)
 .debug_line    0x00002328       0x62 .\CortexM3\ARM_GCC_484\Debug\Hummingbird Test.a(cyutils.o)
 .debug_line    0x0000238a       0xaf .\CortexM3\ARM_GCC_484\Debug\Hummingbird Test.a(SDCard_ConfigMMC_SPI.o)
 .debug_line    0x00002439      0x2d1 .\CortexM3\ARM_GCC_484\Debug\Hummingbird Test.a(SDCard_MMC_HW_SPI.o)
 .debug_line    0x0000270a      0x24a .\CortexM3\ARM_GCC_484\Debug\Hummingbird Test.a(SDCard_SPI0.o)
 .debug_line    0x00002954      0x19e .\CortexM3\ARM_GCC_484\Debug\Hummingbird Test.a(SDCard_Clock_1.o)
 .debug_line    0x00002af2       0x9d .\CortexM3\ARM_GCC_484\Debug\Hummingbird Test.a(SDCard_SPI0_CS.o)

.debug_frame    0x00000000     0x2564
 *(.debug_frame)
 .debug_frame   0x00000000       0x90 .\CortexM3\ARM_GCC_484\Debug\main.o
 .debug_frame   0x00000090       0x6c .\CortexM3\ARM_GCC_484\Debug\WAV.o
 .debug_frame   0x000000fc       0xac .\CortexM3\ARM_GCC_484\Debug\Cm3Start.o
 .debug_frame   0x000001a8       0xec .\CortexM3\ARM_GCC_484\Debug\Hummingbird Test.a(cyfitter_cfg.o)
 .debug_frame   0x00000294      0x730 .\CortexM3\ARM_GCC_484\Debug\Hummingbird Test.a(CyLib.o)
 .debug_frame   0x000009c4      0x1fc .\CortexM3\ARM_GCC_484\Debug\Hummingbird Test.a(cyPm.o)
 .debug_frame   0x00000bc0      0x1a4 .\CortexM3\ARM_GCC_484\Debug\Hummingbird Test.a(ADC_SAR_1.o)
 .debug_frame   0x00000d64       0x20 .\CortexM3\ARM_GCC_484\Debug\Hummingbird Test.a(ADC_SAR_1_INT.o)
 .debug_frame   0x00000d84       0xe0 .\CortexM3\ARM_GCC_484\Debug\Hummingbird Test.a(ADC_SAR_1_theACLK.o)
 .debug_frame   0x00000e64      0x1ec .\CortexM3\ARM_GCC_484\Debug\Hummingbird Test.a(LCD.o)
 .debug_frame   0x00001050      0x13c .\CortexM3\ARM_GCC_484\Debug\Hummingbird Test.a(Timer_1.o)
 .debug_frame   0x0000118c      0x104 .\CortexM3\ARM_GCC_484\Debug\Hummingbird Test.a(isr_1.o)
 .debug_frame   0x00001290      0x17c .\CortexM3\ARM_GCC_484\Debug\Hummingbird Test.a(CyFlash.o)
 .debug_frame   0x0000140c      0x148 .\CortexM3\ARM_GCC_484\Debug\Hummingbird Test.a(CySpc.o)
 .debug_frame   0x00001554       0x20 .\CortexM3\ARM_GCC_484\Debug\Hummingbird Test.a(cyutils.o)
 .debug_frame   0x00001574       0x3c .\CortexM3\ARM_GCC_484\Debug\Hummingbird Test.a(SDCard_ConfigMMC_SPI.o)
 .debug_frame   0x000015b0      0x124 .\CortexM3\ARM_GCC_484\Debug\Hummingbird Test.a(SDCard_MMC_HW_SPI.o)
 .debug_frame   0x000016d4      0x1e8 .\CortexM3\ARM_GCC_484\Debug\Hummingbird Test.a(SDCard_SPI0.o)
 .debug_frame   0x000018bc       0xe0 .\CortexM3\ARM_GCC_484\Debug\Hummingbird Test.a(SDCard_Clock_1.o)
 .debug_frame   0x0000199c       0x50 .\CortexM3\ARM_GCC_484\Debug\Hummingbird Test.a(SDCard_SPI0_CS.o)
 .debug_frame   0x000019ec       0x58 c:/program files (x86)/cypress/psoc creator/3.2/psoc creator/import/gnu/arm/4.8.4/bin/../lib/gcc/arm-none-eabi/4.8.4/armv7-m\libgcc.a(bpabi.o)
 .debug_frame   0x00001a44       0x34 c:/program files (x86)/cypress/psoc creator/3.2/psoc creator/import/gnu/arm/4.8.4/bin/../lib/gcc/arm-none-eabi/4.8.4/armv7-m\libgcc.a(_divdi3.o)
 .debug_frame   0x00001a78       0x34 c:/program files (x86)/cypress/psoc creator/3.2/psoc creator/import/gnu/arm/4.8.4/bin/../lib/gcc/arm-none-eabi/4.8.4/armv7-m\libgcc.a(_udivdi3.o)
 .debug_frame   0x00001aac       0x20 c:/program files (x86)/cypress/psoc creator/3.2/psoc creator/import/gnu/arm/4.8.4/bin/../lib/gcc/arm-none-eabi/4.8.4/../../../../arm-none-eabi/lib/armv7-m\libg_s.a(lib_a-errno.o)
 .debug_frame   0x00001acc       0x28 c:/program files (x86)/cypress/psoc creator/3.2/psoc creator/import/gnu/arm/4.8.4/bin/../lib/gcc/arm-none-eabi/4.8.4/../../../../arm-none-eabi/lib/armv7-m\libg_s.a(lib_a-exit.o)
 .debug_frame   0x00001af4       0x3c c:/program files (x86)/cypress/psoc creator/3.2/psoc creator/import/gnu/arm/4.8.4/bin/../lib/gcc/arm-none-eabi/4.8.4/../../../../arm-none-eabi/lib/armv7-m\libg_s.a(lib_a-fclose.o)
 .debug_frame   0x00001b30       0x5c c:/program files (x86)/cypress/psoc creator/3.2/psoc creator/import/gnu/arm/4.8.4/bin/../lib/gcc/arm-none-eabi/4.8.4/../../../../arm-none-eabi/lib/armv7-m\libg_s.a(lib_a-fflush.o)
 .debug_frame   0x00001b8c      0x12c c:/program files (x86)/cypress/psoc creator/3.2/psoc creator/import/gnu/arm/4.8.4/bin/../lib/gcc/arm-none-eabi/4.8.4/../../../../arm-none-eabi/lib/armv7-m\libg_s.a(lib_a-findfp.o)
 .debug_frame   0x00001cb8       0x44 c:/program files (x86)/cypress/psoc creator/3.2/psoc creator/import/gnu/arm/4.8.4/bin/../lib/gcc/arm-none-eabi/4.8.4/../../../../arm-none-eabi/lib/armv7-m\libg_s.a(lib_a-fopen.o)
 .debug_frame   0x00001cfc       0x3c c:/program files (x86)/cypress/psoc creator/3.2/psoc creator/import/gnu/arm/4.8.4/bin/../lib/gcc/arm-none-eabi/4.8.4/../../../../arm-none-eabi/lib/armv7-m\libg_s.a(lib_a-fseek.o)
 .debug_frame   0x00001d38       0x50 c:/program files (x86)/cypress/psoc creator/3.2/psoc creator/import/gnu/arm/4.8.4/bin/../lib/gcc/arm-none-eabi/4.8.4/../../../../arm-none-eabi/lib/armv7-m\libg_s.a(lib_a-fseeko.o)
 .debug_frame   0x00001d88       0x30 c:/program files (x86)/cypress/psoc creator/3.2/psoc creator/import/gnu/arm/4.8.4/bin/../lib/gcc/arm-none-eabi/4.8.4/../../../../arm-none-eabi/lib/armv7-m\libg_s.a(lib_a-ftell.o)
 .debug_frame   0x00001db8       0x3c c:/program files (x86)/cypress/psoc creator/3.2/psoc creator/import/gnu/arm/4.8.4/bin/../lib/gcc/arm-none-eabi/4.8.4/../../../../arm-none-eabi/lib/armv7-m\libg_s.a(lib_a-ftello.o)
 .debug_frame   0x00001df4       0x54 c:/program files (x86)/cypress/psoc creator/3.2/psoc creator/import/gnu/arm/4.8.4/bin/../lib/gcc/arm-none-eabi/4.8.4/../../../../arm-none-eabi/lib/armv7-m\libg_s.a(lib_a-fwalk.o)
 .debug_frame   0x00001e48       0x54 c:/program files (x86)/cypress/psoc creator/3.2/psoc creator/import/gnu/arm/4.8.4/bin/../lib/gcc/arm-none-eabi/4.8.4/../../../../arm-none-eabi/lib/armv7-m\libg_s.a(lib_a-fwrite.o)
 .debug_frame   0x00001e9c       0x2c c:/program files (x86)/cypress/psoc creator/3.2/psoc creator/import/gnu/arm/4.8.4/bin/../lib/gcc/arm-none-eabi/4.8.4/../../../../arm-none-eabi/lib/armv7-m\libg_s.a(lib_a-init.o)
 .debug_frame   0x00001ec8       0x30 c:/program files (x86)/cypress/psoc creator/3.2/psoc creator/import/gnu/arm/4.8.4/bin/../lib/gcc/arm-none-eabi/4.8.4/../../../../arm-none-eabi/lib/armv7-m\libg_s.a(lib_a-makebuf.o)
 .debug_frame   0x00001ef8       0x2c c:/program files (x86)/cypress/psoc creator/3.2/psoc creator/import/gnu/arm/4.8.4/bin/../lib/gcc/arm-none-eabi/4.8.4/../../../../arm-none-eabi/lib/armv7-m\libg_s.a(lib_a-memcmp.o)
 .debug_frame   0x00001f24       0x28 c:/program files (x86)/cypress/psoc creator/3.2/psoc creator/import/gnu/arm/4.8.4/bin/../lib/gcc/arm-none-eabi/4.8.4/../../../../arm-none-eabi/lib/armv7-m\libg_s.a(lib_a-memcpy-stub.o)
 .debug_frame   0x00001f4c       0x20 c:/program files (x86)/cypress/psoc creator/3.2/psoc creator/import/gnu/arm/4.8.4/bin/../lib/gcc/arm-none-eabi/4.8.4/../../../../arm-none-eabi/lib/armv7-m\libg_s.a(lib_a-memset.o)
 .debug_frame   0x00001f6c       0x2c c:/program files (x86)/cypress/psoc creator/3.2/psoc creator/import/gnu/arm/4.8.4/bin/../lib/gcc/arm-none-eabi/4.8.4/../../../../arm-none-eabi/lib/armv7-m\libg_s.a(lib_a-nano-freer.o)
 .debug_frame   0x00001f98       0x2c c:/program files (x86)/cypress/psoc creator/3.2/psoc creator/import/gnu/arm/4.8.4/bin/../lib/gcc/arm-none-eabi/4.8.4/../../../../arm-none-eabi/lib/armv7-m\libg_s.a(lib_a-nano-mallocr.o)
 .debug_frame   0x00001fc4       0x2c c:/program files (x86)/cypress/psoc creator/3.2/psoc creator/import/gnu/arm/4.8.4/bin/../lib/gcc/arm-none-eabi/4.8.4/../../../../arm-none-eabi/lib/armv7-m\libg_s.a(lib_a-openr.o)
 .debug_frame   0x00001ff0       0x48 c:/program files (x86)/cypress/psoc creator/3.2/psoc creator/import/gnu/arm/4.8.4/bin/../lib/gcc/arm-none-eabi/4.8.4/../../../../arm-none-eabi/lib/armv7-m\libg_s.a(lib_a-reent.o)
 .debug_frame   0x00002038       0x2c c:/program files (x86)/cypress/psoc creator/3.2/psoc creator/import/gnu/arm/4.8.4/bin/../lib/gcc/arm-none-eabi/4.8.4/../../../../arm-none-eabi/lib/armv7-m\libg_s.a(lib_a-sbrkr.o)
 .debug_frame   0x00002064       0x58 c:/program files (x86)/cypress/psoc creator/3.2/psoc creator/import/gnu/arm/4.8.4/bin/../lib/gcc/arm-none-eabi/4.8.4/../../../../arm-none-eabi/lib/armv7-m\libg_s.a(lib_a-sprintf.o)
 .debug_frame   0x000020bc       0x80 c:/program files (x86)/cypress/psoc creator/3.2/psoc creator/import/gnu/arm/4.8.4/bin/../lib/gcc/arm-none-eabi/4.8.4/../../../../arm-none-eabi/lib/armv7-m\libg_s.a(lib_a-stdio.o)
 .debug_frame   0x0000213c       0x20 c:/program files (x86)/cypress/psoc creator/3.2/psoc creator/import/gnu/arm/4.8.4/bin/../lib/gcc/arm-none-eabi/4.8.4/../../../../arm-none-eabi/lib/armv7-m\libg_s.a(lib_a-strlen.o)
 .debug_frame   0x0000215c       0x88 c:/program files (x86)/cypress/psoc creator/3.2/psoc creator/import/gnu/arm/4.8.4/bin/../lib/gcc/arm-none-eabi/4.8.4/../../../../arm-none-eabi/lib/armv7-m\libg_s.a(lib_a-svfprintf.o)
 .debug_frame   0x000021e4       0x60 c:/program files (x86)/cypress/psoc creator/3.2/psoc creator/import/gnu/arm/4.8.4/bin/../lib/gcc/arm-none-eabi/4.8.4/../../../../arm-none-eabi/lib/armv7-m\libg_s.a(lib_a-vfprintf_i.o)
 .debug_frame   0x00002244       0x3c c:/program files (x86)/cypress/psoc creator/3.2/psoc creator/import/gnu/arm/4.8.4/bin/../lib/gcc/arm-none-eabi/4.8.4/../../../../arm-none-eabi/lib/armv7-m\libg_s.a(lib_a-wbuf.o)
 .debug_frame   0x00002280       0x2c c:/program files (x86)/cypress/psoc creator/3.2/psoc creator/import/gnu/arm/4.8.4/bin/../lib/gcc/arm-none-eabi/4.8.4/../../../../arm-none-eabi/lib/armv7-m\libg_s.a(lib_a-writer.o)
 .debug_frame   0x000022ac       0x2c c:/program files (x86)/cypress/psoc creator/3.2/psoc creator/import/gnu/arm/4.8.4/bin/../lib/gcc/arm-none-eabi/4.8.4/../../../../arm-none-eabi/lib/armv7-m\libg_s.a(lib_a-wsetup.o)
 .debug_frame   0x000022d8       0x2c c:/program files (x86)/cypress/psoc creator/3.2/psoc creator/import/gnu/arm/4.8.4/bin/../lib/gcc/arm-none-eabi/4.8.4/../../../../arm-none-eabi/lib/armv7-m\libg_s.a(lib_a-closer.o)
 .debug_frame   0x00002304       0x2c c:/program files (x86)/cypress/psoc creator/3.2/psoc creator/import/gnu/arm/4.8.4/bin/../lib/gcc/arm-none-eabi/4.8.4/../../../../arm-none-eabi/lib/armv7-m\libg_s.a(lib_a-flags.o)
 .debug_frame   0x00002330       0x2c c:/program files (x86)/cypress/psoc creator/3.2/psoc creator/import/gnu/arm/4.8.4/bin/../lib/gcc/arm-none-eabi/4.8.4/../../../../arm-none-eabi/lib/armv7-m\libg_s.a(lib_a-fstatr.o)
 .debug_frame   0x0000235c       0x2c c:/program files (x86)/cypress/psoc creator/3.2/psoc creator/import/gnu/arm/4.8.4/bin/../lib/gcc/arm-none-eabi/4.8.4/../../../../arm-none-eabi/lib/armv7-m\libg_s.a(lib_a-isattyr.o)
 .debug_frame   0x00002388       0x2c c:/program files (x86)/cypress/psoc creator/3.2/psoc creator/import/gnu/arm/4.8.4/bin/../lib/gcc/arm-none-eabi/4.8.4/../../../../arm-none-eabi/lib/armv7-m\libg_s.a(lib_a-lseekr.o)
 .debug_frame   0x000023b4       0x28 c:/program files (x86)/cypress/psoc creator/3.2/psoc creator/import/gnu/arm/4.8.4/bin/../lib/gcc/arm-none-eabi/4.8.4/../../../../arm-none-eabi/lib/armv7-m\libg_s.a(lib_a-memchr-stub.o)
 .debug_frame   0x000023dc       0x2c c:/program files (x86)/cypress/psoc creator/3.2/psoc creator/import/gnu/arm/4.8.4/bin/../lib/gcc/arm-none-eabi/4.8.4/../../../../arm-none-eabi/lib/armv7-m\libg_s.a(lib_a-memmove.o)
 .debug_frame   0x00002408       0x30 c:/program files (x86)/cypress/psoc creator/3.2/psoc creator/import/gnu/arm/4.8.4/bin/../lib/gcc/arm-none-eabi/4.8.4/../../../../arm-none-eabi/lib/armv7-m\libg_s.a(lib_a-nano-reallocr.o)
 .debug_frame   0x00002438       0x2c c:/program files (x86)/cypress/psoc creator/3.2/psoc creator/import/gnu/arm/4.8.4/bin/../lib/gcc/arm-none-eabi/4.8.4/../../../../arm-none-eabi/lib/armv7-m\libg_s.a(lib_a-readr.o)
 .debug_frame   0x00002464       0x20 c:/program files (x86)/cypress/psoc creator/3.2/psoc creator/import/gnu/arm/4.8.4/bin/../lib/gcc/arm-none-eabi/4.8.4/../../../../arm-none-eabi/lib/armv7-m\libg_s.a(lib_a-nano-msizer.o)
 .debug_frame   0x00002484       0x20 c:/program files (x86)/cypress/psoc creator/3.2/psoc creator/import/gnu/arm/4.8.4/bin/../lib/gcc/arm-none-eabi/4.8.4/../../../../arm-none-eabi/lib/armv7-m\libnosys.a(close.o)
 .debug_frame   0x000024a4       0x20 c:/program files (x86)/cypress/psoc creator/3.2/psoc creator/import/gnu/arm/4.8.4/bin/../lib/gcc/arm-none-eabi/4.8.4/../../../../arm-none-eabi/lib/armv7-m\libnosys.a(fstat.o)
 .debug_frame   0x000024c4       0x20 c:/program files (x86)/cypress/psoc creator/3.2/psoc creator/import/gnu/arm/4.8.4/bin/../lib/gcc/arm-none-eabi/4.8.4/../../../../arm-none-eabi/lib/armv7-m\libnosys.a(isatty.o)
 .debug_frame   0x000024e4       0x20 c:/program files (x86)/cypress/psoc creator/3.2/psoc creator/import/gnu/arm/4.8.4/bin/../lib/gcc/arm-none-eabi/4.8.4/../../../../arm-none-eabi/lib/armv7-m\libnosys.a(lseek.o)
 .debug_frame   0x00002504       0x20 c:/program files (x86)/cypress/psoc creator/3.2/psoc creator/import/gnu/arm/4.8.4/bin/../lib/gcc/arm-none-eabi/4.8.4/../../../../arm-none-eabi/lib/armv7-m\libnosys.a(open.o)
 .debug_frame   0x00002524       0x20 c:/program files (x86)/cypress/psoc creator/3.2/psoc creator/import/gnu/arm/4.8.4/bin/../lib/gcc/arm-none-eabi/4.8.4/../../../../arm-none-eabi/lib/armv7-m\libnosys.a(read.o)
 .debug_frame   0x00002544       0x20 c:/program files (x86)/cypress/psoc creator/3.2/psoc creator/import/gnu/arm/4.8.4/bin/../lib/gcc/arm-none-eabi/4.8.4/../../../../arm-none-eabi/lib/armv7-m\libnosys.a(write.o)

.debug_str      0x00000000     0x27ab
 *(.debug_str)
 .debug_str     0x00000000      0x689 .\CortexM3\ARM_GCC_484\Debug\main.o
                                0x714 (size before relaxing)
 .debug_str     0x00000689      0x128 .\CortexM3\ARM_GCC_484\Debug\WAV.o
                                0x657 (size before relaxing)
 .debug_str     0x000007b1       0x77 .\CortexM3\ARM_GCC_484\Debug\cymetadata.o
                                0x1e6 (size before relaxing)
 .debug_str     0x00000828      0x14d .\CortexM3\ARM_GCC_484\Debug\Cm3Start.o
                                0x2fa (size before relaxing)
 .debug_str     0x00000975      0x149 .\CortexM3\ARM_GCC_484\Debug\Hummingbird Test.a(cyfitter_cfg.o)
                                0x2ff (size before relaxing)
 .debug_str     0x00000abe      0x829 .\CortexM3\ARM_GCC_484\Debug\Hummingbird Test.a(CyLib.o)
                                0xa1f (size before relaxing)
 .debug_str     0x000012e7      0x35b .\CortexM3\ARM_GCC_484\Debug\Hummingbird Test.a(cyPm.o)
                                0x717 (size before relaxing)
 .debug_str     0x00001642      0x237 .\CortexM3\ARM_GCC_484\Debug\Hummingbird Test.a(ADC_SAR_1.o)
                                0x4c4 (size before relaxing)
 .debug_str     0x00001879       0x37 .\CortexM3\ARM_GCC_484\Debug\Hummingbird Test.a(ADC_SAR_1_INT.o)
                                0x197 (size before relaxing)
 .debug_str     0x000018b0      0x1ba .\CortexM3\ARM_GCC_484\Debug\Hummingbird Test.a(ADC_SAR_1_theACLK.o)
                                0x362 (size before relaxing)
 .debug_str     0x00001a6a      0x137 .\CortexM3\ARM_GCC_484\Debug\Hummingbird Test.a(LCD.o)
                                0x31b (size before relaxing)
 .debug_str     0x00001ba1      0x19e .\CortexM3\ARM_GCC_484\Debug\Hummingbird Test.a(Timer_1.o)
                                0x35a (size before relaxing)
 .debug_str     0x00001d3f       0xc7 .\CortexM3\ARM_GCC_484\Debug\Hummingbird Test.a(isr_1.o)
                                0x296 (size before relaxing)
 .debug_str     0x00001e06      0x19e .\CortexM3\ARM_GCC_484\Debug\Hummingbird Test.a(CyFlash.o)
                                0x391 (size before relaxing)
 .debug_str     0x00001fa4       0xae .\CortexM3\ARM_GCC_484\Debug\Hummingbird Test.a(CySpc.o)
                                0x31a (size before relaxing)
 .debug_str     0x00002052       0x30 .\CortexM3\ARM_GCC_484\Debug\Hummingbird Test.a(cyutils.o)
                                0x1ae (size before relaxing)
 .debug_str     0x00002082      0x108 .\CortexM3\ARM_GCC_484\Debug\Hummingbird Test.a(SDCard_ConfigMMC_SPI.o)
                                0x271 (size before relaxing)
 .debug_str     0x0000218a      0x208 .\CortexM3\ARM_GCC_484\Debug\Hummingbird Test.a(SDCard_MMC_HW_SPI.o)
                                0x3ae (size before relaxing)
 .debug_str     0x00002392      0x277 .\CortexM3\ARM_GCC_484\Debug\Hummingbird Test.a(SDCard_SPI0.o)
                                0x499 (size before relaxing)
 .debug_str     0x00002609      0x122 .\CortexM3\ARM_GCC_484\Debug\Hummingbird Test.a(SDCard_Clock_1.o)
                                0x33e (size before relaxing)
 .debug_str     0x0000272b       0x80 .\CortexM3\ARM_GCC_484\Debug\Hummingbird Test.a(SDCard_SPI0_CS.o)
                                0x20b (size before relaxing)

.debug_loc      0x00000000     0x2a98
 *(.debug_loc)
 .debug_loc     0x00000000       0xed .\CortexM3\ARM_GCC_484\Debug\main.o
 .debug_loc     0x000000ed      0x101 .\CortexM3\ARM_GCC_484\Debug\WAV.o
 .debug_loc     0x000001ee      0x14f .\CortexM3\ARM_GCC_484\Debug\Cm3Start.o
 .debug_loc     0x0000033d      0x208 .\CortexM3\ARM_GCC_484\Debug\Hummingbird Test.a(cyfitter_cfg.o)
 .debug_loc     0x00000545      0xa53 .\CortexM3\ARM_GCC_484\Debug\Hummingbird Test.a(CyLib.o)
 .debug_loc     0x00000f98      0x22a .\CortexM3\ARM_GCC_484\Debug\Hummingbird Test.a(cyPm.o)
 .debug_loc     0x000011c2      0x2df .\CortexM3\ARM_GCC_484\Debug\Hummingbird Test.a(ADC_SAR_1.o)
 .debug_loc     0x000014a1      0x15c .\CortexM3\ARM_GCC_484\Debug\Hummingbird Test.a(ADC_SAR_1_theACLK.o)
 .debug_loc     0x000015fd      0x3f5 .\CortexM3\ARM_GCC_484\Debug\Hummingbird Test.a(LCD.o)