ARM GAS  C:\Users\mgronber\AppData\Local\Temp\ccAbRq9a.s 			page 1


   1              		.syntax unified
   2              		.cpu cortex-m3
   3              		.fpu softvfp
   4              		.eabi_attribute 20, 1
   5              		.eabi_attribute 21, 1
   6              		.eabi_attribute 23, 3
   7              		.eabi_attribute 24, 1
   8              		.eabi_attribute 25, 1
   9              		.eabi_attribute 26, 1
  10              		.eabi_attribute 30, 2
  11              		.eabi_attribute 34, 1
  12              		.eabi_attribute 18, 4
  13              		.thumb
  14              		.file	"ADC_MIC_PM.c"
  15              		.text
  16              	.Ltext0:
  17              		.cfi_sections	.debug_frame
  18              		.section	.text.ADC_MIC_SaveConfig,"ax",%progbits
  19              		.align	2
  20              		.global	ADC_MIC_SaveConfig
  21              		.thumb
  22              		.thumb_func
  23              		.type	ADC_MIC_SaveConfig, %function
  24              	ADC_MIC_SaveConfig:
  25              	.LFB0:
  26              		.file 1 "Generated_Source\\PSoC5\\ADC_MIC_PM.c"
   1:Generated_Source\PSoC5/ADC_MIC_PM.c **** /*******************************************************************************
   2:Generated_Source\PSoC5/ADC_MIC_PM.c **** * File Name: ADC_MIC_PM.c
   3:Generated_Source\PSoC5/ADC_MIC_PM.c **** * Version 3.0
   4:Generated_Source\PSoC5/ADC_MIC_PM.c **** *
   5:Generated_Source\PSoC5/ADC_MIC_PM.c **** * Description:
   6:Generated_Source\PSoC5/ADC_MIC_PM.c **** *  This file provides Sleep/WakeUp APIs functionality.
   7:Generated_Source\PSoC5/ADC_MIC_PM.c **** *
   8:Generated_Source\PSoC5/ADC_MIC_PM.c **** * Note:
   9:Generated_Source\PSoC5/ADC_MIC_PM.c **** *
  10:Generated_Source\PSoC5/ADC_MIC_PM.c **** ********************************************************************************
  11:Generated_Source\PSoC5/ADC_MIC_PM.c **** * Copyright 2008-2015, Cypress Semiconductor Corporation.  All rights reserved.
  12:Generated_Source\PSoC5/ADC_MIC_PM.c **** * You may use this file only in accordance with the license, terms, conditions,
  13:Generated_Source\PSoC5/ADC_MIC_PM.c **** * disclaimers, and limitations in the end user license agreement accompanying
  14:Generated_Source\PSoC5/ADC_MIC_PM.c **** * the software package with which this file was provided.
  15:Generated_Source\PSoC5/ADC_MIC_PM.c **** *******************************************************************************/
  16:Generated_Source\PSoC5/ADC_MIC_PM.c **** 
  17:Generated_Source\PSoC5/ADC_MIC_PM.c **** #include "ADC_MIC.h"
  18:Generated_Source\PSoC5/ADC_MIC_PM.c **** 
  19:Generated_Source\PSoC5/ADC_MIC_PM.c **** 
  20:Generated_Source\PSoC5/ADC_MIC_PM.c **** /***************************************
  21:Generated_Source\PSoC5/ADC_MIC_PM.c **** * Local data allocation
  22:Generated_Source\PSoC5/ADC_MIC_PM.c **** ***************************************/
  23:Generated_Source\PSoC5/ADC_MIC_PM.c **** 
  24:Generated_Source\PSoC5/ADC_MIC_PM.c **** static ADC_MIC_BACKUP_STRUCT  ADC_MIC_backup =
  25:Generated_Source\PSoC5/ADC_MIC_PM.c **** {
  26:Generated_Source\PSoC5/ADC_MIC_PM.c ****     ADC_MIC_DISABLED
  27:Generated_Source\PSoC5/ADC_MIC_PM.c **** };
  28:Generated_Source\PSoC5/ADC_MIC_PM.c **** 
  29:Generated_Source\PSoC5/ADC_MIC_PM.c **** 
  30:Generated_Source\PSoC5/ADC_MIC_PM.c **** /*******************************************************************************
  31:Generated_Source\PSoC5/ADC_MIC_PM.c **** * Function Name: ADC_MIC_SaveConfig
ARM GAS  C:\Users\mgronber\AppData\Local\Temp\ccAbRq9a.s 			page 2


  32:Generated_Source\PSoC5/ADC_MIC_PM.c **** ********************************************************************************
  33:Generated_Source\PSoC5/ADC_MIC_PM.c **** *
  34:Generated_Source\PSoC5/ADC_MIC_PM.c **** * Summary:
  35:Generated_Source\PSoC5/ADC_MIC_PM.c **** *  Saves the current user configuration.
  36:Generated_Source\PSoC5/ADC_MIC_PM.c **** *
  37:Generated_Source\PSoC5/ADC_MIC_PM.c **** * Parameters:
  38:Generated_Source\PSoC5/ADC_MIC_PM.c **** *  None.
  39:Generated_Source\PSoC5/ADC_MIC_PM.c **** *
  40:Generated_Source\PSoC5/ADC_MIC_PM.c **** * Return:
  41:Generated_Source\PSoC5/ADC_MIC_PM.c **** *  None.
  42:Generated_Source\PSoC5/ADC_MIC_PM.c **** *
  43:Generated_Source\PSoC5/ADC_MIC_PM.c **** *******************************************************************************/
  44:Generated_Source\PSoC5/ADC_MIC_PM.c **** void ADC_MIC_SaveConfig(void)
  45:Generated_Source\PSoC5/ADC_MIC_PM.c **** {
  27              		.loc 1 45 0
  28              		.cfi_startproc
  29              		@ args = 0, pretend = 0, frame = 0
  30              		@ frame_needed = 0, uses_anonymous_args = 0
  31              		@ link register save eliminated.
  32 0000 7047     		bx	lr
  33              		.cfi_endproc
  34              	.LFE0:
  35              		.size	ADC_MIC_SaveConfig, .-ADC_MIC_SaveConfig
  36 0002 00BF     		.section	.text.ADC_MIC_RestoreConfig,"ax",%progbits
  37              		.align	2
  38              		.global	ADC_MIC_RestoreConfig
  39              		.thumb
  40              		.thumb_func
  41              		.type	ADC_MIC_RestoreConfig, %function
  42              	ADC_MIC_RestoreConfig:
  43              	.LFB1:
  46:Generated_Source\PSoC5/ADC_MIC_PM.c ****     /* All configuration registers are marked as [reset_all_retention] */
  47:Generated_Source\PSoC5/ADC_MIC_PM.c **** }
  48:Generated_Source\PSoC5/ADC_MIC_PM.c **** 
  49:Generated_Source\PSoC5/ADC_MIC_PM.c **** 
  50:Generated_Source\PSoC5/ADC_MIC_PM.c **** /*******************************************************************************
  51:Generated_Source\PSoC5/ADC_MIC_PM.c **** * Function Name: ADC_MIC_RestoreConfig
  52:Generated_Source\PSoC5/ADC_MIC_PM.c **** ********************************************************************************
  53:Generated_Source\PSoC5/ADC_MIC_PM.c **** *
  54:Generated_Source\PSoC5/ADC_MIC_PM.c **** * Summary:
  55:Generated_Source\PSoC5/ADC_MIC_PM.c **** *  Restores the current user configuration.
  56:Generated_Source\PSoC5/ADC_MIC_PM.c **** *
  57:Generated_Source\PSoC5/ADC_MIC_PM.c **** * Parameters:
  58:Generated_Source\PSoC5/ADC_MIC_PM.c **** *  None.
  59:Generated_Source\PSoC5/ADC_MIC_PM.c **** *
  60:Generated_Source\PSoC5/ADC_MIC_PM.c **** * Return:
  61:Generated_Source\PSoC5/ADC_MIC_PM.c **** *  None.
  62:Generated_Source\PSoC5/ADC_MIC_PM.c **** *
  63:Generated_Source\PSoC5/ADC_MIC_PM.c **** *******************************************************************************/
  64:Generated_Source\PSoC5/ADC_MIC_PM.c **** void ADC_MIC_RestoreConfig(void)
  65:Generated_Source\PSoC5/ADC_MIC_PM.c **** {
  44              		.loc 1 65 0
  45              		.cfi_startproc
  46              		@ args = 0, pretend = 0, frame = 0
  47              		@ frame_needed = 0, uses_anonymous_args = 0
  48              		@ link register save eliminated.
  49 0000 7047     		bx	lr
ARM GAS  C:\Users\mgronber\AppData\Local\Temp\ccAbRq9a.s 			page 3


  50              		.cfi_endproc
  51              	.LFE1:
  52              		.size	ADC_MIC_RestoreConfig, .-ADC_MIC_RestoreConfig
  53 0002 00BF     		.section	.text.ADC_MIC_Sleep,"ax",%progbits
  54              		.align	2
  55              		.global	ADC_MIC_Sleep
  56              		.thumb
  57              		.thumb_func
  58              		.type	ADC_MIC_Sleep, %function
  59              	ADC_MIC_Sleep:
  60              	.LFB2:
  66:Generated_Source\PSoC5/ADC_MIC_PM.c ****     /* All congiguration registers are marked as [reset_all_retention] */
  67:Generated_Source\PSoC5/ADC_MIC_PM.c **** }
  68:Generated_Source\PSoC5/ADC_MIC_PM.c **** 
  69:Generated_Source\PSoC5/ADC_MIC_PM.c **** 
  70:Generated_Source\PSoC5/ADC_MIC_PM.c **** /*******************************************************************************
  71:Generated_Source\PSoC5/ADC_MIC_PM.c **** * Function Name: ADC_MIC_Sleep
  72:Generated_Source\PSoC5/ADC_MIC_PM.c **** ********************************************************************************
  73:Generated_Source\PSoC5/ADC_MIC_PM.c **** *
  74:Generated_Source\PSoC5/ADC_MIC_PM.c **** * Summary:
  75:Generated_Source\PSoC5/ADC_MIC_PM.c **** *  This is the preferred routine to prepare the component for sleep.
  76:Generated_Source\PSoC5/ADC_MIC_PM.c **** *  The ADC_MIC_Sleep() routine saves the current component state,
  77:Generated_Source\PSoC5/ADC_MIC_PM.c **** *  then it calls the ADC_Stop() function.
  78:Generated_Source\PSoC5/ADC_MIC_PM.c **** *
  79:Generated_Source\PSoC5/ADC_MIC_PM.c **** * Parameters:
  80:Generated_Source\PSoC5/ADC_MIC_PM.c **** *  None.
  81:Generated_Source\PSoC5/ADC_MIC_PM.c **** *
  82:Generated_Source\PSoC5/ADC_MIC_PM.c **** * Return:
  83:Generated_Source\PSoC5/ADC_MIC_PM.c **** *  None.
  84:Generated_Source\PSoC5/ADC_MIC_PM.c **** *
  85:Generated_Source\PSoC5/ADC_MIC_PM.c **** * Global Variables:
  86:Generated_Source\PSoC5/ADC_MIC_PM.c **** *  ADC_MIC_backup - The structure field 'enableState' is modified
  87:Generated_Source\PSoC5/ADC_MIC_PM.c **** *  depending on the enable state of the block before entering to sleep mode.
  88:Generated_Source\PSoC5/ADC_MIC_PM.c **** *
  89:Generated_Source\PSoC5/ADC_MIC_PM.c **** *******************************************************************************/
  90:Generated_Source\PSoC5/ADC_MIC_PM.c **** void ADC_MIC_Sleep(void)
  91:Generated_Source\PSoC5/ADC_MIC_PM.c **** {
  61              		.loc 1 91 0
  62              		.cfi_startproc
  63              		@ args = 0, pretend = 0, frame = 0
  64              		@ frame_needed = 0, uses_anonymous_args = 0
  65              		@ link register save eliminated.
  92:Generated_Source\PSoC5/ADC_MIC_PM.c ****     if((ADC_MIC_PWRMGR_SAR_REG  & ADC_MIC_ACT_PWR_SAR_EN) != 0u)
  66              		.loc 1 92 0
  67 0000 0A4B     		ldr	r3, .L8
  68 0002 1B78     		ldrb	r3, [r3]	@ zero_extendqisi2
  69 0004 03F00203 		and	r3, r3, #2
  70 0008 03F0FF02 		and	r2, r3, #255
  71 000c 53B1     		cbz	r3, .L4
  93:Generated_Source\PSoC5/ADC_MIC_PM.c ****     {
  94:Generated_Source\PSoC5/ADC_MIC_PM.c ****         if((ADC_MIC_SAR_CSR0_REG & ADC_MIC_SAR_SOF_START_CONV) != 0u)
  72              		.loc 1 94 0
  73 000e 084B     		ldr	r3, .L8+4
  74 0010 1B78     		ldrb	r3, [r3]	@ zero_extendqisi2
  75 0012 13F0010F 		tst	r3, #1
  95:Generated_Source\PSoC5/ADC_MIC_PM.c ****         {
  96:Generated_Source\PSoC5/ADC_MIC_PM.c ****             ADC_MIC_backup.enableState = ADC_MIC_ENABLED | ADC_MIC_STARTED;
ARM GAS  C:\Users\mgronber\AppData\Local\Temp\ccAbRq9a.s 			page 4


  76              		.loc 1 96 0
  77 0016 074B     		ldr	r3, .L8+8
  78 0018 14BF     		ite	ne
  79 001a 0322     		movne	r2, #3
  97:Generated_Source\PSoC5/ADC_MIC_PM.c ****         }
  98:Generated_Source\PSoC5/ADC_MIC_PM.c ****         else
  99:Generated_Source\PSoC5/ADC_MIC_PM.c ****         {
 100:Generated_Source\PSoC5/ADC_MIC_PM.c ****             ADC_MIC_backup.enableState = ADC_MIC_ENABLED;
  80              		.loc 1 100 0
  81 001c 0122     		moveq	r2, #1
  82 001e 1A70     		strb	r2, [r3]
 101:Generated_Source\PSoC5/ADC_MIC_PM.c ****         }
 102:Generated_Source\PSoC5/ADC_MIC_PM.c ****         ADC_MIC_Stop();
  83              		.loc 1 102 0
  84 0020 FFF7FEBF 		b	ADC_MIC_Stop
  85              	.LVL0:
  86              	.L4:
 103:Generated_Source\PSoC5/ADC_MIC_PM.c ****     }
 104:Generated_Source\PSoC5/ADC_MIC_PM.c ****     else
 105:Generated_Source\PSoC5/ADC_MIC_PM.c ****     {
 106:Generated_Source\PSoC5/ADC_MIC_PM.c ****         ADC_MIC_backup.enableState = ADC_MIC_DISABLED;
  87              		.loc 1 106 0
  88 0024 034B     		ldr	r3, .L8+8
  89 0026 1A70     		strb	r2, [r3]
  90 0028 7047     		bx	lr
  91              	.L9:
  92 002a 00BF     		.align	2
  93              	.L8:
  94 002c AB430040 		.word	1073759147
  95 0030 08590040 		.word	1073764616
  96 0034 00000000 		.word	.LANCHOR0
  97              		.cfi_endproc
  98              	.LFE2:
  99              		.size	ADC_MIC_Sleep, .-ADC_MIC_Sleep
 100              		.section	.text.ADC_MIC_Wakeup,"ax",%progbits
 101              		.align	2
 102              		.global	ADC_MIC_Wakeup
 103              		.thumb
 104              		.thumb_func
 105              		.type	ADC_MIC_Wakeup, %function
 106              	ADC_MIC_Wakeup:
 107              	.LFB3:
 107:Generated_Source\PSoC5/ADC_MIC_PM.c ****     }
 108:Generated_Source\PSoC5/ADC_MIC_PM.c **** }
 109:Generated_Source\PSoC5/ADC_MIC_PM.c **** 
 110:Generated_Source\PSoC5/ADC_MIC_PM.c **** 
 111:Generated_Source\PSoC5/ADC_MIC_PM.c **** /*******************************************************************************
 112:Generated_Source\PSoC5/ADC_MIC_PM.c **** * Function Name: ADC_MIC_Wakeup
 113:Generated_Source\PSoC5/ADC_MIC_PM.c **** ********************************************************************************
 114:Generated_Source\PSoC5/ADC_MIC_PM.c **** *
 115:Generated_Source\PSoC5/ADC_MIC_PM.c **** * Summary:
 116:Generated_Source\PSoC5/ADC_MIC_PM.c **** *  This is the preferred routine to restore the component to the state when
 117:Generated_Source\PSoC5/ADC_MIC_PM.c **** *  ADC_MIC_Sleep() was called. If the component was enabled before the
 118:Generated_Source\PSoC5/ADC_MIC_PM.c **** *  ADC_MIC_Sleep() function was called, the
 119:Generated_Source\PSoC5/ADC_MIC_PM.c **** *  ADC_MIC_Wakeup() function also re-enables the component.
 120:Generated_Source\PSoC5/ADC_MIC_PM.c **** *
 121:Generated_Source\PSoC5/ADC_MIC_PM.c **** * Parameters:
ARM GAS  C:\Users\mgronber\AppData\Local\Temp\ccAbRq9a.s 			page 5


 122:Generated_Source\PSoC5/ADC_MIC_PM.c **** *  None.
 123:Generated_Source\PSoC5/ADC_MIC_PM.c **** *
 124:Generated_Source\PSoC5/ADC_MIC_PM.c **** * Return:
 125:Generated_Source\PSoC5/ADC_MIC_PM.c **** *  None.
 126:Generated_Source\PSoC5/ADC_MIC_PM.c **** *
 127:Generated_Source\PSoC5/ADC_MIC_PM.c **** * Global Variables:
 128:Generated_Source\PSoC5/ADC_MIC_PM.c **** *  ADC_MIC_backup - The structure field 'enableState' is used to
 129:Generated_Source\PSoC5/ADC_MIC_PM.c **** *  restore the enable state of block after wakeup from sleep mode.
 130:Generated_Source\PSoC5/ADC_MIC_PM.c **** *
 131:Generated_Source\PSoC5/ADC_MIC_PM.c **** *******************************************************************************/
 132:Generated_Source\PSoC5/ADC_MIC_PM.c **** void ADC_MIC_Wakeup(void)
 133:Generated_Source\PSoC5/ADC_MIC_PM.c **** {
 108              		.loc 1 133 0
 109              		.cfi_startproc
 110              		@ args = 0, pretend = 0, frame = 0
 111              		@ frame_needed = 0, uses_anonymous_args = 0
 112 0000 10B5     		push	{r4, lr}
 113              		.cfi_def_cfa_offset 8
 114              		.cfi_offset 4, -8
 115              		.cfi_offset 14, -4
 134:Generated_Source\PSoC5/ADC_MIC_PM.c ****     if(ADC_MIC_backup.enableState != ADC_MIC_DISABLED)
 116              		.loc 1 134 0
 117 0002 064C     		ldr	r4, .L19
 118 0004 2378     		ldrb	r3, [r4]	@ zero_extendqisi2
 119 0006 03B9     		cbnz	r3, .L18
 120              	.L10:
 121 0008 10BD     		pop	{r4, pc}
 122              	.L18:
 135:Generated_Source\PSoC5/ADC_MIC_PM.c ****     {
 136:Generated_Source\PSoC5/ADC_MIC_PM.c ****         ADC_MIC_Enable();
 123              		.loc 1 136 0
 124 000a FFF7FEFF 		bl	ADC_MIC_Enable
 125              	.LVL1:
 137:Generated_Source\PSoC5/ADC_MIC_PM.c ****         #if(ADC_MIC_DEFAULT_CONV_MODE != ADC_MIC__HARDWARE_TRIGGER)
 138:Generated_Source\PSoC5/ADC_MIC_PM.c ****             if((ADC_MIC_backup.enableState & ADC_MIC_STARTED) != 0u)
 126              		.loc 1 138 0
 127 000e 2378     		ldrb	r3, [r4]	@ zero_extendqisi2
 128 0010 9B07     		lsls	r3, r3, #30
 129 0012 F9D5     		bpl	.L10
 139:Generated_Source\PSoC5/ADC_MIC_PM.c ****             {
 140:Generated_Source\PSoC5/ADC_MIC_PM.c ****                 ADC_MIC_StartConvert();
 141:Generated_Source\PSoC5/ADC_MIC_PM.c ****             }
 142:Generated_Source\PSoC5/ADC_MIC_PM.c ****         #endif /* End ADC_MIC_DEFAULT_CONV_MODE != ADC_MIC__HARDWARE_TRIGGER */
 143:Generated_Source\PSoC5/ADC_MIC_PM.c ****     }
 144:Generated_Source\PSoC5/ADC_MIC_PM.c **** }
 130              		.loc 1 144 0
 131 0014 BDE81040 		pop	{r4, lr}
 132              		.cfi_restore 14
 133              		.cfi_restore 4
 134              		.cfi_def_cfa_offset 0
 140:Generated_Source\PSoC5/ADC_MIC_PM.c ****             }
 135              		.loc 1 140 0
 136 0018 FFF7FEBF 		b	ADC_MIC_StartConvert
 137              	.LVL2:
 138              	.L20:
 139              		.align	2
 140              	.L19:
ARM GAS  C:\Users\mgronber\AppData\Local\Temp\ccAbRq9a.s 			page 6


 141 001c 00000000 		.word	.LANCHOR0
 142              		.cfi_endproc
 143              	.LFE3:
 144              		.size	ADC_MIC_Wakeup, .-ADC_MIC_Wakeup
 145              		.bss
 146              		.align	2
 147              		.set	.LANCHOR0,. + 0
 148              		.type	ADC_MIC_backup, %object
 149              		.size	ADC_MIC_backup, 1
 150              	ADC_MIC_backup:
 151 0000 00       		.space	1
 152 0001 000000   		.text
 153              	.Letext0:
 154              		.file 2 "Generated_Source\\PSoC5\\cytypes.h"
 155              		.file 3 "Generated_Source\\PSoC5\\ADC_MIC.h"
 156              		.section	.debug_info,"",%progbits
 157              	.Ldebug_info0:
 158 0000 47010000 		.4byte	0x147
 159 0004 0400     		.2byte	0x4
 160 0006 00000000 		.4byte	.Ldebug_abbrev0
 161 000a 04       		.byte	0x4
 162 000b 01       		.uleb128 0x1
 163 000c 91000000 		.4byte	.LASF22
 164 0010 01       		.byte	0x1
 165 0011 5D010000 		.4byte	.LASF23
 166 0015 46000000 		.4byte	.LASF24
 167 0019 00000000 		.4byte	.Ldebug_ranges0+0
 168 001d 00000000 		.4byte	0
 169 0021 00000000 		.4byte	.Ldebug_line0
 170 0025 02       		.uleb128 0x2
 171 0026 01       		.byte	0x1
 172 0027 06       		.byte	0x6
 173 0028 0F020000 		.4byte	.LASF0
 174 002c 02       		.uleb128 0x2
 175 002d 01       		.byte	0x1
 176 002e 08       		.byte	0x8
 177 002f 25010000 		.4byte	.LASF1
 178 0033 02       		.uleb128 0x2
 179 0034 02       		.byte	0x2
 180 0035 05       		.byte	0x5
 181 0036 CE010000 		.4byte	.LASF2
 182 003a 02       		.uleb128 0x2
 183 003b 02       		.byte	0x2
 184 003c 07       		.byte	0x7
 185 003d 4A010000 		.4byte	.LASF3
 186 0041 02       		.uleb128 0x2
 187 0042 04       		.byte	0x4
 188 0043 05       		.byte	0x5
 189 0044 EB010000 		.4byte	.LASF4
 190 0048 02       		.uleb128 0x2
 191 0049 04       		.byte	0x4
 192 004a 07       		.byte	0x7
 193 004b 38010000 		.4byte	.LASF5
 194 004f 02       		.uleb128 0x2
 195 0050 08       		.byte	0x8
 196 0051 05       		.byte	0x5
 197 0052 BB010000 		.4byte	.LASF6
ARM GAS  C:\Users\mgronber\AppData\Local\Temp\ccAbRq9a.s 			page 7


 198 0056 02       		.uleb128 0x2
 199 0057 08       		.byte	0x8
 200 0058 07       		.byte	0x7
 201 0059 A4010000 		.4byte	.LASF7
 202 005d 03       		.uleb128 0x3
 203 005e 04       		.byte	0x4
 204 005f 05       		.byte	0x5
 205 0060 696E7400 		.ascii	"int\000"
 206 0064 02       		.uleb128 0x2
 207 0065 04       		.byte	0x4
 208 0066 07       		.byte	0x7
 209 0067 97010000 		.4byte	.LASF8
 210 006b 04       		.uleb128 0x4
 211 006c E5010000 		.4byte	.LASF12
 212 0070 02       		.byte	0x2
 213 0071 5B       		.byte	0x5b
 214 0072 2C000000 		.4byte	0x2c
 215 0076 02       		.uleb128 0x2
 216 0077 04       		.byte	0x4
 217 0078 04       		.byte	0x4
 218 0079 1F010000 		.4byte	.LASF9
 219 007d 02       		.uleb128 0x2
 220 007e 08       		.byte	0x8
 221 007f 04       		.byte	0x4
 222 0080 81010000 		.4byte	.LASF10
 223 0084 02       		.uleb128 0x2
 224 0085 01       		.byte	0x1
 225 0086 08       		.byte	0x8
 226 0087 C9010000 		.4byte	.LASF11
 227 008b 04       		.uleb128 0x4
 228 008c 33010000 		.4byte	.LASF13
 229 0090 02       		.byte	0x2
 230 0091 F0       		.byte	0xf0
 231 0092 96000000 		.4byte	0x96
 232 0096 05       		.uleb128 0x5
 233 0097 6B000000 		.4byte	0x6b
 234 009b 06       		.uleb128 0x6
 235 009c 01       		.byte	0x1
 236 009d 03       		.byte	0x3
 237 009e 2A       		.byte	0x2a
 238 009f B0000000 		.4byte	0xb0
 239 00a3 07       		.uleb128 0x7
 240 00a4 F4010000 		.4byte	.LASF25
 241 00a8 03       		.byte	0x3
 242 00a9 2C       		.byte	0x2c
 243 00aa 6B000000 		.4byte	0x6b
 244 00ae 00       		.byte	0
 245 00af 00       		.byte	0
 246 00b0 04       		.uleb128 0x4
 247 00b1 1B020000 		.4byte	.LASF14
 248 00b5 03       		.byte	0x3
 249 00b6 2D       		.byte	0x2d
 250 00b7 9B000000 		.4byte	0x9b
 251 00bb 08       		.uleb128 0x8
 252 00bc 16000000 		.4byte	.LASF15
 253 00c0 01       		.byte	0x1
 254 00c1 2C       		.byte	0x2c
ARM GAS  C:\Users\mgronber\AppData\Local\Temp\ccAbRq9a.s 			page 8


 255 00c2 00000000 		.4byte	.LFB0
 256 00c6 02000000 		.4byte	.LFE0-.LFB0
 257 00ca 01       		.uleb128 0x1
 258 00cb 9C       		.byte	0x9c
 259 00cc 08       		.uleb128 0x8
 260 00cd 00000000 		.4byte	.LASF16
 261 00d1 01       		.byte	0x1
 262 00d2 40       		.byte	0x40
 263 00d3 00000000 		.4byte	.LFB1
 264 00d7 02000000 		.4byte	.LFE1-.LFB1
 265 00db 01       		.uleb128 0x1
 266 00dc 9C       		.byte	0x9c
 267 00dd 09       		.uleb128 0x9
 268 00de 38000000 		.4byte	.LASF17
 269 00e2 01       		.byte	0x1
 270 00e3 5A       		.byte	0x5a
 271 00e4 00000000 		.4byte	.LFB2
 272 00e8 38000000 		.4byte	.LFE2-.LFB2
 273 00ec 01       		.uleb128 0x1
 274 00ed 9C       		.byte	0x9c
 275 00ee FC000000 		.4byte	0xfc
 276 00f2 0A       		.uleb128 0xa
 277 00f3 24000000 		.4byte	.LVL0
 278 00f7 35010000 		.4byte	0x135
 279 00fb 00       		.byte	0
 280 00fc 09       		.uleb128 0x9
 281 00fd 29000000 		.4byte	.LASF18
 282 0101 01       		.byte	0x1
 283 0102 84       		.byte	0x84
 284 0103 00000000 		.4byte	.LFB3
 285 0107 20000000 		.4byte	.LFE3-.LFB3
 286 010b 01       		.uleb128 0x1
 287 010c 9C       		.byte	0x9c
 288 010d 24010000 		.4byte	0x124
 289 0111 0B       		.uleb128 0xb
 290 0112 0E000000 		.4byte	.LVL1
 291 0116 3C010000 		.4byte	0x13c
 292 011a 0A       		.uleb128 0xa
 293 011b 1C000000 		.4byte	.LVL2
 294 011f 43010000 		.4byte	0x143
 295 0123 00       		.byte	0
 296 0124 0C       		.uleb128 0xc
 297 0125 00020000 		.4byte	.LASF26
 298 0129 01       		.byte	0x1
 299 012a 18       		.byte	0x18
 300 012b B0000000 		.4byte	0xb0
 301 012f 05       		.uleb128 0x5
 302 0130 03       		.byte	0x3
 303 0131 00000000 		.4byte	ADC_MIC_backup
 304 0135 0D       		.uleb128 0xd
 305 0136 D8010000 		.4byte	.LASF19
 306 013a 03       		.byte	0x3
 307 013b 35       		.byte	0x35
 308 013c 0D       		.uleb128 0xd
 309 013d 88010000 		.4byte	.LASF20
 310 0141 03       		.byte	0x3
 311 0142 44       		.byte	0x44
ARM GAS  C:\Users\mgronber\AppData\Local\Temp\ccAbRq9a.s 			page 9


 312 0143 0D       		.uleb128 0xd
 313 0144 31020000 		.4byte	.LASF21
 314 0148 03       		.byte	0x3
 315 0149 D1       		.byte	0xd1
 316 014a 00       		.byte	0
 317              		.section	.debug_abbrev,"",%progbits
 318              	.Ldebug_abbrev0:
 319 0000 01       		.uleb128 0x1
 320 0001 11       		.uleb128 0x11
 321 0002 01       		.byte	0x1
 322 0003 25       		.uleb128 0x25
 323 0004 0E       		.uleb128 0xe
 324 0005 13       		.uleb128 0x13
 325 0006 0B       		.uleb128 0xb
 326 0007 03       		.uleb128 0x3
 327 0008 0E       		.uleb128 0xe
 328 0009 1B       		.uleb128 0x1b
 329 000a 0E       		.uleb128 0xe
 330 000b 55       		.uleb128 0x55
 331 000c 17       		.uleb128 0x17
 332 000d 11       		.uleb128 0x11
 333 000e 01       		.uleb128 0x1
 334 000f 10       		.uleb128 0x10
 335 0010 17       		.uleb128 0x17
 336 0011 00       		.byte	0
 337 0012 00       		.byte	0
 338 0013 02       		.uleb128 0x2
 339 0014 24       		.uleb128 0x24
 340 0015 00       		.byte	0
 341 0016 0B       		.uleb128 0xb
 342 0017 0B       		.uleb128 0xb
 343 0018 3E       		.uleb128 0x3e
 344 0019 0B       		.uleb128 0xb
 345 001a 03       		.uleb128 0x3
 346 001b 0E       		.uleb128 0xe
 347 001c 00       		.byte	0
 348 001d 00       		.byte	0
 349 001e 03       		.uleb128 0x3
 350 001f 24       		.uleb128 0x24
 351 0020 00       		.byte	0
 352 0021 0B       		.uleb128 0xb
 353 0022 0B       		.uleb128 0xb
 354 0023 3E       		.uleb128 0x3e
 355 0024 0B       		.uleb128 0xb
 356 0025 03       		.uleb128 0x3
 357 0026 08       		.uleb128 0x8
 358 0027 00       		.byte	0
 359 0028 00       		.byte	0
 360 0029 04       		.uleb128 0x4
 361 002a 16       		.uleb128 0x16
 362 002b 00       		.byte	0
 363 002c 03       		.uleb128 0x3
 364 002d 0E       		.uleb128 0xe
 365 002e 3A       		.uleb128 0x3a
 366 002f 0B       		.uleb128 0xb
 367 0030 3B       		.uleb128 0x3b
 368 0031 0B       		.uleb128 0xb
ARM GAS  C:\Users\mgronber\AppData\Local\Temp\ccAbRq9a.s 			page 10


 369 0032 49       		.uleb128 0x49
 370 0033 13       		.uleb128 0x13
 371 0034 00       		.byte	0
 372 0035 00       		.byte	0
 373 0036 05       		.uleb128 0x5
 374 0037 35       		.uleb128 0x35
 375 0038 00       		.byte	0
 376 0039 49       		.uleb128 0x49
 377 003a 13       		.uleb128 0x13
 378 003b 00       		.byte	0
 379 003c 00       		.byte	0
 380 003d 06       		.uleb128 0x6
 381 003e 13       		.uleb128 0x13
 382 003f 01       		.byte	0x1
 383 0040 0B       		.uleb128 0xb
 384 0041 0B       		.uleb128 0xb
 385 0042 3A       		.uleb128 0x3a
 386 0043 0B       		.uleb128 0xb
 387 0044 3B       		.uleb128 0x3b
 388 0045 0B       		.uleb128 0xb
 389 0046 01       		.uleb128 0x1
 390 0047 13       		.uleb128 0x13
 391 0048 00       		.byte	0
 392 0049 00       		.byte	0
 393 004a 07       		.uleb128 0x7
 394 004b 0D       		.uleb128 0xd
 395 004c 00       		.byte	0
 396 004d 03       		.uleb128 0x3
 397 004e 0E       		.uleb128 0xe
 398 004f 3A       		.uleb128 0x3a
 399 0050 0B       		.uleb128 0xb
 400 0051 3B       		.uleb128 0x3b
 401 0052 0B       		.uleb128 0xb
 402 0053 49       		.uleb128 0x49
 403 0054 13       		.uleb128 0x13
 404 0055 38       		.uleb128 0x38
 405 0056 0B       		.uleb128 0xb
 406 0057 00       		.byte	0
 407 0058 00       		.byte	0
 408 0059 08       		.uleb128 0x8
 409 005a 2E       		.uleb128 0x2e
 410 005b 00       		.byte	0
 411 005c 3F       		.uleb128 0x3f
 412 005d 19       		.uleb128 0x19
 413 005e 03       		.uleb128 0x3
 414 005f 0E       		.uleb128 0xe
 415 0060 3A       		.uleb128 0x3a
 416 0061 0B       		.uleb128 0xb
 417 0062 3B       		.uleb128 0x3b
 418 0063 0B       		.uleb128 0xb
 419 0064 27       		.uleb128 0x27
 420 0065 19       		.uleb128 0x19
 421 0066 11       		.uleb128 0x11
 422 0067 01       		.uleb128 0x1
 423 0068 12       		.uleb128 0x12
 424 0069 06       		.uleb128 0x6
 425 006a 40       		.uleb128 0x40
ARM GAS  C:\Users\mgronber\AppData\Local\Temp\ccAbRq9a.s 			page 11


 426 006b 18       		.uleb128 0x18
 427 006c 9742     		.uleb128 0x2117
 428 006e 19       		.uleb128 0x19
 429 006f 00       		.byte	0
 430 0070 00       		.byte	0
 431 0071 09       		.uleb128 0x9
 432 0072 2E       		.uleb128 0x2e
 433 0073 01       		.byte	0x1
 434 0074 3F       		.uleb128 0x3f
 435 0075 19       		.uleb128 0x19
 436 0076 03       		.uleb128 0x3
 437 0077 0E       		.uleb128 0xe
 438 0078 3A       		.uleb128 0x3a
 439 0079 0B       		.uleb128 0xb
 440 007a 3B       		.uleb128 0x3b
 441 007b 0B       		.uleb128 0xb
 442 007c 27       		.uleb128 0x27
 443 007d 19       		.uleb128 0x19
 444 007e 11       		.uleb128 0x11
 445 007f 01       		.uleb128 0x1
 446 0080 12       		.uleb128 0x12
 447 0081 06       		.uleb128 0x6
 448 0082 40       		.uleb128 0x40
 449 0083 18       		.uleb128 0x18
 450 0084 9742     		.uleb128 0x2117
 451 0086 19       		.uleb128 0x19
 452 0087 01       		.uleb128 0x1
 453 0088 13       		.uleb128 0x13
 454 0089 00       		.byte	0
 455 008a 00       		.byte	0
 456 008b 0A       		.uleb128 0xa
 457 008c 898201   		.uleb128 0x4109
 458 008f 00       		.byte	0
 459 0090 11       		.uleb128 0x11
 460 0091 01       		.uleb128 0x1
 461 0092 9542     		.uleb128 0x2115
 462 0094 19       		.uleb128 0x19
 463 0095 31       		.uleb128 0x31
 464 0096 13       		.uleb128 0x13
 465 0097 00       		.byte	0
 466 0098 00       		.byte	0
 467 0099 0B       		.uleb128 0xb
 468 009a 898201   		.uleb128 0x4109
 469 009d 00       		.byte	0
 470 009e 11       		.uleb128 0x11
 471 009f 01       		.uleb128 0x1
 472 00a0 31       		.uleb128 0x31
 473 00a1 13       		.uleb128 0x13
 474 00a2 00       		.byte	0
 475 00a3 00       		.byte	0
 476 00a4 0C       		.uleb128 0xc
 477 00a5 34       		.uleb128 0x34
 478 00a6 00       		.byte	0
 479 00a7 03       		.uleb128 0x3
 480 00a8 0E       		.uleb128 0xe
 481 00a9 3A       		.uleb128 0x3a
 482 00aa 0B       		.uleb128 0xb
ARM GAS  C:\Users\mgronber\AppData\Local\Temp\ccAbRq9a.s 			page 12


 483 00ab 3B       		.uleb128 0x3b
 484 00ac 0B       		.uleb128 0xb
 485 00ad 49       		.uleb128 0x49
 486 00ae 13       		.uleb128 0x13
 487 00af 02       		.uleb128 0x2
 488 00b0 18       		.uleb128 0x18
 489 00b1 00       		.byte	0
 490 00b2 00       		.byte	0
 491 00b3 0D       		.uleb128 0xd
 492 00b4 2E       		.uleb128 0x2e
 493 00b5 00       		.byte	0
 494 00b6 3F       		.uleb128 0x3f
 495 00b7 19       		.uleb128 0x19
 496 00b8 03       		.uleb128 0x3
 497 00b9 0E       		.uleb128 0xe
 498 00ba 3A       		.uleb128 0x3a
 499 00bb 0B       		.uleb128 0xb
 500 00bc 3B       		.uleb128 0x3b
 501 00bd 0B       		.uleb128 0xb
 502 00be 27       		.uleb128 0x27
 503 00bf 19       		.uleb128 0x19
 504 00c0 3C       		.uleb128 0x3c
 505 00c1 19       		.uleb128 0x19
 506 00c2 00       		.byte	0
 507 00c3 00       		.byte	0
 508 00c4 00       		.byte	0
 509              		.section	.debug_aranges,"",%progbits
 510 0000 34000000 		.4byte	0x34
 511 0004 0200     		.2byte	0x2
 512 0006 00000000 		.4byte	.Ldebug_info0
 513 000a 04       		.byte	0x4
 514 000b 00       		.byte	0
 515 000c 0000     		.2byte	0
 516 000e 0000     		.2byte	0
 517 0010 00000000 		.4byte	.LFB0
 518 0014 02000000 		.4byte	.LFE0-.LFB0
 519 0018 00000000 		.4byte	.LFB1
 520 001c 02000000 		.4byte	.LFE1-.LFB1
 521 0020 00000000 		.4byte	.LFB2
 522 0024 38000000 		.4byte	.LFE2-.LFB2
 523 0028 00000000 		.4byte	.LFB3
 524 002c 20000000 		.4byte	.LFE3-.LFB3
 525 0030 00000000 		.4byte	0
 526 0034 00000000 		.4byte	0
 527              		.section	.debug_ranges,"",%progbits
 528              	.Ldebug_ranges0:
 529 0000 00000000 		.4byte	.LFB0
 530 0004 02000000 		.4byte	.LFE0
 531 0008 00000000 		.4byte	.LFB1
 532 000c 02000000 		.4byte	.LFE1
 533 0010 00000000 		.4byte	.LFB2
 534 0014 38000000 		.4byte	.LFE2
 535 0018 00000000 		.4byte	.LFB3
 536 001c 20000000 		.4byte	.LFE3
 537 0020 00000000 		.4byte	0
 538 0024 00000000 		.4byte	0
 539              		.section	.debug_line,"",%progbits
ARM GAS  C:\Users\mgronber\AppData\Local\Temp\ccAbRq9a.s 			page 13


 540              	.Ldebug_line0:
 541 0000 A4000000 		.section	.debug_str,"MS",%progbits,1
 541      02005400 
 541      00000201 
 541      FB0E0D00 
 541      01010101 
 542              	.LASF16:
 543 0000 4144435F 		.ascii	"ADC_MIC_RestoreConfig\000"
 543      4D49435F 
 543      52657374 
 543      6F726543 
 543      6F6E6669 
 544              	.LASF15:
 545 0016 4144435F 		.ascii	"ADC_MIC_SaveConfig\000"
 545      4D49435F 
 545      53617665 
 545      436F6E66 
 545      696700
 546              	.LASF18:
 547 0029 4144435F 		.ascii	"ADC_MIC_Wakeup\000"
 547      4D49435F 
 547      57616B65 
 547      757000
 548              	.LASF17:
 549 0038 4144435F 		.ascii	"ADC_MIC_Sleep\000"
 549      4D49435F 
 549      536C6565 
 549      7000
 550              	.LASF24:
 551 0046 433A5C55 		.ascii	"C:\\Users\\mgronber\\Desktop\\Hummingbird\\Hummingb"
 551      73657273 
 551      5C6D6772 
 551      6F6E6265 
 551      725C4465 
 552 0074 69726428 		.ascii	"ird(Continuous Output).cydsn\000"
 552      436F6E74 
 552      696E756F 
 552      7573204F 
 552      75747075 
 553              	.LASF22:
 554 0091 474E5520 		.ascii	"GNU C 4.9.3 20150303 (release) [ARM/embedded-4_9-br"
 554      4320342E 
 554      392E3320 
 554      32303135 
 554      30333033 
 555 00c4 616E6368 		.ascii	"anch revision 221220] -mcpu=cortex-m3 -mthumb -g -O"
 555      20726576 
 555      6973696F 
 555      6E203232 
 555      31323230 
 556 00f7 32202D66 		.ascii	"2 -ffunction-sections -ffat-lto-objects\000"
 556      66756E63 
 556      74696F6E 
 556      2D736563 
 556      74696F6E 
 557              	.LASF9:
 558 011f 666C6F61 		.ascii	"float\000"
ARM GAS  C:\Users\mgronber\AppData\Local\Temp\ccAbRq9a.s 			page 14


 558      7400
 559              	.LASF1:
 560 0125 756E7369 		.ascii	"unsigned char\000"
 560      676E6564 
 560      20636861 
 560      7200
 561              	.LASF13:
 562 0133 72656738 		.ascii	"reg8\000"
 562      00
 563              	.LASF5:
 564 0138 6C6F6E67 		.ascii	"long unsigned int\000"
 564      20756E73 
 564      69676E65 
 564      6420696E 
 564      7400
 565              	.LASF3:
 566 014a 73686F72 		.ascii	"short unsigned int\000"
 566      7420756E 
 566      7369676E 
 566      65642069 
 566      6E7400
 567              	.LASF23:
 568 015d 47656E65 		.ascii	"Generated_Source\\PSoC5\\ADC_MIC_PM.c\000"
 568      72617465 
 568      645F536F 
 568      75726365 
 568      5C50536F 
 569              	.LASF10:
 570 0181 646F7562 		.ascii	"double\000"
 570      6C6500
 571              	.LASF20:
 572 0188 4144435F 		.ascii	"ADC_MIC_Enable\000"
 572      4D49435F 
 572      456E6162 
 572      6C6500
 573              	.LASF8:
 574 0197 756E7369 		.ascii	"unsigned int\000"
 574      676E6564 
 574      20696E74 
 574      00
 575              	.LASF7:
 576 01a4 6C6F6E67 		.ascii	"long long unsigned int\000"
 576      206C6F6E 
 576      6720756E 
 576      7369676E 
 576      65642069 
 577              	.LASF6:
 578 01bb 6C6F6E67 		.ascii	"long long int\000"
 578      206C6F6E 
 578      6720696E 
 578      7400
 579              	.LASF11:
 580 01c9 63686172 		.ascii	"char\000"
 580      00
 581              	.LASF2:
 582 01ce 73686F72 		.ascii	"short int\000"
 582      7420696E 
ARM GAS  C:\Users\mgronber\AppData\Local\Temp\ccAbRq9a.s 			page 15


 582      7400
 583              	.LASF19:
 584 01d8 4144435F 		.ascii	"ADC_MIC_Stop\000"
 584      4D49435F 
 584      53746F70 
 584      00
 585              	.LASF12:
 586 01e5 75696E74 		.ascii	"uint8\000"
 586      3800
 587              	.LASF4:
 588 01eb 6C6F6E67 		.ascii	"long int\000"
 588      20696E74 
 588      00
 589              	.LASF25:
 590 01f4 656E6162 		.ascii	"enableState\000"
 590      6C655374 
 590      61746500 
 591              	.LASF26:
 592 0200 4144435F 		.ascii	"ADC_MIC_backup\000"
 592      4D49435F 
 592      6261636B 
 592      757000
 593              	.LASF0:
 594 020f 7369676E 		.ascii	"signed char\000"
 594      65642063 
 594      68617200 
 595              	.LASF14:
 596 021b 4144435F 		.ascii	"ADC_MIC_BACKUP_STRUCT\000"
 596      4D49435F 
 596      4241434B 
 596      55505F53 
 596      54525543 
 597              	.LASF21:
 598 0231 4144435F 		.ascii	"ADC_MIC_StartConvert\000"
 598      4D49435F 
 598      53746172 
 598      74436F6E 
 598      76657274 
 599              		.ident	"GCC: (GNU Tools for ARM Embedded Processors) 4.9.3 20150303 (release) [ARM/embedded-4_9-br
