Archive member included because of file (symbol)

.\CortexM3\ARM_GCC_493\Debug\CE95395.a(MIDI1_UART_PM.o)
                              .\CortexM3\ARM_GCC_493\Debug\main.o (MIDI1_UART_Sleep)
.\CortexM3\ARM_GCC_493\Debug\CE95395.a(MIDI2_UART_PM.o)
                              .\CortexM3\ARM_GCC_493\Debug\main.o (MIDI2_UART_Sleep)
.\CortexM3\ARM_GCC_493\Debug\CE95395.a(cyfitter_cfg.o)
                              .\CortexM3\ARM_GCC_493\Debug\Cm3Start.o (cyfitter_cfg)
.\CortexM3\ARM_GCC_493\Debug\CE95395.a(SW2.o)
                              .\CortexM3\ARM_GCC_493\Debug\main.o (SW2_Read)
.\CortexM3\ARM_GCC_493\Debug\CE95395.a(SleepTimer.o)
                              .\CortexM3\ARM_GCC_493\Debug\main.o (SleepTimer_Start)
.\CortexM3\ARM_GCC_493\Debug\CE95395.a(SW1.o)
                              .\CortexM3\ARM_GCC_493\Debug\main.o (SW1_Read)
.\CortexM3\ARM_GCC_493\Debug\CE95395.a(MIDI_PWR.o)
                              .\CortexM3\ARM_GCC_493\Debug\main.o (MIDI_PWR_Write)
.\CortexM3\ARM_GCC_493\Debug\CE95395.a(USB.o)
                              .\CortexM3\ARM_GCC_493\Debug\main.o (USB_Start)
.\CortexM3\ARM_GCC_493\Debug\CE95395.a(USB_drv.o)
                              .\CortexM3\ARM_GCC_493\Debug\CE95395.a(USB.o) (USB_EP)
.\CortexM3\ARM_GCC_493\Debug\CE95395.a(USB_episr.o)
                              .\CortexM3\ARM_GCC_493\Debug\CE95395.a(USB.o) (USB_EP_1_ISR)
.\CortexM3\ARM_GCC_493\Debug\CE95395.a(USB_pm.o)
                              .\CortexM3\ARM_GCC_493\Debug\main.o (USB_Suspend)
.\CortexM3\ARM_GCC_493\Debug\CE95395.a(USB_std.o)
                              .\CortexM3\ARM_GCC_493\Debug\CE95395.a(USB_drv.o) (USB_HandleStandardRqst)
.\CortexM3\ARM_GCC_493\Debug\CE95395.a(USB_vnd.o)
                              .\CortexM3\ARM_GCC_493\Debug\CE95395.a(USB_drv.o) (USB_HandleVendorRqst)
.\CortexM3\ARM_GCC_493\Debug\CE95395.a(USB_midi.o)
                              .\CortexM3\ARM_GCC_493\Debug\CE95395.a(USB_std.o) (USB_midi_in_ep)
.\CortexM3\ARM_GCC_493\Debug\CE95395.a(Sleep_isr.o)
                              .\CortexM3\ARM_GCC_493\Debug\main.o (Sleep_isr_StartEx)
.\CortexM3\ARM_GCC_493\Debug\CE95395.a(CyLib.o)
                              .\CortexM3\ARM_GCC_493\Debug\Cm3Start.o (CyResetStatus)
.\CortexM3\ARM_GCC_493\Debug\CE95395.a(cyPm.o)
                              .\CortexM3\ARM_GCC_493\Debug\main.o (CyPmSaveClocks)
.\CortexM3\ARM_GCC_493\Debug\CE95395.a(LCD_Char_1.o)
                              .\CortexM3\ARM_GCC_493\Debug\main.o (LCD_Char_1_WriteControl)
.\CortexM3\ARM_GCC_493\Debug\CE95395.a(CyBootAsmGnu.o)
                              .\CortexM3\ARM_GCC_493\Debug\CE95395.a(cyfitter_cfg.o) (CyDelayCycles)
.\CortexM3\ARM_GCC_493\Debug\CE95395.a(MIDI1_UART.o)
                              .\CortexM3\ARM_GCC_493\Debug\CE95395.a(USB_midi.o) (MIDI1_UART_rxBuffer)
.\CortexM3\ARM_GCC_493\Debug\CE95395.a(MIDI2_UART.o)
                              .\CortexM3\ARM_GCC_493\Debug\CE95395.a(USB_midi.o) (MIDI2_UART_rxBuffer)
.\CortexM3\ARM_GCC_493\Debug\CE95395.a(LED_OutB.o)
                              .\CortexM3\ARM_GCC_493\Debug\CE95395.a(USB_midi.o) (LED_OutB_Write)
.\CortexM3\ARM_GCC_493\Debug\CE95395.a(LED_OutA.o)
                              .\CortexM3\ARM_GCC_493\Debug\CE95395.a(USB_midi.o) (LED_OutA_Write)
.\CortexM3\ARM_GCC_493\Debug\CE95395.a(USB_cls.o)
                              .\CortexM3\ARM_GCC_493\Debug\CE95395.a(USB_drv.o) (USB_DispatchClassRqst)
.\CortexM3\ARM_GCC_493\Debug\CE95395.a(USB_descr.o)
                              .\CortexM3\ARM_GCC_493\Debug\CE95395.a(USB_std.o) (USB_DEVICE0_DESCR)
.\CortexM3\ARM_GCC_493\Debug\CE95395.a(CyFlash.o)
                              .\CortexM3\ARM_GCC_493\Debug\CE95395.a(cyPm.o) (CyFlash_SetWaitCycles)
.\CortexM3\ARM_GCC_493\Debug\CE95395.a(CySpc.o)
                              .\CortexM3\ARM_GCC_493\Debug\CE95395.a(CyFlash.o) (CySpcStart)
.\CortexM3\ARM_GCC_493\Debug\CE95395.a(MIDI1_UART_INT.o)
                              .\CortexM3\ARM_GCC_493\Debug\CE95395.a(MIDI1_UART.o) (MIDI1_UART_RXISR)
.\CortexM3\ARM_GCC_493\Debug\CE95395.a(MIDI2_UART_INT.o)
                              .\CortexM3\ARM_GCC_493\Debug\CE95395.a(MIDI2_UART.o) (MIDI2_UART_RXISR)
.\CortexM3\ARM_GCC_493\Debug\CE95395.a(LED_InB.o)
                              .\CortexM3\ARM_GCC_493\Debug\CE95395.a(MIDI2_UART_INT.o) (LED_InB_Write)
.\CortexM3\ARM_GCC_493\Debug\CE95395.a(LED_InA.o)
                              .\CortexM3\ARM_GCC_493\Debug\CE95395.a(MIDI1_UART_INT.o) (LED_InA_Write)
.\CortexM3\ARM_GCC_493\Debug\CE95395.a(USB_audio.o)
                              .\CortexM3\ARM_GCC_493\Debug\CE95395.a(USB_cls.o) (USB_DispatchAUDIOClassRqst)
c:/program files (x86)/cypress/psoc creator/4.0/psoc creator/import/gnu/arm/4.9.3/bin/../lib/gcc/arm-none-eabi/4.9.3/../../../../arm-none-eabi/lib/armv7-m\libm.a(lib_a-s_cos.o)
                              .\CortexM3\ARM_GCC_493\Debug\fft.o (cos)
[...]
Memory Configuration

Name             Origin             Length             Attributes
rom              0x00000000         0x00040000         xr
ram              0x1fff8000         0x00010000         xrw
*default*        0x00000000         0xffffffff

Linker script and memory map

LOAD c:/program files (x86)/cypress/psoc creator/4.0/psoc creator/import/gnu/arm/4.9.3/bin/../lib/gcc/arm-none-eabi/4.9.3/armv7-m/crti.o
LOAD c:/program files (x86)/cypress/psoc creator/4.0/psoc creator/import/gnu/arm/4.9.3/bin/../lib/gcc/arm-none-eabi/4.9.3/armv7-m/crtbegin.o
LOAD c:/program files (x86)/cypress/psoc creator/4.0/psoc creator/import/gnu/arm/4.9.3/bin/../lib/gcc/arm-none-eabi/4.9.3/../../../../arm-none-eabi/lib/armv7-m/crt0.o
START GROUP
LOAD .\CortexM3\ARM_GCC_493\Debug\main.o
LOAD .\CortexM3\ARM_GCC_493\Debug\fft.o
LOAD .\CortexM3\ARM_GCC_493\Debug\midi.o
LOAD .\CortexM3\ARM_GCC_493\Debug\pitch.o
LOAD .\CortexM3\ARM_GCC_493\Debug\cymetadata.o
LOAD .\CortexM3\ARM_GCC_493\Debug\Cm3Start.o
LOAD .\CortexM3\ARM_GCC_493\Debug\CE95395.a
LOAD C:\Program Files (x86)\Cypress\PSoC Creator\4.0\PSoC Creator\psoc\content\cycomponentlibrary\CyComponentLibrary.cylib\CortexM3\ARM_GCC_493\Debug\CyComponentLibrary.a
LOAD c:/program files (x86)/cypress/psoc creator/4.0/psoc creator/import/gnu/arm/4.9.3/bin/../lib/gcc/arm-none-eabi/4.9.3/../../../../arm-none-eabi/lib/armv7-m\libm.a
END GROUP
START GROUP
LOAD c:/program files (x86)/cypress/psoc creator/4.0/psoc creator/import/gnu/arm/4.9.3/bin/../lib/gcc/arm-none-eabi/4.9.3/armv7-m\libgcc.a
LOAD c:/program files (x86)/cypress/psoc creator/4.0/psoc creator/import/gnu/arm/4.9.3/bin/../lib/gcc/arm-none-eabi/4.9.3/../../../../arm-none-eabi/lib/armv7-m\libg_nano.a
LOAD c:/program files (x86)/cypress/psoc creator/4.0/psoc creator/import/gnu/arm/4.9.3/bin/../lib/gcc/arm-none-eabi/4.9.3/../../../../arm-none-eabi/lib/armv7-m\libc_nano.a
END GROUP
START GROUP
LOAD c:/program files (x86)/cypress/psoc creator/4.0/psoc creator/import/gnu/arm/4.9.3/bin/../lib/gcc/arm-none-eabi/4.9.3/armv7-m\libgcc.a
LOAD c:/program files (x86)/cypress/psoc creator/4.0/psoc creator/import/gnu/arm/4.9.3/bin/../lib/gcc/arm-none-eabi/4.9.3/../../../../arm-none-eabi/lib/armv7-m\libc_nano.a
END GROUP
LOAD c:/program files (x86)/cypress/psoc creator/4.0/psoc creator/import/gnu/arm/4.9.3/bin/../lib/gcc/arm-none-eabi/4.9.3/armv7-m/crtend.o
LOAD c:/program files (x86)/cypress/psoc creator/4.0/psoc creator/import/gnu/arm/4.9.3/bin/../lib/gcc/arm-none-eabi/4.9.3/armv7-m/crtn.o
START GROUP
LOAD c:/program files (x86)/cypress/psoc creator/4.0/psoc creator/import/gnu/arm/4.9.3/bin/../lib/gcc/arm-none-eabi/4.9.3/armv7-m\libgcc.a
LOAD c:/program files (x86)/cypress/psoc creator/4.0/psoc creator/import/gnu/arm/4.9.3/bin/../lib/gcc/arm-none-eabi/4.9.3/../../../../arm-none-eabi/lib/armv7-m\libc.a
LOAD c:/program files (x86)/cypress/psoc creator/4.0/psoc creator/import/gnu/arm/4.9.3/bin/../lib/gcc/arm-none-eabi/4.9.3/../../../../arm-none-eabi/lib/armv7-m\libnosys.a
END GROUP
                0x00000000                CY_APPL_ORIGIN = 0x0
                0x00000100                CY_FLASH_ROW_SIZE = 0x100
                0x00000020                CY_ECC_ROW_SIZE = 0x20
                0x00000000                CY_EE_IN_BTLDR = 0x0
                0x00000000                CY_APPL_LOADABLE = 0x0
                0x00000800                CY_EE_SIZE = 0x800
                0x00000001                CY_APPL_NUM = 0x1
                0x00000001                CY_APPL_MAX = 0x1
                0x00000040                CY_METADATA_SIZE = 0x40
                0x1fff8738                PROVIDE (__cy_heap_start, _end)
                0x00000001                PROVIDE (__cy_region_num, ((__cy_regions_end - __cy_regions) / 0x10))
                0x20008000                PROVIDE (__cy_stack, (ORIGIN (ram) + 0x10000))
                0x20007800                PROVIDE (__cy_heap_end, (__cy_stack - 0x800))

.cybootloader   0x00000000        0x0
 *(.cybootloader)
                0x00000000                appl1_start = CY_APPL_ORIGIN?CY_APPL_ORIGIN:ALIGN (CY_FLASH_ROW_SIZE)
                0x0001ff00                appl2_start = (appl1_start + ALIGN ((((0x40000 - appl1_start) - (0x2 * CY_FLASH_ROW_SIZE)) / 0x2), CY_FLASH_ROW_SIZE))
                0x00000000                appl_start = (CY_APPL_NUM == 0x1)?appl1_start:appl2_start
                0x00000000                ecc_offset = ((appl_start / CY_FLASH_ROW_SIZE) * CY_ECC_ROW_SIZE)
                0x00000000                ee_offset = (CY_APPL_LOADABLE && ! (CY_EE_IN_BTLDR))?((CY_EE_SIZE / CY_APPL_MAX) * (CY_APPL_NUM - 0x1)):0x0
                0x00000800                ee_size = (CY_APPL_LOADABLE && ! (CY_EE_IN_BTLDR))?(CY_EE_SIZE / CY_APPL_MAX):CY_EE_SIZE
                0x00000000                PROVIDE (CY_ECC_OFFSET, ecc_offset)

.text           0x00000000     0x92da
 CREATE_OBJECT_SYMBOLS
                0x00000000                PROVIDE (__cy_interrupt_vector, RomVectors)
 *(.romvectors)
 .romvectors    0x00000000       0x10 .\CortexM3\ARM_GCC_493\Debug\Cm3Start.o
                0x00000000                RomVectors
                0x00000001                ASSERT ((. != __cy_interrupt_vector), No interrupt vector)
                0x00000001                ASSERT (CY_APPL_ORIGIN?(SIZEOF (.cybootloader) <= CY_APPL_ORIGIN):0x1, Wrong image location)
                0x00000010                PROVIDE (__cy_reset, Reset)
 *(.text.Reset)
 .text.Reset    0x00000010       0x18 .\CortexM3\ARM_GCC_493\Debug\Cm3Start.o
                0x00000010                Reset
                0x00000001                ASSERT ((. != __cy_reset), No reset code)
 *(.dma_init)
                0x00000001                ASSERT ((((appl_start + .) <= 0x10000) || 0x1), DMA Init must be within the first 64k of flash)
 *(.text .text.* .gnu.linkonce.t.*)
 .text          0x00000028       0x5c c:/program files (x86)/cypress/psoc creator/4.0/psoc creator/import/gnu/arm/4.9.3/bin/../lib/gcc/arm-none-eabi/4.9.3/armv7-m/crtbegin.o
 .text.SleepIsr
                0x00000084       0x30 .\CortexM3\ARM_GCC_493\Debug\main.o
                0x00000084                SleepIsr
 .text.main     0x000000b4      0x3fc .\CortexM3\ARM_GCC_493\Debug\main.o
                0x000000b4                main
 .text.USB_callbackLocalMidiEvent
                0x000004b0       0x68 .\CortexM3\ARM_GCC_493\Debug\main.o
                0x000004b0                USB_callbackLocalMidiEvent
 .text.transform_radix2
                0x00000518      0x428 .\CortexM3\ARM_GCC_493\Debug\fft.o
                0x00000518                transform_radix2
 .text.reverse_bits
                0x00000940       0x44 .\CortexM3\ARM_GCC_493\Debug\fft.o
 .text.populate_midi_array
                0x00000984       0x8c .\CortexM3\ARM_GCC_493\Debug\midi.o
                0x00000984                populate_midi_array
 .text.midi_note_from_freq
                0x00000a10      0x10c .\CortexM3\ARM_GCC_493\Debug\midi.o
                0x00000a10                midi_note_from_freq
 .text.pitch_fft
                0x00000b1c       0xac .\CortexM3\ARM_GCC_493\Debug\pitch.o
                0x00000b1c                pitch_fft
 .text.IntDefaultHandler
                0x00000bc8        0x8 .\CortexM3\ARM_GCC_493\Debug\Cm3Start.o
                0x00000bc8                IntDefaultHandler
 .text.Start_c  0x00000bd0       0x94 .\CortexM3\ARM_GCC_493\Debug\Cm3Start.o
                0x00000bd0                Start_c
 .text.initialize_psoc
                0x00000c64       0x8c .\CortexM3\ARM_GCC_493\Debug\Cm3Start.o
                0x00000c64                initialize_psoc
 .text.MIDI1_UART_SaveConfig
                0x00000cf0        0xc .\CortexM3\ARM_GCC_493\Debug\CE95395.a(MIDI1_UART_PM.o)
                0x00000cf0                MIDI1_UART_SaveConfig
 .text.MIDI1_UART_RestoreConfig
                0x00000cfc        0xc .\CortexM3\ARM_GCC_493\Debug\CE95395.a(MIDI1_UART_PM.o)
                0x00000cfc                MIDI1_UART_RestoreConfig
 .text.MIDI1_UART_Sleep
                0x00000d08       0x34 .\CortexM3\ARM_GCC_493\Debug\CE95395.a(MIDI1_UART_PM.o)
                0x00000d08                MIDI1_UART_Sleep
 .text.MIDI1_UART_Wakeup
                0x00000d3c       0x24 .\CortexM3\ARM_GCC_493\Debug\CE95395.a(MIDI1_UART_PM.o)
                0x00000d3c                MIDI1_UART_Wakeup
 .text.MIDI2_UART_SaveConfig
                0x00000d60        0xc .\CortexM3\ARM_GCC_493\Debug\CE95395.a(MIDI2_UART_PM.o)
                0x00000d60                MIDI2_UART_SaveConfig
 .text.MIDI2_UART_RestoreConfig
                0x00000d6c        0xc .\CortexM3\ARM_GCC_493\Debug\CE95395.a(MIDI2_UART_PM.o)
                0x00000d6c                MIDI2_UART_RestoreConfig
 .text.MIDI2_UART_Sleep
                0x00000d78       0x34 .\CortexM3\ARM_GCC_493\Debug\CE95395.a(MIDI2_UART_PM.o)
                0x00000d78                MIDI2_UART_Sleep
 .text.MIDI2_UART_Wakeup
                0x00000dac       0x24 .\CortexM3\ARM_GCC_493\Debug\CE95395.a(MIDI2_UART_PM.o)
                0x00000dac                MIDI2_UART_Wakeup
 .text.CYMEMZERO
                0x00000dd0       0x1c .\CortexM3\ARM_GCC_493\Debug\CE95395.a(cyfitter_cfg.o)
 .text.CYCONFIGCPY
                0x00000dec       0x1c .\CortexM3\ARM_GCC_493\Debug\CE95395.a(cyfitter_cfg.o)
 .text.CyClockStartupError
                0x00000e08        0xc .\CortexM3\ARM_GCC_493\Debug\CE95395.a(cyfitter_cfg.o)
 .text.cfg_write_bytes32
                0x00000e14       0x74 .\CortexM3\ARM_GCC_493\Debug\CE95395.a(cyfitter_cfg.o)
 .text.ClockSetup
                0x00000e88      0x100 .\CortexM3\ARM_GCC_493\Debug\CE95395.a(cyfitter_cfg.o)
 .text.AnalogSetDefault
                0x00000f88       0x44 .\CortexM3\ARM_GCC_493\Debug\CE95395.a(cyfitter_cfg.o)
 .text.cyfitter_cfg
                0x00000fcc      0x190 .\CortexM3\ARM_GCC_493\Debug\CE95395.a(cyfitter_cfg.o)
                0x00000fcc                cyfitter_cfg
 .text.SW2_Read
                0x0000115c       0x20 .\CortexM3\ARM_GCC_493\Debug\CE95395.a(SW2.o)
                0x0000115c                SW2_Read
 .text.SleepTimer_Start
                0x0000117c       0x20 .\CortexM3\ARM_GCC_493\Debug\CE95395.a(SleepTimer.o)
                0x0000117c                SleepTimer_Start
 .text.SleepTimer_Init
                0x0000119c       0x10 .\CortexM3\ARM_GCC_493\Debug\CE95395.a(SleepTimer.o)
                0x0000119c                SleepTimer_Init
 .text.SleepTimer_Enable
                0x000011ac       0x74 .\CortexM3\ARM_GCC_493\Debug\CE95395.a(SleepTimer.o)
                0x000011ac                SleepTimer_Enable
 .text.SleepTimer_Stop
                0x00001220       0x30 .\CortexM3\ARM_GCC_493\Debug\CE95395.a(SleepTimer.o)
                0x00001220                SleepTimer_Stop
 .text.SleepTimer_EnableInt
                0x00001250       0x30 .\CortexM3\ARM_GCC_493\Debug\CE95395.a(SleepTimer.o)
                0x00001250                SleepTimer_EnableInt
 .text.SleepTimer_SetInterval
                0x00001280       0x48 .\CortexM3\ARM_GCC_493\Debug\CE95395.a(SleepTimer.o)
                0x00001280                SleepTimer_SetInterval
 .text.SleepTimer_GetStatus
                0x000012c8       0x10 .\CortexM3\ARM_GCC_493\Debug\CE95395.a(SleepTimer.o)
                0x000012c8                SleepTimer_GetStatus
 .text.SW1_Read
                0x000012d8       0x20 .\CortexM3\ARM_GCC_493\Debug\CE95395.a(SW1.o)
                0x000012d8                SW1_Read
 .text.MIDI_PWR_Write
                0x000012f8       0x3c .\CortexM3\ARM_GCC_493\Debug\CE95395.a(MIDI_PWR.o)
                0x000012f8                MIDI_PWR_Write
 .text.USB_Start
                0x00001334       0x38 .\CortexM3\ARM_GCC_493\Debug\CE95395.a(USB.o)
                0x00001334                USB_Start
 .text.USB_Init
                0x0000136c      0x178 .\CortexM3\ARM_GCC_493\Debug\CE95395.a(USB.o)
                0x0000136c                USB_Init
 .text.USB_InitComponent
                0x000014e4       0xd4 .\CortexM3\ARM_GCC_493\Debug\CE95395.a(USB.o)
                0x000014e4                USB_InitComponent
 .text.USB_ReInitComponent
                0x000015b8       0x68 .\CortexM3\ARM_GCC_493\Debug\CE95395.a(USB.o)
                0x000015b8                USB_ReInitComponent
 .text.USB_CheckActivity
                0x00001620       0x34 .\CortexM3\ARM_GCC_493\Debug\CE95395.a(USB.o)
                0x00001620                USB_CheckActivity
 .text.USB_GetConfiguration
                0x00001654       0x18 .\CortexM3\ARM_GCC_493\Debug\CE95395.a(USB.o)
                0x00001654                USB_GetConfiguration
 .text.USB_IsConfigurationChanged
                0x0000166c       0x34 .\CortexM3\ARM_GCC_493\Debug\CE95395.a(USB.o)
                0x0000166c                USB_IsConfigurationChanged
 .text.USB_GetEPState
                0x000016a0       0x2c .\CortexM3\ARM_GCC_493\Debug\CE95395.a(USB.o)
                0x000016a0                USB_GetEPState
 .text.USB_GetEPCount
                0x000016cc       0x6c .\CortexM3\ARM_GCC_493\Debug\CE95395.a(USB.o)
                0x000016cc                USB_GetEPCount
 .text.USB_LoadInEP
                0x00001738      0x108 .\CortexM3\ARM_GCC_493\Debug\CE95395.a(USB.o)
                0x00001738                USB_LoadInEP
 .text.USB_ReadOutEP
                0x00001840       0x8c .\CortexM3\ARM_GCC_493\Debug\CE95395.a(USB.o)
                0x00001840                USB_ReadOutEP
 .text.USB_EnableOutEP
                0x000018cc       0x60 .\CortexM3\ARM_GCC_493\Debug\CE95395.a(USB.o)
                0x000018cc                USB_EnableOutEP
 .text.USB_EP_0_ISR
                0x0000192c       0xf8 .\CortexM3\ARM_GCC_493\Debug\CE95395.a(USB_drv.o)
                0x0000192c                USB_EP_0_ISR
 .text.USB_HandleSetup
                0x00001a24       0x88 .\CortexM3\ARM_GCC_493\Debug\CE95395.a(USB_drv.o)
                0x00001a24                USB_HandleSetup
 .text.USB_HandleIN
                0x00001aac       0x4c .\CortexM3\ARM_GCC_493\Debug\CE95395.a(USB_drv.o)
                0x00001aac                USB_HandleIN
 .text.USB_HandleOUT
                0x00001af8       0x58 .\CortexM3\ARM_GCC_493\Debug\CE95395.a(USB_drv.o)
                0x00001af8                USB_HandleOUT
 .text.USB_LoadEP0
                0x00001b50       0xd4 .\CortexM3\ARM_GCC_493\Debug\CE95395.a(USB_drv.o)
                0x00001b50                USB_LoadEP0
 .text.USB_InitControlRead
                0x00001c24       0x74 .\CortexM3\ARM_GCC_493\Debug\CE95395.a(USB_drv.o)
                0x00001c24                USB_InitControlRead
 .text.USB_InitZeroLengthControlTransfer
                0x00001c98       0x44 .\CortexM3\ARM_GCC_493\Debug\CE95395.a(USB_drv.o)
                0x00001c98                USB_InitZeroLengthControlTransfer
 .text.USB_ControlReadDataStage
                0x00001cdc        0xc .\CortexM3\ARM_GCC_493\Debug\CE95395.a(USB_drv.o)
                0x00001cdc                USB_ControlReadDataStage
 .text.USB_ControlReadStatusStage
                0x00001ce8       0x40 .\CortexM3\ARM_GCC_493\Debug\CE95395.a(USB_drv.o)
                0x00001ce8                USB_ControlReadStatusStage
 .text.USB_ControlWriteDataStage
                0x00001d28       0xb8 .\CortexM3\ARM_GCC_493\Debug\CE95395.a(USB_drv.o)
                0x00001d28                USB_ControlWriteDataStage
 .text.USB_ControlWriteStatusStage
                0x00001de0       0x20 .\CortexM3\ARM_GCC_493\Debug\CE95395.a(USB_drv.o)
                0x00001de0                USB_ControlWriteStatusStage
 .text.USB_InitNoDataControlTransfer
                0x00001e00       0x38 .\CortexM3\ARM_GCC_493\Debug\CE95395.a(USB_drv.o)
                0x00001e00                USB_InitNoDataControlTransfer
 .text.USB_NoDataControlStatusStage
                0x00001e38       0x48 .\CortexM3\ARM_GCC_493\Debug\CE95395.a(USB_drv.o)
                0x00001e38                USB_NoDataControlStatusStage
 .text.USB_UpdateStatusBlock
                0x00001e80       0x40 .\CortexM3\ARM_GCC_493\Debug\CE95395.a(USB_drv.o)
                0x00001e80                USB_UpdateStatusBlock
 .text.USB_InitializeStatusBlock
                0x00001ec0       0x34 .\CortexM3\ARM_GCC_493\Debug\CE95395.a(USB_drv.o)
                0x00001ec0                USB_InitializeStatusBlock
 .text.USB_EP_1_ISR
                0x00001ef4       0x54 .\CortexM3\ARM_GCC_493\Debug\CE95395.a(USB_episr.o)
                0x00001ef4                USB_EP_1_ISR
 .text.USB_EP_2_ISR
                0x00001f48       0x54 .\CortexM3\ARM_GCC_493\Debug\CE95395.a(USB_episr.o)
                0x00001f48                USB_EP_2_ISR
 .text.USB_SOF_ISR
                0x00001f9c        0xc .\CortexM3\ARM_GCC_493\Debug\CE95395.a(USB_episr.o)
                0x00001f9c                USB_SOF_ISR
 .text.USB_BUS_RESET_ISR
                0x00001fa8        0xc .\CortexM3\ARM_GCC_493\Debug\CE95395.a(USB_episr.o)
                0x00001fa8                USB_BUS_RESET_ISR
 .text.USB_DP_ISR
                0x00001fb4       0x14 .\CortexM3\ARM_GCC_493\Debug\CE95395.a(USB_pm.o)
                0x00001fb4                USB_DP_ISR
 .text.USB_RestoreConfig
                0x00001fc8       0x18 .\CortexM3\ARM_GCC_493\Debug\CE95395.a(USB_pm.o)
                0x00001fc8                USB_RestoreConfig
 .text.USB_Suspend
                0x00001fe0      0x12c .\CortexM3\ARM_GCC_493\Debug\CE95395.a(USB_pm.o)
                0x00001fe0                USB_Suspend
 .text.USB_Resume
                0x0000210c      0x100 .\CortexM3\ARM_GCC_493\Debug\CE95395.a(USB_pm.o)
                0x0000210c                USB_Resume
 .text.USB_HandleStandardRqst
                0x0000220c      0x4a4 .\CortexM3\ARM_GCC_493\Debug\CE95395.a(USB_std.o)
                0x0000220c                USB_HandleStandardRqst
 .text.USB_ReadDieID
                0x000026b0       0x90 .\CortexM3\ARM_GCC_493\Debug\CE95395.a(USB_std.o)
                0x000026b0                USB_ReadDieID
 .text.USB_ConfigReg
                0x00002740      0x180 .\CortexM3\ARM_GCC_493\Debug\CE95395.a(USB_std.o)
                0x00002740                USB_ConfigReg
 .text.USB_Config
                0x000028c0      0x33c .\CortexM3\ARM_GCC_493\Debug\CE95395.a(USB_std.o)
                0x000028c0                USB_Config
 .text.USB_ConfigAltChanged
                0x00002bfc      0x27c .\CortexM3\ARM_GCC_493\Debug\CE95395.a(USB_std.o)
                0x00002bfc                USB_ConfigAltChanged
 .text.USB_GetConfigTablePtr
                0x00002e78       0x54 .\CortexM3\ARM_GCC_493\Debug\CE95395.a(USB_std.o)
                0x00002e78                USB_GetConfigTablePtr
 .text.USB_GetDeviceTablePtr
                0x00002ecc       0x24 .\CortexM3\ARM_GCC_493\Debug\CE95395.a(USB_std.o)
                0x00002ecc                USB_GetDeviceTablePtr
 .text.USB_GetInterfaceClassTablePtr
                0x00002ef0       0x4c .\CortexM3\ARM_GCC_493\Debug\CE95395.a(USB_std.o)
                0x00002ef0                USB_GetInterfaceClassTablePtr
 .text.USB_SetEndpointHalt
                0x00002f3c       0xe0 .\CortexM3\ARM_GCC_493\Debug\CE95395.a(USB_std.o)
                0x00002f3c                USB_SetEndpointHalt
 .text.USB_ClearEndpointHalt
                0x0000301c      0x144 .\CortexM3\ARM_GCC_493\Debug\CE95395.a(USB_std.o)
                0x0000301c                USB_ClearEndpointHalt
 .text.USB_ValidateAlternateSetting
                0x00003160       0x78 .\CortexM3\ARM_GCC_493\Debug\CE95395.a(USB_std.o)
                0x00003160                USB_ValidateAlternateSetting
 .text.USB_HandleVendorRqst
                0x000031d8       0x58 .\CortexM3\ARM_GCC_493\Debug\CE95395.a(USB_vnd.o)
                0x000031d8                USB_HandleVendorRqst
 .text.USB_MIDI_EP_Init
                0x00003230       0x24 .\CortexM3\ARM_GCC_493\Debug\CE95395.a(USB_midi.o)
                0x00003230                USB_MIDI_EP_Init
 .text.USB_MIDI_OUT_EP_Service
                0x00003254       0xcc .\CortexM3\ARM_GCC_493\Debug\CE95395.a(USB_midi.o)
                0x00003254                USB_MIDI_OUT_EP_Service
 .text.USB_MIDI_IN_EP_Service
                0x00003320       0x4c .\CortexM3\ARM_GCC_493\Debug\CE95395.a(USB_midi.o)
                0x00003320                USB_MIDI_IN_EP_Service
 .text.USB_MIDI_IN_Service
                0x0000336c       0x98 .\CortexM3\ARM_GCC_493\Debug\CE95395.a(USB_midi.o)
                0x0000336c                USB_MIDI_IN_Service
 .text.USB_PutUsbMidiIn
                0x00003404      0x144 .\CortexM3\ARM_GCC_493\Debug\CE95395.a(USB_midi.o)
                0x00003404                USB_PutUsbMidiIn
 .text.USB_PrepareInBuffer
                0x00003548      0x380 .\CortexM3\ARM_GCC_493\Debug\CE95395.a(USB_midi.o)
                0x00003548                USB_PrepareInBuffer
 .text.USB_MIDI_Init
                0x000038c8       0x90 .\CortexM3\ARM_GCC_493\Debug\CE95395.a(USB_midi.o)
                0x000038c8                USB_MIDI_Init
 .text.USB_ProcessMidiIn
                0x00003958      0x268 .\CortexM3\ARM_GCC_493\Debug\CE95395.a(USB_midi.o)
                0x00003958                USB_ProcessMidiIn
 .text.USB_MIDI1_GetEvent
                0x00003bc0       0xa8 .\CortexM3\ARM_GCC_493\Debug\CE95395.a(USB_midi.o)
                0x00003bc0                USB_MIDI1_GetEvent
 .text.USB_MIDI1_ProcessUsbOut
                0x00003c68      0x154 .\CortexM3\ARM_GCC_493\Debug\CE95395.a(USB_midi.o)
                0x00003c68                USB_MIDI1_ProcessUsbOut
 .text.USB_MIDI2_GetEvent
                0x00003dbc       0xa8 .\CortexM3\ARM_GCC_493\Debug\CE95395.a(USB_midi.o)
                0x00003dbc                USB_MIDI2_GetEvent
 .text.USB_MIDI2_ProcessUsbOut
                0x00003e64      0x154 .\CortexM3\ARM_GCC_493\Debug\CE95395.a(USB_midi.o)
                0x00003e64                USB_MIDI2_ProcessUsbOut
 .text.Sleep_isr_StartEx
                0x00003fb8       0x24 .\CortexM3\ARM_GCC_493\Debug\CE95395.a(Sleep_isr.o)
                0x00003fb8                Sleep_isr_StartEx
 .text.Sleep_isr_SetVector
                0x00003fdc       0x24 .\CortexM3\ARM_GCC_493\Debug\CE95395.a(Sleep_isr.o)
                0x00003fdc                Sleep_isr_SetVector
 .text.Sleep_isr_SetPriority
                0x00004000       0x24 .\CortexM3\ARM_GCC_493\Debug\CE95395.a(Sleep_isr.o)
                0x00004000                Sleep_isr_SetPriority
 .text.Sleep_isr_Enable
                0x00004024       0x18 .\CortexM3\ARM_GCC_493\Debug\CE95395.a(Sleep_isr.o)
                0x00004024                Sleep_isr_Enable
 .text.Sleep_isr_Disable
                0x0000403c       0x18 .\CortexM3\ARM_GCC_493\Debug\CE95395.a(Sleep_isr.o)
                0x0000403c                Sleep_isr_Disable
 .text.CyPLL_OUT_Start
                0x00004054       0xb0 .\CortexM3\ARM_GCC_493\Debug\CE95395.a(CyLib.o)
                0x00004054                CyPLL_OUT_Start
 .text.CyPLL_OUT_Stop
                0x00004104       0x20 .\CortexM3\ARM_GCC_493\Debug\CE95395.a(CyLib.o)
                0x00004104                CyPLL_OUT_Stop
 .text.CyIMO_Start
                0x00004124       0x94 .\CortexM3\ARM_GCC_493\Debug\CE95395.a(CyLib.o)
                0x00004124                CyIMO_Start
 .text.CyIMO_Stop
                0x000041b8       0x34 .\CortexM3\ARM_GCC_493\Debug\CE95395.a(CyLib.o)
                0x000041b8                CyIMO_Stop
 .text.CyUSB_PowerOnCheck
                0x000041ec       0x60 .\CortexM3\ARM_GCC_493\Debug\CE95395.a(CyLib.o)
 .text.CyIMO_SetTrimValue
                0x0000424c      0x108 .\CortexM3\ARM_GCC_493\Debug\CE95395.a(CyLib.o)
 .text.CyIMO_SetFreq
                0x00004354      0x1ac .\CortexM3\ARM_GCC_493\Debug\CE95395.a(CyLib.o)
                0x00004354                CyIMO_SetFreq
 .text.CyIMO_SetSource
                0x00004500       0x8c .\CortexM3\ARM_GCC_493\Debug\CE95395.a(CyLib.o)
                0x00004500                CyIMO_SetSource
 .text.CyIMO_EnableDoubler
                0x0000458c       0x20 .\CortexM3\ARM_GCC_493\Debug\CE95395.a(CyLib.o)
                0x0000458c                CyIMO_EnableDoubler
 .text.CyIMO_DisableDoubler
                0x000045ac       0x20 .\CortexM3\ARM_GCC_493\Debug\CE95395.a(CyLib.o)
                0x000045ac                CyIMO_DisableDoubler
 .text.CyMasterClk_SetSource
                0x000045cc       0x34 .\CortexM3\ARM_GCC_493\Debug\CE95395.a(CyLib.o)
                0x000045cc                CyMasterClk_SetSource
 .text.CyMasterClk_SetDivider
                0x00004600       0x20 .\CortexM3\ARM_GCC_493\Debug\CE95395.a(CyLib.o)
                0x00004600                CyMasterClk_SetDivider
 .text.CyBusClk_Internal_SetDivider
                0x00004620       0x78 .\CortexM3\ARM_GCC_493\Debug\CE95395.a(CyLib.o)
 .text.CyBusClk_SetDivider
                0x00004698       0xb4 .\CortexM3\ARM_GCC_493\Debug\CE95395.a(CyLib.o)
                0x00004698                CyBusClk_SetDivider
 .text.CyILO_Start100K
                0x0000474c       0x20 .\CortexM3\ARM_GCC_493\Debug\CE95395.a(CyLib.o)
                0x0000474c                CyILO_Start100K
 .text.CyILO_Stop100K
                0x0000476c       0x20 .\CortexM3\ARM_GCC_493\Debug\CE95395.a(CyLib.o)
                0x0000476c                CyILO_Stop100K
 .text.CyXTAL_Start
                0x0000478c       0xd0 .\CortexM3\ARM_GCC_493\Debug\CE95395.a(CyLib.o)
                0x0000478c                CyXTAL_Start
 .text.CyXTAL_Stop
                0x0000485c       0x20 .\CortexM3\ARM_GCC_493\Debug\CE95395.a(CyLib.o)
                0x0000485c                CyXTAL_Stop
 .text.CyHalt   0x0000487c       0x18 .\CortexM3\ARM_GCC_493\Debug\CE95395.a(CyLib.o)
                0x0000487c                CyHalt
 .text.CyDelay  0x00004894       0x44 .\CortexM3\ARM_GCC_493\Debug\CE95395.a(CyLib.o)
                0x00004894                CyDelay
 .text.CyDelayUs
                0x000048d8       0x24 .\CortexM3\ARM_GCC_493\Debug\CE95395.a(CyLib.o)
                0x000048d8                CyDelayUs
 .text.CyIntSetVector
                0x000048fc       0x50 .\CortexM3\ARM_GCC_493\Debug\CE95395.a(CyLib.o)
                0x000048fc                CyIntSetVector
 .text.CyIntSetPriority
                0x0000494c       0x44 .\CortexM3\ARM_GCC_493\Debug\CE95395.a(CyLib.o)
                0x0000494c                CyIntSetPriority
 .text.CyPmSaveClocks
                0x00004990      0x284 .\CortexM3\ARM_GCC_493\Debug\CE95395.a(cyPm.o)
                0x00004990                CyPmSaveClocks
 .text.CyPmRestoreClocks
                0x00004c14      0x300 .\CortexM3\ARM_GCC_493\Debug\CE95395.a(cyPm.o)
                0x00004c14                CyPmRestoreClocks
 .text.CyPmSleep
                0x00004f14      0x170 .\CortexM3\ARM_GCC_493\Debug\CE95395.a(cyPm.o)
                0x00004f14                CyPmSleep
 .text.CyPmReadStatus
                0x00005084       0x58 .\CortexM3\ARM_GCC_493\Debug\CE95395.a(cyPm.o)
                0x00005084                CyPmReadStatus
 .text.CyPmFtwSetInterval
                0x000050dc       0x90 .\CortexM3\ARM_GCC_493\Debug\CE95395.a(cyPm.o)
                0x000050dc                CyPmFtwSetInterval
 .text.CyPmHibSlpSaveSet
                0x0000516c      0x280 .\CortexM3\ARM_GCC_493\Debug\CE95395.a(cyPm.o)
 .text.CyPmHibSlpRestore
                0x000053ec      0x188 .\CortexM3\ARM_GCC_493\Debug\CE95395.a(cyPm.o)
 .text.LCD_Char_1_Init
                0x00005574       0x6c .\CortexM3\ARM_GCC_493\Debug\CE95395.a(LCD_Char_1.o)
                0x00005574                LCD_Char_1_Init
 .text.LCD_Char_1_Enable
                0x000055e0       0x18 .\CortexM3\ARM_GCC_493\Debug\CE95395.a(LCD_Char_1.o)
                0x000055e0                LCD_Char_1_Enable
 .text.LCD_Char_1_Start
                0x000055f8       0x20 .\CortexM3\ARM_GCC_493\Debug\CE95395.a(LCD_Char_1.o)
                0x000055f8                LCD_Char_1_Start
 .text.LCD_Char_1_Position
                0x00005618       0x6c .\CortexM3\ARM_GCC_493\Debug\CE95395.a(LCD_Char_1.o)
                0x00005618                LCD_Char_1_Position
 .text.LCD_Char_1_PrintString
                0x00005684       0x38 .\CortexM3\ARM_GCC_493\Debug\CE95395.a(LCD_Char_1.o)
                0x00005684                LCD_Char_1_PrintString
 .text.LCD_Char_1_WriteData
                0x000056bc       0x34 .\CortexM3\ARM_GCC_493\Debug\CE95395.a(LCD_Char_1.o)
                0x000056bc                LCD_Char_1_WriteData
 .text.LCD_Char_1_WriteControl
                0x000056f0       0x34 .\CortexM3\ARM_GCC_493\Debug\CE95395.a(LCD_Char_1.o)
                0x000056f0                LCD_Char_1_WriteControl
 .text.LCD_Char_1_IsReady
                0x00005724      0x178 .\CortexM3\ARM_GCC_493\Debug\CE95395.a(LCD_Char_1.o)
                0x00005724                LCD_Char_1_IsReady
 .text.LCD_Char_1_WrDatNib
                0x0000589c       0x78 .\CortexM3\ARM_GCC_493\Debug\CE95395.a(LCD_Char_1.o)
 .text.LCD_Char_1_WrCntrlNib
                0x00005914       0x60 .\CortexM3\ARM_GCC_493\Debug\CE95395.a(LCD_Char_1.o)
 .text.LCD_Char_1_PrintU32Number
                0x00005974       0xa4 .\CortexM3\ARM_GCC_493\Debug\CE95395.a(LCD_Char_1.o)
                0x00005974                LCD_Char_1_PrintU32Number
 .text          0x00005a18       0x20 .\CortexM3\ARM_GCC_493\Debug\CE95395.a(CyBootAsmGnu.o)
                0x00005a18                CyDelayCycles
                0x00005a28                CyEnterCriticalSection
                0x00005a30                CyExitCriticalSection
 .text.MIDI1_UART_Start
                0x00005a38       0x20 .\CortexM3\ARM_GCC_493\Debug\CE95395.a(MIDI1_UART.o)
                0x00005a38                MIDI1_UART_Start
 .text.MIDI1_UART_Init
                0x00005a58       0x60 .\CortexM3\ARM_GCC_493\Debug\CE95395.a(MIDI1_UART.o)
                0x00005a58                MIDI1_UART_Init
 .text.MIDI1_UART_Enable
                0x00005ab8       0x68 .\CortexM3\ARM_GCC_493\Debug\CE95395.a(MIDI1_UART.o)
                0x00005ab8                MIDI1_UART_Enable
 .text.MIDI1_UART_Stop
                0x00005b20       0x60 .\CortexM3\ARM_GCC_493\Debug\CE95395.a(MIDI1_UART.o)
                0x00005b20                MIDI1_UART_Stop
 .text.MIDI1_UART_EnableRxInt
                0x00005b80       0x18 .\CortexM3\ARM_GCC_493\Debug\CE95395.a(MIDI1_UART.o)
                0x00005b80                MIDI1_UART_EnableRxInt
 .text.MIDI1_UART_DisableRxInt
                0x00005b98       0x18 .\CortexM3\ARM_GCC_493\Debug\CE95395.a(MIDI1_UART.o)
                0x00005b98                MIDI1_UART_DisableRxInt
 .text.MIDI1_UART_ClearRxBuffer
                0x00005bb0       0x70 .\CortexM3\ARM_GCC_493\Debug\CE95395.a(MIDI1_UART.o)
                0x00005bb0                MIDI1_UART_ClearRxBuffer
 .text.MIDI1_UART_EnableTxInt
                0x00005c20       0x18 .\CortexM3\ARM_GCC_493\Debug\CE95395.a(MIDI1_UART.o)
                0x00005c20                MIDI1_UART_EnableTxInt
 .text.MIDI1_UART_DisableTxInt
                0x00005c38       0x18 .\CortexM3\ARM_GCC_493\Debug\CE95395.a(MIDI1_UART.o)
                0x00005c38                MIDI1_UART_DisableTxInt
 .text.MIDI1_UART_PutChar
                0x00005c50       0xa0 .\CortexM3\ARM_GCC_493\Debug\CE95395.a(MIDI1_UART.o)
                0x00005c50                MIDI1_UART_PutChar
 .text.MIDI1_UART_ClearTxBuffer
                0x00005cf0       0x5c .\CortexM3\ARM_GCC_493\Debug\CE95395.a(MIDI1_UART.o)
                0x00005cf0                MIDI1_UART_ClearTxBuffer
 .text.MIDI2_UART_Start
                0x00005d4c       0x20 .\CortexM3\ARM_GCC_493\Debug\CE95395.a(MIDI2_UART.o)
                0x00005d4c                MIDI2_UART_Start
 .text.MIDI2_UART_Init
                0x00005d6c       0x60 .\CortexM3\ARM_GCC_493\Debug\CE95395.a(MIDI2_UART.o)
                0x00005d6c                MIDI2_UART_Init
 .text.MIDI2_UART_Enable
                0x00005dcc       0x68 .\CortexM3\ARM_GCC_493\Debug\CE95395.a(MIDI2_UART.o)
                0x00005dcc                MIDI2_UART_Enable
 .text.MIDI2_UART_Stop
                0x00005e34       0x60 .\CortexM3\ARM_GCC_493\Debug\CE95395.a(MIDI2_UART.o)
                0x00005e34                MIDI2_UART_Stop
 .text.MIDI2_UART_EnableRxInt
                0x00005e94       0x18 .\CortexM3\ARM_GCC_493\Debug\CE95395.a(MIDI2_UART.o)
                0x00005e94                MIDI2_UART_EnableRxInt
 .text.MIDI2_UART_DisableRxInt
                0x00005eac       0x18 .\CortexM3\ARM_GCC_493\Debug\CE95395.a(MIDI2_UART.o)
                0x00005eac                MIDI2_UART_DisableRxInt
 .text.MIDI2_UART_ClearRxBuffer
                0x00005ec4       0x70 .\CortexM3\ARM_GCC_493\Debug\CE95395.a(MIDI2_UART.o)
                0x00005ec4                MIDI2_UART_ClearRxBuffer
 .text.MIDI2_UART_EnableTxInt
                0x00005f34       0x18 .\CortexM3\ARM_GCC_493\Debug\CE95395.a(MIDI2_UART.o)
                0x00005f34                MIDI2_UART_EnableTxInt
 .text.MIDI2_UART_DisableTxInt
                0x00005f4c       0x18 .\CortexM3\ARM_GCC_493\Debug\CE95395.a(MIDI2_UART.o)
                0x00005f4c                MIDI2_UART_DisableTxInt
 .text.MIDI2_UART_PutChar
                0x00005f64       0xa0 .\CortexM3\ARM_GCC_493\Debug\CE95395.a(MIDI2_UART.o)
                0x00005f64                MIDI2_UART_PutChar
 .text.MIDI2_UART_ClearTxBuffer
                0x00006004       0x5c .\CortexM3\ARM_GCC_493\Debug\CE95395.a(MIDI2_UART.o)
                0x00006004                MIDI2_UART_ClearTxBuffer
 .text.LED_OutB_Write
                0x00006060       0x34 .\CortexM3\ARM_GCC_493\Debug\CE95395.a(LED_OutB.o)
                0x00006060                LED_OutB_Write
 .text.LED_OutA_Write
                0x00006094       0x3c .\CortexM3\ARM_GCC_493\Debug\CE95395.a(LED_OutA.o)
                0x00006094                LED_OutA_Write
 .text.USB_DispatchClassRqst
                0x000060d0       0x8c .\CortexM3\ARM_GCC_493\Debug\CE95395.a(USB_cls.o)
                0x000060d0                USB_DispatchClassRqst
 .text.CyFlash_SetWaitCycles
                0x0000615c       0x90 .\CortexM3\ARM_GCC_493\Debug\CE95395.a(CyFlash.o)
                0x0000615c                CyFlash_SetWaitCycles
 .text.MIDI1_UART_RXISR
                0x000061ec       0xb0 .\CortexM3\ARM_GCC_493\Debug\CE95395.a(MIDI1_UART_INT.o)
                0x000061ec                MIDI1_UART_RXISR
 .text.MIDI1_UART_TXISR
                0x0000629c       0x70 .\CortexM3\ARM_GCC_493\Debug\CE95395.a(MIDI1_UART_INT.o)
                0x0000629c                MIDI1_UART_TXISR
 .text.MIDI2_UART_RXISR
                0x0000630c       0xb0 .\CortexM3\ARM_GCC_493\Debug\CE95395.a(MIDI2_UART_INT.o)
                0x0000630c                MIDI2_UART_RXISR
 .text.MIDI2_UART_TXISR
                0x000063bc       0x70 .\CortexM3\ARM_GCC_493\Debug\CE95395.a(MIDI2_UART_INT.o)
                0x000063bc                MIDI2_UART_TXISR
 .text.LED_InB_Write
                0x0000642c       0x3c .\CortexM3\ARM_GCC_493\Debug\CE95395.a(LED_InB.o)
                0x0000642c                LED_InB_Write
 .text.LED_InA_Write
                0x00006468       0x3c .\CortexM3\ARM_GCC_493\Debug\CE95395.a(LED_InA.o)
                0x00006468                LED_InA_Write
 .text.USB_DispatchAUDIOClassRqst
                0x000064a4       0x9c .\CortexM3\ARM_GCC_493\Debug\CE95395.a(USB_audio.o)
                0x000064a4                USB_DispatchAUDIOClassRqst
 .text.cos      0x00006540       0x90 c:/program files (x86)/cypress/psoc creator/4.0/psoc creator/import/gnu/arm/4.9.3/bin/../lib/gcc/arm-none-eabi/4.9.3/../../../../arm-none-eabi/lib/armv7-m\libm.a(lib_a-s_cos.o)
                0x00006540                cos
 .text.sin      0x000065d0       0x94 c:/program files (x86)/cypress/psoc creator/4.0/psoc creator/import/gnu/arm/4.9.3/bin/../lib/gcc/arm-none-eabi/4.9.3/../../../../arm-none-eabi/lib/armv7-m\libm.a(lib_a-s_sin.o)
                0x000065d0                sin
 .text.pow      0x00006664      0x2f0 c:/program files (x86)/cypress/psoc creator/4.0/psoc creator/import/gnu/arm/4.9.3/bin/../lib/gcc/arm-none-eabi/4.9.3/../../../../arm-none-eabi/lib/armv7-m\libm.a(lib_a-w_pow.o)
                0x00006664                pow
 *fill*         0x00006954        0x4 
 .text.__ieee754_pow
                0x00006958      0xaa0 c:/program files (x86)/cypress/psoc creator/4.0/psoc creator/import/gnu/arm/4.9.3/bin/../lib/gcc/arm-none-eabi/4.9.3/../../../../arm-none-eabi/lib/armv7-m\libm.a(lib_a-e_pow.o)
                0x00006958                __ieee754_pow
 .text.__ieee754_rem_pio2
                0x000073f8      0x428 c:/program files (x86)/cypress/psoc creator/4.0/psoc creator/import/gnu/arm/4.9.3/bin/../lib/gcc/arm-none-eabi/4.9.3/../../../../arm-none-eabi/lib/armv7-m\libm.a(lib_a-e_rem_pio2.o)
                0x000073f8                __ieee754_rem_pio2
 .text.__ieee754_sqrt
                0x00007820      0x18c c:/program files (x86)/cypress/psoc creator/4.0/psoc creator/import/gnu/arm/4.9.3/bin/../lib/gcc/arm-none-eabi/4.9.3/../../../../arm-none-eabi/lib/armv7-m\libm.a(lib_a-e_sqrt.o)
                0x00007820                __ieee754_sqrt
 *fill*         0x000079ac        0x4 
 .text.__kernel_cos
                0x000079b0      0x248 c:/program files (x86)/cypress/psoc creator/4.0/psoc creator/import/gnu/arm/4.9.3/bin/../lib/gcc/arm-none-eabi/4.9.3/../../../../arm-none-eabi/lib/armv7-m\libm.a(lib_a-k_cos.o)
                0x000079b0                __kernel_cos
 .text.__kernel_rem_pio2
                0x00007bf8      0x808 c:/program files (x86)/cypress/psoc creator/4.0/psoc creator/import/gnu/arm/4.9.3/bin/../lib/gcc/arm-none-eabi/4.9.3/../../../../arm-none-eabi/lib/armv7-m\libm.a(lib_a-k_rem_pio2.o)
                0x00007bf8                __kernel_rem_pio2
 .text.__kernel_sin
                0x00008400      0x170 c:/program files (x86)/cypress/psoc creator/4.0/psoc creator/import/gnu/arm/4.9.3/bin/../lib/gcc/arm-none-eabi/4.9.3/../../../../arm-none-eabi/lib/armv7-m\libm.a(lib_a-k_sin.o)
                0x00008400                __kernel_sin
 .text.fabs     0x00008570        0x8 c:/program files (x86)/cypress/psoc creator/4.0/psoc creator/import/gnu/arm/4.9.3/bin/../lib/gcc/arm-none-eabi/4.9.3/../../../../arm-none-eabi/lib/armv7-m\libm.a(lib_a-s_fabs.o)
                0x00008570                fabs
 .text.finite   0x00008578        0xc c:/program files (x86)/cypress/psoc creator/4.0/psoc creator/import/gnu/arm/4.9.3/bin/../lib/gcc/arm-none-eabi/4.9.3/../../../../arm-none-eabi/lib/armv7-m\libm.a(lib_a-s_finite.o)
                0x00008578                finite
 *fill*         0x00008584        0x4 
 .text.floor    0x00008588      0x118 c:/program files (x86)/cypress/psoc creator/4.0/psoc creator/import/gnu/arm/4.9.3/bin/../lib/gcc/arm-none-eabi/4.9.3/../../../../arm-none-eabi/lib/armv7-m\libm.a(lib_a-s_floor.o)
                0x00008588                floor
 .text.__fpclassifyd
                0x000086a0       0x58 c:/program files (x86)/cypress/psoc creator/4.0/psoc creator/import/gnu/arm/4.9.3/bin/../lib/gcc/arm-none-eabi/4.9.3/../../../../arm-none-eabi/lib/armv7-m\libm.a(lib_a-s_fpclassify.o)
                0x000086a0                __fpclassifyd
 .text.matherr  0x000086f8        0x4 c:/program files (x86)/cypress/psoc creator/4.0/psoc creator/import/gnu/arm/4.9.3/bin/../lib/gcc/arm-none-eabi/4.9.3/../../../../arm-none-eabi/lib/armv7-m\libm.a(lib_a-s_matherr.o)
                0x000086f8                matherr
 .text.nan      0x000086fc        0xc c:/program files (x86)/cypress/psoc creator/4.0/psoc creator/import/gnu/arm/4.9.3/bin/../lib/gcc/arm-none-eabi/4.9.3/../../../../arm-none-eabi/lib/armv7-m\libm.a(lib_a-s_nan.o)
                0x000086fc                nan
 .text.rint     0x00008708      0x11c c:/program files (x86)/cypress/psoc creator/4.0/psoc creator/import/gnu/arm/4.9.3/bin/../lib/gcc/arm-none-eabi/4.9.3/../../../../arm-none-eabi/lib/armv7-m\libm.a(lib_a-s_rint.o)
                0x00008708                rint
 *fill*         0x00008824        0x4 
 .text.scalbn   0x00008828       0xf0 c:/program files (x86)/cypress/psoc creator/4.0/psoc creator/import/gnu/arm/4.9.3/bin/../lib/gcc/arm-none-eabi/4.9.3/../../../../arm-none-eabi/lib/armv7-m\libm.a(lib_a-s_scalbn.o)
                0x00008828                scalbn
 .text.copysign
                0x00008918       0x10 c:/program files (x86)/cypress/psoc creator/4.0/psoc creator/import/gnu/arm/4.9.3/bin/../lib/gcc/arm-none-eabi/4.9.3/../../../../arm-none-eabi/lib/armv7-m\libm.a(lib_a-s_copysign.o)
                0x00008918                copysign
 .text          0x00008928      0x370 c:/program files (x86)/cypress/psoc creator/4.0/psoc creator/import/gnu/arm/4.9.3/bin/../lib/gcc/arm-none-eabi/4.9.3/armv7-m\libgcc.a(_arm_addsubdf3.o)
                0x00008928                __aeabi_drsub
                0x00008930                __aeabi_dsub
                0x00008930                __subdf3
                0x00008934                __aeabi_dadd
                0x00008934                __adddf3
                0x00008bac                __floatunsidf
                0x00008bac                __aeabi_ui2d
                0x00008bcc                __floatsidf
                0x00008bcc                __aeabi_i2d
                0x00008bf0                __aeabi_f2d
                0x00008bf0                __extendsfdf2
                0x00008c2c                __floatundidf
                0x00008c2c                __aeabi_ul2d
                0x00008c3c                __floatdidf
                0x00008c3c                __aeabi_l2d
 .text          0x00008c98      0x424 c:/program files (x86)/cypress/psoc creator/4.0/psoc creator/import/gnu/arm/4.9.3/bin/../lib/gcc/arm-none-eabi/4.9.3/armv7-m\libgcc.a(_arm_muldivdf3.o)
                0x00008c98                __aeabi_dmul
                0x00008c98                __muldf3
                0x00008eec                __divdf3
                0x00008eec                __aeabi_ddiv
 .text          0x000090bc      0x110 c:/program files (x86)/cypress/psoc creator/4.0/psoc creator/import/gnu/arm/4.9.3/bin/../lib/gcc/arm-none-eabi/4.9.3/armv7-m\libgcc.a(_arm_cmpdf2.o)
                0x000090bc                __gtdf2
                0x000090bc                __gedf2
                0x000090c4                __ltdf2
                0x000090c4                __ledf2
                0x000090cc                __nedf2
                0x000090cc                __eqdf2
                0x000090cc                __cmpdf2
                0x00009148                __aeabi_cdrcmple
                0x00009158                __aeabi_cdcmpeq
                0x00009158                __aeabi_cdcmple
                0x00009168                __aeabi_dcmpeq
                0x0000917c                __aeabi_dcmplt
                0x00009190                __aeabi_dcmple
                0x000091a4                __aeabi_dcmpge
                0x000091b8                __aeabi_dcmpgt
 .text          0x000091cc       0x50 c:/program files (x86)/cypress/psoc creator/4.0/psoc creator/import/gnu/arm/4.9.3/bin/../lib/gcc/arm-none-eabi/4.9.3/armv7-m\libgcc.a(_arm_fixdfsi.o)
                0x000091cc                __aeabi_d2iz
                0x000091cc                __fixdfsi
 .text          0x0000921c       0x40 c:/program files (x86)/cypress/psoc creator/4.0/psoc creator/import/gnu/arm/4.9.3/bin/../lib/gcc/arm-none-eabi/4.9.3/armv7-m\libgcc.a(_arm_fixunsdfsi.o)
                0x0000921c                __aeabi_d2uiz
                0x0000921c                __fixunsdfsi
 .text.__errno  0x0000925c        0xc c:/program files (x86)/cypress/psoc creator/4.0/psoc creator/import/gnu/arm/4.9.3/bin/../lib/gcc/arm-none-eabi/4.9.3/../../../../arm-none-eabi/lib/armv7-m\libg_nano.a(lib_a-errno.o)
                0x0000925c                __errno
 .text.__libc_init_array
                0x00009268       0x4c c:/program files (x86)/cypress/psoc creator/4.0/psoc creator/import/gnu/arm/4.9.3/bin/../lib/gcc/arm-none-eabi/4.9.3/../../../../arm-none-eabi/lib/armv7-m\libg_nano.a(lib_a-init.o)
                0x00009268                __libc_init_array
 .text.memcpy   0x000092b4       0x16 c:/program files (x86)/cypress/psoc creator/4.0/psoc creator/import/gnu/arm/4.9.3/bin/../lib/gcc/arm-none-eabi/4.9.3/../../../../arm-none-eabi/lib/armv7-m\libg_nano.a(lib_a-memcpy.o)
                0x000092b4                memcpy
 .text.memset   0x000092ca       0x10 c:/program files (x86)/cypress/psoc creator/4.0/psoc creator/import/gnu/arm/4.9.3/bin/../lib/gcc/arm-none-eabi/4.9.3/../../../../arm-none-eabi/lib/armv7-m\libg_nano.a(lib_a-memset.o)
                0x000092ca                memset
 *(.plt)
 *(.gnu.warning)
 *(.glue_7t)
 .glue_7t       0x00000000        0x0 linker stubs
 *(.glue_7)
 .glue_7        0x00000000        0x0 linker stubs
 *(.vfp11_veneer)
 .vfp11_veneer  0x00000000        0x0 linker stubs
 *(.bootloader)
 *(.ARM.extab* .gnu.linkonce.armextab.*)
 *(.gcc_except_table)

.v4_bx          0x000092dc        0x0
 .v4_bx         0x00000000        0x0 linker stubs

.iplt           0x000092dc        0x0
 .iplt          0x00000000        0x0 c:/program files (x86)/cypress/psoc creator/4.0/psoc creator/import/gnu/arm/4.9.3/bin/../lib/gcc/arm-none-eabi/4.9.3/armv7-m/crtbegin.o

.eh_frame_hdr
 *(.eh_frame_hdr)

.eh_frame       0x000092dc        0x4
 *(.eh_frame)
 .eh_frame      0x000092dc        0x0 c:/program files (x86)/cypress/psoc creator/4.0/psoc creator/import/gnu/arm/4.9.3/bin/../lib/gcc/arm-none-eabi/4.9.3/armv7-m/crtbegin.o
 .eh_frame      0x000092dc        0x4 c:/program files (x86)/cypress/psoc creator/4.0/psoc creator/import/gnu/arm/4.9.3/bin/../lib/gcc/arm-none-eabi/4.9.3/armv7-m/crtend.o
                0x000092e0                PROVIDE (__exidx_start, .)

.ARM.exidx
 *(.ARM.exidx* .gnu.linkonce.armexidx.*)
                0x000092e0                __exidx_end = .

.rodata         0x000092e0     0x24d0
 *(.rodata .rodata.* .gnu.linkonce.r.*)
 .rodata        0x000092e0     0x2010 .\CortexM3\ARM_GCC_493\Debug\main.o
                0x000092e0                MIDI_IDENTITY_REPLY
 .rodata        0x0000b2f0       0x44 .\CortexM3\ARM_GCC_493\Debug\CE95395.a(cyfitter_cfg.o)
 .rodata        0x0000b334       0x14 .\CortexM3\ARM_GCC_493\Debug\CE95395.a(USB_std.o)
 .rodata        0x0000b348       0x10 .\CortexM3\ARM_GCC_493\Debug\CE95395.a(USB_midi.o)
 .rodata        0x0000b358       0x10 .\CortexM3\ARM_GCC_493\Debug\CE95395.a(cyPm.o)
 .rodata        0x0000b368      0x1ec .\CortexM3\ARM_GCC_493\Debug\CE95395.a(USB_descr.o)
                0x0000b368                USB_DEVICE0_DESCR
                0x0000b37c                USB_DEVICE0_CONFIGURATION0_DESCR
                0x0000b404                USB_STRING_DESCRIPTORS
                0x0000b4c0                USB_SN_STRING_DESCRIPTOR
                0x0000b4c4                USB_DEVICE0_CONFIGURATION0_EP_SETTINGS_TABLE
                0x0000b4d4                USB_DEVICE0_CONFIGURATION0_INTERFACE_CLASS
                0x0000b4d8                USB_DEVICE0_CONFIGURATION0_TABLE
                0x0000b500                USB_DEVICE0_TABLE
                0x0000b510                USB_TABLE
                0x0000b518                USB_MSOS_DESCRIPTOR
                0x0000b52c                USB_MSOS_CONFIGURATION_DESCR
 .rodata.str1.4
                0x0000b554        0x4 c:/program files (x86)/cypress/psoc creator/4.0/psoc creator/import/gnu/arm/4.9.3/bin/../lib/gcc/arm-none-eabi/4.9.3/../../../../arm-none-eabi/lib/armv7-m\libm.a(lib_a-w_pow.o)
 .rodata.dp_h   0x0000b558       0x10 c:/program files (x86)/cypress/psoc creator/4.0/psoc creator/import/gnu/arm/4.9.3/bin/../lib/gcc/arm-none-eabi/4.9.3/../../../../arm-none-eabi/lib/armv7-m\libm.a(lib_a-e_pow.o)
 .rodata.dp_l   0x0000b568       0x10 c:/program files (x86)/cypress/psoc creator/4.0/psoc creator/import/gnu/arm/4.9.3/bin/../lib/gcc/arm-none-eabi/4.9.3/../../../../arm-none-eabi/lib/armv7-m\libm.a(lib_a-e_pow.o)
 .rodata.bp     0x0000b578       0x10 c:/program files (x86)/cypress/psoc creator/4.0/psoc creator/import/gnu/arm/4.9.3/bin/../lib/gcc/arm-none-eabi/4.9.3/../../../../arm-none-eabi/lib/armv7-m\libm.a(lib_a-e_pow.o)
 .rodata.str1.4
                0x0000b588        0x4 c:/program files (x86)/cypress/psoc creator/4.0/psoc creator/import/gnu/arm/4.9.3/bin/../lib/gcc/arm-none-eabi/4.9.3/../../../../arm-none-eabi/lib/armv7-m\libm.a(lib_a-e_pow.o)
 .rodata.npio2_hw
                0x0000b58c       0x80 c:/program files (x86)/cypress/psoc creator/4.0/psoc creator/import/gnu/arm/4.9.3/bin/../lib/gcc/arm-none-eabi/4.9.3/../../../../arm-none-eabi/lib/armv7-m\libm.a(lib_a-e_rem_pio2.o)
 .rodata.two_over_pi
                0x0000b60c      0x108 c:/program files (x86)/cypress/psoc creator/4.0/psoc creator/import/gnu/arm/4.9.3/bin/../lib/gcc/arm-none-eabi/4.9.3/../../../../arm-none-eabi/lib/armv7-m\libm.a(lib_a-e_rem_pio2.o)
 .rodata.init_jk
                0x0000b714       0x10 c:/program files (x86)/cypress/psoc creator/4.0/psoc creator/import/gnu/arm/4.9.3/bin/../lib/gcc/arm-none-eabi/4.9.3/../../../../arm-none-eabi/lib/armv7-m\libm.a(lib_a-k_rem_pio2.o)
 *fill*         0x0000b724        0x4 
 .rodata.PIo2   0x0000b728       0x40 c:/program files (x86)/cypress/psoc creator/4.0/psoc creator/import/gnu/arm/4.9.3/bin/../lib/gcc/arm-none-eabi/4.9.3/../../../../arm-none-eabi/lib/armv7-m\libm.a(lib_a-k_rem_pio2.o)
 .rodata.TWO52  0x0000b768       0x10 c:/program files (x86)/cypress/psoc creator/4.0/psoc creator/import/gnu/arm/4.9.3/bin/../lib/gcc/arm-none-eabi/4.9.3/../../../../arm-none-eabi/lib/armv7-m\libm.a(lib_a-s_rint.o)
 .rodata.str1.1
                0x0000b778        0x2 c:/program files (x86)/cypress/psoc creator/4.0/psoc creator/import/gnu/arm/4.9.3/bin/../lib/gcc/arm-none-eabi/4.9.3/../../../../arm-none-eabi/lib/armv7-m\libg_nano.a(lib_a-impure.o)
                0x0000b77c                . = ALIGN (0x4)
 *fill*         0x0000b77a        0x2 
 *(.init)
 .init          0x0000b77c        0x4 c:/program files (x86)/cypress/psoc creator/4.0/psoc creator/import/gnu/arm/4.9.3/bin/../lib/gcc/arm-none-eabi/4.9.3/armv7-m/crti.o
                0x0000b77c                _init
 .init          0x0000b780        0x8 c:/program files (x86)/cypress/psoc creator/4.0/psoc creator/import/gnu/arm/4.9.3/bin/../lib/gcc/arm-none-eabi/4.9.3/armv7-m/crtn.o
                0x0000b788                . = ALIGN (0x4)
                0x0000b788                __preinit_array_start = .
 *(.preinit_array)
                0x0000b788                __preinit_array_end = .
                0x0000b788                . = ALIGN (0x4)
                0x0000b788                __init_array_start = .
 *(SORT(.init_array.*))
 *(.init_array)
 .init_array    0x0000b788        0x4 c:/program files (x86)/cypress/psoc creator/4.0/psoc creator/import/gnu/arm/4.9.3/bin/../lib/gcc/arm-none-eabi/4.9.3/armv7-m/crtbegin.o
 .init_array    0x0000b78c        0x4 .\CortexM3\ARM_GCC_493\Debug\Cm3Start.o
                0x0000b790                __init_array_end = .
                0x0000b790                . = ALIGN (0x4)
 *(.fini)
 .fini          0x0000b790        0x4 c:/program files (x86)/cypress/psoc creator/4.0/psoc creator/import/gnu/arm/4.9.3/bin/../lib/gcc/arm-none-eabi/4.9.3/armv7-m/crti.o
                0x0000b790                _fini
 .fini          0x0000b794        0x8 c:/program files (x86)/cypress/psoc creator/4.0/psoc creator/import/gnu/arm/4.9.3/bin/../lib/gcc/arm-none-eabi/4.9.3/armv7-m/crtn.o
                0x0000b79c                . = ALIGN (0x4)
                0x0000b79c                __fini_array_start = .
 *(.fini_array)
 .fini_array    0x0000b79c        0x4 c:/program files (x86)/cypress/psoc creator/4.0/psoc creator/import/gnu/arm/4.9.3/bin/../lib/gcc/arm-none-eabi/4.9.3/armv7-m/crtbegin.o
 *(SORT(.fini_array.*))
                0x0000b7a0                __fini_array_end = .
                0x0000b7a0                . = ALIGN (0x4)
 *crtbegin.o(.ctors)
 *(EXCLUDE_FILE(*crtend.o) .ctors)
 *(SORT(.ctors.*))
 *crtend.o(.ctors)
                0x0000b7a0                . = ALIGN (0x4)
 *crtbegin.o(.dtors)
 *(EXCLUDE_FILE(*crtend.o) .dtors)
 *(SORT(.dtors.*))
 *crtend.o(.dtors)
                0x0000b7a0                . = ALIGN (0x4)
                0x0000b7a0                __cy_regions = .
                0x0000b7a0        0x4 LONG 0xb7b0 __cy_region_init_ram
                0x0000b7a4        0x4 LONG 0x1fff8108 __cy_region_start_data
                0x0000b7a8        0x4 LONG 0x80 __cy_region_init_size_ram
                0x0000b7ac        0x4 LONG 0x5b0 __cy_region_zero_size_ram
                0x0000b7b0                __cy_regions_end = .
                0x0000b7b0                . = ALIGN (0x8)
                0x0000b7b0                _etext = .

.ramvectors     0x1fff8000      0x100
                0x1fff8000                __cy_region_start_ram = .
 *(.ramvectors)
 .ramvectors    0x1fff8000      0x100 .\CortexM3\ARM_GCC_493\Debug\Cm3Start.o
                0x1fff8000                CyRamVectors

.noinit         0x1fff8100        0x5
 *(.noinit)
 .noinit        0x1fff8100        0x4 .\CortexM3\ARM_GCC_493\Debug\Cm3Start.o
 .noinit        0x1fff8104        0x1 .\CortexM3\ARM_GCC_493\Debug\CE95395.a(CyLib.o)
                0x1fff8104                CyResetStatus

.data           0x1fff8108       0x80 load address 0x0000b7b0
                0x1fff8108                __cy_region_start_data = .
 *(.jcr)
 .jcr           0x1fff8108        0x0 c:/program files (x86)/cypress/psoc creator/4.0/psoc creator/import/gnu/arm/4.9.3/bin/../lib/gcc/arm-none-eabi/4.9.3/armv7-m/crtbegin.o
 .jcr           0x1fff8108        0x4 c:/program files (x86)/cypress/psoc creator/4.0/psoc creator/import/gnu/arm/4.9.3/bin/../lib/gcc/arm-none-eabi/4.9.3/armv7-m/crtend.o
 *(.got.plt)
 *(.got)
 *(.shdata)
 *(.data .data.* .gnu.linkonce.d.*)
 .data          0x1fff810c       0x10 .\CortexM3\ARM_GCC_493\Debug\CE95395.a(CyLib.o)
                0x1fff810c                cydelay_freq_hz
                0x1fff8110                cydelay_freq_khz
                0x1fff8114                cydelay_freq_mhz
                0x1fff8118                cydelay_32k_ms
 .data.__fdlib_version
                0x1fff811c        0x1 c:/program files (x86)/cypress/psoc creator/4.0/psoc creator/import/gnu/arm/4.9.3/bin/../lib/gcc/arm-none-eabi/4.9.3/../../../../arm-none-eabi/lib/armv7-m\libm.a(lib_a-s_lib_ver.o)
                0x1fff811c                __fdlib_version
 *fill*         0x1fff811d        0x3 
 .data.impure_data
                0x1fff8120       0x60 c:/program files (x86)/cypress/psoc creator/4.0/psoc creator/import/gnu/arm/4.9.3/bin/../lib/gcc/arm-none-eabi/4.9.3/../../../../arm-none-eabi/lib/armv7-m\libg_nano.a(lib_a-impure.o)
 .data._impure_ptr
                0x1fff8180        0x4 c:/program files (x86)/cypress/psoc creator/4.0/psoc creator/import/gnu/arm/4.9.3/bin/../lib/gcc/arm-none-eabi/4.9.3/../../../../arm-none-eabi/lib/armv7-m\libg_nano.a(lib_a-impure.o)
                0x1fff8180                _impure_ptr
                0x1fff8188                . = ALIGN (0x8)
 *fill*         0x1fff8184        0x4 
 *(.ram)
                0x1fff8188                _edata = .

.igot.plt       0x1fff8188        0x0 load address 0x0000b830
 .igot.plt      0x00000000        0x0 c:/program files (x86)/cypress/psoc creator/4.0/psoc creator/import/gnu/arm/4.9.3/bin/../lib/gcc/arm-none-eabi/4.9.3/armv7-m/crtbegin.o

.bss            0x1fff8188      0x5b0 load address 0x0000b830
                0x1fff8188                PROVIDE (__bss_start__, .)
 *(.shbss)
 *(.bss .bss.* .gnu.linkonce.b.*)
 .bss           0x1fff8188       0x1c c:/program files (x86)/cypress/psoc creator/4.0/psoc creator/import/gnu/arm/4.9.3/bin/../lib/gcc/arm-none-eabi/4.9.3/armv7-m/crtbegin.o
 .bss           0x1fff81a4        0x5 .\CortexM3\ARM_GCC_493\Debug\main.o
                0x1fff81a4                usbActivityCounter
                0x1fff81a5                csButtStates
                0x1fff81a6                csButtStates_old
                0x1fff81a7                csButtChange
                0x1fff81a8                inqFlags_old
 *fill*         0x1fff81a9        0x3 
 .bss           0x1fff81ac        0x4 .\CortexM3\ARM_GCC_493\Debug\CE95395.a(MIDI1_UART_PM.o)
 .bss           0x1fff81b0        0x4 .\CortexM3\ARM_GCC_493\Debug\CE95395.a(MIDI2_UART_PM.o)
 .bss           0x1fff81b4        0x1 .\CortexM3\ARM_GCC_493\Debug\CE95395.a(SleepTimer.o)
                0x1fff81b4                SleepTimer_initVar
 .bss           0x1fff81b5        0x1 .\CortexM3\ARM_GCC_493\Debug\CE95395.a(USB.o)
                0x1fff81b5                USB_initVar
 *fill*         0x1fff81b6        0x2 
 .bss           0x1fff81b8        0x4 .\CortexM3\ARM_GCC_493\Debug\CE95395.a(USB_pm.o)
 .bss           0x1fff81bc        0x4 .\CortexM3\ARM_GCC_493\Debug\CE95395.a(USB_std.o)
 .bss           0x1fff81c0       0x18 .\CortexM3\ARM_GCC_493\Debug\CE95395.a(USB_midi.o)
 .bss           0x1fff81d8       0x44 .\CortexM3\ARM_GCC_493\Debug\CE95395.a(cyPm.o)
 .bss           0x1fff821c        0x2 .\CortexM3\ARM_GCC_493\Debug\CE95395.a(LCD_Char_1.o)
                0x1fff821c                LCD_Char_1_enableState
                0x1fff821d                LCD_Char_1_initVar
 .bss           0x1fff821e        0x8 .\CortexM3\ARM_GCC_493\Debug\CE95395.a(MIDI1_UART.o)
                0x1fff821e                MIDI1_UART_initVar
                0x1fff821f                MIDI1_UART_txBufferRead
                0x1fff8220                MIDI1_UART_txBufferWrite
                0x1fff8221                MIDI1_UART_rxBufferRead
                0x1fff8222                MIDI1_UART_rxBufferWrite
                0x1fff8223                MIDI1_UART_rxBufferLoopDetect
                0x1fff8224                MIDI1_UART_rxBufferOverflow
 .bss           0x1fff8226        0x8 .\CortexM3\ARM_GCC_493\Debug\CE95395.a(MIDI2_UART.o)
                0x1fff8226                MIDI2_UART_initVar
                0x1fff8227                MIDI2_UART_txBufferRead
                0x1fff8228                MIDI2_UART_txBufferWrite
                0x1fff8229                MIDI2_UART_rxBufferRead
                0x1fff822a                MIDI2_UART_rxBufferWrite
                0x1fff822b                MIDI2_UART_rxBufferLoopDetect
                0x1fff822c                MIDI2_UART_rxBufferOverflow
 *(COMMON)
 *fill*         0x1fff822e        0x2 
 COMMON         0x1fff8230       0x98 .\CortexM3\ARM_GCC_493\Debug\CE95395.a(USB_drv.o)
                0x1fff8230                USB_transferState
                0x1fff8231                USB_interfaceNumber
                0x1fff8232                USB_lastPacketSize
                0x1fff8234                USB_interfaceClass
                0x1fff8238                USB_interfaceSetting
                0x1fff823a                USB_ep0Mode
                0x1fff823b                USB_device
                0x1fff823c                USB_deviceAddress
                0x1fff823d                USB_ep0Toggle
                0x1fff823e                USB_configurationChanged
                0x1fff8240                USB_interfaceStatus
                0x1fff8242                USB_transferByteCount
                0x1fff8244                USB_configuration
                0x1fff8248                USB_interfaceSetting_last
                0x1fff824c                USB_currentTD
                0x1fff8258                USB_ep0Count
                0x1fff8259                USB_deviceStatus
                0x1fff825c                USB_EP
 COMMON         0x1fff82c8       0x48 .\CortexM3\ARM_GCC_493\Debug\CE95395.a(USB_midi.o)
                0x1fff82c8                USB_midiOutBuffer
                0x1fff82e8                USB_MIDI1_InqFlags
                0x1fff82e9                USB_midi_in_ep
                0x1fff82ea                USB_midiInPointer
                0x1fff82eb                USB_MIDI2_InqFlags
                0x1fff82ec                USB_midi_out_ep
                0x1fff82f0                USB_midiInBuffer
 COMMON         0x1fff8310      0x1ff .\CortexM3\ARM_GCC_493\Debug\CE95395.a(MIDI1_UART.o)
                0x1fff8310                MIDI1_UART_txBuffer
                0x1fff8410                MIDI1_UART_rxBuffer
 *fill*         0x1fff850f        0x1 
 COMMON         0x1fff8510      0x1ff .\CortexM3\ARM_GCC_493\Debug\CE95395.a(MIDI2_UART.o)
                0x1fff8510                MIDI2_UART_rxBuffer
                0x1fff8610                MIDI2_UART_txBuffer
 *fill*         0x1fff870f        0x1 
 COMMON         0x1fff8710       0x22 .\CortexM3\ARM_GCC_493\Debug\CE95395.a(USB_descr.o)
                0x1fff8710                USB_idSerialNumberStringDescriptor
                0x1fff8738                . = ALIGN (0x8)
 *fill*         0x1fff8732        0x6 
 *(.ram.b)
                0x1fff8738                _end = .
                0x1fff8738                __end = .
                0x1fff8738                PROVIDE (end, .)
                0x1fff8738                PROVIDE (__bss_end__, .)
                0x0000b7b0                __cy_region_init_ram = LOADADDR (.data)
                0x00000080                __cy_region_init_size_ram = (_edata - ADDR (.data))
                0x000005b0                __cy_region_zero_size_ram = (_end - _edata)

.heap           0x1fff8738       0x80 load address 0x0000b830
                0x1fff8738                . = _end
                0x1fff87b8                . = (. + 0x80)
 *fill*         0x1fff8738       0x80 
                0x1fff87b8                __cy_heap_limit = .

.stack          0x20007800      0x800
                0x20007800                __cy_stack_limit = .
                0x20008000                . = (. + 0x800)
 *fill*         0x20007800      0x800 
                0x00000001                ASSERT ((__cy_stack_limit >= __cy_heap_limit), region RAM overflowed with stack)

.cyloadermeta
 *(.cyloadermeta)

.cyloadablemeta
 *(.cyloadablemeta)

.cyconfigecc    0x80000000      0x5fc
 *(.cyconfigecc)
 .cyconfigecc   0x80000000      0x5fc .\CortexM3\ARM_GCC_493\Debug\cymetadata.o
                0x80000000                cy_meta_configecc

.cycustnvl      0x90000000        0x4
 *(.cycustnvl)
 .cycustnvl     0x90000000        0x4 .\CortexM3\ARM_GCC_493\Debug\cymetadata.o
                0x90000000                cy_meta_custnvl

.cywolatch      0x90100000        0x4
 *(.cywolatch)
 .cywolatch     0x90100000        0x4 .\CortexM3\ARM_GCC_493\Debug\cymetadata.o
                0x90100000                cy_meta_wonvl

.cyeeprom       0x90200000        0x0
 *(.cyeeprom)
                0x00000001                ASSERT ((. <= ((0x90200000 + ee_offset) + ee_size)), .cyeeprom data will not fit in EEPROM)

.cyflashprotect
                0x90400000      0x100
 *(.cyflashprotect)
 .cyflashprotect
                0x90400000      0x100 .\CortexM3\ARM_GCC_493\Debug\cymetadata.o
                0x90400000                cy_meta_flashprotect

.cymeta         0x90500000        0xc
 *(.cymeta)
 .cymeta        0x90500000        0xc .\CortexM3\ARM_GCC_493\Debug\cymetadata.o
                0x90500000                cy_metadata

.rel.dyn        0x0000b830        0x0 load address 0x9050000c
 .rel.iplt      0x00000000        0x0 c:/program files (x86)/cypress/psoc creator/4.0/psoc creator/import/gnu/arm/4.9.3/bin/../lib/gcc/arm-none-eabi/4.9.3/armv7-m/crtbegin.o

.stab
 *(.stab)

.stabstr
 *(.stabstr)

.debug
 *(.debug)

.line
 *(.line)

.debug_srcinfo
 *(.debug_srcinfo)

.debug_sfnames
 *(.debug_sfnames)

.debug_aranges  0x00000000      0xe50
 *(.debug_aranges)
 .debug_aranges
                0x00000000       0x38 .\CortexM3\ARM_GCC_493\Debug\main.o
 .debug_aranges
                0x00000038       0x58 .\CortexM3\ARM_GCC_493\Debug\fft.o
 .debug_aranges
                0x00000090       0x38 .\CortexM3\ARM_GCC_493\Debug\midi.o
 .debug_aranges
                0x000000c8       0x28 .\CortexM3\ARM_GCC_493\Debug\pitch.o
 .debug_aranges
                0x000000f0       0x18 .\CortexM3\ARM_GCC_493\Debug\cymetadata.o
 .debug_aranges
                0x00000108       0x40 .\CortexM3\ARM_GCC_493\Debug\Cm3Start.o
 .debug_aranges
                0x00000148       0x38 .\CortexM3\ARM_GCC_493\Debug\CE95395.a(MIDI1_UART_PM.o)
 .debug_aranges
                0x00000180       0x38 .\CortexM3\ARM_GCC_493\Debug\CE95395.a(MIDI2_UART_PM.o)
 .debug_aranges
                0x000001b8       0x60 .\CortexM3\ARM_GCC_493\Debug\CE95395.a(cyfitter_cfg.o)
 .debug_aranges
                0x00000218       0x38 .\CortexM3\ARM_GCC_493\Debug\CE95395.a(SW2.o)
 .debug_aranges
                0x00000250       0x58 .\CortexM3\ARM_GCC_493\Debug\CE95395.a(SleepTimer.o)
 .debug_aranges
                0x000002a8       0x38 .\CortexM3\ARM_GCC_493\Debug\CE95395.a(SW1.o)
 .debug_aranges
                0x000002e0       0x38 .\CortexM3\ARM_GCC_493\Debug\CE95395.a(MIDI_PWR.o)
 .debug_aranges
                0x00000318       0xb0 .\CortexM3\ARM_GCC_493\Debug\CE95395.a(USB.o)
 .debug_aranges
                0x000003c8       0x98 .\CortexM3\ARM_GCC_493\Debug\CE95395.a(USB_drv.o)
 .debug_aranges
                0x00000460       0x38 .\CortexM3\ARM_GCC_493\Debug\CE95395.a(USB_episr.o)
 .debug_aranges
                0x00000498       0x40 .\CortexM3\ARM_GCC_493\Debug\CE95395.a(USB_pm.o)
 .debug_aranges
                0x000004d8       0x78 .\CortexM3\ARM_GCC_493\Debug\CE95395.a(USB_std.o)
 .debug_aranges
                0x00000550       0x20 .\CortexM3\ARM_GCC_493\Debug\CE95395.a(USB_vnd.o)
 .debug_aranges
                0x00000570       0x78 .\CortexM3\ARM_GCC_493\Debug\CE95395.a(USB_midi.o)
 .debug_aranges
                0x000005e8       0x80 .\CortexM3\ARM_GCC_493\Debug\CE95395.a(Sleep_isr.o)
 .debug_aranges
                0x00000668      0x218 .\CortexM3\ARM_GCC_493\Debug\CE95395.a(CyLib.o)
 .debug_aranges
                0x00000880       0x90 .\CortexM3\ARM_GCC_493\Debug\CE95395.a(cyPm.o)
 .debug_aranges
                0x00000910       0x98 .\CortexM3\ARM_GCC_493\Debug\CE95395.a(LCD_Char_1.o)
 .debug_aranges
                0x000009a8       0x20 .\CortexM3\ARM_GCC_493\Debug\CE95395.a(CyBootAsmGnu.o)
 .debug_aranges
                0x000009c8      0x110 .\CortexM3\ARM_GCC_493\Debug\CE95395.a(MIDI1_UART.o)
 .debug_aranges
                0x00000ad8      0x110 .\CortexM3\ARM_GCC_493\Debug\CE95395.a(MIDI2_UART.o)
 .debug_aranges
                0x00000be8       0x38 .\CortexM3\ARM_GCC_493\Debug\CE95395.a(LED_OutB.o)
 .debug_aranges
                0x00000c20       0x38 .\CortexM3\ARM_GCC_493\Debug\CE95395.a(LED_OutA.o)
 .debug_aranges
                0x00000c58       0x20 .\CortexM3\ARM_GCC_493\Debug\CE95395.a(USB_cls.o)
 .debug_aranges
                0x00000c78       0x18 .\CortexM3\ARM_GCC_493\Debug\CE95395.a(USB_descr.o)
 .debug_aranges
                0x00000c90       0x78 .\CortexM3\ARM_GCC_493\Debug\CE95395.a(CyFlash.o)
 .debug_aranges
                0x00000d08       0x68 .\CortexM3\ARM_GCC_493\Debug\CE95395.a(CySpc.o)
 .debug_aranges
                0x00000d70       0x28 .\CortexM3\ARM_GCC_493\Debug\CE95395.a(MIDI1_UART_INT.o)
 .debug_aranges
                0x00000d98       0x28 .\CortexM3\ARM_GCC_493\Debug\CE95395.a(MIDI2_UART_INT.o)
 .debug_aranges
                0x00000dc0       0x38 .\CortexM3\ARM_GCC_493\Debug\CE95395.a(LED_InB.o)
 .debug_aranges
                0x00000df8       0x38 .\CortexM3\ARM_GCC_493\Debug\CE95395.a(LED_InA.o)
 .debug_aranges
                0x00000e30       0x20 .\CortexM3\ARM_GCC_493\Debug\CE95395.a(USB_audio.o)

.debug_pubnames
 *(.debug_pubnames)

.debug_info     0x00000000     0x6fbd
 *(.debug_info .gnu.linkonce.wi.*)
 .debug_info    0x00000000      0x2ad .\CortexM3\ARM_GCC_493\Debug\main.o
 .debug_info    0x000002ad      0x625 .\CortexM3\ARM_GCC_493\Debug\fft.o
 .debug_info    0x000008d2      0x1c1 .\CortexM3\ARM_GCC_493\Debug\midi.o
 .debug_info    0x00000a93      0x115 .\CortexM3\ARM_GCC_493\Debug\pitch.o
 .debug_info    0x00000ba8      0x13c .\CortexM3\ARM_GCC_493\Debug\cymetadata.o
 .debug_info    0x00000ce4      0x2bc .\CortexM3\ARM_GCC_493\Debug\Cm3Start.o
 .debug_info    0x00000fa0      0x134 .\CortexM3\ARM_GCC_493\Debug\CE95395.a(MIDI1_UART_PM.o)
 .debug_info    0x000010d4      0x134 .\CortexM3\ARM_GCC_493\Debug\CE95395.a(MIDI2_UART_PM.o)
 .debug_info    0x00001208      0x446 .\CortexM3\ARM_GCC_493\Debug\CE95395.a(cyfitter_cfg.o)
 .debug_info    0x0000164e      0x11c .\CortexM3\ARM_GCC_493\Debug\CE95395.a(SW2.o)
 .debug_info    0x0000176a      0x1a2 .\CortexM3\ARM_GCC_493\Debug\CE95395.a(SleepTimer.o)
 .debug_info    0x0000190c      0x11c .\CortexM3\ARM_GCC_493\Debug\CE95395.a(SW1.o)
 .debug_info    0x00001a28      0x11c .\CortexM3\ARM_GCC_493\Debug\CE95395.a(MIDI_PWR.o)
 .debug_info    0x00001b44      0x5cf .\CortexM3\ARM_GCC_493\Debug\CE95395.a(USB.o)
 .debug_info    0x00002113      0x4ec .\CortexM3\ARM_GCC_493\Debug\CE95395.a(USB_drv.o)
 .debug_info    0x000025ff      0x194 .\CortexM3\ARM_GCC_493\Debug\CE95395.a(USB_episr.o)
 .debug_info    0x00002793      0x1a9 .\CortexM3\ARM_GCC_493\Debug\CE95395.a(USB_pm.o)
 .debug_info    0x0000293c      0x7ba .\CortexM3\ARM_GCC_493\Debug\CE95395.a(USB_std.o)
 .debug_info    0x000030f6      0x176 .\CortexM3\ARM_GCC_493\Debug\CE95395.a(USB_vnd.o)
 .debug_info    0x0000326c      0x634 .\CortexM3\ARM_GCC_493\Debug\CE95395.a(USB_midi.o)
 .debug_info    0x000038a0      0x236 .\CortexM3\ARM_GCC_493\Debug\CE95395.a(Sleep_isr.o)
 .debug_info    0x00003ad6      0xb90 .\CortexM3\ARM_GCC_493\Debug\CE95395.a(CyLib.o)
 .debug_info    0x00004666      0x534 .\CortexM3\ARM_GCC_493\Debug\CE95395.a(cyPm.o)
 .debug_info    0x00004b9a      0x3c3 .\CortexM3\ARM_GCC_493\Debug\CE95395.a(LCD_Char_1.o)
 .debug_info    0x00004f5d       0x80 .\CortexM3\ARM_GCC_493\Debug\CE95395.a(CyBootAsmGnu.o)
 .debug_info    0x00004fdd      0x65e .\CortexM3\ARM_GCC_493\Debug\CE95395.a(MIDI1_UART.o)
 .debug_info    0x0000563b      0x65e .\CortexM3\ARM_GCC_493\Debug\CE95395.a(MIDI2_UART.o)
 .debug_info    0x00005c99      0x11c .\CortexM3\ARM_GCC_493\Debug\CE95395.a(LED_OutB.o)
 .debug_info    0x00005db5      0x11c .\CortexM3\ARM_GCC_493\Debug\CE95395.a(LED_OutA.o)
 .debug_info    0x00005ed1      0x19a .\CortexM3\ARM_GCC_493\Debug\CE95395.a(USB_cls.o)
 .debug_info    0x0000606b      0x2cf .\CortexM3\ARM_GCC_493\Debug\CE95395.a(USB_descr.o)
 .debug_info    0x0000633a      0x314 .\CortexM3\ARM_GCC_493\Debug\CE95395.a(CyFlash.o)
 .debug_info    0x0000664e      0x3a2 .\CortexM3\ARM_GCC_493\Debug\CE95395.a(CySpc.o)
 .debug_info    0x000069f0      0x160 .\CortexM3\ARM_GCC_493\Debug\CE95395.a(MIDI1_UART_INT.o)
 .debug_info    0x00006b50      0x160 .\CortexM3\ARM_GCC_493\Debug\CE95395.a(MIDI2_UART_INT.o)
 .debug_info    0x00006cb0      0x11c .\CortexM3\ARM_GCC_493\Debug\CE95395.a(LED_InB.o)
 .debug_info    0x00006dcc      0x11c .\CortexM3\ARM_GCC_493\Debug\CE95395.a(LED_InA.o)
 .debug_info    0x00006ee8       0xd5 .\CortexM3\ARM_GCC_493\Debug\CE95395.a(USB_audio.o)

.debug_abbrev   0x00000000     0x2578
 *(.debug_abbrev)
 .debug_abbrev  0x00000000      0x15c .\CortexM3\ARM_GCC_493\Debug\main.o
 .debug_abbrev  0x0000015c      0x14a .\CortexM3\ARM_GCC_493\Debug\fft.o
 .debug_abbrev  0x000002a6       0xd5 .\CortexM3\ARM_GCC_493\Debug\midi.o
 .debug_abbrev  0x0000037b       0x96 .\CortexM3\ARM_GCC_493\Debug\pitch.o
 .debug_abbrev  0x00000411       0x77 .\CortexM3\ARM_GCC_493\Debug\cymetadata.o
 .debug_abbrev  0x00000488      0x173 .\CortexM3\ARM_GCC_493\Debug\Cm3Start.o
 .debug_abbrev  0x000005fb       0x9b .\CortexM3\ARM_GCC_493\Debug\CE95395.a(MIDI1_UART_PM.o)
 .debug_abbrev  0x00000696       0x9b .\CortexM3\ARM_GCC_493\Debug\CE95395.a(MIDI2_UART_PM.o)
 .debug_abbrev  0x00000731      0x1b7 .\CortexM3\ARM_GCC_493\Debug\CE95395.a(cyfitter_cfg.o)
 .debug_abbrev  0x000008e8       0x90 .\CortexM3\ARM_GCC_493\Debug\CE95395.a(SW2.o)
 .debug_abbrev  0x00000978       0xd3 .\CortexM3\ARM_GCC_493\Debug\CE95395.a(SleepTimer.o)
 .debug_abbrev  0x00000a4b       0x90 .\CortexM3\ARM_GCC_493\Debug\CE95395.a(SW1.o)
 .debug_abbrev  0x00000adb       0x90 .\CortexM3\ARM_GCC_493\Debug\CE95395.a(MIDI_PWR.o)
 .debug_abbrev  0x00000b6b      0x1b2 .\CortexM3\ARM_GCC_493\Debug\CE95395.a(USB.o)
 .debug_abbrev  0x00000d1d      0x16c .\CortexM3\ARM_GCC_493\Debug\CE95395.a(USB_drv.o)
 .debug_abbrev  0x00000e89       0xc5 .\CortexM3\ARM_GCC_493\Debug\CE95395.a(USB_episr.o)
 .debug_abbrev  0x00000f4e       0xc4 .\CortexM3\ARM_GCC_493\Debug\CE95395.a(USB_pm.o)
 .debug_abbrev  0x00001012      0x19f .\CortexM3\ARM_GCC_493\Debug\CE95395.a(USB_std.o)
 .debug_abbrev  0x000011b1       0xb8 .\CortexM3\ARM_GCC_493\Debug\CE95395.a(USB_vnd.o)
 .debug_abbrev  0x00001269      0x1b0 .\CortexM3\ARM_GCC_493\Debug\CE95395.a(USB_midi.o)
 .debug_abbrev  0x00001419      0x17f .\CortexM3\ARM_GCC_493\Debug\CE95395.a(Sleep_isr.o)
 .debug_abbrev  0x00001598      0x205 .\CortexM3\ARM_GCC_493\Debug\CE95395.a(CyLib.o)
 .debug_abbrev  0x0000179d      0x16e .\CortexM3\ARM_GCC_493\Debug\CE95395.a(cyPm.o)
 .debug_abbrev  0x0000190b      0x120 .\CortexM3\ARM_GCC_493\Debug\CE95395.a(LCD_Char_1.o)
 .debug_abbrev  0x00001a2b       0x14 .\CortexM3\ARM_GCC_493\Debug\CE95395.a(CyBootAsmGnu.o)
 .debug_abbrev  0x00001a3f      0x191 .\CortexM3\ARM_GCC_493\Debug\CE95395.a(MIDI1_UART.o)
 .debug_abbrev  0x00001bd0      0x191 .\CortexM3\ARM_GCC_493\Debug\CE95395.a(MIDI2_UART.o)
 .debug_abbrev  0x00001d61       0x90 .\CortexM3\ARM_GCC_493\Debug\CE95395.a(LED_OutB.o)
 .debug_abbrev  0x00001df1       0x90 .\CortexM3\ARM_GCC_493\Debug\CE95395.a(LED_OutA.o)
 .debug_abbrev  0x00001e81       0xb8 .\CortexM3\ARM_GCC_493\Debug\CE95395.a(USB_cls.o)
 .debug_abbrev  0x00001f39       0xa7 .\CortexM3\ARM_GCC_493\Debug\CE95395.a(USB_descr.o)
 .debug_abbrev  0x00001fe0      0x170 .\CortexM3\ARM_GCC_493\Debug\CE95395.a(CyFlash.o)
 .debug_abbrev  0x00002150      0x15d .\CortexM3\ARM_GCC_493\Debug\CE95395.a(CySpc.o)
 .debug_abbrev  0x000022ad       0xa2 .\CortexM3\ARM_GCC_493\Debug\CE95395.a(MIDI1_UART_INT.o)
 .debug_abbrev  0x0000234f       0xa2 .\CortexM3\ARM_GCC_493\Debug\CE95395.a(MIDI2_UART_INT.o)
 .debug_abbrev  0x000023f1       0x90 .\CortexM3\ARM_GCC_493\Debug\CE95395.a(LED_InB.o)
 .debug_abbrev  0x00002481       0x90 .\CortexM3\ARM_GCC_493\Debug\CE95395.a(LED_InA.o)
 .debug_abbrev  0x00002511       0x67 .\CortexM3\ARM_GCC_493\Debug\CE95395.a(USB_audio.o)

.debug_line     0x00000000     0x3b9e
 *(.debug_line)
 .debug_line    0x00000000      0x21f .\CortexM3\ARM_GCC_493\Debug\main.o
 .debug_line    0x0000021f      0x328 .\CortexM3\ARM_GCC_493\Debug\fft.o
 .debug_line    0x00000547       0xcb .\CortexM3\ARM_GCC_493\Debug\midi.o
 .debug_line    0x00000612       0x5d .\CortexM3\ARM_GCC_493\Debug\pitch.o
 .debug_line    0x0000066f       0x51 .\CortexM3\ARM_GCC_493\Debug\cymetadata.o
 .debug_line    0x000006c0      0x1a8 .\CortexM3\ARM_GCC_493\Debug\Cm3Start.o
 .debug_line    0x00000868       0xb7 .\CortexM3\ARM_GCC_493\Debug\CE95395.a(MIDI1_UART_PM.o)
 .debug_line    0x0000091f       0xb7 .\CortexM3\ARM_GCC_493\Debug\CE95395.a(MIDI2_UART_PM.o)
 .debug_line    0x000009d6      0x217 .\CortexM3\ARM_GCC_493\Debug\CE95395.a(cyfitter_cfg.o)
 .debug_line    0x00000bed       0x92 .\CortexM3\ARM_GCC_493\Debug\CE95395.a(SW2.o)
 .debug_line    0x00000c7f       0xf6 .\CortexM3\ARM_GCC_493\Debug\CE95395.a(SleepTimer.o)
 .debug_line    0x00000d75       0x92 .\CortexM3\ARM_GCC_493\Debug\CE95395.a(SW1.o)
 .debug_line    0x00000e07       0x97 .\CortexM3\ARM_GCC_493\Debug\CE95395.a(MIDI_PWR.o)
 .debug_line    0x00000e9e      0x293 .\CortexM3\ARM_GCC_493\Debug\CE95395.a(USB.o)
 .debug_line    0x00001131      0x20c .\CortexM3\ARM_GCC_493\Debug\CE95395.a(USB_drv.o)
 .debug_line    0x0000133d       0xbc .\CortexM3\ARM_GCC_493\Debug\CE95395.a(USB_episr.o)
 .debug_line    0x000013f9      0x1de .\CortexM3\ARM_GCC_493\Debug\CE95395.a(USB_pm.o)
 .debug_line    0x000015d7      0x438 .\CortexM3\ARM_GCC_493\Debug\CE95395.a(USB_std.o)
 .debug_line    0x00001a0f       0x83 .\CortexM3\ARM_GCC_493\Debug\CE95395.a(USB_vnd.o)
 .debug_line    0x00001a92      0x364 .\CortexM3\ARM_GCC_493\Debug\CE95395.a(USB_midi.o)
 .debug_line    0x00001df6      0x144 .\CortexM3\ARM_GCC_493\Debug\CE95395.a(Sleep_isr.o)
 .debug_line    0x00001f3a      0x707 .\CortexM3\ARM_GCC_493\Debug\CE95395.a(CyLib.o)
 .debug_line    0x00002641      0x36d .\CortexM3\ARM_GCC_493\Debug\CE95395.a(cyPm.o)
 .debug_line    0x000029ae      0x1e8 .\CortexM3\ARM_GCC_493\Debug\CE95395.a(LCD_Char_1.o)
 .debug_line    0x00002b96       0x66 .\CortexM3\ARM_GCC_493\Debug\CE95395.a(CyBootAsmGnu.o)
 .debug_line    0x00002bfc      0x393 .\CortexM3\ARM_GCC_493\Debug\CE95395.a(MIDI1_UART.o)
 .debug_line    0x00002f8f      0x393 .\CortexM3\ARM_GCC_493\Debug\CE95395.a(MIDI2_UART.o)
 .debug_line    0x00003322       0x97 .\CortexM3\ARM_GCC_493\Debug\CE95395.a(LED_OutB.o)
 .debug_line    0x000033b9       0x97 .\CortexM3\ARM_GCC_493\Debug\CE95395.a(LED_OutA.o)
 .debug_line    0x00003450       0x8f .\CortexM3\ARM_GCC_493\Debug\CE95395.a(USB_cls.o)
 .debug_line    0x000034df       0x59 .\CortexM3\ARM_GCC_493\Debug\CE95395.a(USB_descr.o)
 .debug_line    0x00003538      0x199 .\CortexM3\ARM_GCC_493\Debug\CE95395.a(CyFlash.o)
 .debug_line    0x000036d1      0x1ac .\CortexM3\ARM_GCC_493\Debug\CE95395.a(CySpc.o)
 .debug_line    0x0000387d       0xb9 .\CortexM3\ARM_GCC_493\Debug\CE95395.a(MIDI1_UART_INT.o)
 .debug_line    0x00003936       0xb9 .\CortexM3\ARM_GCC_493\Debug\CE95395.a(MIDI2_UART_INT.o)
 .debug_line    0x000039ef       0x96 .\CortexM3\ARM_GCC_493\Debug\CE95395.a(LED_InB.o)
 .debug_line    0x00003a85       0x96 .\CortexM3\ARM_GCC_493\Debug\CE95395.a(LED_InA.o)
 .debug_line    0x00003b1b       0x83 .\CortexM3\ARM_GCC_493\Debug\CE95395.a(USB_audio.o)

.debug_frame    0x00000000     0x3bfc
 *(.debug_frame)
 .debug_frame   0x00000000       0xa4 .\CortexM3\ARM_GCC_493\Debug\main.o
 .debug_frame   0x000000a4      0x190 .\CortexM3\ARM_GCC_493\Debug\fft.o
 .debug_frame   0x00000234       0xb8 .\CortexM3\ARM_GCC_493\Debug\midi.o
 .debug_frame   0x000002ec       0x60 .\CortexM3\ARM_GCC_493\Debug\pitch.o
 .debug_frame   0x0000034c       0xac .\CortexM3\ARM_GCC_493\Debug\Cm3Start.o
 .debug_frame   0x000003f8       0x90 .\CortexM3\ARM_GCC_493\Debug\CE95395.a(MIDI1_UART_PM.o)
 .debug_frame   0x00000488       0x90 .\CortexM3\ARM_GCC_493\Debug\CE95395.a(MIDI2_UART_PM.o)
 .debug_frame   0x00000518      0x16c .\CortexM3\ARM_GCC_493\Debug\CE95395.a(cyfitter_cfg.o)
 .debug_frame   0x00000684       0xa8 .\CortexM3\ARM_GCC_493\Debug\CE95395.a(SW2.o)
 .debug_frame   0x0000072c      0x12c .\CortexM3\ARM_GCC_493\Debug\CE95395.a(SleepTimer.o)
 .debug_frame   0x00000858       0xa8 .\CortexM3\ARM_GCC_493\Debug\CE95395.a(SW1.o)
 .debug_frame   0x00000900       0xa8 .\CortexM3\ARM_GCC_493\Debug\CE95395.a(MIDI_PWR.o)
 .debug_frame   0x000009a8      0x304 .\CortexM3\ARM_GCC_493\Debug\CE95395.a(USB.o)
 .debug_frame   0x00000cac      0x23c .\CortexM3\ARM_GCC_493\Debug\CE95395.a(USB_drv.o)
 .debug_frame   0x00000ee8       0x98 .\CortexM3\ARM_GCC_493\Debug\CE95395.a(USB_episr.o)
 .debug_frame   0x00000f80       0xc4 .\CortexM3\ARM_GCC_493\Debug\CE95395.a(USB_pm.o)
 .debug_frame   0x00001044      0x1f4 .\CortexM3\ARM_GCC_493\Debug\CE95395.a(USB_std.o)
 .debug_frame   0x00001238       0x38 .\CortexM3\ARM_GCC_493\Debug\CE95395.a(USB_vnd.o)
 .debug_frame   0x00001270      0x1d4 .\CortexM3\ARM_GCC_493\Debug\CE95395.a(USB_midi.o)
 .debug_frame   0x00001444      0x1e8 .\CortexM3\ARM_GCC_493\Debug\CE95395.a(Sleep_isr.o)
 .debug_frame   0x0000162c      0x9a8 .\CortexM3\ARM_GCC_493\Debug\CE95395.a(CyLib.o)
 .debug_frame   0x00001fd4      0x218 .\CortexM3\ARM_GCC_493\Debug\CE95395.a(cyPm.o)
 .debug_frame   0x000021ec      0x260 .\CortexM3\ARM_GCC_493\Debug\CE95395.a(LCD_Char_1.o)
 .debug_frame   0x0000244c      0x4b4 .\CortexM3\ARM_GCC_493\Debug\CE95395.a(MIDI1_UART.o)
 .debug_frame   0x00002900      0x4b4 .\CortexM3\ARM_GCC_493\Debug\CE95395.a(MIDI2_UART.o)
 .debug_frame   0x00002db4       0xa8 .\CortexM3\ARM_GCC_493\Debug\CE95395.a(LED_OutB.o)
 .debug_frame   0x00002e5c       0xa8 .\CortexM3\ARM_GCC_493\Debug\CE95395.a(LED_OutA.o)
 .debug_frame   0x00002f04       0x38 .\CortexM3\ARM_GCC_493\Debug\CE95395.a(USB_cls.o)
 .debug_frame   0x00002f3c      0x1d0 .\CortexM3\ARM_GCC_493\Debug\CE95395.a(CyFlash.o)
 .debug_frame   0x0000310c      0x1a8 .\CortexM3\ARM_GCC_493\Debug\CE95395.a(CySpc.o)
 .debug_frame   0x000032b4       0x5c .\CortexM3\ARM_GCC_493\Debug\CE95395.a(MIDI1_UART_INT.o)
 .debug_frame   0x00003310       0x5c .\CortexM3\ARM_GCC_493\Debug\CE95395.a(MIDI2_UART_INT.o)
 .debug_frame   0x0000336c       0xa8 .\CortexM3\ARM_GCC_493\Debug\CE95395.a(LED_InB.o)
 .debug_frame   0x00003414       0xa8 .\CortexM3\ARM_GCC_493\Debug\CE95395.a(LED_InA.o)
 .debug_frame   0x000034bc       0x38 .\CortexM3\ARM_GCC_493\Debug\CE95395.a(USB_audio.o)
 .debug_frame   0x000034f4       0x38 c:/program files (x86)/cypress/psoc creator/4.0/psoc creator/import/gnu/arm/4.9.3/bin/../lib/gcc/arm-none-eabi/4.9.3/../../../../arm-none-eabi/lib/armv7-m\libm.a(lib_a-s_cos.o)
 .debug_frame   0x0000352c       0x38 c:/program files (x86)/cypress/psoc creator/4.0/psoc creator/import/gnu/arm/4.9.3/bin/../lib/gcc/arm-none-eabi/4.9.3/../../../../arm-none-eabi/lib/armv7-m\libm.a(lib_a-s_sin.o)
 .debug_frame   0x00003564       0x44 c:/program files (x86)/cypress/psoc creator/4.0/psoc creator/import/gnu/arm/4.9.3/bin/../lib/gcc/arm-none-eabi/4.9.3/../../../../arm-none-eabi/lib/armv7-m\libm.a(lib_a-w_pow.o)
 .debug_frame   0x000035a8       0x64 c:/program files (x86)/cypress/psoc creator/4.0/psoc creator/import/gnu/arm/4.9.3/bin/../lib/gcc/arm-none-eabi/4.9.3/../../../../arm-none-eabi/lib/armv7-m\libm.a(lib_a-e_pow.o)
 .debug_frame   0x0000360c       0x48 c:/program files (x86)/cypress/psoc creator/4.0/psoc creator/import/gnu/arm/4.9.3/bin/../lib/gcc/arm-none-eabi/4.9.3/../../../../arm-none-eabi/lib/armv7-m\libm.a(lib_a-e_rem_pio2.o)
 .debug_frame   0x00003654       0x30 c:/program files (x86)/cypress/psoc creator/4.0/psoc creator/import/gnu/arm/4.9.3/bin/../lib/gcc/arm-none-eabi/4.9.3/../../../../arm-none-eabi/lib/armv7-m\libm.a(lib_a-e_sqrt.o)
 .debug_frame   0x00003684       0x4c c:/program files (x86)/cypress/psoc creator/4.0/psoc creator/import/gnu/arm/4.9.3/bin/../lib/gcc/arm-none-eabi/4.9.3/../../../../arm-none-eabi/lib/armv7-m\libm.a(lib_a-k_cos.o)
 .debug_frame   0x000036d0       0x54 c:/program files (x86)/cypress/psoc creator/4.0/psoc creator/import/gnu/arm/4.9.3/bin/../lib/gcc/arm-none-eabi/4.9.3/../../../../arm-none-eabi/lib/armv7-m\libm.a(lib_a-k_rem_pio2.o)
 .debug_frame   0x00003724       0x48 c:/program files (x86)/cypress/psoc creator/4.0/psoc creator/import/gnu/arm/4.9.3/bin/../lib/gcc/arm-none-eabi/4.9.3/../../../../arm-none-eabi/lib/armv7-m\libm.a(lib_a-k_sin.o)
 .debug_frame   0x0000376c       0x20 c:/program files (x86)/cypress/psoc creator/4.0/psoc creator/import/gnu/arm/4.9.3/bin/../lib/gcc/arm-none-eabi/4.9.3/../../../../arm-none-eabi/lib/armv7-m\libm.a(lib_a-s_fabs.o)
 .debug_frame   0x0000378c       0x20 c:/program files (x86)/cypress/psoc creator/4.0/psoc creator/import/gnu/arm/4.9.3/bin/../lib/gcc/arm-none-eabi/4.9.3/../../../../arm-none-eabi/lib/armv7-m\libm.a(lib_a-s_finite.o)
 .debug_frame   0x000037ac       0x34 c:/program files (x86)/cypress/psoc creator/4.0/psoc creator/import/gnu/arm/4.9.3/bin/../lib/gcc/arm-none-eabi/4.9.3/../../../../arm-none-eabi/lib/armv7-m\libm.a(lib_a-s_floor.o)
 .debug_frame   0x000037e0       0x34 c:/program files (x86)/cypress/psoc creator/4.0/psoc creator/import/gnu/arm/4.9.3/bin/../lib/gcc/arm-none-eabi/4.9.3/../../../../arm-none-eabi/lib/armv7-m\libm.a(lib_a-s_fpclassify.o)
 .debug_frame   0x00003814       0x20 c:/program files (x86)/cypress/psoc creator/4.0/psoc creator/import/gnu/arm/4.9.3/bin/../lib/gcc/arm-none-eabi/4.9.3/../../../../arm-none-eabi/lib/armv7-m\libm.a(lib_a-s_matherr.o)
 .debug_frame   0x00003834       0x20 c:/program files (x86)/cypress/psoc creator/4.0/psoc creator/import/gnu/arm/4.9.3/bin/../lib/gcc/arm-none-eabi/4.9.3/../../../../arm-none-eabi/lib/armv7-m\libm.a(lib_a-s_nan.o)
 .debug_frame   0x00003854       0x3c c:/program files (x86)/cypress/psoc creator/4.0/psoc creator/import/gnu/arm/4.9.3/bin/../lib/gcc/arm-none-eabi/4.9.3/../../../../arm-none-eabi/lib/armv7-m\libm.a(lib_a-s_rint.o)
 .debug_frame   0x00003890       0x30 c:/program files (x86)/cypress/psoc creator/4.0/psoc creator/import/gnu/arm/4.9.3/bin/../lib/gcc/arm-none-eabi/4.9.3/../../../../arm-none-eabi/lib/armv7-m\libm.a(lib_a-s_scalbn.o)
 .debug_frame   0x000038c0       0x20 c:/program files (x86)/cypress/psoc creator/4.0/psoc creator/import/gnu/arm/4.9.3/bin/../lib/gcc/arm-none-eabi/4.9.3/../../../../arm-none-eabi/lib/armv7-m\libm.a(lib_a-s_copysign.o)
 .debug_frame   0x000038e0       0x28 c:/program files (x86)/cypress/psoc creator/4.0/psoc creator/import/gnu/arm/4.9.3/bin/../lib/gcc/arm-none-eabi/4.9.3/armv7-m\libgcc.a(_aeabi_uldivmod.o)
 .debug_frame   0x00003908       0x54 c:/program files (x86)/cypress/psoc creator/4.0/psoc creator/import/gnu/arm/4.9.3/bin/../lib/gcc/arm-none-eabi/4.9.3/armv7-m\libgcc.a(bpabi.o)
 .debug_frame   0x0000395c       0x34 c:/program files (x86)/cypress/psoc creator/4.0/psoc creator/import/gnu/arm/4.9.3/bin/../lib/gcc/arm-none-eabi/4.9.3/armv7-m\libgcc.a(_divdi3.o)
 .debug_frame   0x00003990       0x34 c:/program files (x86)/cypress/psoc creator/4.0/psoc creator/import/gnu/arm/4.9.3/bin/../lib/gcc/arm-none-eabi/4.9.3/armv7-m\libgcc.a(_udivdi3.o)
 .debug_frame   0x000039c4       0x20 c:/program files (x86)/cypress/psoc creator/4.0/psoc creator/import/gnu/arm/4.9.3/bin/../lib/gcc/arm-none-eabi/4.9.3/../../../../arm-none-eabi/lib/armv7-m\libg_nano.a(lib_a-calloc.o)
 .debug_frame   0x000039e4       0x20 c:/program files (x86)/cypress/psoc creator/4.0/psoc creator/import/gnu/arm/4.9.3/bin/../lib/gcc/arm-none-eabi/4.9.3/../../../../arm-none-eabi/lib/armv7-m\libg_nano.a(lib_a-errno.o)
 .debug_frame   0x00003a04       0x28 c:/program files (x86)/cypress/psoc creator/4.0/psoc creator/import/gnu/arm/4.9.3/bin/../lib/gcc/arm-none-eabi/4.9.3/../../../../arm-none-eabi/lib/armv7-m\libg_nano.a(lib_a-exit.o)
 .debug_frame   0x00003a2c       0x2c c:/program files (x86)/cypress/psoc creator/4.0/psoc creator/import/gnu/arm/4.9.3/bin/../lib/gcc/arm-none-eabi/4.9.3/../../../../arm-none-eabi/lib/armv7-m\libg_nano.a(lib_a-init.o)
 .debug_frame   0x00003a58       0x30 c:/program files (x86)/cypress/psoc creator/4.0/psoc creator/import/gnu/arm/4.9.3/bin/../lib/gcc/arm-none-eabi/4.9.3/../../../../arm-none-eabi/lib/armv7-m\libg_nano.a(lib_a-malloc.o)
 .debug_frame   0x00003a88       0x28 c:/program files (x86)/cypress/psoc creator/4.0/psoc creator/import/gnu/arm/4.9.3/bin/../lib/gcc/arm-none-eabi/4.9.3/../../../../arm-none-eabi/lib/armv7-m\libg_nano.a(lib_a-memcpy.o)
 .debug_frame   0x00003ab0       0x20 c:/program files (x86)/cypress/psoc creator/4.0/psoc creator/import/gnu/arm/4.9.3/bin/../lib/gcc/arm-none-eabi/4.9.3/../../../../arm-none-eabi/lib/armv7-m\libg_nano.a(lib_a-memset.o)
 .debug_frame   0x00003ad0       0x2c c:/program files (x86)/cypress/psoc creator/4.0/psoc creator/import/gnu/arm/4.9.3/bin/../lib/gcc/arm-none-eabi/4.9.3/../../../../arm-none-eabi/lib/armv7-m\libg_nano.a(lib_a-nano-callocr.o)
 .debug_frame   0x00003afc       0x2c c:/program files (x86)/cypress/psoc creator/4.0/psoc creator/import/gnu/arm/4.9.3/bin/../lib/gcc/arm-none-eabi/4.9.3/../../../../arm-none-eabi/lib/armv7-m\libg_nano.a(lib_a-nano-freer.o)
 .debug_frame   0x00003b28       0x2c c:/program files (x86)/cypress/psoc creator/4.0/psoc creator/import/gnu/arm/4.9.3/bin/../lib/gcc/arm-none-eabi/4.9.3/../../../../arm-none-eabi/lib/armv7-m\libg_nano.a(lib_a-nano-mallocr.o)
 .debug_frame   0x00003b54       0x2c c:/program files (x86)/cypress/psoc creator/4.0/psoc creator/import/gnu/arm/4.9.3/bin/../lib/gcc/arm-none-eabi/4.9.3/../../../../arm-none-eabi/lib/armv7-m\libg_nano.a(lib_a-sbrkr.o)
 .debug_frame   0x00003b80       0x5c c:/program files (x86)/cypress/psoc creator/4.0/psoc creator/import/gnu/arm/4.9.3/bin/../lib/gcc/arm-none-eabi/4.9.3/../../../../arm-none-eabi/lib/armv7-m\libg_nano.a(lib_a-reent.o)
 .debug_frame   0x00003bdc       0x20 c:/program files (x86)/cypress/psoc creator/4.0/psoc creator/import/gnu/arm/4.9.3/bin/../lib/gcc/arm-none-eabi/4.9.3/../../../../arm-none-eabi/lib/armv7-m\libnosys.a(sbrk.o)

.debug_str      0x00000000     0x30b6
 *(.debug_str)
 .debug_str     0x00000000      0x253 .\CortexM3\ARM_GCC_493\Debug\main.o
                                0x29b (size before relaxing)
 .debug_str     0x00000253      0x13f .\CortexM3\ARM_GCC_493\Debug\fft.o
                                0x2be (size before relaxing)
 .debug_str     0x00000392       0x6c .\CortexM3\ARM_GCC_493\Debug\midi.o
                                0x1ed (size before relaxing)
 .debug_str     0x000003fe       0x2c .\CortexM3\ARM_GCC_493\Debug\pitch.o
                                0x18f (size before relaxing)
 .debug_str     0x0000042a       0x75 .\CortexM3\ARM_GCC_493\Debug\cymetadata.o
                                0x1da (size before relaxing)
 .debug_str     0x0000049f      0x110 .\CortexM3\ARM_GCC_493\Debug\Cm3Start.o
                                0x296 (size before relaxing)
 .debug_str     0x000005af       0xd2 .\CortexM3\ARM_GCC_493\Debug\CE95395.a(MIDI1_UART_PM.o)
                                0x248 (size before relaxing)
 .debug_str     0x00000681       0xbd .\CortexM3\ARM_GCC_493\Debug\CE95395.a(MIDI2_UART_PM.o)
                                0x248 (size before relaxing)
 .debug_str     0x0000073e      0x185 .\CortexM3\ARM_GCC_493\Debug\CE95395.a(cyfitter_cfg.o)
                                0x31c (size before relaxing)
 .debug_str     0x000008c3       0x61 .\CortexM3\ARM_GCC_493\Debug\CE95395.a(SW2.o)
                                0x1c8 (size before relaxing)
 .debug_str     0x00000924       0xe9 .\CortexM3\ARM_GCC_493\Debug\CE95395.a(SleepTimer.o)
                                0x253 (size before relaxing)
 .debug_str     0x00000a0d       0x51 .\CortexM3\ARM_GCC_493\Debug\CE95395.a(SW1.o)
                                0x1c8 (size before relaxing)
 .debug_str     0x00000a5e       0x6a .\CortexM3\ARM_GCC_493\Debug\CE95395.a(MIDI_PWR.o)
                                0x1e1 (size before relaxing)
 .debug_str     0x00000ac8      0x2b3 .\CortexM3\ARM_GCC_493\Debug\CE95395.a(USB.o)
                                0x454 (size before relaxing)
 .debug_str     0x00000d7b      0x279 .\CortexM3\ARM_GCC_493\Debug\CE95395.a(USB_drv.o)
                                0x529 (size before relaxing)
 .debug_str     0x00000ff4       0x5b .\CortexM3\ARM_GCC_493\Debug\CE95395.a(USB_episr.o)
                                0x237 (size before relaxing)
 .debug_str     0x0000104f       0x80 .\CortexM3\ARM_GCC_493\Debug\CE95395.a(USB_pm.o)
                                0x24a (size before relaxing)
 .debug_str     0x000010cf      0x290 .\CortexM3\ARM_GCC_493\Debug\CE95395.a(USB_std.o)
                                0x5aa (size before relaxing)
 .debug_str     0x0000135f       0x53 .\CortexM3\ARM_GCC_493\Debug\CE95395.a(USB_vnd.o)
                                0x229 (size before relaxing)
 .debug_str     0x000013b2      0x309 .\CortexM3\ARM_GCC_493\Debug\CE95395.a(USB_midi.o)
                                0x565 (size before relaxing)
 .debug_str     0x000016bb      0x136 .\CortexM3\ARM_GCC_493\Debug\CE95395.a(Sleep_isr.o)
                                0x2c2 (size before relaxing)
 .debug_str     0x000017f1      0x60f .\CortexM3\ARM_GCC_493\Debug\CE95395.a(CyLib.o)
                                0x7fc (size before relaxing)
 .debug_str     0x00001e00      0x36f .\CortexM3\ARM_GCC_493\Debug\CE95395.a(cyPm.o)
                                0x50b (size before relaxing)
 .debug_str     0x0000216f      0x1ee .\CortexM3\ARM_GCC_493\Debug\CE95395.a(LCD_Char_1.o)
                                0x389 (size before relaxing)
 .debug_str     0x0000235d      0x410 .\CortexM3\ARM_GCC_493\Debug\CE95395.a(MIDI1_UART.o)
                                0x62a (size before relaxing)
 .debug_str     0x0000276d      0x36d .\CortexM3\ARM_GCC_493\Debug\CE95395.a(MIDI2_UART.o)
                                0x62a (size before relaxing)
 .debug_str     0x00002ada       0x6a .\CortexM3\ARM_GCC_493\Debug\CE95395.a(LED_OutB.o)
                                0x1e1 (size before relaxing)
 .debug_str     0x00002b44       0x6a .\CortexM3\ARM_GCC_493\Debug\CE95395.a(LED_OutA.o)
                                0x1e1 (size before relaxing)
 .debug_str     0x00002bae       0x37 .\CortexM3\ARM_GCC_493\Debug\CE95395.a(USB_cls.o)
                                0x245 (size before relaxing)
 .debug_str     0x00002be5       0xe8 .\CortexM3\ARM_GCC_493\Debug\CE95395.a(USB_descr.o)
                                0x33a (size before relaxing)
 .debug_str     0x00002ccd      0x12e .\CortexM3\ARM_GCC_493\Debug\CE95395.a(CyFlash.o)
                                0x2d1 (size before relaxing)
 .debug_str     0x00002dfb       0xf6 .\CortexM3\ARM_GCC_493\Debug\CE95395.a(CySpc.o)
                                0x2ad (size before relaxing)
 .debug_str     0x00002ef1       0x65 .\CortexM3\ARM_GCC_493\Debug\CE95395.a(MIDI1_UART_INT.o)
                                0x293 (size before relaxing)
 .debug_str     0x00002f56       0x4a .\CortexM3\ARM_GCC_493\Debug\CE95395.a(MIDI2_UART_INT.o)
                                0x293 (size before relaxing)
 .debug_str     0x00002fa0       0x65 .\CortexM3\ARM_GCC_493\Debug\CE95395.a(LED_InB.o)
                                0x1dc (size before relaxing)
 .debug_str     0x00003005       0x65 .\CortexM3\ARM_GCC_493\Debug\CE95395.a(LED_InA.o)
                                0x1dc (size before relaxing)
 .debug_str     0x0000306a       0x4c .\CortexM3\ARM_GCC_493\Debug\CE95395.a(USB_audio.o)
                                0x1c5 (size before relaxing)

.debug_loc
 *(.debug_loc)

.debug_macinfo
 *(.debug_macinfo)

.debug_ranges   0x00000000      0xbd0
 *(.debug_ranges)
 .debug_ranges  0x00000000       0x28 .\CortexM3\ARM_GCC_493\Debug\main.o
 .debug_ranges  0x00000028       0x48 .\CortexM3\ARM_GCC_493\Debug\fft.o
 .debug_ranges  0x00000070       0x28 .\CortexM3\ARM_GCC_493\Debug\midi.o
 .debug_ranges  0x00000098       0x18 .\CortexM3\ARM_GCC_493\Debug\pitch.o
 .debug_ranges  0x000000b0       0x30 .\CortexM3\ARM_GCC_493\Debug\Cm3Start.o
 .debug_ranges  0x000000e0       0x28 .\CortexM3\ARM_GCC_493\Debug\CE95395.a(MIDI1_UART_PM.o)
 .debug_ranges  0x00000108       0x28 .\CortexM3\ARM_GCC_493\Debug\CE95395.a(MIDI2_UART_PM.o)
 .debug_ranges  0x00000130       0x50 .\CortexM3\ARM_GCC_493\Debug\CE95395.a(cyfitter_cfg.o)
 .debug_ranges  0x00000180       0x28 .\CortexM3\ARM_GCC_493\Debug\CE95395.a(SW2.o)