Archive member included because of file (symbol)

.\CortexM3\ARM_GCC_493\Debug\Hummingbird(Continuous Output).a(MIDI1_UART_PM.o)
                              .\CortexM3\ARM_GCC_493\Debug\main.o (MIDI1_UART_Sleep)
.\CortexM3\ARM_GCC_493\Debug\Hummingbird(Continuous Output).a(MIDI2_UART_PM.o)
                              .\CortexM3\ARM_GCC_493\Debug\main.o (MIDI2_UART_Sleep)
.\CortexM3\ARM_GCC_493\Debug\Hummingbird(Continuous Output).a(cyfitter_cfg.o)
                              .\CortexM3\ARM_GCC_493\Debug\Cm3Start.o (cyfitter_cfg)
.\CortexM3\ARM_GCC_493\Debug\Hummingbird(Continuous Output).a(SleepTimer.o)
                              .\CortexM3\ARM_GCC_493\Debug\main.o (SleepTimer_Stop)
.\CortexM3\ARM_GCC_493\Debug\Hummingbird(Continuous Output).a(USB.o)
                              .\CortexM3\ARM_GCC_493\Debug\main.o (USB_Start)
.\CortexM3\ARM_GCC_493\Debug\Hummingbird(Continuous Output).a(USB_drv.o)
                              .\CortexM3\ARM_GCC_493\Debug\Hummingbird(Continuous Output).a(USB.o) (USB_lastPacketSize)
.\CortexM3\ARM_GCC_493\Debug\Hummingbird(Continuous Output).a(USB_episr.o)
                              .\CortexM3\ARM_GCC_493\Debug\Hummingbird(Continuous Output).a(USB.o) (USB_EP_1_ISR)
.\CortexM3\ARM_GCC_493\Debug\Hummingbird(Continuous Output).a(USB_pm.o)
                              .\CortexM3\ARM_GCC_493\Debug\main.o (USB_Suspend)
.\CortexM3\ARM_GCC_493\Debug\Hummingbird(Continuous Output).a(USB_std.o)
                              .\CortexM3\ARM_GCC_493\Debug\Hummingbird(Continuous Output).a(USB_pm.o) (USB_ConfigReg)
.\CortexM3\ARM_GCC_493\Debug\Hummingbird(Continuous Output).a(USB_vnd.o)
                              .\CortexM3\ARM_GCC_493\Debug\Hummingbird(Continuous Output).a(USB_drv.o) (USB_HandleVendorRqst)
.\CortexM3\ARM_GCC_493\Debug\Hummingbird(Continuous Output).a(USB_midi.o)
                              .\CortexM3\ARM_GCC_493\Debug\Hummingbird(Continuous Output).a(USB_std.o) (USB_midi_in_ep)
.\CortexM3\ARM_GCC_493\Debug\Hummingbird(Continuous Output).a(Sleep_isr.o)
                              .\CortexM3\ARM_GCC_493\Debug\main.o (Sleep_isr_StartEx)
.\CortexM3\ARM_GCC_493\Debug\Hummingbird(Continuous Output).a(CyDmac.o)
                              .\CortexM3\ARM_GCC_493\Debug\Cm3Start.o (CyDmacConfigure)
.\CortexM3\ARM_GCC_493\Debug\Hummingbird(Continuous Output).a(CyLib.o)
                              .\CortexM3\ARM_GCC_493\Debug\main.o (CyDelay)
.\CortexM3\ARM_GCC_493\Debug\Hummingbird(Continuous Output).a(cyPm.o)
                              .\CortexM3\ARM_GCC_493\Debug\main.o (CyPmSaveClocks)
.\CortexM3\ARM_GCC_493\Debug\Hummingbird(Continuous Output).a(isr_1.o)
                              .\CortexM3\ARM_GCC_493\Debug\main.o (isr_1_StartEx)
.\CortexM3\ARM_GCC_493\Debug\Hummingbird(Continuous Output).a(UI_isr.o)
                              .\CortexM3\ARM_GCC_493\Debug\main.o (UI_isr_StartEx)
.\CortexM3\ARM_GCC_493\Debug\Hummingbird(Continuous Output).a(I2C_CharLCD.o)
                              .\CortexM3\ARM_GCC_493\Debug\main.o (I2C_CharLCD_Start)
.\CortexM3\ARM_GCC_493\Debug\Hummingbird(Continuous Output).a(I2C_CharLCD_INT.o)
                              .\CortexM3\ARM_GCC_493\Debug\Hummingbird(Continuous Output).a(I2C_CharLCD.o) (I2C_CharLCD_ISR)
.\CortexM3\ARM_GCC_493\Debug\Hummingbird(Continuous Output).a(I2C_CharLCD_PM.o)
                              .\CortexM3\ARM_GCC_493\Debug\Hummingbird(Continuous Output).a(I2C_CharLCD.o) (I2C_CharLCD_backup)
.\CortexM3\ARM_GCC_493\Debug\Hummingbird(Continuous Output).a(I2C_CharLCD_MASTER.o)
                              .\CortexM3\ARM_GCC_493\Debug\Hummingbird(Continuous Output).a(I2C_CharLCD.o) (I2C_CharLCD_mstrStatus)
.\CortexM3\ARM_GCC_493\Debug\Hummingbird(Continuous Output).a(CharLCD_I2C.o)
                              .\CortexM3\ARM_GCC_493\Debug\main.o (CharLCD_PrintString)
.\CortexM3\ARM_GCC_493\Debug\Hummingbird(Continuous Output).a(ADC_MIC.o)
                              .\CortexM3\ARM_GCC_493\Debug\main.o (ADC_MIC_Start)
.\CortexM3\ARM_GCC_493\Debug\Hummingbird(Continuous Output).a(ADC_MIC_INT.o)
                              .\CortexM3\ARM_GCC_493\Debug\Hummingbird(Continuous Output).a(ADC_MIC.o) (ADC_MIC_ISR)
.\CortexM3\ARM_GCC_493\Debug\Hummingbird(Continuous Output).a(TIMER_SAMPLERATE.o)
                              .\CortexM3\ARM_GCC_493\Debug\main.o (TIMER_SAMPLERATE_Start)
.\CortexM3\ARM_GCC_493\Debug\Hummingbird(Continuous Output).a(ADC_UI.o)
                              .\CortexM3\ARM_GCC_493\Debug\main.o (ADC_UI_Start)
.\CortexM3\ARM_GCC_493\Debug\Hummingbird(Continuous Output).a(ADC_UI_INT.o)
                              .\CortexM3\ARM_GCC_493\Debug\Hummingbird(Continuous Output).a(ADC_UI.o) (ADC_UI_ISR)
.\CortexM3\ARM_GCC_493\Debug\Hummingbird(Continuous Output).a(TIMER_UI.o)
                              .\CortexM3\ARM_GCC_493\Debug\main.o (TIMER_UI_Start)
.\CortexM3\ARM_GCC_493\Debug\Hummingbird(Continuous Output).a(ADC_MIC_theACLK.o)
[...]
Memory Configuration

Name             Origin             Length             Attributes
rom              0x00000000         0x00040000         xr
ram              0x1fff8000         0x00010000         xrw
*default*        0x00000000         0xffffffff

Linker script and memory map

LOAD c:/program files (x86)/cypress/psoc creator/4.0/psoc creator/import/gnu/arm/4.9.3/bin/../lib/gcc/arm-none-eabi/4.9.3/armv7-m/crti.o
LOAD c:/program files (x86)/cypress/psoc creator/4.0/psoc creator/import/gnu/arm/4.9.3/bin/../lib/gcc/arm-none-eabi/4.9.3/armv7-m/crtbegin.o
LOAD c:/program files (x86)/cypress/psoc creator/4.0/psoc creator/import/gnu/arm/4.9.3/bin/../lib/gcc/arm-none-eabi/4.9.3/../../../../arm-none-eabi/lib/armv7-m/crt0.o
START GROUP
LOAD .\CortexM3\ARM_GCC_493\Debug\main.o
LOAD .\CortexM3\ARM_GCC_493\Debug\fft.o
LOAD .\CortexM3\ARM_GCC_493\Debug\midi.o
LOAD .\CortexM3\ARM_GCC_493\Debug\pitch.o
LOAD .\CortexM3\ARM_GCC_493\Debug\hbird.o
LOAD .\CortexM3\ARM_GCC_493\Debug\cymetadata.o
LOAD .\CortexM3\ARM_GCC_493\Debug\Cm3Start.o
LOAD .\CortexM3\ARM_GCC_493\Debug\Hummingbird(Continuous Output).a
LOAD C:\Program Files (x86)\Cypress\PSoC Creator\4.0\PSoC Creator\psoc\content\cycomponentlibrary\CyComponentLibrary.cylib\CortexM3\ARM_GCC_493\Debug\CyComponentLibrary.a
LOAD c:/program files (x86)/cypress/psoc creator/4.0/psoc creator/import/gnu/arm/4.9.3/bin/../lib/gcc/arm-none-eabi/4.9.3/../../../../arm-none-eabi/lib/armv7-m\libm.a
END GROUP
START GROUP
LOAD c:/program files (x86)/cypress/psoc creator/4.0/psoc creator/import/gnu/arm/4.9.3/bin/../lib/gcc/arm-none-eabi/4.9.3/armv7-m\libgcc.a
LOAD c:/program files (x86)/cypress/psoc creator/4.0/psoc creator/import/gnu/arm/4.9.3/bin/../lib/gcc/arm-none-eabi/4.9.3/../../../../arm-none-eabi/lib/armv7-m\libg_nano.a
LOAD c:/program files (x86)/cypress/psoc creator/4.0/psoc creator/import/gnu/arm/4.9.3/bin/../lib/gcc/arm-none-eabi/4.9.3/../../../../arm-none-eabi/lib/armv7-m\libc_nano.a
END GROUP
START GROUP
LOAD c:/program files (x86)/cypress/psoc creator/4.0/psoc creator/import/gnu/arm/4.9.3/bin/../lib/gcc/arm-none-eabi/4.9.3/armv7-m\libgcc.a
LOAD c:/program files (x86)/cypress/psoc creator/4.0/psoc creator/import/gnu/arm/4.9.3/bin/../lib/gcc/arm-none-eabi/4.9.3/../../../../arm-none-eabi/lib/armv7-m\libc_nano.a
END GROUP
LOAD c:/program files (x86)/cypress/psoc creator/4.0/psoc creator/import/gnu/arm/4.9.3/bin/../lib/gcc/arm-none-eabi/4.9.3/armv7-m/crtend.o
LOAD c:/program files (x86)/cypress/psoc creator/4.0/psoc creator/import/gnu/arm/4.9.3/bin/../lib/gcc/arm-none-eabi/4.9.3/armv7-m/crtn.o
START GROUP
LOAD c:/program files (x86)/cypress/psoc creator/4.0/psoc creator/import/gnu/arm/4.9.3/bin/../lib/gcc/arm-none-eabi/4.9.3/armv7-m\libgcc.a
LOAD c:/program files (x86)/cypress/psoc creator/4.0/psoc creator/import/gnu/arm/4.9.3/bin/../lib/gcc/arm-none-eabi/4.9.3/../../../../arm-none-eabi/lib/armv7-m\libc.a
LOAD c:/program files (x86)/cypress/psoc creator/4.0/psoc creator/import/gnu/arm/4.9.3/bin/../lib/gcc/arm-none-eabi/4.9.3/../../../../arm-none-eabi/lib/armv7-m\libnosys.a
END GROUP
                0x00000000                CY_APPL_ORIGIN = 0x0
                0x00000100                CY_FLASH_ROW_SIZE = 0x100
                0x00000020                CY_ECC_ROW_SIZE = 0x20
                0x00000000                CY_EE_IN_BTLDR = 0x0
                0x00000000                CY_APPL_LOADABLE = 0x0
                0x00000800                CY_EE_SIZE = 0x800
                0x00000001                CY_APPL_NUM = 0x1
                0x00000001                CY_APPL_MAX = 0x1
                0x00000040                CY_METADATA_SIZE = 0x40
                0x1fff9910                PROVIDE (__cy_heap_start, _end)
                0x00000001                PROVIDE (__cy_region_num, ((__cy_regions_end - __cy_regions) / 0x10))
                0x20008000                PROVIDE (__cy_stack, (ORIGIN (ram) + 0x10000))
                0x20007800                PROVIDE (__cy_heap_end, (__cy_stack - 0x800))

.cybootloader   0x00000000        0x0
 *(.cybootloader)
                0x00000000                appl1_start = CY_APPL_ORIGIN?CY_APPL_ORIGIN:ALIGN (CY_FLASH_ROW_SIZE)
                0x0001ff00                appl2_start = (appl1_start + ALIGN ((((0x40000 - appl1_start) - (0x2 * CY_FLASH_ROW_SIZE)) / 0x2), CY_FLASH_ROW_SIZE))
                0x00000000                appl_start = (CY_APPL_NUM == 0x1)?appl1_start:appl2_start
                0x00000000                ecc_offset = ((appl_start / CY_FLASH_ROW_SIZE) * CY_ECC_ROW_SIZE)
                0x00000000                ee_offset = (CY_APPL_LOADABLE && ! (CY_EE_IN_BTLDR))?((CY_EE_SIZE / CY_APPL_MAX) * (CY_APPL_NUM - 0x1)):0x0
                0x00000800                ee_size = (CY_APPL_LOADABLE && ! (CY_EE_IN_BTLDR))?(CY_EE_SIZE / CY_APPL_MAX):CY_EE_SIZE
                0x00000000                PROVIDE (CY_ECC_OFFSET, ecc_offset)

.text           0x00000000     0xa334
 CREATE_OBJECT_SYMBOLS
                0x00000000                PROVIDE (__cy_interrupt_vector, RomVectors)
 *(.romvectors)
 .romvectors    0x00000000       0x10 .\CortexM3\ARM_GCC_493\Debug\Cm3Start.o
                0x00000000                RomVectors
                0x00000001                ASSERT ((. != __cy_interrupt_vector), No interrupt vector)
                0x00000001                ASSERT (CY_APPL_ORIGIN?(SIZEOF (.cybootloader) <= CY_APPL_ORIGIN):0x1, Wrong image location)
                0x00000010                PROVIDE (__cy_reset, Reset)
 *(.text.Reset)
 .text.Reset    0x00000010       0x18 .\CortexM3\ARM_GCC_493\Debug\Cm3Start.o
                0x00000010                Reset
                0x00000001                ASSERT ((. != __cy_reset), No reset code)
 *(.dma_init)
                0x00000001                ASSERT ((((appl_start + .) <= 0x10000) || 0x1), DMA Init must be within the first 64k of flash)
 *(.text .text.* .gnu.linkonce.t.*)
 .text          0x00000028       0x5c c:/program files (x86)/cypress/psoc creator/4.0/psoc creator/import/gnu/arm/4.9.3/bin/../lib/gcc/arm-none-eabi/4.9.3/armv7-m/crtbegin.o
 .text.SleepIsr
                0x00000084       0x2c .\CortexM3\ARM_GCC_493\Debug\main.o
                0x00000084                SleepIsr
 .text.UserInterfaceISR
                0x000000b0      0x1a0 .\CortexM3\ARM_GCC_493\Debug\main.o
                0x000000b0                UserInterfaceISR
 .text.GetSample
                0x00000250       0x88 .\CortexM3\ARM_GCC_493\Debug\main.o
                0x00000250                GetSample
 .text.startup.main
                0x000002d8      0x4ec .\CortexM3\ARM_GCC_493\Debug\main.o
                0x000002d8                main
 .text.USB_callbackLocalMidiEvent
                0x000007c4       0x14 .\CortexM3\ARM_GCC_493\Debug\main.o
                0x000007c4                USB_callbackLocalMidiEvent
 .text.fft_init
                0x000007d8       0x78 .\CortexM3\ARM_GCC_493\Debug\fft.o
                0x000007d8                fft_init
 .text.populate_midi_array
                0x00000850       0x48 .\CortexM3\ARM_GCC_493\Debug\midi.o
                0x00000850                populate_midi_array
 .text.midi_note_from_freq
                0x00000898       0x50 .\CortexM3\ARM_GCC_493\Debug\midi.o
                0x00000898                midi_note_from_freq
 .text.midi_note_changed
                0x000008e8       0xc4 .\CortexM3\ARM_GCC_493\Debug\midi.o
                0x000008e8                midi_note_changed
 .text.midi_note_basename
                0x000009ac      0x190 .\CortexM3\ARM_GCC_493\Debug\midi.o
                0x000009ac                midi_note_basename
 .text.midi_note_truename
                0x00000b3c      0x200 .\CortexM3\ARM_GCC_493\Debug\midi.o
                0x00000b3c                midi_note_truename
 .text.NoteSnap
                0x00000d3c      0x744 .\CortexM3\ARM_GCC_493\Debug\midi.o
                0x00000d3c                NoteSnap
 .text.pitch_init
                0x00001480       0x14 .\CortexM3\ARM_GCC_493\Debug\pitch.o
                0x00001480                pitch_init
 .text.auto_correlate
                0x00001494       0x88 .\CortexM3\ARM_GCC_493\Debug\pitch.o
                0x00001494                auto_correlate
 .text.map      0x0000151c       0x1c .\CortexM3\ARM_GCC_493\Debug\hbird.o
                0x0000151c                map
 .text.UpdateScaleLCD
                0x00001538       0xac .\CortexM3\ARM_GCC_493\Debug\hbird.o
                0x00001538                UpdateScaleLCD
 *fill*         0x000015e4        0x4 
 .text.UpdateTuner
                0x000015e8      0x2d0 .\CortexM3\ARM_GCC_493\Debug\hbird.o
                0x000015e8                UpdateTuner
 .text.UpdateKeyLCD
                0x000018b8       0x48 .\CortexM3\ARM_GCC_493\Debug\hbird.o
                0x000018b8                UpdateKeyLCD
 .text.initDisplay
                0x00001900       0xc0 .\CortexM3\ARM_GCC_493\Debug\hbird.o
                0x00001900                initDisplay
 .text.PushArray
                0x000019c0       0x14 .\CortexM3\ARM_GCC_493\Debug\hbird.o
                0x000019c0                PushArray
 .text.PrintNoteHistory
                0x000019d4       0x64 .\CortexM3\ARM_GCC_493\Debug\hbird.o
                0x000019d4                PrintNoteHistory
 .text.IntDefaultHandler
                0x00001a38        0x4 .\CortexM3\ARM_GCC_493\Debug\Cm3Start.o
                0x00001a38                IntDefaultHandler
 .text.Start_c  0x00001a3c       0x60 .\CortexM3\ARM_GCC_493\Debug\Cm3Start.o
                0x00001a3c                Start_c
 .text.startup.initialize_psoc
                0x00001a9c       0x78 .\CortexM3\ARM_GCC_493\Debug\Cm3Start.o
                0x00001a9c                initialize_psoc
 .text.MIDI1_UART_Sleep
                0x00001b14       0x28 .\CortexM3\ARM_GCC_493\Debug\Hummingbird(Continuous Output).a(MIDI1_UART_PM.o)
                0x00001b14                MIDI1_UART_Sleep
 .text.MIDI1_UART_Wakeup
                0x00001b3c       0x20 .\CortexM3\ARM_GCC_493\Debug\Hummingbird(Continuous Output).a(MIDI1_UART_PM.o)
                0x00001b3c                MIDI1_UART_Wakeup
 .text.MIDI2_UART_Sleep
                0x00001b5c       0x28 .\CortexM3\ARM_GCC_493\Debug\Hummingbird(Continuous Output).a(MIDI2_UART_PM.o)
                0x00001b5c                MIDI2_UART_Sleep
 .text.MIDI2_UART_Wakeup
                0x00001b84       0x20 .\CortexM3\ARM_GCC_493\Debug\Hummingbird(Continuous Output).a(MIDI2_UART_PM.o)
                0x00001b84                MIDI2_UART_Wakeup
 .text.cyfitter_cfg
                0x00001ba4      0x374 .\CortexM3\ARM_GCC_493\Debug\Hummingbird(Continuous Output).a(cyfitter_cfg.o)
                0x00001ba4                cyfitter_cfg
 .text.SleepTimer_Enable
                0x00001f18       0x38 .\CortexM3\ARM_GCC_493\Debug\Hummingbird(Continuous Output).a(SleepTimer.o)
                0x00001f18                SleepTimer_Enable
 .text.SleepTimer_Stop
                0x00001f50       0x1c .\CortexM3\ARM_GCC_493\Debug\Hummingbird(Continuous Output).a(SleepTimer.o)
                0x00001f50                SleepTimer_Stop
 .text.SleepTimer_EnableInt
                0x00001f6c       0x1c .\CortexM3\ARM_GCC_493\Debug\Hummingbird(Continuous Output).a(SleepTimer.o)
                0x00001f6c                SleepTimer_EnableInt
 .text.SleepTimer_Init
                0x00001f88       0x24 .\CortexM3\ARM_GCC_493\Debug\Hummingbird(Continuous Output).a(SleepTimer.o)
                0x00001f88                SleepTimer_Init
 .text.SleepTimer_Start
                0x00001fac       0x1c .\CortexM3\ARM_GCC_493\Debug\Hummingbird(Continuous Output).a(SleepTimer.o)
                0x00001fac                SleepTimer_Start
 .text.SleepTimer_GetStatus
                0x00001fc8        0x8 .\CortexM3\ARM_GCC_493\Debug\Hummingbird(Continuous Output).a(SleepTimer.o)
                0x00001fc8                SleepTimer_GetStatus
 .text.USB_Init
                0x00001fd0      0x124 .\CortexM3\ARM_GCC_493\Debug\Hummingbird(Continuous Output).a(USB.o)
                0x00001fd0                USB_Init
 .text.USB_InitComponent
                0x000020f4       0xb8 .\CortexM3\ARM_GCC_493\Debug\Hummingbird(Continuous Output).a(USB.o)
                0x000020f4                USB_InitComponent
 .text.USB_Start
                0x000021ac       0x28 .\CortexM3\ARM_GCC_493\Debug\Hummingbird(Continuous Output).a(USB.o)
                0x000021ac                USB_Start
 .text.USB_ReInitComponent
                0x000021d4       0x68 .\CortexM3\ARM_GCC_493\Debug\Hummingbird(Continuous Output).a(USB.o)
                0x000021d4                USB_ReInitComponent
 .text.USB_CheckActivity
                0x0000223c       0x18 .\CortexM3\ARM_GCC_493\Debug\Hummingbird(Continuous Output).a(USB.o)
                0x0000223c                USB_CheckActivity
 .text.USB_GetConfiguration
                0x00002254        0xc .\CortexM3\ARM_GCC_493\Debug\Hummingbird(Continuous Output).a(USB.o)
                0x00002254                USB_GetConfiguration
 .text.USB_IsConfigurationChanged
                0x00002260       0x18 .\CortexM3\ARM_GCC_493\Debug\Hummingbird(Continuous Output).a(USB.o)
                0x00002260                USB_IsConfigurationChanged
 .text.USB_GetEPState
                0x00002278       0x14 .\CortexM3\ARM_GCC_493\Debug\Hummingbird(Continuous Output).a(USB.o)
                0x00002278                USB_GetEPState
 .text.USB_GetEPCount
                0x0000228c       0x30 .\CortexM3\ARM_GCC_493\Debug\Hummingbird(Continuous Output).a(USB.o)
                0x0000228c                USB_GetEPCount
 .text.USB_LoadInEP
                0x000022bc       0xa0 .\CortexM3\ARM_GCC_493\Debug\Hummingbird(Continuous Output).a(USB.o)
                0x000022bc                USB_LoadInEP
 .text.USB_ReadOutEP
                0x0000235c       0x80 .\CortexM3\ARM_GCC_493\Debug\Hummingbird(Continuous Output).a(USB.o)
                0x0000235c                USB_ReadOutEP
 .text.USB_EnableOutEP
                0x000023dc       0x2c .\CortexM3\ARM_GCC_493\Debug\Hummingbird(Continuous Output).a(USB.o)
                0x000023dc                USB_EnableOutEP
 .text.USB_HandleSetup
                0x00002408       0x7c .\CortexM3\ARM_GCC_493\Debug\Hummingbird(Continuous Output).a(USB_drv.o)
                0x00002408                USB_HandleSetup
 .text.USB_LoadEP0
                0x00002484       0xa8 .\CortexM3\ARM_GCC_493\Debug\Hummingbird(Continuous Output).a(USB_drv.o)
                0x00002484                USB_LoadEP0
 .text.USB_InitControlRead
                0x0000252c       0x8c .\CortexM3\ARM_GCC_493\Debug\Hummingbird(Continuous Output).a(USB_drv.o)
                0x0000252c                USB_InitControlRead
 .text.USB_ControlReadStatusStage
                0x000025b8       0x4c .\CortexM3\ARM_GCC_493\Debug\Hummingbird(Continuous Output).a(USB_drv.o)
                0x000025b8                USB_ControlReadStatusStage
 .text.USB_ControlWriteDataStage
                0x00002604       0x8c .\CortexM3\ARM_GCC_493\Debug\Hummingbird(Continuous Output).a(USB_drv.o)
                0x00002604                USB_ControlWriteDataStage
 .text.USB_HandleOUT
                0x00002690       0x4c .\CortexM3\ARM_GCC_493\Debug\Hummingbird(Continuous Output).a(USB_drv.o)
                0x00002690                USB_HandleOUT
 .text.USB_InitNoDataControlTransfer
                0x000026dc       0x30 .\CortexM3\ARM_GCC_493\Debug\Hummingbird(Continuous Output).a(USB_drv.o)
                0x000026dc                USB_InitNoDataControlTransfer
 .text.USB_NoDataControlStatusStage
                0x0000270c       0x60 .\CortexM3\ARM_GCC_493\Debug\Hummingbird(Continuous Output).a(USB_drv.o)
                0x0000270c                USB_NoDataControlStatusStage
 .text.USB_HandleIN
                0x0000276c       0x5c .\CortexM3\ARM_GCC_493\Debug\Hummingbird(Continuous Output).a(USB_drv.o)
                0x0000276c                USB_HandleIN
 .text.USB_EP_0_ISR
                0x000027c8       0x8c .\CortexM3\ARM_GCC_493\Debug\Hummingbird(Continuous Output).a(USB_drv.o)
                0x000027c8                USB_EP_0_ISR
 .text.USB_EP_1_ISR
                0x00002854       0x34 .\CortexM3\ARM_GCC_493\Debug\Hummingbird(Continuous Output).a(USB_episr.o)
                0x00002854                USB_EP_1_ISR
 .text.USB_EP_2_ISR
                0x00002888       0x34 .\CortexM3\ARM_GCC_493\Debug\Hummingbird(Continuous Output).a(USB_episr.o)
                0x00002888                USB_EP_2_ISR
 .text.USB_SOF_ISR
                0x000028bc        0x4 .\CortexM3\ARM_GCC_493\Debug\Hummingbird(Continuous Output).a(USB_episr.o)
                0x000028bc                USB_SOF_ISR
 .text.USB_BUS_RESET_ISR
                0x000028c0        0x4 .\CortexM3\ARM_GCC_493\Debug\Hummingbird(Continuous Output).a(USB_episr.o)
                0x000028c0                USB_BUS_RESET_ISR
 .text.USB_DP_ISR
                0x000028c4        0xc .\CortexM3\ARM_GCC_493\Debug\Hummingbird(Continuous Output).a(USB_pm.o)
                0x000028c4                USB_DP_ISR
 .text.USB_Suspend
                0x000028d0       0xe4 .\CortexM3\ARM_GCC_493\Debug\Hummingbird(Continuous Output).a(USB_pm.o)
                0x000028d0                USB_Suspend
 .text.USB_Resume
                0x000029b4       0xd0 .\CortexM3\ARM_GCC_493\Debug\Hummingbird(Continuous Output).a(USB_pm.o)
                0x000029b4                USB_Resume
 .text.USB_ConfigAltChanged.part.0
                0x00002a84      0x1bc .\CortexM3\ARM_GCC_493\Debug\Hummingbird(Continuous Output).a(USB_std.o)
 .text.USB_ReadDieID
                0x00002c40       0x54 .\CortexM3\ARM_GCC_493\Debug\Hummingbird(Continuous Output).a(USB_std.o)
                0x00002c40                USB_ReadDieID
 .text.USB_ConfigReg
                0x00002c94       0x98 .\CortexM3\ARM_GCC_493\Debug\Hummingbird(Continuous Output).a(USB_std.o)
                0x00002c94                USB_ConfigReg
 .text.USB_GetInterfaceClassTablePtr
                0x00002d2c       0x44 .\CortexM3\ARM_GCC_493\Debug\Hummingbird(Continuous Output).a(USB_std.o)
                0x00002d2c                USB_GetInterfaceClassTablePtr
 .text.USB_Config
                0x00002d70      0x1e4 .\CortexM3\ARM_GCC_493\Debug\Hummingbird(Continuous Output).a(USB_std.o)
                0x00002d70                USB_Config
 .text.USB_SetEndpointHalt
                0x00002f54       0x58 .\CortexM3\ARM_GCC_493\Debug\Hummingbird(Continuous Output).a(USB_std.o)
                0x00002f54                USB_SetEndpointHalt
 .text.USB_ClearEndpointHalt
                0x00002fac       0x84 .\CortexM3\ARM_GCC_493\Debug\Hummingbird(Continuous Output).a(USB_std.o)
                0x00002fac                USB_ClearEndpointHalt
 .text.USB_ValidateAlternateSetting
                0x00003030       0x74 .\CortexM3\ARM_GCC_493\Debug\Hummingbird(Continuous Output).a(USB_std.o)
                0x00003030                USB_ValidateAlternateSetting
 .text.USB_HandleStandardRqst
                0x000030a4      0x364 .\CortexM3\ARM_GCC_493\Debug\Hummingbird(Continuous Output).a(USB_std.o)
                0x000030a4                USB_HandleStandardRqst
 .text.USB_HandleVendorRqst
                0x00003408       0x34 .\CortexM3\ARM_GCC_493\Debug\Hummingbird(Continuous Output).a(USB_vnd.o)
                0x00003408                USB_HandleVendorRqst
 .text.USB_MIDI_IN_EP_Service
                0x0000343c       0x34 .\CortexM3\ARM_GCC_493\Debug\Hummingbird(Continuous Output).a(USB_midi.o)
                0x0000343c                USB_MIDI_IN_EP_Service
 .text.USB_PrepareInBuffer
                0x00003470      0x1f4 .\CortexM3\ARM_GCC_493\Debug\Hummingbird(Continuous Output).a(USB_midi.o)
                0x00003470                USB_PrepareInBuffer
 .text.USB_PutUsbMidiIn
                0x00003664       0xf0 .\CortexM3\ARM_GCC_493\Debug\Hummingbird(Continuous Output).a(USB_midi.o)
                0x00003664                USB_PutUsbMidiIn
 .text.USB_MIDI_Init
                0x00003754       0x5c .\CortexM3\ARM_GCC_493\Debug\Hummingbird(Continuous Output).a(USB_midi.o)
                0x00003754                USB_MIDI_Init
 .text.USB_MIDI_EP_Init
                0x000037b0       0x20 .\CortexM3\ARM_GCC_493\Debug\Hummingbird(Continuous Output).a(USB_midi.o)
                0x000037b0                USB_MIDI_EP_Init
 .text.USB_ProcessMidiIn
                0x000037d0      0x158 .\CortexM3\ARM_GCC_493\Debug\Hummingbird(Continuous Output).a(USB_midi.o)
                0x000037d0                USB_ProcessMidiIn
 .text.USB_MIDI1_GetEvent
                0x00003928       0x8c .\CortexM3\ARM_GCC_493\Debug\Hummingbird(Continuous Output).a(USB_midi.o)
                0x00003928                USB_MIDI1_GetEvent
 .text.USB_MIDI1_ProcessUsbOut
                0x000039b4       0xa8 .\CortexM3\ARM_GCC_493\Debug\Hummingbird(Continuous Output).a(USB_midi.o)
                0x000039b4                USB_MIDI1_ProcessUsbOut
 .text.USB_MIDI2_GetEvent
                0x00003a5c       0x8c .\CortexM3\ARM_GCC_493\Debug\Hummingbird(Continuous Output).a(USB_midi.o)
                0x00003a5c                USB_MIDI2_GetEvent
 .text.USB_MIDI_IN_Service
                0x00003ae8       0x68 .\CortexM3\ARM_GCC_493\Debug\Hummingbird(Continuous Output).a(USB_midi.o)
                0x00003ae8                USB_MIDI_IN_Service
 .text.USB_MIDI2_ProcessUsbOut
                0x00003b50       0xa8 .\CortexM3\ARM_GCC_493\Debug\Hummingbird(Continuous Output).a(USB_midi.o)
                0x00003b50                USB_MIDI2_ProcessUsbOut
 .text.USB_MIDI_OUT_EP_Service
                0x00003bf8       0x74 .\CortexM3\ARM_GCC_493\Debug\Hummingbird(Continuous Output).a(USB_midi.o)
                0x00003bf8                USB_MIDI_OUT_EP_Service
 .text.Sleep_isr_StartEx
                0x00003c6c       0x2c .\CortexM3\ARM_GCC_493\Debug\Hummingbird(Continuous Output).a(Sleep_isr.o)
                0x00003c6c                Sleep_isr_StartEx
 .text.CyDmacConfigure
                0x00003c98       0x34 .\CortexM3\ARM_GCC_493\Debug\Hummingbird(Continuous Output).a(CyDmac.o)
                0x00003c98                CyDmacConfigure
 .text.CyDmaChEnable
                0x00003ccc       0x3c .\CortexM3\ARM_GCC_493\Debug\Hummingbird(Continuous Output).a(CyDmac.o)
                0x00003ccc                CyDmaChEnable
 .text.CyDmaClearPendingDrq
                0x00003d08       0x30 .\CortexM3\ARM_GCC_493\Debug\Hummingbird(Continuous Output).a(CyDmac.o)
                0x00003d08                CyDmaClearPendingDrq
 .text.CyDmaChPriority
                0x00003d38       0x24 .\CortexM3\ARM_GCC_493\Debug\Hummingbird(Continuous Output).a(CyDmac.o)
                0x00003d38                CyDmaChPriority
 .text.CyDmaChSetExtendedAddress
                0x00003d5c       0x30 .\CortexM3\ARM_GCC_493\Debug\Hummingbird(Continuous Output).a(CyDmac.o)
                0x00003d5c                CyDmaChSetExtendedAddress
 .text.CyDmaChSetInitialTd
                0x00003d8c       0x18 .\CortexM3\ARM_GCC_493\Debug\Hummingbird(Continuous Output).a(CyDmac.o)
                0x00003d8c                CyDmaChSetInitialTd
 .text.CyDmaChSetConfiguration
                0x00003da4       0x48 .\CortexM3\ARM_GCC_493\Debug\Hummingbird(Continuous Output).a(CyDmac.o)
                0x00003da4                CyDmaChSetConfiguration
 .text.CyDmaTdAllocate
                0x00003dec       0x38 .\CortexM3\ARM_GCC_493\Debug\Hummingbird(Continuous Output).a(CyDmac.o)
                0x00003dec                CyDmaTdAllocate
 .text.CyDmaTdSetConfiguration
                0x00003e24       0x30 .\CortexM3\ARM_GCC_493\Debug\Hummingbird(Continuous Output).a(CyDmac.o)
                0x00003e24                CyDmaTdSetConfiguration
 .text.CyDmaTdSetAddress
                0x00003e54       0x1c .\CortexM3\ARM_GCC_493\Debug\Hummingbird(Continuous Output).a(CyDmac.o)
                0x00003e54                CyDmaTdSetAddress
 .text.CyIMO_SetTrimValue
                0x00003e70       0xf4 .\CortexM3\ARM_GCC_493\Debug\Hummingbird(Continuous Output).a(CyLib.o)
 .text.CyPLL_OUT_Start
                0x00003f64       0x78 .\CortexM3\ARM_GCC_493\Debug\Hummingbird(Continuous Output).a(CyLib.o)
                0x00003f64                CyPLL_OUT_Start
 .text.CyPLL_OUT_Stop
                0x00003fdc       0x10 .\CortexM3\ARM_GCC_493\Debug\Hummingbird(Continuous Output).a(CyLib.o)
                0x00003fdc                CyPLL_OUT_Stop
 .text.CyIMO_Start
                0x00003fec       0x6c .\CortexM3\ARM_GCC_493\Debug\Hummingbird(Continuous Output).a(CyLib.o)
                0x00003fec                CyIMO_Start
 .text.CyIMO_Stop
                0x00004058       0x20 .\CortexM3\ARM_GCC_493\Debug\Hummingbird(Continuous Output).a(CyLib.o)
                0x00004058                CyIMO_Stop
 .text.CyIMO_SetFreq
                0x00004078      0x130 .\CortexM3\ARM_GCC_493\Debug\Hummingbird(Continuous Output).a(CyLib.o)
                0x00004078                CyIMO_SetFreq
 .text.CyIMO_SetSource
                0x000041a8       0x50 .\CortexM3\ARM_GCC_493\Debug\Hummingbird(Continuous Output).a(CyLib.o)
                0x000041a8                CyIMO_SetSource
 .text.CyIMO_EnableDoubler
                0x000041f8       0x10 .\CortexM3\ARM_GCC_493\Debug\Hummingbird(Continuous Output).a(CyLib.o)
                0x000041f8                CyIMO_EnableDoubler
 .text.CyIMO_DisableDoubler
                0x00004208       0x10 .\CortexM3\ARM_GCC_493\Debug\Hummingbird(Continuous Output).a(CyLib.o)
                0x00004208                CyIMO_DisableDoubler
 .text.CyMasterClk_SetSource
                0x00004218       0x18 .\CortexM3\ARM_GCC_493\Debug\Hummingbird(Continuous Output).a(CyLib.o)
                0x00004218                CyMasterClk_SetSource
 .text.CyMasterClk_SetDivider
                0x00004230        0xc .\CortexM3\ARM_GCC_493\Debug\Hummingbird(Continuous Output).a(CyLib.o)
                0x00004230                CyMasterClk_SetDivider
 .text.CyBusClk_SetDivider
                0x0000423c      0x110 .\CortexM3\ARM_GCC_493\Debug\Hummingbird(Continuous Output).a(CyLib.o)
                0x0000423c                CyBusClk_SetDivider
 .text.CyILO_Start100K
                0x0000434c       0x10 .\CortexM3\ARM_GCC_493\Debug\Hummingbird(Continuous Output).a(CyLib.o)
                0x0000434c                CyILO_Start100K
 .text.CyXTAL_Start
                0x0000435c       0xac .\CortexM3\ARM_GCC_493\Debug\Hummingbird(Continuous Output).a(CyLib.o)
                0x0000435c                CyXTAL_Start
 .text.CyXTAL_Stop
                0x00004408       0x10 .\CortexM3\ARM_GCC_493\Debug\Hummingbird(Continuous Output).a(CyLib.o)
                0x00004408                CyXTAL_Stop
 .text.CyHalt   0x00004418        0x4 .\CortexM3\ARM_GCC_493\Debug\Hummingbird(Continuous Output).a(CyLib.o)
                0x00004418                CyHalt
 .text.CyDelay  0x0000441c       0x48 .\CortexM3\ARM_GCC_493\Debug\Hummingbird(Continuous Output).a(CyLib.o)
                0x0000441c                CyDelay
 .text.CyDelayUs
                0x00004464       0x10 .\CortexM3\ARM_GCC_493\Debug\Hummingbird(Continuous Output).a(CyLib.o)
                0x00004464                CyDelayUs
 .text.CyIntSetVector
                0x00004474       0x20 .\CortexM3\ARM_GCC_493\Debug\Hummingbird(Continuous Output).a(CyLib.o)
                0x00004474                CyIntSetVector
 .text.CyIntSetPriority
                0x00004494       0x20 .\CortexM3\ARM_GCC_493\Debug\Hummingbird(Continuous Output).a(CyLib.o)
                0x00004494                CyIntSetPriority
 .text.CyPmHibSlpSaveSet
                0x000044b4      0x1c8 .\CortexM3\ARM_GCC_493\Debug\Hummingbird(Continuous Output).a(cyPm.o)
 .text.CyPmHibSlpRestore
                0x0000467c      0x140 .\CortexM3\ARM_GCC_493\Debug\Hummingbird(Continuous Output).a(cyPm.o)
 .text.CyPmSaveClocks
                0x000047bc      0x208 .\CortexM3\ARM_GCC_493\Debug\Hummingbird(Continuous Output).a(cyPm.o)
                0x000047bc                CyPmSaveClocks
 .text.CyPmRestoreClocks
                0x000049c4      0x240 .\CortexM3\ARM_GCC_493\Debug\Hummingbird(Continuous Output).a(cyPm.o)
                0x000049c4                CyPmRestoreClocks
 .text.CyPmSleep
                0x00004c04       0xf8 .\CortexM3\ARM_GCC_493\Debug\Hummingbird(Continuous Output).a(cyPm.o)
                0x00004c04                CyPmSleep
 .text.CyPmReadStatus
                0x00004cfc       0x2c .\CortexM3\ARM_GCC_493\Debug\Hummingbird(Continuous Output).a(cyPm.o)
                0x00004cfc                CyPmReadStatus
 .text.CyPmFtwSetInterval
                0x00004d28       0x54 .\CortexM3\ARM_GCC_493\Debug\Hummingbird(Continuous Output).a(cyPm.o)
                0x00004d28                CyPmFtwSetInterval
 .text.isr_1_StartEx
                0x00004d7c       0x30 .\CortexM3\ARM_GCC_493\Debug\Hummingbird(Continuous Output).a(isr_1.o)
                0x00004d7c                isr_1_StartEx
 .text.UI_isr_StartEx
                0x00004dac       0x2c .\CortexM3\ARM_GCC_493\Debug\Hummingbird(Continuous Output).a(UI_isr.o)
                0x00004dac                UI_isr_StartEx
 .text.I2C_CharLCD_Init
                0x00004dd8       0x8c .\CortexM3\ARM_GCC_493\Debug\Hummingbird(Continuous Output).a(I2C_CharLCD.o)
                0x00004dd8                I2C_CharLCD_Init
 .text.I2C_CharLCD_Enable
                0x00004e64       0x2c .\CortexM3\ARM_GCC_493\Debug\Hummingbird(Continuous Output).a(I2C_CharLCD.o)
                0x00004e64                I2C_CharLCD_Enable
 .text.I2C_CharLCD_Start
                0x00004e90       0x28 .\CortexM3\ARM_GCC_493\Debug\Hummingbird(Continuous Output).a(I2C_CharLCD.o)
                0x00004e90                I2C_CharLCD_Start
 .text.I2C_CharLCD_ISR
                0x00004eb8      0x250 .\CortexM3\ARM_GCC_493\Debug\Hummingbird(Continuous Output).a(I2C_CharLCD_INT.o)
                0x00004eb8                I2C_CharLCD_ISR
 .text.I2C_CharLCD_MasterWriteBuf
                0x00005108       0xc4 .\CortexM3\ARM_GCC_493\Debug\Hummingbird(Continuous Output).a(I2C_CharLCD_MASTER.o)
                0x00005108                I2C_CharLCD_MasterWriteBuf
 .text.CharLCD_WriteData
                0x000051cc       0x44 .\CortexM3\ARM_GCC_493\Debug\Hummingbird(Continuous Output).a(CharLCD_I2C.o)
                0x000051cc                CharLCD_WriteData
 .text.CharLCD_PrintString
                0x00005210       0x1c .\CortexM3\ARM_GCC_493\Debug\Hummingbird(Continuous Output).a(CharLCD_I2C.o)
                0x00005210                CharLCD_PrintString
 .text.CharLCD_WriteControl
                0x0000522c       0x44 .\CortexM3\ARM_GCC_493\Debug\Hummingbird(Continuous Output).a(CharLCD_I2C.o)
                0x0000522c                CharLCD_WriteControl
 .text.CharLCD_Position
                0x00005270       0x34 .\CortexM3\ARM_GCC_493\Debug\Hummingbird(Continuous Output).a(CharLCD_I2C.o)
                0x00005270                CharLCD_Position
 .text.CharLCD_WrtCntrlUpNib
                0x000052a4       0x30 .\CortexM3\ARM_GCC_493\Debug\Hummingbird(Continuous Output).a(CharLCD_I2C.o)
                0x000052a4                CharLCD_WrtCntrlUpNib
 .text.CharLCD_Init
                0x000052d4       0x6c .\CortexM3\ARM_GCC_493\Debug\Hummingbird(Continuous Output).a(CharLCD_I2C.o)
                0x000052d4                CharLCD_Init
 .text.CharLCD_Start
                0x00005340       0x20 .\CortexM3\ARM_GCC_493\Debug\Hummingbird(Continuous Output).a(CharLCD_I2C.o)
                0x00005340                CharLCD_Start
 .text.CharLCD_PrintNumber
                0x00005360       0xb8 .\CortexM3\ARM_GCC_493\Debug\Hummingbird(Continuous Output).a(CharLCD_I2C.o)
                0x00005360                CharLCD_PrintNumber
 .text.ADC_MIC_Enable
                0x00005418       0xa4 .\CortexM3\ARM_GCC_493\Debug\Hummingbird(Continuous Output).a(ADC_MIC.o)
                0x00005418                ADC_MIC_Enable
 .text.ADC_MIC_SetResolution
                0x000054bc       0x88 .\CortexM3\ARM_GCC_493\Debug\Hummingbird(Continuous Output).a(ADC_MIC.o)
                0x000054bc                ADC_MIC_SetResolution
 .text.ADC_MIC_Init
                0x00005544       0x3c .\CortexM3\ARM_GCC_493\Debug\Hummingbird(Continuous Output).a(ADC_MIC.o)
                0x00005544                ADC_MIC_Init
 .text.ADC_MIC_Start
                0x00005580       0x1c .\CortexM3\ARM_GCC_493\Debug\Hummingbird(Continuous Output).a(ADC_MIC.o)
                0x00005580                ADC_MIC_Start
 .text.ADC_MIC_StartConvert
                0x0000559c       0x10 .\CortexM3\ARM_GCC_493\Debug\Hummingbird(Continuous Output).a(ADC_MIC.o)
                0x0000559c                ADC_MIC_StartConvert
 .text.ADC_MIC_IsEndConversion
                0x000055ac       0x28 .\CortexM3\ARM_GCC_493\Debug\Hummingbird(Continuous Output).a(ADC_MIC.o)
                0x000055ac                ADC_MIC_IsEndConversion
 .text.ADC_MIC_GetResult16
                0x000055d4       0x18 .\CortexM3\ARM_GCC_493\Debug\Hummingbird(Continuous Output).a(ADC_MIC.o)
                0x000055d4                ADC_MIC_GetResult16
 .text.ADC_MIC_ISR
                0x000055ec        0x4 .\CortexM3\ARM_GCC_493\Debug\Hummingbird(Continuous Output).a(ADC_MIC_INT.o)
                0x000055ec                ADC_MIC_ISR
 .text.TIMER_SAMPLERATE_Init
                0x000055f0       0x5c .\CortexM3\ARM_GCC_493\Debug\Hummingbird(Continuous Output).a(TIMER_SAMPLERATE.o)
                0x000055f0                TIMER_SAMPLERATE_Init
 .text.TIMER_SAMPLERATE_Start
                0x0000564c       0x24 .\CortexM3\ARM_GCC_493\Debug\Hummingbird(Continuous Output).a(TIMER_SAMPLERATE.o)
                0x0000564c                TIMER_SAMPLERATE_Start
 .text.ADC_UI_Init
                0x00005670       0x40 .\CortexM3\ARM_GCC_493\Debug\Hummingbird(Continuous Output).a(ADC_UI.o)
                0x00005670                ADC_UI_Init
 .text.ADC_UI_Enable
                0x000056b0       0xc8 .\CortexM3\ARM_GCC_493\Debug\Hummingbird(Continuous Output).a(ADC_UI.o)
                0x000056b0                ADC_UI_Enable
 .text.ADC_UI_Start
                0x00005778       0x28 .\CortexM3\ARM_GCC_493\Debug\Hummingbird(Continuous Output).a(ADC_UI.o)
                0x00005778                ADC_UI_Start
 .text.ADC_UI_StartConvert
                0x000057a0       0x10 .\CortexM3\ARM_GCC_493\Debug\Hummingbird(Continuous Output).a(ADC_UI.o)
                0x000057a0                ADC_UI_StartConvert
 .text.ADC_UI_StopConvert
                0x000057b0        0x4 .\CortexM3\ARM_GCC_493\Debug\Hummingbird(Continuous Output).a(ADC_UI.o)
                0x000057b0                ADC_UI_StopConvert
 .text.ADC_UI_IsEndConversion
                0x000057b4       0x18 .\CortexM3\ARM_GCC_493\Debug\Hummingbird(Continuous Output).a(ADC_UI.o)
                0x000057b4                ADC_UI_IsEndConversion
 .text.ADC_UI_GetResult16
                0x000057cc       0x1c .\CortexM3\ARM_GCC_493\Debug\Hummingbird(Continuous Output).a(ADC_UI.o)
                0x000057cc                ADC_UI_GetResult16
 .text.ADC_UI_ISR
                0x000057e8        0x4 .\CortexM3\ARM_GCC_493\Debug\Hummingbird(Continuous Output).a(ADC_UI_INT.o)
                0x000057e8                ADC_UI_ISR
 .text.TIMER_UI_Init
                0x000057ec       0x5c .\CortexM3\ARM_GCC_493\Debug\Hummingbird(Continuous Output).a(TIMER_UI.o)
                0x000057ec                TIMER_UI_Init
 .text.TIMER_UI_Start
                0x00005848       0x24 .\CortexM3\ARM_GCC_493\Debug\Hummingbird(Continuous Output).a(TIMER_UI.o)
                0x00005848                TIMER_UI_Start
 .text.ADC_MIC_theACLK_SetModeRegister
                0x0000586c       0x14 .\CortexM3\ARM_GCC_493\Debug\Hummingbird(Continuous Output).a(ADC_MIC_theACLK.o)
                0x0000586c                ADC_MIC_theACLK_SetModeRegister
 .text.ADC_UI_SAR_Enable
                0x00005880       0x84 .\CortexM3\ARM_GCC_493\Debug\Hummingbird(Continuous Output).a(ADC_UI_SAR.o)
                0x00005880                ADC_UI_SAR_Enable
 .text.ADC_UI_SAR_SetResolution
                0x00005904       0x78 .\CortexM3\ARM_GCC_493\Debug\Hummingbird(Continuous Output).a(ADC_UI_SAR.o)
                0x00005904                ADC_UI_SAR_SetResolution
 .text.ADC_UI_SAR_Start
                0x0000597c       0x34 .\CortexM3\ARM_GCC_493\Debug\Hummingbird(Continuous Output).a(ADC_UI_SAR.o)
                0x0000597c                ADC_UI_SAR_Start
 .text.ADC_UI_SAR_StopConvert
                0x000059b0       0x18 .\CortexM3\ARM_GCC_493\Debug\Hummingbird(Continuous Output).a(ADC_UI_SAR.o)
                0x000059b0                ADC_UI_SAR_StopConvert
 .text.ADC_UI_TempBuf_DmaInitialize
                0x000059c8       0x44 .\CortexM3\ARM_GCC_493\Debug\Hummingbird(Continuous Output).a(ADC_UI_TempBuf_dma.o)
                0x000059c8                ADC_UI_TempBuf_DmaInitialize
 .text.ADC_UI_FinalBuf_DmaInitialize
                0x00005a0c       0x3c .\CortexM3\ARM_GCC_493\Debug\Hummingbird(Continuous Output).a(ADC_UI_FinalBuf_dma.o)
                0x00005a0c                ADC_UI_FinalBuf_DmaInitialize
 .text.ADC_UI_IRQ_SetVector
                0x00005a48        0xc .\CortexM3\ARM_GCC_493\Debug\Hummingbird(Continuous Output).a(ADC_UI_IRQ.o)
                0x00005a48                ADC_UI_IRQ_SetVector
 .text.ADC_UI_IRQ_SetPriority
                0x00005a54       0x10 .\CortexM3\ARM_GCC_493\Debug\Hummingbird(Continuous Output).a(ADC_UI_IRQ.o)
                0x00005a54                ADC_UI_IRQ_SetPriority
 .text.UART_MIDITX_Enable
                0x00005a64       0x1c .\CortexM3\ARM_GCC_493\Debug\Hummingbird(Continuous Output).a(UART_MIDITX.o)
                0x00005a64                UART_MIDITX_Enable
 .text.UART_MIDITX_Start
                0x00005a80       0x38 .\CortexM3\ARM_GCC_493\Debug\Hummingbird(Continuous Output).a(UART_MIDITX.o)
                0x00005a80                UART_MIDITX_Start
 .text.UART_MIDITX_PutChar
                0x00005ab8       0x18 .\CortexM3\ARM_GCC_493\Debug\Hummingbird(Continuous Output).a(UART_MIDITX.o)
                0x00005ab8                UART_MIDITX_PutChar
 .text          0x00005ad0       0x20 .\CortexM3\ARM_GCC_493\Debug\Hummingbird(Continuous Output).a(CyBootAsmGnu.o)
                0x00005ad0                CyDelayCycles
                0x00005ae0                CyEnterCriticalSection
                0x00005ae8                CyExitCriticalSection
 .text.MIDI1_UART_Init
                0x00005af0       0x60 .\CortexM3\ARM_GCC_493\Debug\Hummingbird(Continuous Output).a(MIDI1_UART.o)
                0x00005af0                MIDI1_UART_Init
 .text.MIDI1_UART_Enable
                0x00005b50       0x40 .\CortexM3\ARM_GCC_493\Debug\Hummingbird(Continuous Output).a(MIDI1_UART.o)
                0x00005b50                MIDI1_UART_Enable
 .text.MIDI1_UART_Start
                0x00005b90       0x1c .\CortexM3\ARM_GCC_493\Debug\Hummingbird(Continuous Output).a(MIDI1_UART.o)
                0x00005b90                MIDI1_UART_Start
 .text.MIDI1_UART_Stop
                0x00005bac       0x44 .\CortexM3\ARM_GCC_493\Debug\Hummingbird(Continuous Output).a(MIDI1_UART.o)
                0x00005bac                MIDI1_UART_Stop
 .text.MIDI1_UART_EnableRxInt
                0x00005bf0        0xc .\CortexM3\ARM_GCC_493\Debug\Hummingbird(Continuous Output).a(MIDI1_UART.o)
                0x00005bf0                MIDI1_UART_EnableRxInt
 .text.MIDI1_UART_DisableRxInt
                0x00005bfc        0xc .\CortexM3\ARM_GCC_493\Debug\Hummingbird(Continuous Output).a(MIDI1_UART.o)
                0x00005bfc                MIDI1_UART_DisableRxInt
 .text.MIDI1_UART_ClearRxBuffer
                0x00005c08       0x44 .\CortexM3\ARM_GCC_493\Debug\Hummingbird(Continuous Output).a(MIDI1_UART.o)
                0x00005c08                MIDI1_UART_ClearRxBuffer
 .text.MIDI1_UART_PutChar
                0x00005c4c       0x5c .\CortexM3\ARM_GCC_493\Debug\Hummingbird(Continuous Output).a(MIDI1_UART.o)
                0x00005c4c                MIDI1_UART_PutChar
 .text.MIDI1_UART_ClearTxBuffer
                0x00005ca8       0x40 .\CortexM3\ARM_GCC_493\Debug\Hummingbird(Continuous Output).a(MIDI1_UART.o)
                0x00005ca8                MIDI1_UART_ClearTxBuffer
 .text.MIDI2_UART_Init
                0x00005ce8       0x60 .\CortexM3\ARM_GCC_493\Debug\Hummingbird(Continuous Output).a(MIDI2_UART.o)
                0x00005ce8                MIDI2_UART_Init
 .text.MIDI2_UART_Enable
                0x00005d48       0x44 .\CortexM3\ARM_GCC_493\Debug\Hummingbird(Continuous Output).a(MIDI2_UART.o)
                0x00005d48                MIDI2_UART_Enable
 .text.MIDI2_UART_Start
                0x00005d8c       0x1c .\CortexM3\ARM_GCC_493\Debug\Hummingbird(Continuous Output).a(MIDI2_UART.o)
                0x00005d8c                MIDI2_UART_Start
 .text.MIDI2_UART_Stop
                0x00005da8       0x44 .\CortexM3\ARM_GCC_493\Debug\Hummingbird(Continuous Output).a(MIDI2_UART.o)
                0x00005da8                MIDI2_UART_Stop
 .text.MIDI2_UART_EnableRxInt
                0x00005dec        0xc .\CortexM3\ARM_GCC_493\Debug\Hummingbird(Continuous Output).a(MIDI2_UART.o)
                0x00005dec                MIDI2_UART_EnableRxInt
 .text.MIDI2_UART_DisableRxInt
                0x00005df8        0xc .\CortexM3\ARM_GCC_493\Debug\Hummingbird(Continuous Output).a(MIDI2_UART.o)
                0x00005df8                MIDI2_UART_DisableRxInt
 .text.MIDI2_UART_ClearRxBuffer
                0x00005e04       0x44 .\CortexM3\ARM_GCC_493\Debug\Hummingbird(Continuous Output).a(MIDI2_UART.o)
                0x00005e04                MIDI2_UART_ClearRxBuffer
 .text.MIDI2_UART_PutChar
                0x00005e48       0x5c .\CortexM3\ARM_GCC_493\Debug\Hummingbird(Continuous Output).a(MIDI2_UART.o)
                0x00005e48                MIDI2_UART_PutChar
 .text.MIDI2_UART_ClearTxBuffer
                0x00005ea4       0x40 .\CortexM3\ARM_GCC_493\Debug\Hummingbird(Continuous Output).a(MIDI2_UART.o)
                0x00005ea4                MIDI2_UART_ClearTxBuffer
 .text.USB_DispatchClassRqst
                0x00005ee4       0x60 .\CortexM3\ARM_GCC_493\Debug\Hummingbird(Continuous Output).a(USB_cls.o)
                0x00005ee4                USB_DispatchClassRqst
 .text.CyFlash_SetWaitCycles
                0x00005f44       0x54 .\CortexM3\ARM_GCC_493\Debug\Hummingbird(Continuous Output).a(CyFlash.o)
                0x00005f44                CyFlash_SetWaitCycles
 .text.CySetReg24
                0x00005f98       0x14 .\CortexM3\ARM_GCC_493\Debug\Hummingbird(Continuous Output).a(cyutils.o)
                0x00005f98                CySetReg24
 .text.MIDI1_UART_RXISR
                0x00005fac       0x80 .\CortexM3\ARM_GCC_493\Debug\Hummingbird(Continuous Output).a(MIDI1_UART_INT.o)
                0x00005fac                MIDI1_UART_RXISR
 .text.MIDI1_UART_TXISR
                0x0000602c       0x68 .\CortexM3\ARM_GCC_493\Debug\Hummingbird(Continuous Output).a(MIDI1_UART_INT.o)
                0x0000602c                MIDI1_UART_TXISR
 .text.MIDI2_UART_RXISR
                0x00006094       0x80 .\CortexM3\ARM_GCC_493\Debug\Hummingbird(Continuous Output).a(MIDI2_UART_INT.o)
                0x00006094                MIDI2_UART_RXISR
 .text.MIDI2_UART_TXISR
                0x00006114       0x68 .\CortexM3\ARM_GCC_493\Debug\Hummingbird(Continuous Output).a(MIDI2_UART_INT.o)
                0x00006114                MIDI2_UART_TXISR
 .text.USB_DispatchAUDIOClassRqst
                0x0000617c       0x34 .\CortexM3\ARM_GCC_493\Debug\Hummingbird(Continuous Output).a(USB_audio.o)
                0x0000617c                USB_DispatchAUDIOClassRqst
 .text.cos      0x000061b0       0x90 c:/program files (x86)/cypress/psoc creator/4.0/psoc creator/import/gnu/arm/4.9.3/bin/../lib/gcc/arm-none-eabi/4.9.3/../../../../arm-none-eabi/lib/armv7-m\libm.a(lib_a-s_cos.o)
                0x000061b0                cos
 .text.round    0x00006240       0xa0 c:/program files (x86)/cypress/psoc creator/4.0/psoc creator/import/gnu/arm/4.9.3/bin/../lib/gcc/arm-none-eabi/4.9.3/../../../../arm-none-eabi/lib/armv7-m\libm.a(lib_a-s_round.o)
                0x00006240                round
 .text.sin      0x000062e0       0x94 c:/program files (x86)/cypress/psoc creator/4.0/psoc creator/import/gnu/arm/4.9.3/bin/../lib/gcc/arm-none-eabi/4.9.3/../../../../arm-none-eabi/lib/armv7-m\libm.a(lib_a-s_sin.o)
                0x000062e0                sin
 .text.log      0x00006374      0x100 c:/program files (x86)/cypress/psoc creator/4.0/psoc creator/import/gnu/arm/4.9.3/bin/../lib/gcc/arm-none-eabi/4.9.3/../../../../arm-none-eabi/lib/armv7-m\libm.a(lib_a-w_log.o)
                0x00006374                log
 .text.pow      0x00006474      0x2f0 c:/program files (x86)/cypress/psoc creator/4.0/psoc creator/import/gnu/arm/4.9.3/bin/../lib/gcc/arm-none-eabi/4.9.3/../../../../arm-none-eabi/lib/armv7-m\libm.a(lib_a-w_pow.o)
                0x00006474                pow
 *fill*         0x00006764        0x4 
 .text.__ieee754_log
                0x00006768      0x3d0 c:/program files (x86)/cypress/psoc creator/4.0/psoc creator/import/gnu/arm/4.9.3/bin/../lib/gcc/arm-none-eabi/4.9.3/../../../../arm-none-eabi/lib/armv7-m\libm.a(lib_a-e_log.o)
                0x00006768                __ieee754_log
 .text.__ieee754_pow
                0x00006b38      0xaa0 c:/program files (x86)/cypress/psoc creator/4.0/psoc creator/import/gnu/arm/4.9.3/bin/../lib/gcc/arm-none-eabi/4.9.3/../../../../arm-none-eabi/lib/armv7-m\libm.a(lib_a-e_pow.o)
                0x00006b38                __ieee754_pow
 .text.__ieee754_rem_pio2
                0x000075d8      0x428 c:/program files (x86)/cypress/psoc creator/4.0/psoc creator/import/gnu/arm/4.9.3/bin/../lib/gcc/arm-none-eabi/4.9.3/../../../../arm-none-eabi/lib/armv7-m\libm.a(lib_a-e_rem_pio2.o)
                0x000075d8                __ieee754_rem_pio2
 .text.__ieee754_sqrt
                0x00007a00      0x18c c:/program files (x86)/cypress/psoc creator/4.0/psoc creator/import/gnu/arm/4.9.3/bin/../lib/gcc/arm-none-eabi/4.9.3/../../../../arm-none-eabi/lib/armv7-m\libm.a(lib_a-e_sqrt.o)
                0x00007a00                __ieee754_sqrt
 *fill*         0x00007b8c        0x4 
 .text.__kernel_cos
                0x00007b90      0x248 c:/program files (x86)/cypress/psoc creator/4.0/psoc creator/import/gnu/arm/4.9.3/bin/../lib/gcc/arm-none-eabi/4.9.3/../../../../arm-none-eabi/lib/armv7-m\libm.a(lib_a-k_cos.o)
                0x00007b90                __kernel_cos
 .text.__kernel_rem_pio2
                0x00007dd8      0x808 c:/program files (x86)/cypress/psoc creator/4.0/psoc creator/import/gnu/arm/4.9.3/bin/../lib/gcc/arm-none-eabi/4.9.3/../../../../arm-none-eabi/lib/armv7-m\libm.a(lib_a-k_rem_pio2.o)
                0x00007dd8                __kernel_rem_pio2
 .text.__kernel_sin
                0x000085e0      0x170 c:/program files (x86)/cypress/psoc creator/4.0/psoc creator/import/gnu/arm/4.9.3/bin/../lib/gcc/arm-none-eabi/4.9.3/../../../../arm-none-eabi/lib/armv7-m\libm.a(lib_a-k_sin.o)
                0x000085e0                __kernel_sin
 .text.fabs     0x00008750        0x8 c:/program files (x86)/cypress/psoc creator/4.0/psoc creator/import/gnu/arm/4.9.3/bin/../lib/gcc/arm-none-eabi/4.9.3/../../../../arm-none-eabi/lib/armv7-m\libm.a(lib_a-s_fabs.o)
                0x00008750                fabs
 .text.finite   0x00008758        0xc c:/program files (x86)/cypress/psoc creator/4.0/psoc creator/import/gnu/arm/4.9.3/bin/../lib/gcc/arm-none-eabi/4.9.3/../../../../arm-none-eabi/lib/armv7-m\libm.a(lib_a-s_finite.o)
                0x00008758                finite
 *fill*         0x00008764        0x4 
 .text.floor    0x00008768      0x118 c:/program files (x86)/cypress/psoc creator/4.0/psoc creator/import/gnu/arm/4.9.3/bin/../lib/gcc/arm-none-eabi/4.9.3/../../../../arm-none-eabi/lib/armv7-m\libm.a(lib_a-s_floor.o)
                0x00008768                floor
 .text.__fpclassifyd
                0x00008880       0x58 c:/program files (x86)/cypress/psoc creator/4.0/psoc creator/import/gnu/arm/4.9.3/bin/../lib/gcc/arm-none-eabi/4.9.3/../../../../arm-none-eabi/lib/armv7-m\libm.a(lib_a-s_fpclassify.o)
                0x00008880                __fpclassifyd
 .text.matherr  0x000088d8        0x4 c:/program files (x86)/cypress/psoc creator/4.0/psoc creator/import/gnu/arm/4.9.3/bin/../lib/gcc/arm-none-eabi/4.9.3/../../../../arm-none-eabi/lib/armv7-m\libm.a(lib_a-s_matherr.o)
                0x000088d8                matherr
 .text.nan      0x000088dc        0xc c:/program files (x86)/cypress/psoc creator/4.0/psoc creator/import/gnu/arm/4.9.3/bin/../lib/gcc/arm-none-eabi/4.9.3/../../../../arm-none-eabi/lib/armv7-m\libm.a(lib_a-s_nan.o)
                0x000088dc                nan
 .text.rint     0x000088e8      0x11c c:/program files (x86)/cypress/psoc creator/4.0/psoc creator/import/gnu/arm/4.9.3/bin/../lib/gcc/arm-none-eabi/4.9.3/../../../../arm-none-eabi/lib/armv7-m\libm.a(lib_a-s_rint.o)
                0x000088e8                rint
 *fill*         0x00008a04        0x4 
 .text.scalbn   0x00008a08       0xf0 c:/program files (x86)/cypress/psoc creator/4.0/psoc creator/import/gnu/arm/4.9.3/bin/../lib/gcc/arm-none-eabi/4.9.3/../../../../arm-none-eabi/lib/armv7-m\libm.a(lib_a-s_scalbn.o)
                0x00008a08                scalbn
 .text.copysign
                0x00008af8       0x10 c:/program files (x86)/cypress/psoc creator/4.0/psoc creator/import/gnu/arm/4.9.3/bin/../lib/gcc/arm-none-eabi/4.9.3/../../../../arm-none-eabi/lib/armv7-m\libm.a(lib_a-s_copysign.o)
                0x00008af8                copysign
 .text          0x00008b08      0x370 c:/program files (x86)/cypress/psoc creator/4.0/psoc creator/import/gnu/arm/4.9.3/bin/../lib/gcc/arm-none-eabi/4.9.3/armv7-m\libgcc.a(_arm_addsubdf3.o)
                0x00008b08                __aeabi_drsub
                0x00008b10                __aeabi_dsub
                0x00008b10                __subdf3
                0x00008b14                __aeabi_dadd
                0x00008b14                __adddf3
                0x00008d8c                __floatunsidf
                0x00008d8c                __aeabi_ui2d
                0x00008dac                __floatsidf
                0x00008dac                __aeabi_i2d
                0x00008dd0                __aeabi_f2d
                0x00008dd0                __extendsfdf2
                0x00008e0c                __floatundidf
                0x00008e0c                __aeabi_ul2d
                0x00008e1c                __floatdidf
                0x00008e1c                __aeabi_l2d
 .text          0x00008e78      0x424 c:/program files (x86)/cypress/psoc creator/4.0/psoc creator/import/gnu/arm/4.9.3/bin/../lib/gcc/arm-none-eabi/4.9.3/armv7-m\libgcc.a(_arm_muldivdf3.o)
                0x00008e78                __aeabi_dmul
                0x00008e78                __muldf3
                0x000090cc                __divdf3
                0x000090cc                __aeabi_ddiv
 .text          0x0000929c      0x110 c:/program files (x86)/cypress/psoc creator/4.0/psoc creator/import/gnu/arm/4.9.3/bin/../lib/gcc/arm-none-eabi/4.9.3/armv7-m\libgcc.a(_arm_cmpdf2.o)
                0x0000929c                __gtdf2
                0x0000929c                __gedf2
                0x000092a4                __ltdf2
                0x000092a4                __ledf2
                0x000092ac                __nedf2
                0x000092ac                __eqdf2
                0x000092ac                __cmpdf2
                0x00009328                __aeabi_cdrcmple
                0x00009338                __aeabi_cdcmpeq
                0x00009338                __aeabi_cdcmple
                0x00009348                __aeabi_dcmpeq
                0x0000935c                __aeabi_dcmplt
                0x00009370                __aeabi_dcmple
                0x00009384                __aeabi_dcmpge
                0x00009398                __aeabi_dcmpgt
 .text          0x000093ac       0x50 c:/program files (x86)/cypress/psoc creator/4.0/psoc creator/import/gnu/arm/4.9.3/bin/../lib/gcc/arm-none-eabi/4.9.3/armv7-m\libgcc.a(_arm_fixdfsi.o)
                0x000093ac                __aeabi_d2iz
                0x000093ac                __fixdfsi
 .text          0x000093fc       0xa0 c:/program files (x86)/cypress/psoc creator/4.0/psoc creator/import/gnu/arm/4.9.3/bin/../lib/gcc/arm-none-eabi/4.9.3/armv7-m\libgcc.a(_arm_truncdfsf2.o)
                0x000093fc                __truncdfsf2
                0x000093fc                __aeabi_d2f
 .text          0x0000949c      0x21c c:/program files (x86)/cypress/psoc creator/4.0/psoc creator/import/gnu/arm/4.9.3/bin/../lib/gcc/arm-none-eabi/4.9.3/armv7-m\libgcc.a(_arm_addsubsf3.o)
                0x0000949c                __aeabi_frsub
                0x000094a4                __subsf3
                0x000094a4                __aeabi_fsub
                0x000094a8                __aeabi_fadd
                0x000094a8                __addsf3
                0x00009608                __aeabi_ui2f
                0x00009608                __floatunsisf
                0x00009610                __aeabi_i2f
                0x00009610                __floatsisf
                0x0000962c                __aeabi_ul2f
                0x0000962c                __floatundisf
                0x0000963c                __aeabi_l2f
                0x0000963c                __floatdisf
 .text          0x000096b8      0x2a0 c:/program files (x86)/cypress/psoc creator/4.0/psoc creator/import/gnu/arm/4.9.3/bin/../lib/gcc/arm-none-eabi/4.9.3/armv7-m\libgcc.a(_arm_muldivsf3.o)
                0x000096b8                __mulsf3
                0x000096b8                __aeabi_fmul
                0x00009820                __aeabi_fdiv
                0x00009820                __divsf3
 .text          0x00009958       0xec c:/program files (x86)/cypress/psoc creator/4.0/psoc creator/import/gnu/arm/4.9.3/bin/../lib/gcc/arm-none-eabi/4.9.3/armv7-m\libgcc.a(_arm_cmpsf2.o)
                0x00009958                __gesf2
                0x00009958                __gtsf2
                0x00009960                __lesf2
                0x00009960                __ltsf2
                0x00009968                __nesf2
                0x00009968                __eqsf2
                0x00009968                __cmpsf2
                0x000099c8                __aeabi_cfrcmple
                0x000099d0                __aeabi_cfcmpeq
                0x000099d0                __aeabi_cfcmple
                0x000099e0                __aeabi_fcmpeq
                0x000099f4                __aeabi_fcmplt
                0x00009a08                __aeabi_fcmple
                0x00009a1c                __aeabi_fcmpge
                0x00009a30                __aeabi_fcmpgt
 .text          0x00009a44       0x40 c:/program files (x86)/cypress/psoc creator/4.0/psoc creator/import/gnu/arm/4.9.3/bin/../lib/gcc/arm-none-eabi/4.9.3/armv7-m\libgcc.a(_arm_fixunssfsi.o)
                0x00009a44                __fixunssfsi
                0x00009a44                __aeabi_f2uiz
 .text.__errno  0x00009a84        0xc c:/program files (x86)/cypress/psoc creator/4.0/psoc creator/import/gnu/arm/4.9.3/bin/../lib/gcc/arm-none-eabi/4.9.3/../../../../arm-none-eabi/lib/armv7-m\libg_nano.a(lib_a-errno.o)
                0x00009a84                __errno
 .text.__libc_init_array
                0x00009a90       0x4c c:/program files (x86)/cypress/psoc creator/4.0/psoc creator/import/gnu/arm/4.9.3/bin/../lib/gcc/arm-none-eabi/4.9.3/../../../../arm-none-eabi/lib/armv7-m\libg_nano.a(lib_a-init.o)
                0x00009a90                __libc_init_array
 .text.memcpy   0x00009adc       0x16 c:/program files (x86)/cypress/psoc creator/4.0/psoc creator/import/gnu/arm/4.9.3/bin/../lib/gcc/arm-none-eabi/4.9.3/../../../../arm-none-eabi/lib/armv7-m\libg_nano.a(lib_a-memcpy.o)
                0x00009adc                memcpy
 .text.memset   0x00009af2       0x10 c:/program files (x86)/cypress/psoc creator/4.0/psoc creator/import/gnu/arm/4.9.3/bin/../lib/gcc/arm-none-eabi/4.9.3/../../../../arm-none-eabi/lib/armv7-m\libg_nano.a(lib_a-memset.o)
                0x00009af2                memset
 *fill*         0x00009b02        0x2 
 .text._free_r  0x00009b04       0x88 c:/program files (x86)/cypress/psoc creator/4.0/psoc creator/import/gnu/arm/4.9.3/bin/../lib/gcc/arm-none-eabi/4.9.3/../../../../arm-none-eabi/lib/armv7-m\libg_nano.a(lib_a-nano-freer.o)
                0x00009b04                _free_r
 .text._malloc_r
                0x00009b8c       0xac c:/program files (x86)/cypress/psoc creator/4.0/psoc creator/import/gnu/arm/4.9.3/bin/../lib/gcc/arm-none-eabi/4.9.3/../../../../arm-none-eabi/lib/armv7-m\libg_nano.a(lib_a-nano-mallocr.o)
                0x00009b8c                _malloc_r
 .text._sbrk_r  0x00009c38       0x20 c:/program files (x86)/cypress/psoc creator/4.0/psoc creator/import/gnu/arm/4.9.3/bin/../lib/gcc/arm-none-eabi/4.9.3/../../../../arm-none-eabi/lib/armv7-m\libg_nano.a(lib_a-sbrkr.o)
                0x00009c38                _sbrk_r
 .text.sprintf  0x00009c58       0x48 c:/program files (x86)/cypress/psoc creator/4.0/psoc creator/import/gnu/arm/4.9.3/bin/../lib/gcc/arm-none-eabi/4.9.3/../../../../arm-none-eabi/lib/armv7-m\libg_nano.a(lib_a-sprintf.o)
                0x00009c58                siprintf
                0x00009c58                sprintf
 .text.__ssputs_r
                0x00009ca0       0xb2 c:/program files (x86)/cypress/psoc creator/4.0/psoc creator/import/gnu/arm/4.9.3/bin/../lib/gcc/arm-none-eabi/4.9.3/../../../../arm-none-eabi/lib/armv7-m\libg_nano.a(lib_a-nano-svfprintf.o)
                0x00009ca0                __ssputs_r
 *fill*         0x00009d52        0x2 
 .text._svfprintf_r
                0x00009d54      0x1e4 c:/program files (x86)/cypress/psoc creator/4.0/psoc creator/import/gnu/arm/4.9.3/bin/../lib/gcc/arm-none-eabi/4.9.3/../../../../arm-none-eabi/lib/armv7-m\libg_nano.a(lib_a-nano-svfprintf.o)
                0x00009d54                _svfiprintf_r
                0x00009d54                _svfprintf_r
 .text._printf_common
                0x00009f38       0xea c:/program files (x86)/cypress/psoc creator/4.0/psoc creator/import/gnu/arm/4.9.3/bin/../lib/gcc/arm-none-eabi/4.9.3/../../../../arm-none-eabi/lib/armv7-m\libg_nano.a(lib_a-nano-vfprintf_i.o)
                0x00009f38                _printf_common
 *fill*         0x0000a022        0x2 
 .text._printf_i
                0x0000a024      0x240 c:/program files (x86)/cypress/psoc creator/4.0/psoc creator/import/gnu/arm/4.9.3/bin/../lib/gcc/arm-none-eabi/4.9.3/../../../../arm-none-eabi/lib/armv7-m\libg_nano.a(lib_a-nano-vfprintf_i.o)
                0x0000a024                _printf_i
 .text.memchr   0x0000a264       0x1c c:/program files (x86)/cypress/psoc creator/4.0/psoc creator/import/gnu/arm/4.9.3/bin/../lib/gcc/arm-none-eabi/4.9.3/../../../../arm-none-eabi/lib/armv7-m\libg_nano.a(lib_a-memchr.o)
                0x0000a264                memchr
 .text.memmove  0x0000a280       0x36 c:/program files (x86)/cypress/psoc creator/4.0/psoc creator/import/gnu/arm/4.9.3/bin/../lib/gcc/arm-none-eabi/4.9.3/../../../../arm-none-eabi/lib/armv7-m\libg_nano.a(lib_a-memmove.o)
                0x0000a280                memmove
 .text._realloc_r
                0x0000a2b6       0x4c c:/program files (x86)/cypress/psoc creator/4.0/psoc creator/import/gnu/arm/4.9.3/bin/../lib/gcc/arm-none-eabi/4.9.3/../../../../arm-none-eabi/lib/armv7-m\libg_nano.a(lib_a-nano-reallocr.o)
                0x0000a2b6                _realloc_r
 .text._malloc_usable_size_r
                0x0000a302       0x14 c:/program files (x86)/cypress/psoc creator/4.0/psoc creator/import/gnu/arm/4.9.3/bin/../lib/gcc/arm-none-eabi/4.9.3/../../../../arm-none-eabi/lib/armv7-m\libg_nano.a(lib_a-nano-msizer.o)
                0x0000a302                _malloc_usable_size_r
 *fill*         0x0000a316        0x2 
 .text._sbrk    0x0000a318       0x1c c:/program files (x86)/cypress/psoc creator/4.0/psoc creator/import/gnu/arm/4.9.3/bin/../lib/gcc/arm-none-eabi/4.9.3/../../../../arm-none-eabi/lib/armv7-m\libnosys.a(sbrk.o)
                0x0000a318                _sbrk
 *(.plt)
 *(.gnu.warning)
 *(.glue_7t)
 .glue_7t       0x00000000        0x0 linker stubs
 *(.glue_7)
 .glue_7        0x00000000        0x0 linker stubs
 *(.vfp11_veneer)
 .vfp11_veneer  0x00000000        0x0 linker stubs
 *(.bootloader)
 *(.ARM.extab* .gnu.linkonce.armextab.*)
 *(.gcc_except_table)

.v4_bx          0x0000a334        0x0
 .v4_bx         0x00000000        0x0 linker stubs

.iplt           0x0000a334        0x0
 .iplt          0x00000000        0x0 c:/program files (x86)/cypress/psoc creator/4.0/psoc creator/import/gnu/arm/4.9.3/bin/../lib/gcc/arm-none-eabi/4.9.3/armv7-m/crtbegin.o

.eh_frame_hdr
 *(.eh_frame_hdr)

.eh_frame       0x0000a334        0x4
 *(.eh_frame)
 .eh_frame      0x0000a334        0x0 c:/program files (x86)/cypress/psoc creator/4.0/psoc creator/import/gnu/arm/4.9.3/bin/../lib/gcc/arm-none-eabi/4.9.3/armv7-m/crtbegin.o
 .eh_frame      0x0000a334        0x4 c:/program files (x86)/cypress/psoc creator/4.0/psoc creator/import/gnu/arm/4.9.3/bin/../lib/gcc/arm-none-eabi/4.9.3/armv7-m/crtend.o
                0x0000a338                PROVIDE (__exidx_start, .)

.ARM.exidx
 *(.ARM.exidx* .gnu.linkonce.armexidx.*)
                0x0000a338                __exidx_end = .

.rodata         0x0000a338      0x678
 *(.rodata .rodata.* .gnu.linkonce.r.*)
 .rodata        0x0000a338       0x10 .\CortexM3\ARM_GCC_493\Debug\main.o
                0x0000a338                MIDI_IDENTITY_REPLY
 .rodata.str1.4
                0x0000a348       0x43 .\CortexM3\ARM_GCC_493\Debug\main.o
                                 0x4c (size before relaxing)
 *fill*         0x0000a38b        0x1 
 .rodata.str1.4
                0x0000a38c       0x8d .\CortexM3\ARM_GCC_493\Debug\midi.o
                                 0x94 (size before relaxing)
 *fill*         0x0000a419        0x3 
 .rodata        0x0000a41c        0x4 .\CortexM3\ARM_GCC_493\Debug\hbird.o
 .rodata.str1.4
                0x0000a420       0x82 .\CortexM3\ARM_GCC_493\Debug\hbird.o
                                 0x94 (size before relaxing)
 *fill*         0x0000a4a2        0x2 
 .rodata        0x0000a4a4       0x58 .\CortexM3\ARM_GCC_493\Debug\Hummingbird(Continuous Output).a(cyfitter_cfg.o)
 .rodata        0x0000a4fc       0x14 .\CortexM3\ARM_GCC_493\Debug\Hummingbird(Continuous Output).a(USB_std.o)
 .rodata        0x0000a510       0x10 .\CortexM3\ARM_GCC_493\Debug\Hummingbird(Continuous Output).a(USB_midi.o)
 .rodata        0x0000a520       0x10 .\CortexM3\ARM_GCC_493\Debug\Hummingbird(Continuous Output).a(cyPm.o)
 .rodata        0x0000a530      0x1ec .\CortexM3\ARM_GCC_493\Debug\Hummingbird(Continuous Output).a(USB_descr.o)
                0x0000a530                USB_MSOS_CONFIGURATION_DESCR
                0x0000a558                USB_MSOS_DESCRIPTOR
                0x0000a56c                USB_TABLE
                0x0000a574                USB_DEVICE0_TABLE
                0x0000a584                USB_DEVICE0_CONFIGURATION0_TABLE
                0x0000a5ac                USB_DEVICE0_CONFIGURATION0_INTERFACE_CLASS
                0x0000a5b0                USB_DEVICE0_CONFIGURATION0_EP_SETTINGS_TABLE
                0x0000a5c0                USB_SN_STRING_DESCRIPTOR
                0x0000a5c4                USB_STRING_DESCRIPTORS
                0x0000a680                USB_DEVICE0_CONFIGURATION0_DESCR
                0x0000a708                USB_DEVICE0_DESCR
 .rodata.str1.4
                0x0000a71c        0x4 c:/program files (x86)/cypress/psoc creator/4.0/psoc creator/import/gnu/arm/4.9.3/bin/../lib/gcc/arm-none-eabi/4.9.3/../../../../arm-none-eabi/lib/armv7-m\libm.a(lib_a-w_log.o)
                                  0x8 (size before relaxing)
 .rodata.str1.4
                0x0000a720        0x4 c:/program files (x86)/cypress/psoc creator/4.0/psoc creator/import/gnu/arm/4.9.3/bin/../lib/gcc/arm-none-eabi/4.9.3/../../../../arm-none-eabi/lib/armv7-m\libm.a(lib_a-w_pow.o)
 *fill*         0x0000a724        0x4 
 .rodata.dp_h   0x0000a728       0x10 c:/program files (x86)/cypress/psoc creator/4.0/psoc creator/import/gnu/arm/4.9.3/bin/../lib/gcc/arm-none-eabi/4.9.3/../../../../arm-none-eabi/lib/armv7-m\libm.a(lib_a-e_pow.o)
 .rodata.dp_l   0x0000a738       0x10 c:/program files (x86)/cypress/psoc creator/4.0/psoc creator/import/gnu/arm/4.9.3/bin/../lib/gcc/arm-none-eabi/4.9.3/../../../../arm-none-eabi/lib/armv7-m\libm.a(lib_a-e_pow.o)
 .rodata.bp     0x0000a748       0x10 c:/program files (x86)/cypress/psoc creator/4.0/psoc creator/import/gnu/arm/4.9.3/bin/../lib/gcc/arm-none-eabi/4.9.3/../../../../arm-none-eabi/lib/armv7-m\libm.a(lib_a-e_pow.o)
 .rodata.str1.4
                0x00000000        0x4 c:/program files (x86)/cypress/psoc creator/4.0/psoc creator/import/gnu/arm/4.9.3/bin/../lib/gcc/arm-none-eabi/4.9.3/../../../../arm-none-eabi/lib/armv7-m\libm.a(lib_a-e_pow.o)
 .rodata.npio2_hw
                0x0000a758       0x80 c:/program files (x86)/cypress/psoc creator/4.0/psoc creator/import/gnu/arm/4.9.3/bin/../lib/gcc/arm-none-eabi/4.9.3/../../../../arm-none-eabi/lib/armv7-m\libm.a(lib_a-e_rem_pio2.o)
 .rodata.two_over_pi
                0x0000a7d8      0x108 c:/program files (x86)/cypress/psoc creator/4.0/psoc creator/import/gnu/arm/4.9.3/bin/../lib/gcc/arm-none-eabi/4.9.3/../../../../arm-none-eabi/lib/armv7-m\libm.a(lib_a-e_rem_pio2.o)
 .rodata.init_jk
                0x0000a8e0       0x10 c:/program files (x86)/cypress/psoc creator/4.0/psoc creator/import/gnu/arm/4.9.3/bin/../lib/gcc/arm-none-eabi/4.9.3/../../../../arm-none-eabi/lib/armv7-m\libm.a(lib_a-k_rem_pio2.o)
 .rodata.PIo2   0x0000a8f0       0x40 c:/program files (x86)/cypress/psoc creator/4.0/psoc creator/import/gnu/arm/4.9.3/bin/../lib/gcc/arm-none-eabi/4.9.3/../../../../arm-none-eabi/lib/armv7-m\libm.a(lib_a-k_rem_pio2.o)
 .rodata.TWO52  0x0000a930       0x10 c:/program files (x86)/cypress/psoc creator/4.0/psoc creator/import/gnu/arm/4.9.3/bin/../lib/gcc/arm-none-eabi/4.9.3/../../../../arm-none-eabi/lib/armv7-m\libm.a(lib_a-s_rint.o)
 .rodata.str1.1
                0x0000a940        0x2 c:/program files (x86)/cypress/psoc creator/4.0/psoc creator/import/gnu/arm/4.9.3/bin/../lib/gcc/arm-none-eabi/4.9.3/../../../../arm-none-eabi/lib/armv7-m\libg_nano.a(lib_a-impure.o)
 .rodata.str1.1
                0x0000a942       0x11 c:/program files (x86)/cypress/psoc creator/4.0/psoc creator/import/gnu/arm/4.9.3/bin/../lib/gcc/arm-none-eabi/4.9.3/../../../../arm-none-eabi/lib/armv7-m\libg_nano.a(lib_a-nano-svfprintf.o)
 .rodata.str1.1
                0x0000a953       0x22 c:/program files (x86)/cypress/psoc creator/4.0/psoc creator/import/gnu/arm/4.9.3/bin/../lib/gcc/arm-none-eabi/4.9.3/../../../../arm-none-eabi/lib/armv7-m\libg_nano.a(lib_a-nano-vfprintf_i.o)
                0x0000a978                . = ALIGN (0x4)
 *fill*         0x0000a975        0x3 
 *(.init)
 .init          0x0000a978        0x4 c:/program files (x86)/cypress/psoc creator/4.0/psoc creator/import/gnu/arm/4.9.3/bin/../lib/gcc/arm-none-eabi/4.9.3/armv7-m/crti.o
                0x0000a978                _init
 .init          0x0000a97c        0x8 c:/program files (x86)/cypress/psoc creator/4.0/psoc creator/import/gnu/arm/4.9.3/bin/../lib/gcc/arm-none-eabi/4.9.3/armv7-m/crtn.o
                0x0000a984                . = ALIGN (0x4)
                0x0000a984                __preinit_array_start = .
 *(.preinit_array)
                0x0000a984                __preinit_array_end = .
                0x0000a984                . = ALIGN (0x4)
                0x0000a984                __init_array_start = .
 *(SORT(.init_array.*))
 *(.init_array)
 .init_array    0x0000a984        0x4 c:/program files (x86)/cypress/psoc creator/4.0/psoc creator/import/gnu/arm/4.9.3/bin/../lib/gcc/arm-none-eabi/4.9.3/armv7-m/crtbegin.o
 .init_array    0x0000a988        0x4 .\CortexM3\ARM_GCC_493\Debug\Cm3Start.o
                0x0000a98c                __init_array_end = .
                0x0000a98c                . = ALIGN (0x4)
 *(.fini)
 .fini          0x0000a98c        0x4 c:/program files (x86)/cypress/psoc creator/4.0/psoc creator/import/gnu/arm/4.9.3/bin/../lib/gcc/arm-none-eabi/4.9.3/armv7-m/crti.o
                0x0000a98c                _fini
 .fini          0x0000a990        0x8 c:/program files (x86)/cypress/psoc creator/4.0/psoc creator/import/gnu/arm/4.9.3/bin/../lib/gcc/arm-none-eabi/4.9.3/armv7-m/crtn.o
                0x0000a998                . = ALIGN (0x4)
                0x0000a998                __fini_array_start = .
 *(.fini_array)
 .fini_array    0x0000a998        0x4 c:/program files (x86)/cypress/psoc creator/4.0/psoc creator/import/gnu/arm/4.9.3/bin/../lib/gcc/arm-none-eabi/4.9.3/armv7-m/crtbegin.o
 *(SORT(.fini_array.*))
                0x0000a99c                __fini_array_end = .
                0x0000a99c                . = ALIGN (0x4)
 *crtbegin.o(.ctors)
 *(EXCLUDE_FILE(*crtend.o) .ctors)
 *(SORT(.ctors.*))
 *crtend.o(.ctors)
                0x0000a99c                . = ALIGN (0x4)
 *crtbegin.o(.dtors)
 *(EXCLUDE_FILE(*crtend.o) .dtors)
 *(SORT(.dtors.*))
 *crtend.o(.dtors)
                0x0000a99c                . = ALIGN (0x4)
                0x0000a99c                __cy_regions = .
                0x0000a99c        0x4 LONG 0xa9b0 __cy_region_init_ram
                0x0000a9a0        0x4 LONG 0x1fff8108 __cy_region_start_data
                0x0000a9a4        0x4 LONG 0x180 __cy_region_init_size_ram
                0x0000a9a8        0x4 LONG 0x1688 __cy_region_zero_size_ram
                0x0000a9ac                __cy_regions_end = .
                0x0000a9b0                . = ALIGN (0x8)
 *fill*         0x0000a9ac        0x4 
                0x0000a9b0                _etext = .

.ramvectors     0x1fff8000      0x100
                0x1fff8000                __cy_region_start_ram = .
 *(.ramvectors)
 .ramvectors    0x1fff8000      0x100 .\CortexM3\ARM_GCC_493\Debug\Cm3Start.o
                0x1fff8000                CyRamVectors

.noinit         0x1fff8100        0x5
 *(.noinit)
 .noinit        0x1fff8100        0x4 .\CortexM3\ARM_GCC_493\Debug\Cm3Start.o
 .noinit        0x1fff8104        0x1 .\CortexM3\ARM_GCC_493\Debug\Hummingbird(Continuous Output).a(CyLib.o)
                0x1fff8104                CyResetStatus

.data           0x1fff8108      0x180 load address 0x0000a9b0
                0x1fff8108                __cy_region_start_data = .
 *(.jcr)
 .jcr           0x1fff8108        0x0 c:/program files (x86)/cypress/psoc creator/4.0/psoc creator/import/gnu/arm/4.9.3/bin/../lib/gcc/arm-none-eabi/4.9.3/armv7-m/crtbegin.o
 .jcr           0x1fff8108        0x4 c:/program files (x86)/cypress/psoc creator/4.0/psoc creator/import/gnu/arm/4.9.3/bin/../lib/gcc/arm-none-eabi/4.9.3/armv7-m/crtend.o
 *(.got.plt)
 *(.got)
 *(.shdata)
 *(.data .data.* .gnu.linkonce.d.*)
 .data          0x1fff810c        0xc .\CortexM3\ARM_GCC_493\Debug\main.o
                0x1fff810c                lastVelo
                0x1fff810e                lastNoise
                0x1fff8110                initSystem
                0x1fff8114                lastNote
 .data          0x1fff8118       0xe8 .\CortexM3\ARM_GCC_493\Debug\midi.o
                0x1fff8118                scaleMajor
                0x1fff818c                scaleNatMinor
 .data          0x1fff8200        0x4 .\CortexM3\ARM_GCC_493\Debug\hbird.o
 .data          0x1fff8204        0x8 .\CortexM3\ARM_GCC_493\Debug\Hummingbird(Continuous Output).a(CyDmac.o)
 .data          0x1fff820c       0x10 .\CortexM3\ARM_GCC_493\Debug\Hummingbird(Continuous Output).a(CyLib.o)
                0x1fff820c                cydelay_freq_mhz
                0x1fff8210                cydelay_32k_ms
                0x1fff8214                cydelay_freq_khz
                0x1fff8218                cydelay_freq_hz
 .data          0x1fff821c        0x2 .\CortexM3\ARM_GCC_493\Debug\Hummingbird(Continuous Output).a(ADC_UI.o)
 .data          0x1fff821e        0x1 .\CortexM3\ARM_GCC_493\Debug\Hummingbird(Continuous Output).a(ADC_UI_TempBuf_dma.o)
                0x1fff821e                ADC_UI_TempBuf_DmaHandle
 .data          0x1fff821f        0x1 .\CortexM3\ARM_GCC_493\Debug\Hummingbird(Continuous Output).a(ADC_UI_FinalBuf_dma.o)
                0x1fff821f                ADC_UI_FinalBuf_DmaHandle
 .data.__fdlib_version
                0x1fff8220        0x1 c:/program files (x86)/cypress/psoc creator/4.0/psoc creator/import/gnu/arm/4.9.3/bin/../lib/gcc/arm-none-eabi/4.9.3/../../../../arm-none-eabi/lib/armv7-m\libm.a(lib_a-s_lib_ver.o)
                0x1fff8220                __fdlib_version
 *fill*         0x1fff8221        0x3 
 .data.impure_data
                0x1fff8224       0x60 c:/program files (x86)/cypress/psoc creator/4.0/psoc creator/import/gnu/arm/4.9.3/bin/../lib/gcc/arm-none-eabi/4.9.3/../../../../arm-none-eabi/lib/armv7-m\libg_nano.a(lib_a-impure.o)
 .data._impure_ptr
                0x1fff8284        0x4 c:/program files (x86)/cypress/psoc creator/4.0/psoc creator/import/gnu/arm/4.9.3/bin/../lib/gcc/arm-none-eabi/4.9.3/../../../../arm-none-eabi/lib/armv7-m\libg_nano.a(lib_a-impure.o)
                0x1fff8284                _impure_ptr
                0x1fff8288                . = ALIGN (0x8)
 *(.ram)
                0x1fff8288                _edata = .

.igot.plt       0x1fff8288        0x0 load address 0x0000ab30
 .igot.plt      0x00000000        0x0 c:/program files (x86)/cypress/psoc creator/4.0/psoc creator/import/gnu/arm/4.9.3/bin/../lib/gcc/arm-none-eabi/4.9.3/armv7-m/crtbegin.o

.bss            0x1fff8288     0x1688 load address 0x0000ab30
                0x1fff8288                PROVIDE (__bss_start__, .)
 *(.shbss)
 *(.bss .bss.* .gnu.linkonce.b.*)
 .bss           0x1fff8288       0x1c c:/program files (x86)/cypress/psoc creator/4.0/psoc creator/import/gnu/arm/4.9.3/bin/../lib/gcc/arm-none-eabi/4.9.3/armv7-m/crtbegin.o
 .bss           0x1fff82a4       0x54 .\CortexM3\ARM_GCC_493\Debug\main.o
                0x1fff82a4                usbActivityCounter
                0x1fff82a6                lastKey
                0x1fff82a8                UI_Update_Mask
                0x1fff82aa                lastScale
                0x1fff82ac                lastHyst
                0x1fff82ae                pushingNote
                0x1fff82af                currFrame
                0x1fff82b0                frameLocked
                0x1fff82b4                max_value
                0x1fff82b8                frameIndex
                0x1fff82bc                frameReady
                0x1fff82be                frameProcessed
                0x1fff82bf                curKey
                0x1fff82c0                curScale
                0x1fff82c4                noteHistory
                0x1fff82dc                sampleFrame
                0x1fff82e0                timerFlag
                0x1fff82e4                pitchPrev
                0x1fff82e8                inqFlags_old
                0x1fff82e9                frame2InUse
                0x1fff82ea                frame1InUse
                0x1fff82ec                numFrames
                0x1fff82f0                i
                0x1fff82f4                sustain
                0x1fff82f5                csButtChange
                0x1fff82f6                csButtStates_old
                0x1fff82f7                csButtStates
 .bss           0x1fff82f8      0x800 .\CortexM3\ARM_GCC_493\Debug\pitch.o
 .bss           0x1fff8af8        0x4 .\CortexM3\ARM_GCC_493\Debug\Hummingbird(Continuous Output).a(MIDI1_UART_PM.o)
 .bss           0x1fff8afc        0x4 .\CortexM3\ARM_GCC_493\Debug\Hummingbird(Continuous Output).a(MIDI2_UART_PM.o)
 .bss           0x1fff8b00        0x1 .\CortexM3\ARM_GCC_493\Debug\Hummingbird(Continuous Output).a(SleepTimer.o)
                0x1fff8b00                SleepTimer_initVar
 .bss           0x1fff8b01        0x1 .\CortexM3\ARM_GCC_493\Debug\Hummingbird(Continuous Output).a(USB.o)
                0x1fff8b01                USB_initVar
 *fill*         0x1fff8b02        0x2 
 .bss           0x1fff8b04        0x4 .\CortexM3\ARM_GCC_493\Debug\Hummingbird(Continuous Output).a(USB_pm.o)
 .bss           0x1fff8b08        0x4 .\CortexM3\ARM_GCC_493\Debug\Hummingbird(Continuous Output).a(USB_std.o)
 .bss           0x1fff8b0c       0x18 .\CortexM3\ARM_GCC_493\Debug\Hummingbird(Continuous Output).a(USB_midi.o)
 .bss           0x1fff8b24       0x44 .\CortexM3\ARM_GCC_493\Debug\Hummingbird(Continuous Output).a(cyPm.o)
 .bss           0x1fff8b68        0x1 .\CortexM3\ARM_GCC_493\Debug\Hummingbird(Continuous Output).a(I2C_CharLCD.o)
                0x1fff8b68                I2C_CharLCD_initVar
 .bss           0x1fff8b69        0x2 .\CortexM3\ARM_GCC_493\Debug\Hummingbird(Continuous Output).a(CharLCD_I2C.o)
                0x1fff8b69                CharLCD_enableState
                0x1fff8b6a                CharLCD_initVar
 .bss           0x1fff8b6b        0x1 .\CortexM3\ARM_GCC_493\Debug\Hummingbird(Continuous Output).a(ADC_MIC.o)
                0x1fff8b6b                ADC_MIC_initVar
 .bss           0x1fff8b6c        0x1 .\CortexM3\ARM_GCC_493\Debug\Hummingbird(Continuous Output).a(TIMER_SAMPLERATE.o)
                0x1fff8b6c                TIMER_SAMPLERATE_initVar
 *fill*         0x1fff8b6d        0x3 
 .bss           0x1fff8b70       0x14 .\CortexM3\ARM_GCC_493\Debug\Hummingbird(Continuous Output).a(ADC_UI.o)
                0x1fff8b80                ADC_UI_initVar
 .bss           0x1fff8b84        0x1 .\CortexM3\ARM_GCC_493\Debug\Hummingbird(Continuous Output).a(TIMER_UI.o)
                0x1fff8b84                TIMER_UI_initVar
 .bss           0x1fff8b85        0x1 .\CortexM3\ARM_GCC_493\Debug\Hummingbird(Continuous Output).a(ADC_UI_SAR.o)
                0x1fff8b85                ADC_UI_SAR_initVar
 .bss           0x1fff8b86        0x2 .\CortexM3\ARM_GCC_493\Debug\Hummingbird(Continuous Output).a(UART_MIDITX.o)
                0x1fff8b86                UART_MIDITX_initVar
 .bss           0x1fff8b88        0x8 .\CortexM3\ARM_GCC_493\Debug\Hummingbird(Continuous Output).a(MIDI1_UART.o)
                0x1fff8b88                MIDI1_UART_initVar
                0x1fff8b89                MIDI1_UART_rxBufferRead
                0x1fff8b8a                MIDI1_UART_rxBufferWrite
                0x1fff8b8b                MIDI1_UART_rxBufferLoopDetect
                0x1fff8b8c                MIDI1_UART_rxBufferOverflow
                0x1fff8b8d                MIDI1_UART_txBufferRead
                0x1fff8b8e                MIDI1_UART_txBufferWrite
 .bss           0x1fff8b90        0x8 .\CortexM3\ARM_GCC_493\Debug\Hummingbird(Continuous Output).a(MIDI2_UART.o)
                0x1fff8b90                MIDI2_UART_initVar
                0x1fff8b91                MIDI2_UART_rxBufferRead
                0x1fff8b92                MIDI2_UART_rxBufferWrite
                0x1fff8b93                MIDI2_UART_rxBufferLoopDetect
                0x1fff8b94                MIDI2_UART_rxBufferOverflow
                0x1fff8b95                MIDI2_UART_txBufferRead
                0x1fff8b96                MIDI2_UART_txBufferWrite
 .bss.__malloc_sbrk_start
                0x1fff8b98        0x4 c:/program files (x86)/cypress/psoc creator/4.0/psoc creator/import/gnu/arm/4.9.3/bin/../lib/gcc/arm-none-eabi/4.9.3/../../../../arm-none-eabi/lib/armv7-m\libg_nano.a(lib_a-nano-mallocr.o)
                0x1fff8b98                __malloc_sbrk_start
 .bss.__malloc_free_list
                0x1fff8b9c        0x4 c:/program files (x86)/cypress/psoc creator/4.0/psoc creator/import/gnu/arm/4.9.3/bin/../lib/gcc/arm-none-eabi/4.9.3/../../../../arm-none-eabi/lib/armv7-m\libg_nano.a(lib_a-nano-mallocr.o)
                0x1fff8b9c                __malloc_free_list
 .bss.heap_end.4079
                0x1fff8ba0        0x4 c:/program files (x86)/cypress/psoc creator/4.0/psoc creator/import/gnu/arm/4.9.3/bin/../lib/gcc/arm-none-eabi/4.9.3/../../../../arm-none-eabi/lib/armv7-m\libnosys.a(sbrk.o)
 *(COMMON)
 *fill*         0x1fff8ba4        0x4 
 COMMON         0x1fff8ba8      0x820 .\CortexM3\ARM_GCC_493\Debug\main.o
                0x1fff8ba8                midiMsg
                0x1fff8bac                ADCoutput
                0x1fff8bb0                LCDstr
                0x1fff8bc0                noteTable
                0x1fff8fc0                pitchHz
                0x1fff8fc4                tempHyst
                0x1fff8fc8                dataFrames
 COMMON         0x1fff93c8       0x98 .\CortexM3\ARM_GCC_493\Debug\Hummingbird(Continuous Output).a(USB_drv.o)
                0x1fff93c8                USB_transferState
                0x1fff93c9                USB_interfaceNumber
                0x1fff93ca                USB_lastPacketSize
                0x1fff93cc                USB_interfaceClass
                0x1fff93d0                USB_interfaceSetting
                0x1fff93d2                USB_ep0Mode
                0x1fff93d3                USB_device
                0x1fff93d4                USB_deviceAddress
                0x1fff93d5                USB_ep0Toggle
                0x1fff93d6                USB_configurationChanged
                0x1fff93d8                USB_interfaceStatus
                0x1fff93da                USB_transferByteCount
                0x1fff93dc                USB_configuration
                0x1fff93e0                USB_interfaceSetting_last
                0x1fff93e4                USB_currentTD
                0x1fff93f0                USB_ep0Count
                0x1fff93f1                USB_deviceStatus
                0x1fff93f4                USB_EP
 COMMON         0x1fff9460       0x48 .\CortexM3\ARM_GCC_493\Debug\Hummingbird(Continuous Output).a(USB_midi.o)
                0x1fff9460                USB_midiOutBuffer
                0x1fff9480                USB_MIDI1_InqFlags
                0x1fff9481                USB_midi_in_ep
                0x1fff9482                USB_midiInPointer
                0x1fff9483                USB_MIDI2_InqFlags
                0x1fff9484                USB_midi_out_ep
                0x1fff9488                USB_midiInBuffer
 COMMON         0x1fff94a8        0x1 .\CortexM3\ARM_GCC_493\Debug\Hummingbird(Continuous Output).a(I2C_CharLCD.o)
                0x1fff94a8                I2C_CharLCD_state
 *fill*         0x1fff94a9        0x3 
 COMMON         0x1fff94ac       0x12 .\CortexM3\ARM_GCC_493\Debug\Hummingbird(Continuous Output).a(I2C_CharLCD_MASTER.o)
                0x1fff94ac                I2C_CharLCD_mstrRdBufSize
                0x1fff94b0                I2C_CharLCD_mstrRdBufPtr
                0x1fff94b4                I2C_CharLCD_mstrControl
                0x1fff94b5                I2C_CharLCD_mstrWrBufIndex
                0x1fff94b6                I2C_CharLCD_mstrStatus
                0x1fff94b8                I2C_CharLCD_mstrWrBufPtr
                0x1fff94bc                I2C_CharLCD_mstrWrBufSize
                0x1fff94bd                I2C_CharLCD_mstrRdBufIndex
 *fill*         0x1fff94be        0x2 
 COMMON         0x1fff94c0        0xa .\CortexM3\ARM_GCC_493\Debug\Hummingbird(Continuous Output).a(ADC_MIC.o)
                0x1fff94c0                ADC_MIC_countsPerVolt
                0x1fff94c2                ADC_MIC_shift
                0x1fff94c4                ADC_MIC_countsPer10Volt
                0x1fff94c8                ADC_MIC_offset
 *fill*         0x1fff94ca        0x2 
 COMMON         0x1fff94cc        0xa .\CortexM3\ARM_GCC_493\Debug\Hummingbird(Continuous Output).a(ADC_UI.o)
                0x1fff94cc                ADC_UI_finalArray
 *fill*         0x1fff94d6        0x2 
 COMMON         0x1fff94d8        0xa .\CortexM3\ARM_GCC_493\Debug\Hummingbird(Continuous Output).a(ADC_UI_SAR.o)
                0x1fff94d8                ADC_UI_SAR_shift
                0x1fff94da                ADC_UI_SAR_countsPerVolt
                0x1fff94dc                ADC_UI_SAR_countsPer10Volt
                0x1fff94e0                ADC_UI_SAR_offset
 *fill*         0x1fff94e2        0x2 
 COMMON         0x1fff94e4      0x1ff .\CortexM3\ARM_GCC_493\Debug\Hummingbird(Continuous Output).a(MIDI1_UART.o)
                0x1fff94e4                MIDI1_UART_txBuffer
                0x1fff95e4                MIDI1_UART_rxBuffer
 *fill*         0x1fff96e3        0x1 
 COMMON         0x1fff96e4      0x1ff .\CortexM3\ARM_GCC_493\Debug\Hummingbird(Continuous Output).a(MIDI2_UART.o)
                0x1fff96e4                MIDI2_UART_rxBuffer
                0x1fff97e4                MIDI2_UART_txBuffer
 *fill*         0x1fff98e3        0x1 
 COMMON         0x1fff98e4       0x22 .\CortexM3\ARM_GCC_493\Debug\Hummingbird(Continuous Output).a(USB_descr.o)
                0x1fff98e4                USB_idSerialNumberStringDescriptor
 *fill*         0x1fff9906        0x2 
 COMMON         0x1fff9908        0x4 c:/program files (x86)/cypress/psoc creator/4.0/psoc creator/import/gnu/arm/4.9.3/bin/../lib/gcc/arm-none-eabi/4.9.3/../../../../arm-none-eabi/lib/armv7-m\libg_nano.a(lib_a-reent.o)
                0x1fff9908                errno
                0x1fff9910                . = ALIGN (0x8)
 *fill*         0x1fff990c        0x4 
 *(.ram.b)
                0x1fff9910                _end = .
                0x1fff9910                __end = .
                0x1fff9910                PROVIDE (end, .)
                0x1fff9910                PROVIDE (__bss_end__, .)
                0x0000a9b0                __cy_region_init_ram = LOADADDR (.data)
                0x00000180                __cy_region_init_size_ram = (_edata - ADDR (.data))
                0x00001688                __cy_region_zero_size_ram = (_end - _edata)

.heap           0x1fff9910       0x80 load address 0x0000ab30
                0x1fff9910                . = _end
                0x1fff9990                . = (. + 0x80)
 *fill*         0x1fff9910       0x80 
                0x1fff9990                __cy_heap_limit = .

.stack          0x20007800      0x800
                0x20007800                __cy_stack_limit = .
                0x20008000                . = (. + 0x800)
 *fill*         0x20007800      0x800 
                0x00000001                ASSERT ((__cy_stack_limit >= __cy_heap_limit), region RAM overflowed with stack)

.cyloadermeta
 *(.cyloadermeta)

.cyloadablemeta
 *(.cyloadablemeta)

.cyconfigecc    0x80000000      0xf94
 *(.cyconfigecc)
 .cyconfigecc   0x80000000      0xf94 .\CortexM3\ARM_GCC_493\Debug\cymetadata.o
                0x80000000                cy_meta_configecc

.cycustnvl      0x90000000        0x4
 *(.cycustnvl)
 .cycustnvl     0x90000000        0x4 .\CortexM3\ARM_GCC_493\Debug\cymetadata.o
                0x90000000                cy_meta_custnvl

.cywolatch      0x90100000        0x4
 *(.cywolatch)
 .cywolatch     0x90100000        0x4 .\CortexM3\ARM_GCC_493\Debug\cymetadata.o
                0x90100000                cy_meta_wonvl

.cyeeprom       0x90200000        0x0
 *(.cyeeprom)
                0x00000001                ASSERT ((. <= ((0x90200000 + ee_offset) + ee_size)), .cyeeprom data will not fit in EEPROM)

.cyflashprotect
                0x90400000      0x100
 *(.cyflashprotect)
 .cyflashprotect
                0x90400000      0x100 .\CortexM3\ARM_GCC_493\Debug\cymetadata.o
                0x90400000                cy_meta_flashprotect

.cymeta         0x90500000        0xc
 *(.cymeta)
 .cymeta        0x90500000        0xc .\CortexM3\ARM_GCC_493\Debug\cymetadata.o
                0x90500000                cy_metadata

.rel.dyn        0x0000ab30        0x0 load address 0x9050000c
 .rel.iplt      0x00000000        0x0 c:/program files (x86)/cypress/psoc creator/4.0/psoc creator/import/gnu/arm/4.9.3/bin/../lib/gcc/arm-none-eabi/4.9.3/armv7-m/crtbegin.o

.stab
 *(.stab)

.stabstr
 *(.stabstr)

.debug
 *(.debug)

.line
 *(.line)

.debug_srcinfo
 *(.debug_srcinfo)

.debug_sfnames
 *(.debug_sfnames)

.debug_aranges  0x00000000     0x1528
 *(.debug_aranges)
 .debug_aranges
                0x00000000       0x40 .\CortexM3\ARM_GCC_493\Debug\main.o
 .debug_aranges
                0x00000040       0x68 .\CortexM3\ARM_GCC_493\Debug\fft.o
 .debug_aranges
                0x000000a8       0x60 .\CortexM3\ARM_GCC_493\Debug\midi.o
 .debug_aranges
                0x00000108       0x40 .\CortexM3\ARM_GCC_493\Debug\pitch.o
 .debug_aranges
                0x00000148       0x50 .\CortexM3\ARM_GCC_493\Debug\hbird.o
 .debug_aranges
                0x00000198       0x18 .\CortexM3\ARM_GCC_493\Debug\cymetadata.o
 .debug_aranges
                0x000001b0       0x40 .\CortexM3\ARM_GCC_493\Debug\Cm3Start.o
 .debug_aranges
                0x000001f0       0x38 .\CortexM3\ARM_GCC_493\Debug\Hummingbird(Continuous Output).a(MIDI1_UART_PM.o)
 .debug_aranges
                0x00000228       0x38 .\CortexM3\ARM_GCC_493\Debug\Hummingbird(Continuous Output).a(MIDI2_UART_PM.o)
 .debug_aranges
                0x00000260       0x28 .\CortexM3\ARM_GCC_493\Debug\Hummingbird(Continuous Output).a(cyfitter_cfg.o)
 .debug_aranges
                0x00000288       0x58 .\CortexM3\ARM_GCC_493\Debug\Hummingbird(Continuous Output).a(SleepTimer.o)
 .debug_aranges
                0x000002e0       0xb0 .\CortexM3\ARM_GCC_493\Debug\Hummingbird(Continuous Output).a(USB.o)
 .debug_aranges
                0x00000390       0x98 .\CortexM3\ARM_GCC_493\Debug\Hummingbird(Continuous Output).a(USB_drv.o)
 .debug_aranges
                0x00000428       0x38 .\CortexM3\ARM_GCC_493\Debug\Hummingbird(Continuous Output).a(USB_episr.o)
 .debug_aranges
                0x00000460       0x40 .\CortexM3\ARM_GCC_493\Debug\Hummingbird(Continuous Output).a(USB_pm.o)
 .debug_aranges
                0x000004a0       0x80 .\CortexM3\ARM_GCC_493\Debug\Hummingbird(Continuous Output).a(USB_std.o)
 .debug_aranges
                0x00000520       0x20 .\CortexM3\ARM_GCC_493\Debug\Hummingbird(Continuous Output).a(USB_vnd.o)
 .debug_aranges
                0x00000540       0x78 .\CortexM3\ARM_GCC_493\Debug\Hummingbird(Continuous Output).a(USB_midi.o)
 .debug_aranges
                0x000005b8       0x80 .\CortexM3\ARM_GCC_493\Debug\Hummingbird(Continuous Output).a(Sleep_isr.o)
 .debug_aranges
                0x00000638       0xd8 .\CortexM3\ARM_GCC_493\Debug\Hummingbird(Continuous Output).a(CyDmac.o)
 .debug_aranges
                0x00000710      0x208 .\CortexM3\ARM_GCC_493\Debug\Hummingbird(Continuous Output).a(CyLib.o)
 .debug_aranges
                0x00000918       0x70 .\CortexM3\ARM_GCC_493\Debug\Hummingbird(Continuous Output).a(cyPm.o)
 .debug_aranges
                0x00000988       0x80 .\CortexM3\ARM_GCC_493\Debug\Hummingbird(Continuous Output).a(isr_1.o)
 .debug_aranges
                0x00000a08       0x80 .\CortexM3\ARM_GCC_493\Debug\Hummingbird(Continuous Output).a(UI_isr.o)
 .debug_aranges
                0x00000a88       0x38 .\CortexM3\ARM_GCC_493\Debug\Hummingbird(Continuous Output).a(I2C_CharLCD.o)
 .debug_aranges
                0x00000ac0       0x20 .\CortexM3\ARM_GCC_493\Debug\Hummingbird(Continuous Output).a(I2C_CharLCD_INT.o)
 .debug_aranges
                0x00000ae0       0x38 .\CortexM3\ARM_GCC_493\Debug\Hummingbird(Continuous Output).a(I2C_CharLCD_PM.o)
 .debug_aranges
                0x00000b18       0x80 .\CortexM3\ARM_GCC_493\Debug\Hummingbird(Continuous Output).a(I2C_CharLCD_MASTER.o)
 .debug_aranges
                0x00000b98       0x88 .\CortexM3\ARM_GCC_493\Debug\Hummingbird(Continuous Output).a(CharLCD_I2C.o)
 .debug_aranges
                0x00000c20       0xa0 .\CortexM3\ARM_GCC_493\Debug\Hummingbird(Continuous Output).a(ADC_MIC.o)
 .debug_aranges
                0x00000cc0       0x20 .\CortexM3\ARM_GCC_493\Debug\Hummingbird(Continuous Output).a(ADC_MIC_INT.o)
 .debug_aranges
                0x00000ce0       0x90 .\CortexM3\ARM_GCC_493\Debug\Hummingbird(Continuous Output).a(TIMER_SAMPLERATE.o)
 .debug_aranges
                0x00000d70       0xa0 .\CortexM3\ARM_GCC_493\Debug\Hummingbird(Continuous Output).a(ADC_UI.o)
 .debug_aranges
                0x00000e10       0x20 .\CortexM3\ARM_GCC_493\Debug\Hummingbird(Continuous Output).a(ADC_UI_INT.o)
 .debug_aranges
                0x00000e30       0x90 .\CortexM3\ARM_GCC_493\Debug\Hummingbird(Continuous Output).a(TIMER_UI.o)
 .debug_aranges
                0x00000ec0       0x70 .\CortexM3\ARM_GCC_493\Debug\Hummingbird(Continuous Output).a(ADC_MIC_theACLK.o)
 .debug_aranges
                0x00000f30       0xa0 .\CortexM3\ARM_GCC_493\Debug\Hummingbird(Continuous Output).a(ADC_UI_SAR.o)
 .debug_aranges
                0x00000fd0       0x28 .\CortexM3\ARM_GCC_493\Debug\Hummingbird(Continuous Output).a(ADC_UI_TempBuf_dma.o)
 .debug_aranges
                0x00000ff8       0x28 .\CortexM3\ARM_GCC_493\Debug\Hummingbird(Continuous Output).a(ADC_UI_FinalBuf_dma.o)
 .debug_aranges
                0x00001020       0x80 .\CortexM3\ARM_GCC_493\Debug\Hummingbird(Continuous Output).a(ADC_UI_IRQ.o)
 .debug_aranges
                0x000010a0       0xa0 .\CortexM3\ARM_GCC_493\Debug\Hummingbird(Continuous Output).a(UART_MIDITX.o)
 .debug_aranges
                0x00001140       0x20 .\CortexM3\ARM_GCC_493\Debug\Hummingbird(Continuous Output).a(CyBootAsmGnu.o)
 .debug_aranges
                0x00001160      0x110 .\CortexM3\ARM_GCC_493\Debug\Hummingbird(Continuous Output).a(MIDI1_UART.o)
 .debug_aranges
                0x00001270      0x110 .\CortexM3\ARM_GCC_493\Debug\Hummingbird(Continuous Output).a(MIDI2_UART.o)
 .debug_aranges
                0x00001380       0x20 .\CortexM3\ARM_GCC_493\Debug\Hummingbird(Continuous Output).a(USB_cls.o)
 .debug_aranges
                0x000013a0       0x18 .\CortexM3\ARM_GCC_493\Debug\Hummingbird(Continuous Output).a(USB_descr.o)
 .debug_aranges
                0x000013b8       0x78 .\CortexM3\ARM_GCC_493\Debug\Hummingbird(Continuous Output).a(CyFlash.o)
 .debug_aranges
                0x00001430       0x68 .\CortexM3\ARM_GCC_493\Debug\Hummingbird(Continuous Output).a(CySpc.o)
 .debug_aranges
                0x00001498       0x20 .\CortexM3\ARM_GCC_493\Debug\Hummingbird(Continuous Output).a(cyutils.o)
 .debug_aranges
                0x000014b8       0x28 .\CortexM3\ARM_GCC_493\Debug\Hummingbird(Continuous Output).a(MIDI1_UART_INT.o)
 .debug_aranges