Archive member included because of file (symbol)

.\CortexM3\ARM_GCC_493\Debug\Hummingbird(Continuous Output).a(cyfitter_cfg.o)
                              .\CortexM3\ARM_GCC_493\Debug\Cm3Start.o (cyfitter_cfg)
.\CortexM3\ARM_GCC_493\Debug\Hummingbird(Continuous Output).a(USB.o)
                              .\CortexM3\ARM_GCC_493\Debug\main.o (USB_Start)
.\CortexM3\ARM_GCC_493\Debug\Hummingbird(Continuous Output).a(USB_drv.o)
                              .\CortexM3\ARM_GCC_493\Debug\Hummingbird(Continuous Output).a(USB.o) (USB_lastPacketSize)
.\CortexM3\ARM_GCC_493\Debug\Hummingbird(Continuous Output).a(USB_episr.o)
                              .\CortexM3\ARM_GCC_493\Debug\Hummingbird(Continuous Output).a(USB.o) (USB_EP_1_ISR)
.\CortexM3\ARM_GCC_493\Debug\Hummingbird(Continuous Output).a(USB_std.o)
                              .\CortexM3\ARM_GCC_493\Debug\Hummingbird(Continuous Output).a(USB_drv.o) (USB_HandleStandardRqst)
.\CortexM3\ARM_GCC_493\Debug\Hummingbird(Continuous Output).a(USB_vnd.o)
                              .\CortexM3\ARM_GCC_493\Debug\Hummingbird(Continuous Output).a(USB_drv.o) (USB_HandleVendorRqst)
.\CortexM3\ARM_GCC_493\Debug\Hummingbird(Continuous Output).a(USB_midi.o)
                              .\CortexM3\ARM_GCC_493\Debug\Hummingbird(Continuous Output).a(USB_std.o) (USB_midi_in_ep)
.\CortexM3\ARM_GCC_493\Debug\Hummingbird(Continuous Output).a(CyDmac.o)
                              .\CortexM3\ARM_GCC_493\Debug\Cm3Start.o (CyDmacConfigure)
.\CortexM3\ARM_GCC_493\Debug\Hummingbird(Continuous Output).a(CyLib.o)
                              .\CortexM3\ARM_GCC_493\Debug\main.o (CyDelay)
.\CortexM3\ARM_GCC_493\Debug\Hummingbird(Continuous Output).a(cyPm.o)
                              .\CortexM3\ARM_GCC_493\Debug\Hummingbird(Continuous Output).a(CyLib.o) (CyPmReadStatus)
.\CortexM3\ARM_GCC_493\Debug\Hummingbird(Continuous Output).a(isr_1.o)
                              .\CortexM3\ARM_GCC_493\Debug\main.o (isr_1_StartEx)
.\CortexM3\ARM_GCC_493\Debug\Hummingbird(Continuous Output).a(UI_isr.o)
                              .\CortexM3\ARM_GCC_493\Debug\main.o (UI_isr_StartEx)
.\CortexM3\ARM_GCC_493\Debug\Hummingbird(Continuous Output).a(I2C_CharLCD.o)
                              .\CortexM3\ARM_GCC_493\Debug\main.o (I2C_CharLCD_Start)
.\CortexM3\ARM_GCC_493\Debug\Hummingbird(Continuous Output).a(I2C_CharLCD_INT.o)
                              .\CortexM3\ARM_GCC_493\Debug\Hummingbird(Continuous Output).a(I2C_CharLCD.o) (I2C_CharLCD_ISR)
.\CortexM3\ARM_GCC_493\Debug\Hummingbird(Continuous Output).a(I2C_CharLCD_PM.o)
                              .\CortexM3\ARM_GCC_493\Debug\Hummingbird(Continuous Output).a(I2C_CharLCD.o) (I2C_CharLCD_backup)
.\CortexM3\ARM_GCC_493\Debug\Hummingbird(Continuous Output).a(I2C_CharLCD_MASTER.o)
                              .\CortexM3\ARM_GCC_493\Debug\Hummingbird(Continuous Output).a(I2C_CharLCD.o) (I2C_CharLCD_mstrStatus)
.\CortexM3\ARM_GCC_493\Debug\Hummingbird(Continuous Output).a(CharLCD_I2C.o)
                              .\CortexM3\ARM_GCC_493\Debug\main.o (CharLCD_PrintString)
.\CortexM3\ARM_GCC_493\Debug\Hummingbird(Continuous Output).a(ADC_MIC.o)
                              .\CortexM3\ARM_GCC_493\Debug\main.o (ADC_MIC_Start)
.\CortexM3\ARM_GCC_493\Debug\Hummingbird(Continuous Output).a(ADC_MIC_INT.o)
                              .\CortexM3\ARM_GCC_493\Debug\Hummingbird(Continuous Output).a(ADC_MIC.o) (ADC_MIC_ISR)
.\CortexM3\ARM_GCC_493\Debug\Hummingbird(Continuous Output).a(TIMER_SAMPLERATE.o)
                              .\CortexM3\ARM_GCC_493\Debug\main.o (TIMER_SAMPLERATE_Start)
.\CortexM3\ARM_GCC_493\Debug\Hummingbird(Continuous Output).a(ADC_UI.o)
                              .\CortexM3\ARM_GCC_493\Debug\main.o (ADC_UI_Start)
.\CortexM3\ARM_GCC_493\Debug\Hummingbird(Continuous Output).a(ADC_UI_INT.o)
                              .\CortexM3\ARM_GCC_493\Debug\Hummingbird(Continuous Output).a(ADC_UI.o) (ADC_UI_ISR)
.\CortexM3\ARM_GCC_493\Debug\Hummingbird(Continuous Output).a(TIMER_UI.o)
                              .\CortexM3\ARM_GCC_493\Debug\main.o (TIMER_UI_Start)
.\CortexM3\ARM_GCC_493\Debug\Hummingbird(Continuous Output).a(ADC_MIC_theACLK.o)
                              .\CortexM3\ARM_GCC_493\Debug\Hummingbird(Continuous Output).a(ADC_MIC.o) (ADC_MIC_theACLK_SetModeRegister)
.\CortexM3\ARM_GCC_493\Debug\Hummingbird(Continuous Output).a(ADC_UI_SAR.o)
                              .\CortexM3\ARM_GCC_493\Debug\Hummingbird(Continuous Output).a(ADC_UI.o) (ADC_UI_SAR_Stop)
.\CortexM3\ARM_GCC_493\Debug\Hummingbird(Continuous Output).a(ADC_UI_TempBuf_dma.o)
                              .\CortexM3\ARM_GCC_493\Debug\Hummingbird(Continuous Output).a(ADC_UI.o) (ADC_UI_TempBuf_DmaInitialize)
.\CortexM3\ARM_GCC_493\Debug\Hummingbird(Continuous Output).a(ADC_UI_FinalBuf_dma.o)
                              .\CortexM3\ARM_GCC_493\Debug\Hummingbird(Continuous Output).a(ADC_UI.o) (ADC_UI_FinalBuf_DmaInitialize)
[...]
Memory Configuration

Name             Origin             Length             Attributes
rom              0x00000000         0x00040000         xr
ram              0x1fff8000         0x00010000         xrw
*default*        0x00000000         0xffffffff

Linker script and memory map

LOAD c:/program files (x86)/cypress/psoc creator/4.0/psoc creator/import/gnu/arm/4.9.3/bin/../lib/gcc/arm-none-eabi/4.9.3/armv7-m/crti.o
LOAD c:/program files (x86)/cypress/psoc creator/4.0/psoc creator/import/gnu/arm/4.9.3/bin/../lib/gcc/arm-none-eabi/4.9.3/armv7-m/crtbegin.o
LOAD c:/program files (x86)/cypress/psoc creator/4.0/psoc creator/import/gnu/arm/4.9.3/bin/../lib/gcc/arm-none-eabi/4.9.3/../../../../arm-none-eabi/lib/armv7-m/crt0.o
START GROUP
LOAD .\CortexM3\ARM_GCC_493\Debug\main.o
LOAD .\CortexM3\ARM_GCC_493\Debug\fft.o
LOAD .\CortexM3\ARM_GCC_493\Debug\midi.o
LOAD .\CortexM3\ARM_GCC_493\Debug\pitch.o
LOAD .\CortexM3\ARM_GCC_493\Debug\hbird.o
LOAD .\CortexM3\ARM_GCC_493\Debug\cymetadata.o
LOAD .\CortexM3\ARM_GCC_493\Debug\Cm3Start.o
LOAD .\CortexM3\ARM_GCC_493\Debug\Hummingbird(Continuous Output).a
LOAD C:\Program Files (x86)\Cypress\PSoC Creator\4.0\PSoC Creator\psoc\content\cycomponentlibrary\CyComponentLibrary.cylib\CortexM3\ARM_GCC_493\Debug\CyComponentLibrary.a
LOAD c:/program files (x86)/cypress/psoc creator/4.0/psoc creator/import/gnu/arm/4.9.3/bin/../lib/gcc/arm-none-eabi/4.9.3/../../../../arm-none-eabi/lib/armv7-m\libm.a
END GROUP
START GROUP
LOAD c:/program files (x86)/cypress/psoc creator/4.0/psoc creator/import/gnu/arm/4.9.3/bin/../lib/gcc/arm-none-eabi/4.9.3/armv7-m\libgcc.a
LOAD c:/program files (x86)/cypress/psoc creator/4.0/psoc creator/import/gnu/arm/4.9.3/bin/../lib/gcc/arm-none-eabi/4.9.3/../../../../arm-none-eabi/lib/armv7-m\libg_nano.a
LOAD c:/program files (x86)/cypress/psoc creator/4.0/psoc creator/import/gnu/arm/4.9.3/bin/../lib/gcc/arm-none-eabi/4.9.3/../../../../arm-none-eabi/lib/armv7-m\libc_nano.a
END GROUP
START GROUP
LOAD c:/program files (x86)/cypress/psoc creator/4.0/psoc creator/import/gnu/arm/4.9.3/bin/../lib/gcc/arm-none-eabi/4.9.3/armv7-m\libgcc.a
LOAD c:/program files (x86)/cypress/psoc creator/4.0/psoc creator/import/gnu/arm/4.9.3/bin/../lib/gcc/arm-none-eabi/4.9.3/../../../../arm-none-eabi/lib/armv7-m\libc_nano.a
END GROUP
LOAD c:/program files (x86)/cypress/psoc creator/4.0/psoc creator/import/gnu/arm/4.9.3/bin/../lib/gcc/arm-none-eabi/4.9.3/armv7-m/crtend.o
LOAD c:/program files (x86)/cypress/psoc creator/4.0/psoc creator/import/gnu/arm/4.9.3/bin/../lib/gcc/arm-none-eabi/4.9.3/armv7-m/crtn.o
START GROUP
LOAD c:/program files (x86)/cypress/psoc creator/4.0/psoc creator/import/gnu/arm/4.9.3/bin/../lib/gcc/arm-none-eabi/4.9.3/armv7-m\libgcc.a
LOAD c:/program files (x86)/cypress/psoc creator/4.0/psoc creator/import/gnu/arm/4.9.3/bin/../lib/gcc/arm-none-eabi/4.9.3/../../../../arm-none-eabi/lib/armv7-m\libc.a
LOAD c:/program files (x86)/cypress/psoc creator/4.0/psoc creator/import/gnu/arm/4.9.3/bin/../lib/gcc/arm-none-eabi/4.9.3/../../../../arm-none-eabi/lib/armv7-m\libnosys.a
END GROUP
                0x00000000                CY_APPL_ORIGIN = 0x0
                0x00000100                CY_FLASH_ROW_SIZE = 0x100
                0x00000020                CY_ECC_ROW_SIZE = 0x20
                0x00000000                CY_EE_IN_BTLDR = 0x0
                0x00000000                CY_APPL_LOADABLE = 0x0
                0x00000800                CY_EE_SIZE = 0x800
                0x00000001                CY_APPL_NUM = 0x1
                0x00000001                CY_APPL_MAX = 0x1
                0x00000040                CY_METADATA_SIZE = 0x40
                0x1fffa070                PROVIDE (__cy_heap_start, _end)
                0x00000001                PROVIDE (__cy_region_num, ((__cy_regions_end - __cy_regions) / 0x10))
                0x20008000                PROVIDE (__cy_stack, (ORIGIN (ram) + 0x10000))
                0x20007800                PROVIDE (__cy_heap_end, (__cy_stack - 0x800))

.cybootloader   0x00000000        0x0
 *(.cybootloader)
                0x00000000                appl1_start = CY_APPL_ORIGIN?CY_APPL_ORIGIN:ALIGN (CY_FLASH_ROW_SIZE)
                0x0001ff00                appl2_start = (appl1_start + ALIGN ((((0x40000 - appl1_start) - (0x2 * CY_FLASH_ROW_SIZE)) / 0x2), CY_FLASH_ROW_SIZE))
                0x00000000                appl_start = (CY_APPL_NUM == 0x1)?appl1_start:appl2_start
                0x00000000                ecc_offset = ((appl_start / CY_FLASH_ROW_SIZE) * CY_ECC_ROW_SIZE)
                0x00000000                ee_offset = (CY_APPL_LOADABLE && ! (CY_EE_IN_BTLDR))?((CY_EE_SIZE / CY_APPL_MAX) * (CY_APPL_NUM - 0x1)):0x0
                0x00000800                ee_size = (CY_APPL_LOADABLE && ! (CY_EE_IN_BTLDR))?(CY_EE_SIZE / CY_APPL_MAX):CY_EE_SIZE
                0x00000000                PROVIDE (CY_ECC_OFFSET, ecc_offset)

.text           0x00000000     0x7208
 CREATE_OBJECT_SYMBOLS
                0x00000000                PROVIDE (__cy_interrupt_vector, RomVectors)
 *(.romvectors)
 .romvectors    0x00000000       0x10 .\CortexM3\ARM_GCC_493\Debug\Cm3Start.o
                0x00000000                RomVectors
                0x00000001                ASSERT ((. != __cy_interrupt_vector), No interrupt vector)
                0x00000001                ASSERT (CY_APPL_ORIGIN?(SIZEOF (.cybootloader) <= CY_APPL_ORIGIN):0x1, Wrong image location)
                0x00000010                PROVIDE (__cy_reset, Reset)
 *(.text.Reset)
 .text.Reset    0x00000010       0x18 .\CortexM3\ARM_GCC_493\Debug\Cm3Start.o
                0x00000010                Reset
                0x00000001                ASSERT ((. != __cy_reset), No reset code)
 *(.dma_init)
                0x00000001                ASSERT ((((appl_start + .) <= 0x10000) || 0x1), DMA Init must be within the first 64k of flash)
 *(.text .text.* .gnu.linkonce.t.*)
 .text          0x00000028       0x5c c:/program files (x86)/cypress/psoc creator/4.0/psoc creator/import/gnu/arm/4.9.3/bin/../lib/gcc/arm-none-eabi/4.9.3/armv7-m/crtbegin.o
 .text.UserInterfaceISR
                0x00000084      0x118 .\CortexM3\ARM_GCC_493\Debug\main.o
                0x00000084                UserInterfaceISR
 .text.GetSample
                0x0000019c       0x80 .\CortexM3\ARM_GCC_493\Debug\main.o
                0x0000019c                GetSample
 .text.startup.main
                0x0000021c      0x3c0 .\CortexM3\ARM_GCC_493\Debug\main.o
                0x0000021c                main
 *fill*         0x000005dc        0x4 
 .text.fft_init
                0x000005e0       0x78 .\CortexM3\ARM_GCC_493\Debug\fft.o
                0x000005e0                fft_init
 .text.populate_midi_array
                0x00000658       0x48 .\CortexM3\ARM_GCC_493\Debug\midi.o
                0x00000658                populate_midi_array
 .text.midi_note_from_freq
                0x000006a0       0x50 .\CortexM3\ARM_GCC_493\Debug\midi.o
                0x000006a0                midi_note_from_freq
 .text.midi_note_changed
                0x000006f0       0xc4 .\CortexM3\ARM_GCC_493\Debug\midi.o
                0x000006f0                midi_note_changed
 .text.midi_note_basename
                0x000007b4      0x190 .\CortexM3\ARM_GCC_493\Debug\midi.o
                0x000007b4                midi_note_basename
 .text.NoteSnap
                0x00000944      0x534 .\CortexM3\ARM_GCC_493\Debug\midi.o
                0x00000944                NoteSnap
 .text.pitch_init
                0x00000e78       0x14 .\CortexM3\ARM_GCC_493\Debug\pitch.o
                0x00000e78                pitch_init
 .text.auto_correlate
                0x00000e8c       0x88 .\CortexM3\ARM_GCC_493\Debug\pitch.o
                0x00000e8c                auto_correlate
 .text.map      0x00000f14       0x1c .\CortexM3\ARM_GCC_493\Debug\hbird.o
                0x00000f14                map
 .text.UpdateScaleLCD
                0x00000f30       0xac .\CortexM3\ARM_GCC_493\Debug\hbird.o
                0x00000f30                UpdateScaleLCD
 .text.UpdateTuner
                0x00000fdc      0x1f0 .\CortexM3\ARM_GCC_493\Debug\hbird.o
                0x00000fdc                UpdateTuner
 .text.UpdateKeyLCD
                0x000011cc       0x48 .\CortexM3\ARM_GCC_493\Debug\hbird.o
                0x000011cc                UpdateKeyLCD
 .text.initDisplay
                0x00001214       0xc0 .\CortexM3\ARM_GCC_493\Debug\hbird.o
                0x00001214                initDisplay
 .text.IntDefaultHandler
                0x000012d4        0x4 .\CortexM3\ARM_GCC_493\Debug\Cm3Start.o
                0x000012d4                IntDefaultHandler
 .text.Start_c  0x000012d8       0x60 .\CortexM3\ARM_GCC_493\Debug\Cm3Start.o
                0x000012d8                Start_c
 .text.startup.initialize_psoc
                0x00001338       0x78 .\CortexM3\ARM_GCC_493\Debug\Cm3Start.o
                0x00001338                initialize_psoc
 .text.cyfitter_cfg
                0x000013b0      0x364 .\CortexM3\ARM_GCC_493\Debug\Hummingbird(Continuous Output).a(cyfitter_cfg.o)
                0x000013b0                cyfitter_cfg
 .text.USB_Init
                0x00001714      0x124 .\CortexM3\ARM_GCC_493\Debug\Hummingbird(Continuous Output).a(USB.o)
                0x00001714                USB_Init
 .text.USB_InitComponent
                0x00001838       0xb8 .\CortexM3\ARM_GCC_493\Debug\Hummingbird(Continuous Output).a(USB.o)
                0x00001838                USB_InitComponent
 .text.USB_Start
                0x000018f0       0x28 .\CortexM3\ARM_GCC_493\Debug\Hummingbird(Continuous Output).a(USB.o)
                0x000018f0                USB_Start
 .text.USB_ReInitComponent
                0x00001918       0x68 .\CortexM3\ARM_GCC_493\Debug\Hummingbird(Continuous Output).a(USB.o)
                0x00001918                USB_ReInitComponent
 .text.USB_HandleSetup
                0x00001980       0x7c .\CortexM3\ARM_GCC_493\Debug\Hummingbird(Continuous Output).a(USB_drv.o)
                0x00001980                USB_HandleSetup
 .text.USB_LoadEP0
                0x000019fc       0xa8 .\CortexM3\ARM_GCC_493\Debug\Hummingbird(Continuous Output).a(USB_drv.o)
                0x000019fc                USB_LoadEP0
 .text.USB_InitControlRead
                0x00001aa4       0x8c .\CortexM3\ARM_GCC_493\Debug\Hummingbird(Continuous Output).a(USB_drv.o)
                0x00001aa4                USB_InitControlRead
 .text.USB_ControlReadStatusStage
                0x00001b30       0x4c .\CortexM3\ARM_GCC_493\Debug\Hummingbird(Continuous Output).a(USB_drv.o)
                0x00001b30                USB_ControlReadStatusStage
 .text.USB_ControlWriteDataStage
                0x00001b7c       0x8c .\CortexM3\ARM_GCC_493\Debug\Hummingbird(Continuous Output).a(USB_drv.o)
                0x00001b7c                USB_ControlWriteDataStage
 .text.USB_HandleOUT
                0x00001c08       0x4c .\CortexM3\ARM_GCC_493\Debug\Hummingbird(Continuous Output).a(USB_drv.o)
                0x00001c08                USB_HandleOUT
 .text.USB_InitNoDataControlTransfer
                0x00001c54       0x30 .\CortexM3\ARM_GCC_493\Debug\Hummingbird(Continuous Output).a(USB_drv.o)
                0x00001c54                USB_InitNoDataControlTransfer
 .text.USB_NoDataControlStatusStage
                0x00001c84       0x60 .\CortexM3\ARM_GCC_493\Debug\Hummingbird(Continuous Output).a(USB_drv.o)
                0x00001c84                USB_NoDataControlStatusStage
 .text.USB_HandleIN
                0x00001ce4       0x5c .\CortexM3\ARM_GCC_493\Debug\Hummingbird(Continuous Output).a(USB_drv.o)
                0x00001ce4                USB_HandleIN
 .text.USB_EP_0_ISR
                0x00001d40       0x8c .\CortexM3\ARM_GCC_493\Debug\Hummingbird(Continuous Output).a(USB_drv.o)
                0x00001d40                USB_EP_0_ISR
 .text.USB_EP_1_ISR
                0x00001dcc       0x34 .\CortexM3\ARM_GCC_493\Debug\Hummingbird(Continuous Output).a(USB_episr.o)
                0x00001dcc                USB_EP_1_ISR
 .text.USB_EP_2_ISR
                0x00001e00       0x34 .\CortexM3\ARM_GCC_493\Debug\Hummingbird(Continuous Output).a(USB_episr.o)
                0x00001e00                USB_EP_2_ISR
 .text.USB_SOF_ISR
                0x00001e34        0x4 .\CortexM3\ARM_GCC_493\Debug\Hummingbird(Continuous Output).a(USB_episr.o)
                0x00001e34                USB_SOF_ISR
 .text.USB_BUS_RESET_ISR
                0x00001e38        0x4 .\CortexM3\ARM_GCC_493\Debug\Hummingbird(Continuous Output).a(USB_episr.o)
                0x00001e38                USB_BUS_RESET_ISR
 .text.USB_ConfigAltChanged.part.0
                0x00001e3c      0x1bc .\CortexM3\ARM_GCC_493\Debug\Hummingbird(Continuous Output).a(USB_std.o)
 .text.USB_ReadDieID
                0x00001ff8       0x54 .\CortexM3\ARM_GCC_493\Debug\Hummingbird(Continuous Output).a(USB_std.o)
                0x00001ff8                USB_ReadDieID
 .text.USB_ConfigReg
                0x0000204c       0x98 .\CortexM3\ARM_GCC_493\Debug\Hummingbird(Continuous Output).a(USB_std.o)
                0x0000204c                USB_ConfigReg
 .text.USB_GetInterfaceClassTablePtr
                0x000020e4       0x44 .\CortexM3\ARM_GCC_493\Debug\Hummingbird(Continuous Output).a(USB_std.o)
                0x000020e4                USB_GetInterfaceClassTablePtr
 .text.USB_Config
                0x00002128      0x1e4 .\CortexM3\ARM_GCC_493\Debug\Hummingbird(Continuous Output).a(USB_std.o)
                0x00002128                USB_Config
 .text.USB_SetEndpointHalt
                0x0000230c       0x58 .\CortexM3\ARM_GCC_493\Debug\Hummingbird(Continuous Output).a(USB_std.o)
                0x0000230c                USB_SetEndpointHalt
 .text.USB_ClearEndpointHalt
                0x00002364       0x84 .\CortexM3\ARM_GCC_493\Debug\Hummingbird(Continuous Output).a(USB_std.o)
                0x00002364                USB_ClearEndpointHalt
 .text.USB_ValidateAlternateSetting
                0x000023e8       0x74 .\CortexM3\ARM_GCC_493\Debug\Hummingbird(Continuous Output).a(USB_std.o)
                0x000023e8                USB_ValidateAlternateSetting
 .text.USB_HandleStandardRqst
                0x0000245c      0x364 .\CortexM3\ARM_GCC_493\Debug\Hummingbird(Continuous Output).a(USB_std.o)
                0x0000245c                USB_HandleStandardRqst
 .text.USB_HandleVendorRqst
                0x000027c0       0x34 .\CortexM3\ARM_GCC_493\Debug\Hummingbird(Continuous Output).a(USB_vnd.o)
                0x000027c0                USB_HandleVendorRqst
 .text.CyDmacConfigure
                0x000027f4       0x34 .\CortexM3\ARM_GCC_493\Debug\Hummingbird(Continuous Output).a(CyDmac.o)
                0x000027f4                CyDmacConfigure
 .text.CyDmaChEnable
                0x00002828       0x3c .\CortexM3\ARM_GCC_493\Debug\Hummingbird(Continuous Output).a(CyDmac.o)
                0x00002828                CyDmaChEnable
 .text.CyDmaClearPendingDrq
                0x00002864       0x30 .\CortexM3\ARM_GCC_493\Debug\Hummingbird(Continuous Output).a(CyDmac.o)
                0x00002864                CyDmaClearPendingDrq
 .text.CyDmaChPriority
                0x00002894       0x24 .\CortexM3\ARM_GCC_493\Debug\Hummingbird(Continuous Output).a(CyDmac.o)
                0x00002894                CyDmaChPriority
 .text.CyDmaChSetExtendedAddress
                0x000028b8       0x30 .\CortexM3\ARM_GCC_493\Debug\Hummingbird(Continuous Output).a(CyDmac.o)
                0x000028b8                CyDmaChSetExtendedAddress
 .text.CyDmaChSetInitialTd
                0x000028e8       0x18 .\CortexM3\ARM_GCC_493\Debug\Hummingbird(Continuous Output).a(CyDmac.o)
                0x000028e8                CyDmaChSetInitialTd
 .text.CyDmaChSetConfiguration
                0x00002900       0x48 .\CortexM3\ARM_GCC_493\Debug\Hummingbird(Continuous Output).a(CyDmac.o)
                0x00002900                CyDmaChSetConfiguration
 .text.CyDmaTdAllocate
                0x00002948       0x38 .\CortexM3\ARM_GCC_493\Debug\Hummingbird(Continuous Output).a(CyDmac.o)
                0x00002948                CyDmaTdAllocate
 .text.CyDmaTdSetConfiguration
                0x00002980       0x30 .\CortexM3\ARM_GCC_493\Debug\Hummingbird(Continuous Output).a(CyDmac.o)
                0x00002980                CyDmaTdSetConfiguration
 .text.CyDmaTdSetAddress
                0x000029b0       0x1c .\CortexM3\ARM_GCC_493\Debug\Hummingbird(Continuous Output).a(CyDmac.o)
                0x000029b0                CyDmaTdSetAddress
 .text.CyHalt   0x000029cc        0x4 .\CortexM3\ARM_GCC_493\Debug\Hummingbird(Continuous Output).a(CyLib.o)
                0x000029cc                CyHalt
 .text.CyDelay  0x000029d0       0x48 .\CortexM3\ARM_GCC_493\Debug\Hummingbird(Continuous Output).a(CyLib.o)
                0x000029d0                CyDelay
 .text.CyDelayUs
                0x00002a18       0x10 .\CortexM3\ARM_GCC_493\Debug\Hummingbird(Continuous Output).a(CyLib.o)
                0x00002a18                CyDelayUs
 .text.CyIntSetVector
                0x00002a28       0x20 .\CortexM3\ARM_GCC_493\Debug\Hummingbird(Continuous Output).a(CyLib.o)
                0x00002a28                CyIntSetVector
 .text.CyIntSetPriority
                0x00002a48       0x20 .\CortexM3\ARM_GCC_493\Debug\Hummingbird(Continuous Output).a(CyLib.o)
                0x00002a48                CyIntSetPriority
 .text.isr_1_StartEx
                0x00002a68       0x30 .\CortexM3\ARM_GCC_493\Debug\Hummingbird(Continuous Output).a(isr_1.o)
                0x00002a68                isr_1_StartEx
 .text.UI_isr_StartEx
                0x00002a98       0x2c .\CortexM3\ARM_GCC_493\Debug\Hummingbird(Continuous Output).a(UI_isr.o)
                0x00002a98                UI_isr_StartEx
 .text.I2C_CharLCD_Init
                0x00002ac4       0x8c .\CortexM3\ARM_GCC_493\Debug\Hummingbird(Continuous Output).a(I2C_CharLCD.o)
                0x00002ac4                I2C_CharLCD_Init
 .text.I2C_CharLCD_Enable
                0x00002b50       0x2c .\CortexM3\ARM_GCC_493\Debug\Hummingbird(Continuous Output).a(I2C_CharLCD.o)
                0x00002b50                I2C_CharLCD_Enable
 .text.I2C_CharLCD_Start
                0x00002b7c       0x28 .\CortexM3\ARM_GCC_493\Debug\Hummingbird(Continuous Output).a(I2C_CharLCD.o)
                0x00002b7c                I2C_CharLCD_Start
 .text.I2C_CharLCD_ISR
                0x00002ba4      0x250 .\CortexM3\ARM_GCC_493\Debug\Hummingbird(Continuous Output).a(I2C_CharLCD_INT.o)
                0x00002ba4                I2C_CharLCD_ISR
 .text.I2C_CharLCD_MasterWriteBuf
                0x00002df4       0xc4 .\CortexM3\ARM_GCC_493\Debug\Hummingbird(Continuous Output).a(I2C_CharLCD_MASTER.o)
                0x00002df4                I2C_CharLCD_MasterWriteBuf
 .text.CharLCD_WriteData
                0x00002eb8       0x44 .\CortexM3\ARM_GCC_493\Debug\Hummingbird(Continuous Output).a(CharLCD_I2C.o)
                0x00002eb8                CharLCD_WriteData
 .text.CharLCD_PrintString
                0x00002efc       0x1c .\CortexM3\ARM_GCC_493\Debug\Hummingbird(Continuous Output).a(CharLCD_I2C.o)
                0x00002efc                CharLCD_PrintString
 .text.CharLCD_WriteControl
                0x00002f18       0x44 .\CortexM3\ARM_GCC_493\Debug\Hummingbird(Continuous Output).a(CharLCD_I2C.o)
                0x00002f18                CharLCD_WriteControl
 .text.CharLCD_Position
                0x00002f5c       0x34 .\CortexM3\ARM_GCC_493\Debug\Hummingbird(Continuous Output).a(CharLCD_I2C.o)
                0x00002f5c                CharLCD_Position
 .text.CharLCD_WrtCntrlUpNib
                0x00002f90       0x30 .\CortexM3\ARM_GCC_493\Debug\Hummingbird(Continuous Output).a(CharLCD_I2C.o)
                0x00002f90                CharLCD_WrtCntrlUpNib
 .text.CharLCD_Init
                0x00002fc0       0x6c .\CortexM3\ARM_GCC_493\Debug\Hummingbird(Continuous Output).a(CharLCD_I2C.o)
                0x00002fc0                CharLCD_Init
 .text.CharLCD_Start
                0x0000302c       0x20 .\CortexM3\ARM_GCC_493\Debug\Hummingbird(Continuous Output).a(CharLCD_I2C.o)
                0x0000302c                CharLCD_Start
 .text.CharLCD_PrintNumber
                0x0000304c       0xb8 .\CortexM3\ARM_GCC_493\Debug\Hummingbird(Continuous Output).a(CharLCD_I2C.o)
                0x0000304c                CharLCD_PrintNumber
 .text.ADC_MIC_Enable
                0x00003104       0xa0 .\CortexM3\ARM_GCC_493\Debug\Hummingbird(Continuous Output).a(ADC_MIC.o)
                0x00003104                ADC_MIC_Enable
 .text.ADC_MIC_SetResolution
                0x000031a4       0x88 .\CortexM3\ARM_GCC_493\Debug\Hummingbird(Continuous Output).a(ADC_MIC.o)
                0x000031a4                ADC_MIC_SetResolution
 .text.ADC_MIC_Init
                0x0000322c       0x3c .\CortexM3\ARM_GCC_493\Debug\Hummingbird(Continuous Output).a(ADC_MIC.o)
                0x0000322c                ADC_MIC_Init
 .text.ADC_MIC_Start
                0x00003268       0x1c .\CortexM3\ARM_GCC_493\Debug\Hummingbird(Continuous Output).a(ADC_MIC.o)
                0x00003268                ADC_MIC_Start
 .text.ADC_MIC_StartConvert
                0x00003284       0x10 .\CortexM3\ARM_GCC_493\Debug\Hummingbird(Continuous Output).a(ADC_MIC.o)
                0x00003284                ADC_MIC_StartConvert
 .text.ADC_MIC_IsEndConversion
                0x00003294       0x28 .\CortexM3\ARM_GCC_493\Debug\Hummingbird(Continuous Output).a(ADC_MIC.o)
                0x00003294                ADC_MIC_IsEndConversion
 .text.ADC_MIC_GetResult16
                0x000032bc       0x18 .\CortexM3\ARM_GCC_493\Debug\Hummingbird(Continuous Output).a(ADC_MIC.o)
                0x000032bc                ADC_MIC_GetResult16
 .text.ADC_MIC_ISR
                0x000032d4        0x4 .\CortexM3\ARM_GCC_493\Debug\Hummingbird(Continuous Output).a(ADC_MIC_INT.o)
                0x000032d4                ADC_MIC_ISR
 .text.TIMER_SAMPLERATE_Init
                0x000032d8       0x5c .\CortexM3\ARM_GCC_493\Debug\Hummingbird(Continuous Output).a(TIMER_SAMPLERATE.o)
                0x000032d8                TIMER_SAMPLERATE_Init
 .text.TIMER_SAMPLERATE_Start
                0x00003334       0x24 .\CortexM3\ARM_GCC_493\Debug\Hummingbird(Continuous Output).a(TIMER_SAMPLERATE.o)
                0x00003334                TIMER_SAMPLERATE_Start
 .text.ADC_UI_Init
                0x00003358       0x40 .\CortexM3\ARM_GCC_493\Debug\Hummingbird(Continuous Output).a(ADC_UI.o)
                0x00003358                ADC_UI_Init
 .text.ADC_UI_Enable
                0x00003398       0xc8 .\CortexM3\ARM_GCC_493\Debug\Hummingbird(Continuous Output).a(ADC_UI.o)
                0x00003398                ADC_UI_Enable
 .text.ADC_UI_Start
                0x00003460       0x28 .\CortexM3\ARM_GCC_493\Debug\Hummingbird(Continuous Output).a(ADC_UI.o)
                0x00003460                ADC_UI_Start
 .text.ADC_UI_StartConvert
                0x00003488       0x10 .\CortexM3\ARM_GCC_493\Debug\Hummingbird(Continuous Output).a(ADC_UI.o)
                0x00003488                ADC_UI_StartConvert
 .text.ADC_UI_StopConvert
                0x00003498        0x4 .\CortexM3\ARM_GCC_493\Debug\Hummingbird(Continuous Output).a(ADC_UI.o)
                0x00003498                ADC_UI_StopConvert
 .text.ADC_UI_IsEndConversion
                0x0000349c       0x18 .\CortexM3\ARM_GCC_493\Debug\Hummingbird(Continuous Output).a(ADC_UI.o)
                0x0000349c                ADC_UI_IsEndConversion
 .text.ADC_UI_GetResult16
                0x000034b4       0x1c .\CortexM3\ARM_GCC_493\Debug\Hummingbird(Continuous Output).a(ADC_UI.o)
                0x000034b4                ADC_UI_GetResult16
 .text.ADC_UI_ISR
                0x000034d0        0x4 .\CortexM3\ARM_GCC_493\Debug\Hummingbird(Continuous Output).a(ADC_UI_INT.o)
                0x000034d0                ADC_UI_ISR
 .text.TIMER_UI_Init
                0x000034d4       0x5c .\CortexM3\ARM_GCC_493\Debug\Hummingbird(Continuous Output).a(TIMER_UI.o)
                0x000034d4                TIMER_UI_Init
 .text.TIMER_UI_Start
                0x00003530       0x24 .\CortexM3\ARM_GCC_493\Debug\Hummingbird(Continuous Output).a(TIMER_UI.o)
                0x00003530                TIMER_UI_Start
 .text.ADC_MIC_theACLK_SetModeRegister
                0x00003554       0x14 .\CortexM3\ARM_GCC_493\Debug\Hummingbird(Continuous Output).a(ADC_MIC_theACLK.o)
                0x00003554                ADC_MIC_theACLK_SetModeRegister
 .text.ADC_UI_SAR_Enable
                0x00003568       0x84 .\CortexM3\ARM_GCC_493\Debug\Hummingbird(Continuous Output).a(ADC_UI_SAR.o)
                0x00003568                ADC_UI_SAR_Enable
 .text.ADC_UI_SAR_SetResolution
                0x000035ec       0x78 .\CortexM3\ARM_GCC_493\Debug\Hummingbird(Continuous Output).a(ADC_UI_SAR.o)
                0x000035ec                ADC_UI_SAR_SetResolution
 .text.ADC_UI_SAR_Start
                0x00003664       0x34 .\CortexM3\ARM_GCC_493\Debug\Hummingbird(Continuous Output).a(ADC_UI_SAR.o)
                0x00003664                ADC_UI_SAR_Start
 .text.ADC_UI_SAR_StopConvert
                0x00003698       0x18 .\CortexM3\ARM_GCC_493\Debug\Hummingbird(Continuous Output).a(ADC_UI_SAR.o)
                0x00003698                ADC_UI_SAR_StopConvert
 .text.ADC_UI_TempBuf_DmaInitialize
                0x000036b0       0x44 .\CortexM3\ARM_GCC_493\Debug\Hummingbird(Continuous Output).a(ADC_UI_TempBuf_dma.o)
                0x000036b0                ADC_UI_TempBuf_DmaInitialize
 .text.ADC_UI_FinalBuf_DmaInitialize
                0x000036f4       0x3c .\CortexM3\ARM_GCC_493\Debug\Hummingbird(Continuous Output).a(ADC_UI_FinalBuf_dma.o)
                0x000036f4                ADC_UI_FinalBuf_DmaInitialize
 .text.ADC_UI_IRQ_SetVector
                0x00003730        0xc .\CortexM3\ARM_GCC_493\Debug\Hummingbird(Continuous Output).a(ADC_UI_IRQ.o)
                0x00003730                ADC_UI_IRQ_SetVector
 .text.ADC_UI_IRQ_SetPriority
                0x0000373c       0x10 .\CortexM3\ARM_GCC_493\Debug\Hummingbird(Continuous Output).a(ADC_UI_IRQ.o)
                0x0000373c                ADC_UI_IRQ_SetPriority
 .text.UART_MIDITX_Enable
                0x0000374c       0x1c .\CortexM3\ARM_GCC_493\Debug\Hummingbird(Continuous Output).a(UART_MIDITX.o)
                0x0000374c                UART_MIDITX_Enable
 .text.UART_MIDITX_Start
                0x00003768       0x38 .\CortexM3\ARM_GCC_493\Debug\Hummingbird(Continuous Output).a(UART_MIDITX.o)
                0x00003768                UART_MIDITX_Start
 .text.UART_MIDITX_PutChar
                0x000037a0       0x18 .\CortexM3\ARM_GCC_493\Debug\Hummingbird(Continuous Output).a(UART_MIDITX.o)
                0x000037a0                UART_MIDITX_PutChar
 .text          0x000037b8       0x20 .\CortexM3\ARM_GCC_493\Debug\Hummingbird(Continuous Output).a(CyBootAsmGnu.o)
                0x000037b8                CyDelayCycles
                0x000037c8                CyEnterCriticalSection
                0x000037d0                CyExitCriticalSection
 .text.USB_DispatchClassRqst
                0x000037d8       0x60 .\CortexM3\ARM_GCC_493\Debug\Hummingbird(Continuous Output).a(USB_cls.o)
                0x000037d8                USB_DispatchClassRqst
 .text.CySetReg24
                0x00003838       0x14 .\CortexM3\ARM_GCC_493\Debug\Hummingbird(Continuous Output).a(cyutils.o)
                0x00003838                CySetReg24
 .text.USB_DispatchAUDIOClassRqst
                0x0000384c       0x34 .\CortexM3\ARM_GCC_493\Debug\Hummingbird(Continuous Output).a(USB_audio.o)
                0x0000384c                USB_DispatchAUDIOClassRqst
 .text.cos      0x00003880       0x90 c:/program files (x86)/cypress/psoc creator/4.0/psoc creator/import/gnu/arm/4.9.3/bin/../lib/gcc/arm-none-eabi/4.9.3/../../../../arm-none-eabi/lib/armv7-m\libm.a(lib_a-s_cos.o)
                0x00003880                cos
 .text.round    0x00003910       0xa0 c:/program files (x86)/cypress/psoc creator/4.0/psoc creator/import/gnu/arm/4.9.3/bin/../lib/gcc/arm-none-eabi/4.9.3/../../../../arm-none-eabi/lib/armv7-m\libm.a(lib_a-s_round.o)
                0x00003910                round
 .text.sin      0x000039b0       0x94 c:/program files (x86)/cypress/psoc creator/4.0/psoc creator/import/gnu/arm/4.9.3/bin/../lib/gcc/arm-none-eabi/4.9.3/../../../../arm-none-eabi/lib/armv7-m\libm.a(lib_a-s_sin.o)
                0x000039b0                sin
 .text.log      0x00003a44      0x100 c:/program files (x86)/cypress/psoc creator/4.0/psoc creator/import/gnu/arm/4.9.3/bin/../lib/gcc/arm-none-eabi/4.9.3/../../../../arm-none-eabi/lib/armv7-m\libm.a(lib_a-w_log.o)
                0x00003a44                log
 .text.pow      0x00003b44      0x2f0 c:/program files (x86)/cypress/psoc creator/4.0/psoc creator/import/gnu/arm/4.9.3/bin/../lib/gcc/arm-none-eabi/4.9.3/../../../../arm-none-eabi/lib/armv7-m\libm.a(lib_a-w_pow.o)
                0x00003b44                pow
 *fill*         0x00003e34        0x4 
 .text.__ieee754_log
                0x00003e38      0x3d0 c:/program files (x86)/cypress/psoc creator/4.0/psoc creator/import/gnu/arm/4.9.3/bin/../lib/gcc/arm-none-eabi/4.9.3/../../../../arm-none-eabi/lib/armv7-m\libm.a(lib_a-e_log.o)
                0x00003e38                __ieee754_log
 .text.__ieee754_pow
                0x00004208      0xaa0 c:/program files (x86)/cypress/psoc creator/4.0/psoc creator/import/gnu/arm/4.9.3/bin/../lib/gcc/arm-none-eabi/4.9.3/../../../../arm-none-eabi/lib/armv7-m\libm.a(lib_a-e_pow.o)
                0x00004208                __ieee754_pow
 .text.__ieee754_rem_pio2
                0x00004ca8      0x428 c:/program files (x86)/cypress/psoc creator/4.0/psoc creator/import/gnu/arm/4.9.3/bin/../lib/gcc/arm-none-eabi/4.9.3/../../../../arm-none-eabi/lib/armv7-m\libm.a(lib_a-e_rem_pio2.o)
                0x00004ca8                __ieee754_rem_pio2
 .text.__ieee754_sqrt
                0x000050d0      0x18c c:/program files (x86)/cypress/psoc creator/4.0/psoc creator/import/gnu/arm/4.9.3/bin/../lib/gcc/arm-none-eabi/4.9.3/../../../../arm-none-eabi/lib/armv7-m\libm.a(lib_a-e_sqrt.o)
                0x000050d0                __ieee754_sqrt
 *fill*         0x0000525c        0x4 
 .text.__kernel_cos
                0x00005260      0x248 c:/program files (x86)/cypress/psoc creator/4.0/psoc creator/import/gnu/arm/4.9.3/bin/../lib/gcc/arm-none-eabi/4.9.3/../../../../arm-none-eabi/lib/armv7-m\libm.a(lib_a-k_cos.o)
                0x00005260                __kernel_cos
 .text.__kernel_rem_pio2
                0x000054a8      0x808 c:/program files (x86)/cypress/psoc creator/4.0/psoc creator/import/gnu/arm/4.9.3/bin/../lib/gcc/arm-none-eabi/4.9.3/../../../../arm-none-eabi/lib/armv7-m\libm.a(lib_a-k_rem_pio2.o)
                0x000054a8                __kernel_rem_pio2
 .text.__kernel_sin
                0x00005cb0      0x170 c:/program files (x86)/cypress/psoc creator/4.0/psoc creator/import/gnu/arm/4.9.3/bin/../lib/gcc/arm-none-eabi/4.9.3/../../../../arm-none-eabi/lib/armv7-m\libm.a(lib_a-k_sin.o)
                0x00005cb0                __kernel_sin
 .text.fabs     0x00005e20        0x8 c:/program files (x86)/cypress/psoc creator/4.0/psoc creator/import/gnu/arm/4.9.3/bin/../lib/gcc/arm-none-eabi/4.9.3/../../../../arm-none-eabi/lib/armv7-m\libm.a(lib_a-s_fabs.o)
                0x00005e20                fabs
 .text.finite   0x00005e28        0xc c:/program files (x86)/cypress/psoc creator/4.0/psoc creator/import/gnu/arm/4.9.3/bin/../lib/gcc/arm-none-eabi/4.9.3/../../../../arm-none-eabi/lib/armv7-m\libm.a(lib_a-s_finite.o)
                0x00005e28                finite
 *fill*         0x00005e34        0x4 
 .text.floor    0x00005e38      0x118 c:/program files (x86)/cypress/psoc creator/4.0/psoc creator/import/gnu/arm/4.9.3/bin/../lib/gcc/arm-none-eabi/4.9.3/../../../../arm-none-eabi/lib/armv7-m\libm.a(lib_a-s_floor.o)
                0x00005e38                floor
 .text.__fpclassifyd
                0x00005f50       0x58 c:/program files (x86)/cypress/psoc creator/4.0/psoc creator/import/gnu/arm/4.9.3/bin/../lib/gcc/arm-none-eabi/4.9.3/../../../../arm-none-eabi/lib/armv7-m\libm.a(lib_a-s_fpclassify.o)
                0x00005f50                __fpclassifyd
 .text.matherr  0x00005fa8        0x4 c:/program files (x86)/cypress/psoc creator/4.0/psoc creator/import/gnu/arm/4.9.3/bin/../lib/gcc/arm-none-eabi/4.9.3/../../../../arm-none-eabi/lib/armv7-m\libm.a(lib_a-s_matherr.o)
                0x00005fa8                matherr
 .text.nan      0x00005fac        0xc c:/program files (x86)/cypress/psoc creator/4.0/psoc creator/import/gnu/arm/4.9.3/bin/../lib/gcc/arm-none-eabi/4.9.3/../../../../arm-none-eabi/lib/armv7-m\libm.a(lib_a-s_nan.o)
                0x00005fac                nan
 .text.rint     0x00005fb8      0x11c c:/program files (x86)/cypress/psoc creator/4.0/psoc creator/import/gnu/arm/4.9.3/bin/../lib/gcc/arm-none-eabi/4.9.3/../../../../arm-none-eabi/lib/armv7-m\libm.a(lib_a-s_rint.o)
                0x00005fb8                rint
 *fill*         0x000060d4        0x4 
 .text.scalbn   0x000060d8       0xf0 c:/program files (x86)/cypress/psoc creator/4.0/psoc creator/import/gnu/arm/4.9.3/bin/../lib/gcc/arm-none-eabi/4.9.3/../../../../arm-none-eabi/lib/armv7-m\libm.a(lib_a-s_scalbn.o)
                0x000060d8                scalbn
 .text.copysign
                0x000061c8       0x10 c:/program files (x86)/cypress/psoc creator/4.0/psoc creator/import/gnu/arm/4.9.3/bin/../lib/gcc/arm-none-eabi/4.9.3/../../../../arm-none-eabi/lib/armv7-m\libm.a(lib_a-s_copysign.o)
                0x000061c8                copysign
 .text          0x000061d8      0x370 c:/program files (x86)/cypress/psoc creator/4.0/psoc creator/import/gnu/arm/4.9.3/bin/../lib/gcc/arm-none-eabi/4.9.3/armv7-m\libgcc.a(_arm_addsubdf3.o)
                0x000061d8                __aeabi_drsub
                0x000061e0                __aeabi_dsub
                0x000061e0                __subdf3
                0x000061e4                __aeabi_dadd
                0x000061e4                __adddf3
                0x0000645c                __floatunsidf
                0x0000645c                __aeabi_ui2d
                0x0000647c                __floatsidf
                0x0000647c                __aeabi_i2d
                0x000064a0                __aeabi_f2d
                0x000064a0                __extendsfdf2
                0x000064dc                __floatundidf
                0x000064dc                __aeabi_ul2d
                0x000064ec                __floatdidf
                0x000064ec                __aeabi_l2d
 .text          0x00006548      0x424 c:/program files (x86)/cypress/psoc creator/4.0/psoc creator/import/gnu/arm/4.9.3/bin/../lib/gcc/arm-none-eabi/4.9.3/armv7-m\libgcc.a(_arm_muldivdf3.o)
                0x00006548                __aeabi_dmul
                0x00006548                __muldf3
                0x0000679c                __divdf3
                0x0000679c                __aeabi_ddiv
 .text          0x0000696c      0x110 c:/program files (x86)/cypress/psoc creator/4.0/psoc creator/import/gnu/arm/4.9.3/bin/../lib/gcc/arm-none-eabi/4.9.3/armv7-m\libgcc.a(_arm_cmpdf2.o)
                0x0000696c                __gtdf2
                0x0000696c                __gedf2
                0x00006974                __ltdf2
                0x00006974                __ledf2
                0x0000697c                __nedf2
                0x0000697c                __eqdf2
                0x0000697c                __cmpdf2
                0x000069f8                __aeabi_cdrcmple
                0x00006a08                __aeabi_cdcmpeq
                0x00006a08                __aeabi_cdcmple
                0x00006a18                __aeabi_dcmpeq
                0x00006a2c                __aeabi_dcmplt
                0x00006a40                __aeabi_dcmple
                0x00006a54                __aeabi_dcmpge
                0x00006a68                __aeabi_dcmpgt
 .text          0x00006a7c       0x50 c:/program files (x86)/cypress/psoc creator/4.0/psoc creator/import/gnu/arm/4.9.3/bin/../lib/gcc/arm-none-eabi/4.9.3/armv7-m\libgcc.a(_arm_fixdfsi.o)
                0x00006a7c                __aeabi_d2iz
                0x00006a7c                __fixdfsi
 .text          0x00006acc       0xa0 c:/program files (x86)/cypress/psoc creator/4.0/psoc creator/import/gnu/arm/4.9.3/bin/../lib/gcc/arm-none-eabi/4.9.3/armv7-m\libgcc.a(_arm_truncdfsf2.o)
                0x00006acc                __truncdfsf2
                0x00006acc                __aeabi_d2f
 .text          0x00006b6c      0x21c c:/program files (x86)/cypress/psoc creator/4.0/psoc creator/import/gnu/arm/4.9.3/bin/../lib/gcc/arm-none-eabi/4.9.3/armv7-m\libgcc.a(_arm_addsubsf3.o)
                0x00006b6c                __aeabi_frsub
                0x00006b74                __subsf3
                0x00006b74                __aeabi_fsub
                0x00006b78                __aeabi_fadd
                0x00006b78                __addsf3
                0x00006cd8                __aeabi_ui2f
                0x00006cd8                __floatunsisf
                0x00006ce0                __aeabi_i2f
                0x00006ce0                __floatsisf
                0x00006cfc                __aeabi_ul2f
                0x00006cfc                __floatundisf
                0x00006d0c                __aeabi_l2f
                0x00006d0c                __floatdisf
 .text          0x00006d88      0x2a0 c:/program files (x86)/cypress/psoc creator/4.0/psoc creator/import/gnu/arm/4.9.3/bin/../lib/gcc/arm-none-eabi/4.9.3/armv7-m\libgcc.a(_arm_muldivsf3.o)
                0x00006d88                __mulsf3
                0x00006d88                __aeabi_fmul
                0x00006ef0                __aeabi_fdiv
                0x00006ef0                __divsf3
 .text          0x00007028       0xec c:/program files (x86)/cypress/psoc creator/4.0/psoc creator/import/gnu/arm/4.9.3/bin/../lib/gcc/arm-none-eabi/4.9.3/armv7-m\libgcc.a(_arm_cmpsf2.o)
                0x00007028                __gesf2
                0x00007028                __gtsf2
                0x00007030                __lesf2
                0x00007030                __ltsf2
                0x00007038                __nesf2
                0x00007038                __eqsf2
                0x00007038                __cmpsf2
                0x00007098                __aeabi_cfrcmple
                0x000070a0                __aeabi_cfcmpeq
                0x000070a0                __aeabi_cfcmple
                0x000070b0                __aeabi_fcmpeq
                0x000070c4                __aeabi_fcmplt
                0x000070d8                __aeabi_fcmple
                0x000070ec                __aeabi_fcmpge
                0x00007100                __aeabi_fcmpgt
 .text          0x00007114       0x4c c:/program files (x86)/cypress/psoc creator/4.0/psoc creator/import/gnu/arm/4.9.3/bin/../lib/gcc/arm-none-eabi/4.9.3/armv7-m\libgcc.a(_arm_fixsfsi.o)
                0x00007114                __aeabi_f2iz
                0x00007114                __fixsfsi
 .text          0x00007160       0x40 c:/program files (x86)/cypress/psoc creator/4.0/psoc creator/import/gnu/arm/4.9.3/bin/../lib/gcc/arm-none-eabi/4.9.3/armv7-m\libgcc.a(_arm_fixunssfsi.o)
                0x00007160                __fixunssfsi
                0x00007160                __aeabi_f2uiz
 .text.__errno  0x000071a0        0xc c:/program files (x86)/cypress/psoc creator/4.0/psoc creator/import/gnu/arm/4.9.3/bin/../lib/gcc/arm-none-eabi/4.9.3/../../../../arm-none-eabi/lib/armv7-m\libg_nano.a(lib_a-errno.o)
                0x000071a0                __errno
 .text.__libc_init_array
                0x000071ac       0x4c c:/program files (x86)/cypress/psoc creator/4.0/psoc creator/import/gnu/arm/4.9.3/bin/../lib/gcc/arm-none-eabi/4.9.3/../../../../arm-none-eabi/lib/armv7-m\libg_nano.a(lib_a-init.o)
                0x000071ac                __libc_init_array
 .text.memset   0x000071f8       0x10 c:/program files (x86)/cypress/psoc creator/4.0/psoc creator/import/gnu/arm/4.9.3/bin/../lib/gcc/arm-none-eabi/4.9.3/../../../../arm-none-eabi/lib/armv7-m\libg_nano.a(lib_a-memset.o)
                0x000071f8                memset
 *(.plt)
 *(.gnu.warning)
 *(.glue_7t)
 .glue_7t       0x00000000        0x0 linker stubs
 *(.glue_7)
 .glue_7        0x00000000        0x0 linker stubs
 *(.vfp11_veneer)
 .vfp11_veneer  0x00000000        0x0 linker stubs
 *(.bootloader)
 *(.ARM.extab* .gnu.linkonce.armextab.*)
 *(.gcc_except_table)

.v4_bx          0x00007208        0x0
 .v4_bx         0x00000000        0x0 linker stubs

.iplt           0x00007208        0x0
 .iplt          0x00000000        0x0 c:/program files (x86)/cypress/psoc creator/4.0/psoc creator/import/gnu/arm/4.9.3/bin/../lib/gcc/arm-none-eabi/4.9.3/armv7-m/crtbegin.o

.eh_frame_hdr
 *(.eh_frame_hdr)

.eh_frame       0x00007208        0x4
 *(.eh_frame)
 .eh_frame      0x00007208        0x0 c:/program files (x86)/cypress/psoc creator/4.0/psoc creator/import/gnu/arm/4.9.3/bin/../lib/gcc/arm-none-eabi/4.9.3/armv7-m/crtbegin.o
 .eh_frame      0x00007208        0x4 c:/program files (x86)/cypress/psoc creator/4.0/psoc creator/import/gnu/arm/4.9.3/bin/../lib/gcc/arm-none-eabi/4.9.3/armv7-m/crtend.o
                0x0000720c                PROVIDE (__exidx_start, .)

.ARM.exidx
 *(.ARM.exidx* .gnu.linkonce.armexidx.*)
                0x0000720c                __exidx_end = .

.rodata         0x00007210      0x5e0
 *(.rodata .rodata.* .gnu.linkonce.r.*)
 .rodata.str1.4
                0x00007210       0x5f .\CortexM3\ARM_GCC_493\Debug\main.o
                                 0x60 (size before relaxing)
 *fill*         0x0000726f        0x1 
 .rodata.str1.4
                0x00007270       0x8d .\CortexM3\ARM_GCC_493\Debug\midi.o
                                 0x98 (size before relaxing)
 *fill*         0x000072fd        0x3 
 .rodata.str1.4
                0x00007300       0x64 .\CortexM3\ARM_GCC_493\Debug\hbird.o
                                 0x94 (size before relaxing)
 .rodata        0x00007364       0x30 .\CortexM3\ARM_GCC_493\Debug\Hummingbird(Continuous Output).a(cyfitter_cfg.o)
 .rodata        0x00007394       0x14 .\CortexM3\ARM_GCC_493\Debug\Hummingbird(Continuous Output).a(USB_std.o)
 .rodata        0x000073a8      0x1ec .\CortexM3\ARM_GCC_493\Debug\Hummingbird(Continuous Output).a(USB_descr.o)
                0x000073a8                USB_MSOS_CONFIGURATION_DESCR
                0x000073d0                USB_MSOS_DESCRIPTOR
                0x000073e4                USB_TABLE
                0x000073ec                USB_DEVICE0_TABLE
                0x000073fc                USB_DEVICE0_CONFIGURATION0_TABLE
                0x00007424                USB_DEVICE0_CONFIGURATION0_INTERFACE_CLASS
                0x00007428                USB_DEVICE0_CONFIGURATION0_EP_SETTINGS_TABLE
                0x00007438                USB_SN_STRING_DESCRIPTOR
                0x0000743c                USB_STRING_DESCRIPTORS
                0x000074f8                USB_DEVICE0_CONFIGURATION0_DESCR
                0x00007580                USB_DEVICE0_DESCR
 .rodata.str1.4
                0x00007594        0x4 c:/program files (x86)/cypress/psoc creator/4.0/psoc creator/import/gnu/arm/4.9.3/bin/../lib/gcc/arm-none-eabi/4.9.3/../../../../arm-none-eabi/lib/armv7-m\libm.a(lib_a-w_log.o)
                                  0x8 (size before relaxing)
 .rodata.str1.4
                0x00007598        0x4 c:/program files (x86)/cypress/psoc creator/4.0/psoc creator/import/gnu/arm/4.9.3/bin/../lib/gcc/arm-none-eabi/4.9.3/../../../../arm-none-eabi/lib/armv7-m\libm.a(lib_a-w_pow.o)
 *fill*         0x0000759c        0x4 
 .rodata.dp_h   0x000075a0       0x10 c:/program files (x86)/cypress/psoc creator/4.0/psoc creator/import/gnu/arm/4.9.3/bin/../lib/gcc/arm-none-eabi/4.9.3/../../../../arm-none-eabi/lib/armv7-m\libm.a(lib_a-e_pow.o)
 .rodata.dp_l   0x000075b0       0x10 c:/program files (x86)/cypress/psoc creator/4.0/psoc creator/import/gnu/arm/4.9.3/bin/../lib/gcc/arm-none-eabi/4.9.3/../../../../arm-none-eabi/lib/armv7-m\libm.a(lib_a-e_pow.o)
 .rodata.bp     0x000075c0       0x10 c:/program files (x86)/cypress/psoc creator/4.0/psoc creator/import/gnu/arm/4.9.3/bin/../lib/gcc/arm-none-eabi/4.9.3/../../../../arm-none-eabi/lib/armv7-m\libm.a(lib_a-e_pow.o)
 .rodata.str1.4
                0x00000000        0x4 c:/program files (x86)/cypress/psoc creator/4.0/psoc creator/import/gnu/arm/4.9.3/bin/../lib/gcc/arm-none-eabi/4.9.3/../../../../arm-none-eabi/lib/armv7-m\libm.a(lib_a-e_pow.o)
 .rodata.npio2_hw
                0x000075d0       0x80 c:/program files (x86)/cypress/psoc creator/4.0/psoc creator/import/gnu/arm/4.9.3/bin/../lib/gcc/arm-none-eabi/4.9.3/../../../../arm-none-eabi/lib/armv7-m\libm.a(lib_a-e_rem_pio2.o)
 .rodata.two_over_pi
                0x00007650      0x108 c:/program files (x86)/cypress/psoc creator/4.0/psoc creator/import/gnu/arm/4.9.3/bin/../lib/gcc/arm-none-eabi/4.9.3/../../../../arm-none-eabi/lib/armv7-m\libm.a(lib_a-e_rem_pio2.o)
 .rodata.init_jk
                0x00007758       0x10 c:/program files (x86)/cypress/psoc creator/4.0/psoc creator/import/gnu/arm/4.9.3/bin/../lib/gcc/arm-none-eabi/4.9.3/../../../../arm-none-eabi/lib/armv7-m\libm.a(lib_a-k_rem_pio2.o)
 .rodata.PIo2   0x00007768       0x40 c:/program files (x86)/cypress/psoc creator/4.0/psoc creator/import/gnu/arm/4.9.3/bin/../lib/gcc/arm-none-eabi/4.9.3/../../../../arm-none-eabi/lib/armv7-m\libm.a(lib_a-k_rem_pio2.o)
 .rodata.TWO52  0x000077a8       0x10 c:/program files (x86)/cypress/psoc creator/4.0/psoc creator/import/gnu/arm/4.9.3/bin/../lib/gcc/arm-none-eabi/4.9.3/../../../../arm-none-eabi/lib/armv7-m\libm.a(lib_a-s_rint.o)
 .rodata.str1.1
                0x000077b8        0x2 c:/program files (x86)/cypress/psoc creator/4.0/psoc creator/import/gnu/arm/4.9.3/bin/../lib/gcc/arm-none-eabi/4.9.3/../../../../arm-none-eabi/lib/armv7-m\libg_nano.a(lib_a-impure.o)
                0x000077bc                . = ALIGN (0x4)
 *fill*         0x000077ba        0x2 
 *(.init)
 .init          0x000077bc        0x4 c:/program files (x86)/cypress/psoc creator/4.0/psoc creator/import/gnu/arm/4.9.3/bin/../lib/gcc/arm-none-eabi/4.9.3/armv7-m/crti.o
                0x000077bc                _init
 .init          0x000077c0        0x8 c:/program files (x86)/cypress/psoc creator/4.0/psoc creator/import/gnu/arm/4.9.3/bin/../lib/gcc/arm-none-eabi/4.9.3/armv7-m/crtn.o
                0x000077c8                . = ALIGN (0x4)
                0x000077c8                __preinit_array_start = .
 *(.preinit_array)
                0x000077c8                __preinit_array_end = .
                0x000077c8                . = ALIGN (0x4)
                0x000077c8                __init_array_start = .
 *(SORT(.init_array.*))
 *(.init_array)
 .init_array    0x000077c8        0x4 c:/program files (x86)/cypress/psoc creator/4.0/psoc creator/import/gnu/arm/4.9.3/bin/../lib/gcc/arm-none-eabi/4.9.3/armv7-m/crtbegin.o
 .init_array    0x000077cc        0x4 .\CortexM3\ARM_GCC_493\Debug\Cm3Start.o
                0x000077d0                __init_array_end = .
                0x000077d0                . = ALIGN (0x4)
 *(.fini)
 .fini          0x000077d0        0x4 c:/program files (x86)/cypress/psoc creator/4.0/psoc creator/import/gnu/arm/4.9.3/bin/../lib/gcc/arm-none-eabi/4.9.3/armv7-m/crti.o
                0x000077d0                _fini
 .fini          0x000077d4        0x8 c:/program files (x86)/cypress/psoc creator/4.0/psoc creator/import/gnu/arm/4.9.3/bin/../lib/gcc/arm-none-eabi/4.9.3/armv7-m/crtn.o
                0x000077dc                . = ALIGN (0x4)
                0x000077dc                __fini_array_start = .
 *(.fini_array)
 .fini_array    0x000077dc        0x4 c:/program files (x86)/cypress/psoc creator/4.0/psoc creator/import/gnu/arm/4.9.3/bin/../lib/gcc/arm-none-eabi/4.9.3/armv7-m/crtbegin.o
 *(SORT(.fini_array.*))
                0x000077e0                __fini_array_end = .
                0x000077e0                . = ALIGN (0x4)
 *crtbegin.o(.ctors)
 *(EXCLUDE_FILE(*crtend.o) .ctors)
 *(SORT(.ctors.*))
 *crtend.o(.ctors)
                0x000077e0                . = ALIGN (0x4)
 *crtbegin.o(.dtors)
 *(EXCLUDE_FILE(*crtend.o) .dtors)
 *(SORT(.dtors.*))
 *crtend.o(.dtors)
                0x000077e0                . = ALIGN (0x4)
                0x000077e0                __cy_regions = .
                0x000077e0        0x4 LONG 0x77f0 __cy_region_init_ram
                0x000077e4        0x4 LONG 0x1fff8108 __cy_region_start_data
                0x000077e8        0x4 LONG 0x180 __cy_region_init_size_ram
                0x000077ec        0x4 LONG 0x1de8 __cy_region_zero_size_ram
                0x000077f0                __cy_regions_end = .
                0x000077f0                . = ALIGN (0x8)
                0x000077f0                _etext = .

.ramvectors     0x1fff8000      0x100
                0x1fff8000                __cy_region_start_ram = .
 *(.ramvectors)
 .ramvectors    0x1fff8000      0x100 .\CortexM3\ARM_GCC_493\Debug\Cm3Start.o
                0x1fff8000                CyRamVectors

.noinit         0x1fff8100        0x5
 *(.noinit)
 .noinit        0x1fff8100        0x4 .\CortexM3\ARM_GCC_493\Debug\Cm3Start.o
 .noinit        0x1fff8104        0x1 .\CortexM3\ARM_GCC_493\Debug\Hummingbird(Continuous Output).a(CyLib.o)
                0x1fff8104                CyResetStatus

.data           0x1fff8108      0x180 load address 0x000077f0
                0x1fff8108                __cy_region_start_data = .
 *(.jcr)
 .jcr           0x1fff8108        0x0 c:/program files (x86)/cypress/psoc creator/4.0/psoc creator/import/gnu/arm/4.9.3/bin/../lib/gcc/arm-none-eabi/4.9.3/armv7-m/crtbegin.o
 .jcr           0x1fff8108        0x4 c:/program files (x86)/cypress/psoc creator/4.0/psoc creator/import/gnu/arm/4.9.3/bin/../lib/gcc/arm-none-eabi/4.9.3/armv7-m/crtend.o
 *(.got.plt)
 *(.got)
 *(.shdata)
 *(.data .data.* .gnu.linkonce.d.*)
 .data          0x1fff810c       0x10 .\CortexM3\ARM_GCC_493\Debug\main.o
                0x1fff810c                lastVelo
                0x1fff8110                start
                0x1fff8114                curScale
                0x1fff8118                lastNote
 .data          0x1fff811c       0xe8 .\CortexM3\ARM_GCC_493\Debug\midi.o
                0x1fff811c                scaleMajor
                0x1fff8190                scaleNatMinor
 .data          0x1fff8204        0x8 .\CortexM3\ARM_GCC_493\Debug\Hummingbird(Continuous Output).a(CyDmac.o)
 .data          0x1fff820c       0x10 .\CortexM3\ARM_GCC_493\Debug\Hummingbird(Continuous Output).a(CyLib.o)
                0x1fff820c                cydelay_freq_mhz
                0x1fff8210                cydelay_32k_ms
                0x1fff8214                cydelay_freq_khz
                0x1fff8218                cydelay_freq_hz
 .data          0x1fff821c        0x2 .\CortexM3\ARM_GCC_493\Debug\Hummingbird(Continuous Output).a(ADC_UI.o)
 .data          0x1fff821e        0x1 .\CortexM3\ARM_GCC_493\Debug\Hummingbird(Continuous Output).a(ADC_UI_TempBuf_dma.o)
                0x1fff821e                ADC_UI_TempBuf_DmaHandle
 .data          0x1fff821f        0x1 .\CortexM3\ARM_GCC_493\Debug\Hummingbird(Continuous Output).a(ADC_UI_FinalBuf_dma.o)
                0x1fff821f                ADC_UI_FinalBuf_DmaHandle
 .data.__fdlib_version
                0x1fff8220        0x1 c:/program files (x86)/cypress/psoc creator/4.0/psoc creator/import/gnu/arm/4.9.3/bin/../lib/gcc/arm-none-eabi/4.9.3/../../../../arm-none-eabi/lib/armv7-m\libm.a(lib_a-s_lib_ver.o)
                0x1fff8220                __fdlib_version
 *fill*         0x1fff8221        0x3 
 .data.impure_data
                0x1fff8224       0x60 c:/program files (x86)/cypress/psoc creator/4.0/psoc creator/import/gnu/arm/4.9.3/bin/../lib/gcc/arm-none-eabi/4.9.3/../../../../arm-none-eabi/lib/armv7-m\libg_nano.a(lib_a-impure.o)
 .data._impure_ptr
                0x1fff8284        0x4 c:/program files (x86)/cypress/psoc creator/4.0/psoc creator/import/gnu/arm/4.9.3/bin/../lib/gcc/arm-none-eabi/4.9.3/../../../../arm-none-eabi/lib/armv7-m\libg_nano.a(lib_a-impure.o)
                0x1fff8284                _impure_ptr
                0x1fff8288                . = ALIGN (0x8)
 *(.ram)
                0x1fff8288                _edata = .

.igot.plt       0x1fff8288        0x0 load address 0x00007970
 .igot.plt      0x00000000        0x0 c:/program files (x86)/cypress/psoc creator/4.0/psoc creator/import/gnu/arm/4.9.3/bin/../lib/gcc/arm-none-eabi/4.9.3/armv7-m/crtbegin.o

.bss            0x1fff8288     0x1de8 load address 0x00007970
                0x1fff8288                PROVIDE (__bss_start__, .)
 *(.shbss)
 *(.bss .bss.* .gnu.linkonce.b.*)
 .bss           0x1fff8288       0x1c c:/program files (x86)/cypress/psoc creator/4.0/psoc creator/import/gnu/arm/4.9.3/bin/../lib/gcc/arm-none-eabi/4.9.3/armv7-m/crtbegin.o
 .bss           0x1fff82a4       0x44 .\CortexM3\ARM_GCC_493\Debug\main.o
                0x1fff82a4                lastKey
                0x1fff82a6                UI_Update_Mask
                0x1fff82a8                lastScale
                0x1fff82aa                lastHyst
                0x1fff82ac                currFrame
                0x1fff82b0                frameLocked
                0x1fff82b4                max_value
                0x1fff82b8                frameIndex
                0x1fff82bc                frameReady
                0x1fff82be                frameProcessed
                0x1fff82bf                curKey
                0x1fff82c0                sampleFrame
                0x1fff82c4                numFrames
                0x1fff82c8                inqFlags_old
                0x1fff82c9                usbActivityCounter
                0x1fff82ca                frame2InUse
                0x1fff82cb                frame1InUse
                0x1fff82cc                i
                0x1fff82d0                sustain
                0x1fff82d1                csButtChange
                0x1fff82d2                csButtStates_old
                0x1fff82d3                csButtStates
                0x1fff82d4                noteHistory
 .bss           0x1fff82e8     0x1000 .\CortexM3\ARM_GCC_493\Debug\pitch.o
 .bss           0x1fff92e8        0x1 .\CortexM3\ARM_GCC_493\Debug\Hummingbird(Continuous Output).a(USB.o)
                0x1fff92e8                USB_initVar
 *fill*         0x1fff92e9        0x3 
 .bss           0x1fff92ec        0x4 .\CortexM3\ARM_GCC_493\Debug\Hummingbird(Continuous Output).a(USB_std.o)
 .bss           0x1fff92f0        0x1 .\CortexM3\ARM_GCC_493\Debug\Hummingbird(Continuous Output).a(I2C_CharLCD.o)
                0x1fff92f0                I2C_CharLCD_initVar
 .bss           0x1fff92f1        0x2 .\CortexM3\ARM_GCC_493\Debug\Hummingbird(Continuous Output).a(CharLCD_I2C.o)
                0x1fff92f1                CharLCD_enableState
                0x1fff92f2                CharLCD_initVar
 .bss           0x1fff92f3        0x1 .\CortexM3\ARM_GCC_493\Debug\Hummingbird(Continuous Output).a(ADC_MIC.o)
                0x1fff92f3                ADC_MIC_initVar
 .bss           0x1fff92f4        0x1 .\CortexM3\ARM_GCC_493\Debug\Hummingbird(Continuous Output).a(TIMER_SAMPLERATE.o)
                0x1fff92f4                TIMER_SAMPLERATE_initVar
 *fill*         0x1fff92f5        0x3 
 .bss           0x1fff92f8       0x10 .\CortexM3\ARM_GCC_493\Debug\Hummingbird(Continuous Output).a(ADC_UI.o)
                0x1fff9304                ADC_UI_initVar
 .bss           0x1fff9308        0x1 .\CortexM3\ARM_GCC_493\Debug\Hummingbird(Continuous Output).a(TIMER_UI.o)
                0x1fff9308                TIMER_UI_initVar
 .bss           0x1fff9309        0x1 .\CortexM3\ARM_GCC_493\Debug\Hummingbird(Continuous Output).a(ADC_UI_SAR.o)
                0x1fff9309                ADC_UI_SAR_initVar
 .bss           0x1fff930a        0x2 .\CortexM3\ARM_GCC_493\Debug\Hummingbird(Continuous Output).a(UART_MIDITX.o)
                0x1fff930a                UART_MIDITX_initVar
 *(COMMON)
 *fill*         0x1fff930c        0x4 
 COMMON         0x1fff9310      0xc20 .\CortexM3\ARM_GCC_493\Debug\main.o
                0x1fff9310                midiMsg
                0x1fff9314                ADCoutput
                0x1fff9318                LCDstr
                0x1fff9328                noteTable
                0x1fff9728                pitchHz
                0x1fff972c                tempHyst
                0x1fff9730                dataFrames
 COMMON         0x1fff9f30       0x98 .\CortexM3\ARM_GCC_493\Debug\Hummingbird(Continuous Output).a(USB_drv.o)
                0x1fff9f30                USB_transferState
                0x1fff9f31                USB_interfaceNumber
                0x1fff9f32                USB_lastPacketSize
                0x1fff9f34                USB_interfaceClass
                0x1fff9f38                USB_interfaceSetting
                0x1fff9f3a                USB_ep0Mode
                0x1fff9f3b                USB_device
                0x1fff9f3c                USB_deviceAddress
                0x1fff9f3d                USB_ep0Toggle
                0x1fff9f3e                USB_configurationChanged
                0x1fff9f40                USB_interfaceStatus
                0x1fff9f42                USB_transferByteCount
                0x1fff9f44                USB_configuration
                0x1fff9f48                USB_interfaceSetting_last
                0x1fff9f4c                USB_currentTD
                0x1fff9f58                USB_ep0Count
                0x1fff9f59                USB_deviceStatus
                0x1fff9f5c                USB_EP
 COMMON         0x1fff9fc8       0x48 .\CortexM3\ARM_GCC_493\Debug\Hummingbird(Continuous Output).a(USB_midi.o)
                0x1fff9fc8                USB_midiOutBuffer
                0x1fff9fe8                USB_MIDI1_InqFlags
                0x1fff9fe9                USB_midi_in_ep
                0x1fff9fea                USB_midiInPointer
                0x1fff9feb                USB_MIDI2_InqFlags
                0x1fff9fec                USB_midi_out_ep
                0x1fff9ff0                USB_midiInBuffer
 COMMON         0x1fffa010        0x1 .\CortexM3\ARM_GCC_493\Debug\Hummingbird(Continuous Output).a(I2C_CharLCD.o)
                0x1fffa010                I2C_CharLCD_state
 *fill*         0x1fffa011        0x3 
 COMMON         0x1fffa014       0x12 .\CortexM3\ARM_GCC_493\Debug\Hummingbird(Continuous Output).a(I2C_CharLCD_MASTER.o)
                0x1fffa014                I2C_CharLCD_mstrRdBufSize
                0x1fffa018                I2C_CharLCD_mstrRdBufPtr
                0x1fffa01c                I2C_CharLCD_mstrControl
                0x1fffa01d                I2C_CharLCD_mstrWrBufIndex
                0x1fffa01e                I2C_CharLCD_mstrStatus
                0x1fffa020                I2C_CharLCD_mstrWrBufPtr
                0x1fffa024                I2C_CharLCD_mstrWrBufSize
                0x1fffa025                I2C_CharLCD_mstrRdBufIndex
 *fill*         0x1fffa026        0x2 
 COMMON         0x1fffa028        0xa .\CortexM3\ARM_GCC_493\Debug\Hummingbird(Continuous Output).a(ADC_MIC.o)
                0x1fffa028                ADC_MIC_countsPerVolt
                0x1fffa02a                ADC_MIC_shift
                0x1fffa02c                ADC_MIC_countsPer10Volt
                0x1fffa030                ADC_MIC_offset
 *fill*         0x1fffa032        0x2 
 COMMON         0x1fffa034        0x8 .\CortexM3\ARM_GCC_493\Debug\Hummingbird(Continuous Output).a(ADC_UI.o)
                0x1fffa034                ADC_UI_finalArray
 COMMON         0x1fffa03c        0xa .\CortexM3\ARM_GCC_493\Debug\Hummingbird(Continuous Output).a(ADC_UI_SAR.o)
                0x1fffa03c                ADC_UI_SAR_shift
                0x1fffa03e                ADC_UI_SAR_countsPerVolt
                0x1fffa040                ADC_UI_SAR_countsPer10Volt
                0x1fffa044                ADC_UI_SAR_offset
 *fill*         0x1fffa046        0x2 
 COMMON         0x1fffa048       0x22 .\CortexM3\ARM_GCC_493\Debug\Hummingbird(Continuous Output).a(USB_descr.o)
                0x1fffa048                USB_idSerialNumberStringDescriptor
                0x1fffa070                . = ALIGN (0x8)
 *fill*         0x1fffa06a        0x6 
 *(.ram.b)
                0x1fffa070                _end = .
                0x1fffa070                __end = .
                0x1fffa070                PROVIDE (end, .)
                0x1fffa070                PROVIDE (__bss_end__, .)
                0x000077f0                __cy_region_init_ram = LOADADDR (.data)
                0x00000180                __cy_region_init_size_ram = (_edata - ADDR (.data))
                0x00001de8                __cy_region_zero_size_ram = (_end - _edata)

.heap           0x1fffa070       0x80 load address 0x00007970
                0x1fffa070                . = _end
                0x1fffa0f0                . = (. + 0x80)
 *fill*         0x1fffa070       0x80 
                0x1fffa0f0                __cy_heap_limit = .

.stack          0x20007800      0x800
                0x20007800                __cy_stack_limit = .
                0x20008000                . = (. + 0x800)
 *fill*         0x20007800      0x800 
                0x00000001                ASSERT ((__cy_stack_limit >= __cy_heap_limit), region RAM overflowed with stack)

.cyloadermeta
 *(.cyloadermeta)

.cyloadablemeta
 *(.cyloadablemeta)

.cyconfigecc    0x80000000      0xeec
 *(.cyconfigecc)
 .cyconfigecc   0x80000000      0xeec .\CortexM3\ARM_GCC_493\Debug\cymetadata.o
                0x80000000                cy_meta_configecc

.cycustnvl      0x90000000        0x4
 *(.cycustnvl)
 .cycustnvl     0x90000000        0x4 .\CortexM3\ARM_GCC_493\Debug\cymetadata.o
                0x90000000                cy_meta_custnvl

.cywolatch      0x90100000        0x4
 *(.cywolatch)
 .cywolatch     0x90100000        0x4 .\CortexM3\ARM_GCC_493\Debug\cymetadata.o
                0x90100000                cy_meta_wonvl

.cyeeprom       0x90200000        0x0
 *(.cyeeprom)
                0x00000001                ASSERT ((. <= ((0x90200000 + ee_offset) + ee_size)), .cyeeprom data will not fit in EEPROM)

.cyflashprotect
                0x90400000      0x100
 *(.cyflashprotect)
 .cyflashprotect
                0x90400000      0x100 .\CortexM3\ARM_GCC_493\Debug\cymetadata.o
                0x90400000                cy_meta_flashprotect

.cymeta         0x90500000        0xc
 *(.cymeta)
 .cymeta        0x90500000        0xc .\CortexM3\ARM_GCC_493\Debug\cymetadata.o
                0x90500000                cy_metadata

.rel.dyn        0x00007970        0x0 load address 0x9050000c
 .rel.iplt      0x00000000        0x0 c:/program files (x86)/cypress/psoc creator/4.0/psoc creator/import/gnu/arm/4.9.3/bin/../lib/gcc/arm-none-eabi/4.9.3/armv7-m/crtbegin.o

.stab
 *(.stab)

.stabstr
 *(.stabstr)

.debug
 *(.debug)

.line
 *(.line)

.debug_srcinfo
 *(.debug_srcinfo)

.debug_sfnames
 *(.debug_sfnames)

.debug_aranges  0x00000000     0x1398
 *(.debug_aranges)
 .debug_aranges
                0x00000000       0x38 .\CortexM3\ARM_GCC_493\Debug\main.o
 .debug_aranges
                0x00000038       0x68 .\CortexM3\ARM_GCC_493\Debug\fft.o
 .debug_aranges
                0x000000a0       0x60 .\CortexM3\ARM_GCC_493\Debug\midi.o
 .debug_aranges
                0x00000100       0x40 .\CortexM3\ARM_GCC_493\Debug\pitch.o
 .debug_aranges
                0x00000140       0x50 .\CortexM3\ARM_GCC_493\Debug\hbird.o
 .debug_aranges
                0x00000190       0x18 .\CortexM3\ARM_GCC_493\Debug\cymetadata.o
 .debug_aranges
                0x000001a8       0x40 .\CortexM3\ARM_GCC_493\Debug\Cm3Start.o
 .debug_aranges
                0x000001e8       0x28 .\CortexM3\ARM_GCC_493\Debug\Hummingbird(Continuous Output).a(cyfitter_cfg.o)
 .debug_aranges
                0x00000210       0xb0 .\CortexM3\ARM_GCC_493\Debug\Hummingbird(Continuous Output).a(USB.o)
 .debug_aranges
                0x000002c0       0x98 .\CortexM3\ARM_GCC_493\Debug\Hummingbird(Continuous Output).a(USB_drv.o)
 .debug_aranges
                0x00000358       0x38 .\CortexM3\ARM_GCC_493\Debug\Hummingbird(Continuous Output).a(USB_episr.o)
 .debug_aranges
                0x00000390       0x80 .\CortexM3\ARM_GCC_493\Debug\Hummingbird(Continuous Output).a(USB_std.o)
 .debug_aranges
                0x00000410       0x20 .\CortexM3\ARM_GCC_493\Debug\Hummingbird(Continuous Output).a(USB_vnd.o)
 .debug_aranges
                0x00000430       0x78 .\CortexM3\ARM_GCC_493\Debug\Hummingbird(Continuous Output).a(USB_midi.o)
 .debug_aranges
                0x000004a8       0xd8 .\CortexM3\ARM_GCC_493\Debug\Hummingbird(Continuous Output).a(CyDmac.o)
 .debug_aranges
                0x00000580      0x208 .\CortexM3\ARM_GCC_493\Debug\Hummingbird(Continuous Output).a(CyLib.o)
 .debug_aranges
                0x00000788       0x70 .\CortexM3\ARM_GCC_493\Debug\Hummingbird(Continuous Output).a(cyPm.o)
 .debug_aranges
                0x000007f8       0x80 .\CortexM3\ARM_GCC_493\Debug\Hummingbird(Continuous Output).a(isr_1.o)
 .debug_aranges
                0x00000878       0x80 .\CortexM3\ARM_GCC_493\Debug\Hummingbird(Continuous Output).a(UI_isr.o)
 .debug_aranges
                0x000008f8       0x38 .\CortexM3\ARM_GCC_493\Debug\Hummingbird(Continuous Output).a(I2C_CharLCD.o)
 .debug_aranges
                0x00000930       0x20 .\CortexM3\ARM_GCC_493\Debug\Hummingbird(Continuous Output).a(I2C_CharLCD_INT.o)
 .debug_aranges
                0x00000950       0x38 .\CortexM3\ARM_GCC_493\Debug\Hummingbird(Continuous Output).a(I2C_CharLCD_PM.o)
 .debug_aranges
                0x00000988       0x80 .\CortexM3\ARM_GCC_493\Debug\Hummingbird(Continuous Output).a(I2C_CharLCD_MASTER.o)
 .debug_aranges
                0x00000a08       0x88 .\CortexM3\ARM_GCC_493\Debug\Hummingbird(Continuous Output).a(CharLCD_I2C.o)
 .debug_aranges
                0x00000a90       0xa0 .\CortexM3\ARM_GCC_493\Debug\Hummingbird(Continuous Output).a(ADC_MIC.o)
 .debug_aranges
                0x00000b30       0x20 .\CortexM3\ARM_GCC_493\Debug\Hummingbird(Continuous Output).a(ADC_MIC_INT.o)
 .debug_aranges
                0x00000b50       0x90 .\CortexM3\ARM_GCC_493\Debug\Hummingbird(Continuous Output).a(TIMER_SAMPLERATE.o)
 .debug_aranges
                0x00000be0       0xa0 .\CortexM3\ARM_GCC_493\Debug\Hummingbird(Continuous Output).a(ADC_UI.o)
 .debug_aranges
                0x00000c80       0x20 .\CortexM3\ARM_GCC_493\Debug\Hummingbird(Continuous Output).a(ADC_UI_INT.o)
 .debug_aranges
                0x00000ca0       0x90 .\CortexM3\ARM_GCC_493\Debug\Hummingbird(Continuous Output).a(TIMER_UI.o)
 .debug_aranges
                0x00000d30       0x70 .\CortexM3\ARM_GCC_493\Debug\Hummingbird(Continuous Output).a(ADC_MIC_theACLK.o)
 .debug_aranges
                0x00000da0       0xa0 .\CortexM3\ARM_GCC_493\Debug\Hummingbird(Continuous Output).a(ADC_UI_SAR.o)
 .debug_aranges
                0x00000e40       0x28 .\CortexM3\ARM_GCC_493\Debug\Hummingbird(Continuous Output).a(ADC_UI_TempBuf_dma.o)
 .debug_aranges
                0x00000e68       0x28 .\CortexM3\ARM_GCC_493\Debug\Hummingbird(Continuous Output).a(ADC_UI_FinalBuf_dma.o)
 .debug_aranges
                0x00000e90       0x80 .\CortexM3\ARM_GCC_493\Debug\Hummingbird(Continuous Output).a(ADC_UI_IRQ.o)
 .debug_aranges
                0x00000f10       0xa0 .\CortexM3\ARM_GCC_493\Debug\Hummingbird(Continuous Output).a(UART_MIDITX.o)
 .debug_aranges
                0x00000fb0       0x20 .\CortexM3\ARM_GCC_493\Debug\Hummingbird(Continuous Output).a(CyBootAsmGnu.o)
 .debug_aranges
                0x00000fd0      0x110 .\CortexM3\ARM_GCC_493\Debug\Hummingbird(Continuous Output).a(MIDI1_UART.o)
 .debug_aranges
                0x000010e0      0x110 .\CortexM3\ARM_GCC_493\Debug\Hummingbird(Continuous Output).a(MIDI2_UART.o)
 .debug_aranges
                0x000011f0       0x20 .\CortexM3\ARM_GCC_493\Debug\Hummingbird(Continuous Output).a(USB_cls.o)
 .debug_aranges
                0x00001210       0x18 .\CortexM3\ARM_GCC_493\Debug\Hummingbird(Continuous Output).a(USB_descr.o)
 .debug_aranges
                0x00001228       0x78 .\CortexM3\ARM_GCC_493\Debug\Hummingbird(Continuous Output).a(CyFlash.o)
 .debug_aranges
                0x000012a0       0x68 .\CortexM3\ARM_GCC_493\Debug\Hummingbird(Continuous Output).a(CySpc.o)
 .debug_aranges
                0x00001308       0x20 .\CortexM3\ARM_GCC_493\Debug\Hummingbird(Continuous Output).a(cyutils.o)
 .debug_aranges
                0x00001328       0x28 .\CortexM3\ARM_GCC_493\Debug\Hummingbird(Continuous Output).a(MIDI1_UART_INT.o)
 .debug_aranges
                0x00001350       0x28 .\CortexM3\ARM_GCC_493\Debug\Hummingbird(Continuous Output).a(MIDI2_UART_INT.o)
 .debug_aranges
                0x00001378       0x20 .\CortexM3\ARM_GCC_493\Debug\Hummingbird(Continuous Output).a(USB_audio.o)

.debug_pubnames
 *(.debug_pubnames)

.debug_info     0x00000000     0xf07a
 *(.debug_info .gnu.linkonce.wi.*)
 .debug_info    0x00000000      0xcc4 .\CortexM3\ARM_GCC_493\Debug\main.o
 .debug_info    0x00000cc4      0xee7 .\CortexM3\ARM_GCC_493\Debug\fft.o
 .debug_info    0x00001bab      0x703 .\CortexM3\ARM_GCC_493\Debug\midi.o
 .debug_info    0x000022ae      0x43a .\CortexM3\ARM_GCC_493\Debug\pitch.o
 .debug_info    0x000026e8      0x9e6 .\CortexM3\ARM_GCC_493\Debug\hbird.o
 .debug_info    0x000030ce      0x13e .\CortexM3\ARM_GCC_493\Debug\cymetadata.o
 .debug_info    0x0000320c      0x315 .\CortexM3\ARM_GCC_493\Debug\Cm3Start.o
 .debug_info    0x00003521      0x691 .\CortexM3\ARM_GCC_493\Debug\Hummingbird(Continuous Output).a(cyfitter_cfg.o)
 .debug_info    0x00003bb2      0x855 .\CortexM3\ARM_GCC_493\Debug\Hummingbird(Continuous Output).a(USB.o)
 .debug_info    0x00004407      0x6a7 .\CortexM3\ARM_GCC_493\Debug\Hummingbird(Continuous Output).a(USB_drv.o)
 .debug_info    0x00004aae      0x1a9 .\CortexM3\ARM_GCC_493\Debug\Hummingbird(Continuous Output).a(USB_episr.o)
 .debug_info    0x00004c57      0xb2f .\CortexM3\ARM_GCC_493\Debug\Hummingbird(Continuous Output).a(USB_std.o)
 .debug_info    0x00005786      0x18b .\CortexM3\ARM_GCC_493\Debug\Hummingbird(Continuous Output).a(USB_vnd.o)
 .debug_info    0x00005911      0x96e .\CortexM3\ARM_GCC_493\Debug\Hummingbird(Continuous Output).a(USB_midi.o)
 .debug_info    0x0000627f      0x94e .\CortexM3\ARM_GCC_493\Debug\Hummingbird(Continuous Output).a(CyDmac.o)
 .debug_info    0x00006bcd     0x1125 .\CortexM3\ARM_GCC_493\Debug\Hummingbird(Continuous Output).a(CyLib.o)
 .debug_info    0x00007cf2      0x9c6 .\CortexM3\ARM_GCC_493\Debug\Hummingbird(Continuous Output).a(cyPm.o)
 .debug_info    0x000086b8      0x36f .\CortexM3\ARM_GCC_493\Debug\Hummingbird(Continuous Output).a(isr_1.o)
 .debug_info    0x00008a27      0x36f .\CortexM3\ARM_GCC_493\Debug\Hummingbird(Continuous Output).a(UI_isr.o)
 .debug_info    0x00008d96      0x2d0 .\CortexM3\ARM_GCC_493\Debug\Hummingbird(Continuous Output).a(I2C_CharLCD.o)
 .debug_info    0x00009066      0x166 .\CortexM3\ARM_GCC_493\Debug\Hummingbird(Continuous Output).a(I2C_CharLCD_INT.o)
 .debug_info    0x000091cc      0x224 .\CortexM3\ARM_GCC_493\Debug\Hummingbird(Continuous Output).a(I2C_CharLCD_PM.o)
 .debug_info    0x000093f0      0x400 .\CortexM3\ARM_GCC_493\Debug\Hummingbird(Continuous Output).a(I2C_CharLCD_MASTER.o)
 .debug_info    0x000097f0      0x77d .\CortexM3\ARM_GCC_493\Debug\Hummingbird(Continuous Output).a(CharLCD_I2C.o)
 .debug_info    0x00009f6d      0x60c .\CortexM3\ARM_GCC_493\Debug\Hummingbird(Continuous Output).a(ADC_MIC.o)
 .debug_info    0x0000a579       0x92 .\CortexM3\ARM_GCC_493\Debug\Hummingbird(Continuous Output).a(ADC_MIC_INT.o)
 .debug_info    0x0000a60b      0x40d .\CortexM3\ARM_GCC_493\Debug\Hummingbird(Continuous Output).a(TIMER_SAMPLERATE.o)
 .debug_info    0x0000aa18      0x7b9 .\CortexM3\ARM_GCC_493\Debug\Hummingbird(Continuous Output).a(ADC_UI.o)
 .debug_info    0x0000b1d1       0x99 .\CortexM3\ARM_GCC_493\Debug\Hummingbird(Continuous Output).a(ADC_UI_INT.o)
 .debug_info    0x0000b26a      0x415 .\CortexM3\ARM_GCC_493\Debug\Hummingbird(Continuous Output).a(TIMER_UI.o)
 .debug_info    0x0000b67f      0x297 .\CortexM3\ARM_GCC_493\Debug\Hummingbird(Continuous Output).a(ADC_MIC_theACLK.o)
 .debug_info    0x0000b916      0x56a .\CortexM3\ARM_GCC_493\Debug\Hummingbird(Continuous Output).a(ADC_UI_SAR.o)
 .debug_info    0x0000be80      0x1f8 .\CortexM3\ARM_GCC_493\Debug\Hummingbird(Continuous Output).a(ADC_UI_TempBuf_dma.o)
 .debug_info    0x0000c078      0x1f8 .\CortexM3\ARM_GCC_493\Debug\Hummingbird(Continuous Output).a(ADC_UI_FinalBuf_dma.o)
 .debug_info    0x0000c270      0x36f .\CortexM3\ARM_GCC_493\Debug\Hummingbird(Continuous Output).a(ADC_UI_IRQ.o)
 .debug_info    0x0000c5df      0x47f .\CortexM3\ARM_GCC_493\Debug\Hummingbird(Continuous Output).a(UART_MIDITX.o)
 .debug_info    0x0000ca5e       0x96 .\CortexM3\ARM_GCC_493\Debug\Hummingbird(Continuous Output).a(CyBootAsmGnu.o)
 .debug_info    0x0000caf4      0x910 .\CortexM3\ARM_GCC_493\Debug\Hummingbird(Continuous Output).a(MIDI1_UART.o)
 .debug_info    0x0000d404      0x910 .\CortexM3\ARM_GCC_493\Debug\Hummingbird(Continuous Output).a(MIDI2_UART.o)
 .debug_info    0x0000dd14      0x1ad .\CortexM3\ARM_GCC_493\Debug\Hummingbird(Continuous Output).a(USB_cls.o)
 .debug_info    0x0000dec1      0x2cf .\CortexM3\ARM_GCC_493\Debug\Hummingbird(Continuous Output).a(USB_descr.o)
 .debug_info    0x0000e190      0x624 .\CortexM3\ARM_GCC_493\Debug\Hummingbird(Continuous Output).a(CyFlash.o)
 .debug_info    0x0000e7b4      0x442 .\CortexM3\ARM_GCC_493\Debug\Hummingbird(Continuous Output).a(CySpc.o)
 .debug_info    0x0000ebf6       0xec .\CortexM3\ARM_GCC_493\Debug\Hummingbird(Continuous Output).a(cyutils.o)
 .debug_info    0x0000ece2      0x162 .\CortexM3\ARM_GCC_493\Debug\Hummingbird(Continuous Output).a(MIDI1_UART_INT.o)
 .debug_info    0x0000ee44      0x162 .\CortexM3\ARM_GCC_493\Debug\Hummingbird(Continuous Output).a(MIDI2_UART_INT.o)
 .debug_info    0x0000efa6       0xd4 .\CortexM3\ARM_GCC_493\Debug\Hummingbird(Continuous Output).a(USB_audio.o)

.debug_abbrev   0x00000000     0x4e8d
 *(.debug_abbrev)
 .debug_abbrev  0x00000000      0x267 .\CortexM3\ARM_GCC_493\Debug\main.o
 .debug_abbrev  0x00000267      0x31f .\CortexM3\ARM_GCC_493\Debug\fft.o
 .debug_abbrev  0x00000586      0x27e .\CortexM3\ARM_GCC_493\Debug\midi.o
 .debug_abbrev  0x00000804      0x16b .\CortexM3\ARM_GCC_493\Debug\pitch.o
 .debug_abbrev  0x0000096f      0x238 .\CortexM3\ARM_GCC_493\Debug\hbird.o
 .debug_abbrev  0x00000ba7       0x77 .\CortexM3\ARM_GCC_493\Debug\cymetadata.o
 .debug_abbrev  0x00000c1e      0x199 .\CortexM3\ARM_GCC_493\Debug\Cm3Start.o
 .debug_abbrev  0x00000db7      0x26d .\CortexM3\ARM_GCC_493\Debug\Hummingbird(Continuous Output).a(cyfitter_cfg.o)
 .debug_abbrev  0x00001024      0x2e7 .\CortexM3\ARM_GCC_493\Debug\Hummingbird(Continuous Output).a(USB.o)
 .debug_abbrev  0x0000130b      0x24d .\CortexM3\ARM_GCC_493\Debug\Hummingbird(Continuous Output).a(USB_drv.o)
 .debug_abbrev  0x00001558       0xe6 .\CortexM3\ARM_GCC_493\Debug\Hummingbird(Continuous Output).a(USB_episr.o)
 .debug_abbrev  0x0000163e      0x2bd .\CortexM3\ARM_GCC_493\Debug\Hummingbird(Continuous Output).a(USB_std.o)
 .debug_abbrev  0x000018fb       0xd9 .\CortexM3\ARM_GCC_493\Debug\Hummingbird(Continuous Output).a(USB_vnd.o)
 .debug_abbrev  0x000019d4      0x243 .\CortexM3\ARM_GCC_493\Debug\Hummingbird(Continuous Output).a(USB_midi.o)
 .debug_abbrev  0x00001c17      0x1d4 .\CortexM3\ARM_GCC_493\Debug\Hummingbird(Continuous Output).a(CyDmac.o)
 .debug_abbrev  0x00001deb      0x3cb .\CortexM3\ARM_GCC_493\Debug\Hummingbird(Continuous Output).a(CyLib.o)
 .debug_abbrev  0x000021b6      0x210 .\CortexM3\ARM_GCC_493\Debug\Hummingbird(Continuous Output).a(cyPm.o)
 .debug_abbrev  0x000023c6      0x1ff .\CortexM3\ARM_GCC_493\Debug\Hummingbird(Continuous Output).a(isr_1.o)
 .debug_abbrev  0x000025c5      0x1ff .\CortexM3\ARM_GCC_493\Debug\Hummingbird(Continuous Output).a(UI_isr.o)
 .debug_abbrev  0x000027c4      0x168 .\CortexM3\ARM_GCC_493\Debug\Hummingbird(Continuous Output).a(I2C_CharLCD.o)
 .debug_abbrev  0x0000292c       0xb0 .\CortexM3\ARM_GCC_493\Debug\Hummingbird(Continuous Output).a(I2C_CharLCD_INT.o)
 .debug_abbrev  0x000029dc      0x172 .\CortexM3\ARM_GCC_493\Debug\Hummingbird(Continuous Output).a(I2C_CharLCD_PM.o)
 .debug_abbrev  0x00002b4e      0x12d .\CortexM3\ARM_GCC_493\Debug\Hummingbird(Continuous Output).a(I2C_CharLCD_MASTER.o)
 .debug_abbrev  0x00002c7b      0x216 .\CortexM3\ARM_GCC_493\Debug\Hummingbird(Continuous Output).a(CharLCD_I2C.o)
 .debug_abbrev  0x00002e91      0x227 .\CortexM3\ARM_GCC_493\Debug\Hummingbird(Continuous Output).a(ADC_MIC.o)
 .debug_abbrev  0x000030b8       0x42 .\CortexM3\ARM_GCC_493\Debug\Hummingbird(Continuous Output).a(ADC_MIC_INT.o)
 .debug_abbrev  0x000030fa      0x23b .\CortexM3\ARM_GCC_493\Debug\Hummingbird(Continuous Output).a(TIMER_SAMPLERATE.o)
 .debug_abbrev  0x00003335      0x1d9 .\CortexM3\ARM_GCC_493\Debug\Hummingbird(Continuous Output).a(ADC_UI.o)
 .debug_abbrev  0x0000350e       0x42 .\CortexM3\ARM_GCC_493\Debug\Hummingbird(Continuous Output).a(ADC_UI_INT.o)
 .debug_abbrev  0x00003550      0x23b .\CortexM3\ARM_GCC_493\Debug\Hummingbird(Continuous Output).a(TIMER_UI.o)
 .debug_abbrev  0x0000378b      0x142 .\CortexM3\ARM_GCC_493\Debug\Hummingbird(Continuous Output).a(ADC_MIC_theACLK.o)
 .debug_abbrev  0x000038cd      0x23c .\CortexM3\ARM_GCC_493\Debug\Hummingbird(Continuous Output).a(ADC_UI_SAR.o)
 .debug_abbrev  0x00003b09       0xee .\CortexM3\ARM_GCC_493\Debug\Hummingbird(Continuous Output).a(ADC_UI_TempBuf_dma.o)
 .debug_abbrev  0x00003bf7       0xee .\CortexM3\ARM_GCC_493\Debug\Hummingbird(Continuous Output).a(ADC_UI_FinalBuf_dma.o)
 .debug_abbrev  0x00003ce5      0x1ff .\CortexM3\ARM_GCC_493\Debug\Hummingbird(Continuous Output).a(ADC_UI_IRQ.o)
 .debug_abbrev  0x00003ee4      0x1fa .\CortexM3\ARM_GCC_493\Debug\Hummingbird(Continuous Output).a(UART_MIDITX.o)
 .debug_abbrev  0x000040de       0x14 .\CortexM3\ARM_GCC_493\Debug\Hummingbird(Continuous Output).a(CyBootAsmGnu.o)
 .debug_abbrev  0x000040f2      0x28d .\CortexM3\ARM_GCC_493\Debug\Hummingbird(Continuous Output).a(MIDI1_UART.o)
 .debug_abbrev  0x0000437f      0x28d .\CortexM3\ARM_GCC_493\Debug\Hummingbird(Continuous Output).a(MIDI2_UART.o)
 .debug_abbrev  0x0000460c       0xe8 .\CortexM3\ARM_GCC_493\Debug\Hummingbird(Continuous Output).a(USB_cls.o)
 .debug_abbrev  0x000046f4       0xa7 .\CortexM3\ARM_GCC_493\Debug\Hummingbird(Continuous Output).a(USB_descr.o)
 .debug_abbrev  0x0000479b      0x2f9 .\CortexM3\ARM_GCC_493\Debug\Hummingbird(Continuous Output).a(CyFlash.o)
 .debug_abbrev  0x00004a94      0x1b1 .\CortexM3\ARM_GCC_493\Debug\Hummingbird(Continuous Output).a(CySpc.o)
 .debug_abbrev  0x00004c45       0x8e .\CortexM3\ARM_GCC_493\Debug\Hummingbird(Continuous Output).a(cyutils.o)
 .debug_abbrev  0x00004cd3       0xa2 .\CortexM3\ARM_GCC_493\Debug\Hummingbird(Continuous Output).a(MIDI1_UART_INT.o)
 .debug_abbrev  0x00004d75       0xa2 .\CortexM3\ARM_GCC_493\Debug\Hummingbird(Continuous Output).a(MIDI2_UART_INT.o)
 .debug_abbrev  0x00004e17       0x76 .\CortexM3\ARM_GCC_493\Debug\Hummingbird(Continuous Output).a(USB_audio.o)

.debug_line     0x00000000     0x6524
 *(.debug_line)
 .debug_line    0x00000000      0x368 .\CortexM3\ARM_GCC_493\Debug\main.o
 .debug_line    0x00000368      0x409 .\CortexM3\ARM_GCC_493\Debug\fft.o
 .debug_line    0x00000771      0x3b1 .\CortexM3\ARM_GCC_493\Debug\midi.o
 .debug_line    0x00000b22      0x2cc .\CortexM3\ARM_GCC_493\Debug\pitch.o
 .debug_line    0x00000dee      0x2d7 .\CortexM3\ARM_GCC_493\Debug\hbird.o
 .debug_line    0x000010c5       0x51 .\CortexM3\ARM_GCC_493\Debug\cymetadata.o
 .debug_line    0x00001116      0x1b5 .\CortexM3\ARM_GCC_493\Debug\Cm3Start.o
 .debug_line    0x000012cb      0x24a .\CortexM3\ARM_GCC_493\Debug\Hummingbird(Continuous Output).a(cyfitter_cfg.o)
 .debug_line    0x00001515      0x322 .\CortexM3\ARM_GCC_493\Debug\Hummingbird(Continuous Output).a(USB.o)
 .debug_line    0x00001837      0x323 .\CortexM3\ARM_GCC_493\Debug\Hummingbird(Continuous Output).a(USB_drv.o)
 .debug_line    0x00001b5a       0xba .\CortexM3\ARM_GCC_493\Debug\Hummingbird(Continuous Output).a(USB_episr.o)
 .debug_line    0x00001c14      0x570 .\CortexM3\ARM_GCC_493\Debug\Hummingbird(Continuous Output).a(USB_std.o)
 .debug_line    0x00002184       0x7f .\CortexM3\ARM_GCC_493\Debug\Hummingbird(Continuous Output).a(USB_vnd.o)
 .debug_line    0x00002203      0x4c8 .\CortexM3\ARM_GCC_493\Debug\Hummingbird(Continuous Output).a(USB_midi.o)
 .debug_line    0x000026cb      0x31f .\CortexM3\ARM_GCC_493\Debug\Hummingbird(Continuous Output).a(CyDmac.o)
 .debug_line    0x000029ea      0x830 .\CortexM3\ARM_GCC_493\Debug\Hummingbird(Continuous Output).a(CyLib.o)
 .debug_line    0x0000321a      0x4fe .\CortexM3\ARM_GCC_493\Debug\Hummingbird(Continuous Output).a(cyPm.o)
 .debug_line    0x00003718      0x1a0 .\CortexM3\ARM_GCC_493\Debug\Hummingbird(Continuous Output).a(isr_1.o)
 .debug_line    0x000038b8      0x1a1 .\CortexM3\ARM_GCC_493\Debug\Hummingbird(Continuous Output).a(UI_isr.o)
 .debug_line    0x00003a59      0x140 .\CortexM3\ARM_GCC_493\Debug\Hummingbird(Continuous Output).a(I2C_CharLCD.o)
 .debug_line    0x00003b99      0x147 .\CortexM3\ARM_GCC_493\Debug\Hummingbird(Continuous Output).a(I2C_CharLCD_INT.o)
 .debug_line    0x00003ce0       0xf7 .\CortexM3\ARM_GCC_493\Debug\Hummingbird(Continuous Output).a(I2C_CharLCD_PM.o)
 .debug_line    0x00003dd7      0x29e .\CortexM3\ARM_GCC_493\Debug\Hummingbird(Continuous Output).a(I2C_CharLCD_MASTER.o)
 .debug_line    0x00004075      0x200 .\CortexM3\ARM_GCC_493\Debug\Hummingbird(Continuous Output).a(CharLCD_I2C.o)
 .debug_line    0x00004275      0x258 .\CortexM3\ARM_GCC_493\Debug\Hummingbird(Continuous Output).a(ADC_MIC.o)
 .debug_line    0x000044cd       0x54 .\CortexM3\ARM_GCC_493\Debug\Hummingbird(Continuous Output).a(ADC_MIC_INT.o)
 .debug_line    0x00004521      0x1aa .\CortexM3\ARM_GCC_493\Debug\Hummingbird(Continuous Output).a(TIMER_SAMPLERATE.o)
 .debug_line    0x000046cb      0x232 .\CortexM3\ARM_GCC_493\Debug\Hummingbird(Continuous Output).a(ADC_UI.o)
 .debug_line    0x000048fd       0x53 .\CortexM3\ARM_GCC_493\Debug\Hummingbird(Continuous Output).a(ADC_UI_INT.o)
 .debug_line    0x00004950      0x1a3 .\CortexM3\ARM_GCC_493\Debug\Hummingbird(Continuous Output).a(TIMER_UI.o)
 .debug_line    0x00004af3      0x1e8 .\CortexM3\ARM_GCC_493\Debug\Hummingbird(Continuous Output).a(ADC_MIC_theACLK.o)
 .debug_line    0x00004cdb      0x254 .\CortexM3\ARM_GCC_493\Debug\Hummingbird(Continuous Output).a(ADC_UI_SAR.o)
 .debug_line    0x00004f2f       0x8d .\CortexM3\ARM_GCC_493\Debug\Hummingbird(Continuous Output).a(ADC_UI_TempBuf_dma.o)
 .debug_line    0x00004fbc       0x8e .\CortexM3\ARM_GCC_493\Debug\Hummingbird(Continuous Output).a(ADC_UI_FinalBuf_dma.o)
 .debug_line    0x0000504a      0x1a5 .\CortexM3\ARM_GCC_493\Debug\Hummingbird(Continuous Output).a(ADC_UI_IRQ.o)
 .debug_line    0x000051ef      0x25e .\CortexM3\ARM_GCC_493\Debug\Hummingbird(Continuous Output).a(UART_MIDITX.o)
 .debug_line    0x0000544d       0x66 .\CortexM3\ARM_GCC_493\Debug\Hummingbird(Continuous Output).a(CyBootAsmGnu.o)
 .debug_line    0x000054b3      0x495 .\CortexM3\ARM_GCC_493\Debug\Hummingbird(Continuous Output).a(MIDI1_UART.o)
 .debug_line    0x00005948      0x495 .\CortexM3\ARM_GCC_493\Debug\Hummingbird(Continuous Output).a(MIDI2_UART.o)
 .debug_line    0x00005ddd       0x8d .\CortexM3\ARM_GCC_493\Debug\Hummingbird(Continuous Output).a(USB_cls.o)
 .debug_line    0x00005e6a       0x59 .\CortexM3\ARM_GCC_493\Debug\Hummingbird(Continuous Output).a(USB_descr.o)
 .debug_line    0x00005ec3      0x1dc .\CortexM3\ARM_GCC_493\Debug\Hummingbird(Continuous Output).a(CyFlash.o)
 .debug_line    0x0000609f      0x200 .\CortexM3\ARM_GCC_493\Debug\Hummingbird(Continuous Output).a(CySpc.o)
 .debug_line    0x0000629f       0x63 .\CortexM3\ARM_GCC_493\Debug\Hummingbird(Continuous Output).a(cyutils.o)
 .debug_line    0x00006302       0xcf .\CortexM3\ARM_GCC_493\Debug\Hummingbird(Continuous Output).a(MIDI1_UART_INT.o)
 .debug_line    0x000063d1       0xcf .\CortexM3\ARM_GCC_493\Debug\Hummingbird(Continuous Output).a(MIDI2_UART_INT.o)
 .debug_line    0x000064a0       0x84 .\CortexM3\ARM_GCC_493\Debug\Hummingbird(Continuous Output).a(USB_audio.o)

.debug_frame    0x00000000     0x4280
 *(.debug_frame)
 .debug_frame   0x00000000       0x9c .\CortexM3\ARM_GCC_493\Debug\main.o
 .debug_frame   0x0000009c      0x21c .\CortexM3\ARM_GCC_493\Debug\fft.o
 .debug_frame   0x000002b8      0x184 .\CortexM3\ARM_GCC_493\Debug\midi.o
 .debug_frame   0x0000043c       0xdc .\CortexM3\ARM_GCC_493\Debug\pitch.o
 .debug_frame   0x00000518      0x15c .\CortexM3\ARM_GCC_493\Debug\hbird.o
 .debug_frame   0x00000674       0x84 .\CortexM3\ARM_GCC_493\Debug\Cm3Start.o
 .debug_frame   0x000006f8       0x54 .\CortexM3\ARM_GCC_493\Debug\Hummingbird(Continuous Output).a(cyfitter_cfg.o)
 .debug_frame   0x0000074c      0x21c .\CortexM3\ARM_GCC_493\Debug\Hummingbird(Continuous Output).a(USB.o)
 .debug_frame   0x00000968      0x1f0 .\CortexM3\ARM_GCC_493\Debug\Hummingbird(Continuous Output).a(USB_drv.o)
 .debug_frame   0x00000b58       0x50 .\CortexM3\ARM_GCC_493\Debug\Hummingbird(Continuous Output).a(USB_episr.o)
 .debug_frame   0x00000ba8      0x2e0 .\CortexM3\ARM_GCC_493\Debug\Hummingbird(Continuous Output).a(USB_std.o)
 .debug_frame   0x00000e88       0x20 .\CortexM3\ARM_GCC_493\Debug\Hummingbird(Continuous Output).a(USB_vnd.o)
 .debug_frame   0x00000ea8      0x254 .\CortexM3\ARM_GCC_493\Debug\Hummingbird(Continuous Output).a(USB_midi.o)
 .debug_frame   0x000010fc      0x264 .\CortexM3\ARM_GCC_493\Debug\Hummingbird(Continuous Output).a(CyDmac.o)
 .debug_frame   0x00001360      0x570 .\CortexM3\ARM_GCC_493\Debug\Hummingbird(Continuous Output).a(CyLib.o)
 .debug_frame   0x000018d0      0x1e8 .\CortexM3\ARM_GCC_493\Debug\Hummingbird(Continuous Output).a(cyPm.o)
 .debug_frame   0x00001ab8      0x110 .\CortexM3\ARM_GCC_493\Debug\Hummingbird(Continuous Output).a(isr_1.o)
 .debug_frame   0x00001bc8      0x110 .\CortexM3\ARM_GCC_493\Debug\Hummingbird(Continuous Output).a(UI_isr.o)
 .debug_frame   0x00001cd8       0xa4 .\CortexM3\ARM_GCC_493\Debug\Hummingbird(Continuous Output).a(I2C_CharLCD.o)
 .debug_frame   0x00001d7c       0x38 .\CortexM3\ARM_GCC_493\Debug\Hummingbird(Continuous Output).a(I2C_CharLCD_INT.o)
 .debug_frame   0x00001db4       0x94 .\CortexM3\ARM_GCC_493\Debug\Hummingbird(Continuous Output).a(I2C_CharLCD_PM.o)
 .debug_frame   0x00001e48      0x21c .\CortexM3\ARM_GCC_493\Debug\Hummingbird(Continuous Output).a(I2C_CharLCD_MASTER.o)
 .debug_frame   0x00002064      0x1b8 .\CortexM3\ARM_GCC_493\Debug\Hummingbird(Continuous Output).a(CharLCD_I2C.o)
 .debug_frame   0x0000221c      0x1b4 .\CortexM3\ARM_GCC_493\Debug\Hummingbird(Continuous Output).a(ADC_MIC.o)
 .debug_frame   0x000023d0       0x20 .\CortexM3\ARM_GCC_493\Debug\Hummingbird(Continuous Output).a(ADC_MIC_INT.o)
 .debug_frame   0x000023f0      0x118 .\CortexM3\ARM_GCC_493\Debug\Hummingbird(Continuous Output).a(TIMER_SAMPLERATE.o)
 .debug_frame   0x00002508      0x180 .\CortexM3\ARM_GCC_493\Debug\Hummingbird(Continuous Output).a(ADC_UI.o)
 .debug_frame   0x00002688       0x20 .\CortexM3\ARM_GCC_493\Debug\Hummingbird(Continuous Output).a(ADC_UI_INT.o)
 .debug_frame   0x000026a8      0x118 .\CortexM3\ARM_GCC_493\Debug\Hummingbird(Continuous Output).a(TIMER_UI.o)
 .debug_frame   0x000027c0       0xec .\CortexM3\ARM_GCC_493\Debug\Hummingbird(Continuous Output).a(ADC_MIC_theACLK.o)
 .debug_frame   0x000028ac      0x1b8 .\CortexM3\ARM_GCC_493\Debug\Hummingbird(Continuous Output).a(ADC_UI_SAR.o)
 .debug_frame   0x00002a64       0x4c .\CortexM3\ARM_GCC_493\Debug\Hummingbird(Continuous Output).a(ADC_UI_TempBuf_dma.o)
 .debug_frame   0x00002ab0       0x48 .\CortexM3\ARM_GCC_493\Debug\Hummingbird(Continuous Output).a(ADC_UI_FinalBuf_dma.o)
 .debug_frame   0x00002af8      0x110 .\CortexM3\ARM_GCC_493\Debug\Hummingbird(Continuous Output).a(ADC_UI_IRQ.o)
 .debug_frame   0x00002c08      0x1c8 .\CortexM3\ARM_GCC_493\Debug\Hummingbird(Continuous Output).a(UART_MIDITX.o)
 .debug_frame   0x00002dd0      0x330 .\CortexM3\ARM_GCC_493\Debug\Hummingbird(Continuous Output).a(MIDI1_UART.o)
 .debug_frame   0x00003100      0x330 .\CortexM3\ARM_GCC_493\Debug\Hummingbird(Continuous Output).a(MIDI2_UART.o)
 .debug_frame   0x00003430       0x20 .\CortexM3\ARM_GCC_493\Debug\Hummingbird(Continuous Output).a(USB_cls.o)
 .debug_frame   0x00003450      0x184 .\CortexM3\ARM_GCC_493\Debug\Hummingbird(Continuous Output).a(CyFlash.o)
 .debug_frame   0x000035d4      0x1a8 .\CortexM3\ARM_GCC_493\Debug\Hummingbird(Continuous Output).a(CySpc.o)
 .debug_frame   0x0000377c       0x20 .\CortexM3\ARM_GCC_493\Debug\Hummingbird(Continuous Output).a(cyutils.o)
 .debug_frame   0x0000379c       0x7c .\CortexM3\ARM_GCC_493\Debug\Hummingbird(Continuous Output).a(MIDI1_UART_INT.o)
 .debug_frame   0x00003818       0x7c .\CortexM3\ARM_GCC_493\Debug\Hummingbird(Continuous Output).a(MIDI2_UART_INT.o)
 .debug_frame   0x00003894       0x20 .\CortexM3\ARM_GCC_493\Debug\Hummingbird(Continuous Output).a(USB_audio.o)
 .debug_frame   0x000038b4       0x38 c:/program files (x86)/cypress/psoc creator/4.0/psoc creator/import/gnu/arm/4.9.3/bin/../lib/gcc/arm-none-eabi/4.9.3/../../../../arm-none-eabi/lib/armv7-m\libm.a(lib_a-s_cos.o)
 .debug_frame   0x000038ec       0x30 c:/program files (x86)/cypress/psoc creator/4.0/psoc creator/import/gnu/arm/4.9.3/bin/../lib/gcc/arm-none-eabi/4.9.3/../../../../arm-none-eabi/lib/armv7-m\libm.a(lib_a-s_round.o)
 .debug_frame   0x0000391c       0x38 c:/program files (x86)/cypress/psoc creator/4.0/psoc creator/import/gnu/arm/4.9.3/bin/../lib/gcc/arm-none-eabi/4.9.3/../../../../arm-none-eabi/lib/armv7-m\libm.a(lib_a-s_sin.o)
 .debug_frame   0x00003954       0x40 c:/program files (x86)/cypress/psoc creator/4.0/psoc creator/import/gnu/arm/4.9.3/bin/../lib/gcc/arm-none-eabi/4.9.3/../../../../arm-none-eabi/lib/armv7-m\libm.a(lib_a-w_log.o)
 .debug_frame   0x00003994       0x44 c:/program files (x86)/cypress/psoc creator/4.0/psoc creator/import/gnu/arm/4.9.3/bin/../lib/gcc/arm-none-eabi/4.9.3/../../../../arm-none-eabi/lib/armv7-m\libm.a(lib_a-w_pow.o)
 .debug_frame   0x000039d8       0x54 c:/program files (x86)/cypress/psoc creator/4.0/psoc creator/import/gnu/arm/4.9.3/bin/../lib/gcc/arm-none-eabi/4.9.3/../../../../arm-none-eabi/lib/armv7-m\libm.a(lib_a-e_log.o)
 .debug_frame   0x00003a2c       0x64 c:/program files (x86)/cypress/psoc creator/4.0/psoc creator/import/gnu/arm/4.9.3/bin/../lib/gcc/arm-none-eabi/4.9.3/../../../../arm-none-eabi/lib/armv7-m\libm.a(lib_a-e_pow.o)
 .debug_frame   0x00003a90       0x48 c:/program files (x86)/cypress/psoc creator/4.0/psoc creator/import/gnu/arm/4.9.3/bin/../lib/gcc/arm-none-eabi/4.9.3/../../../../arm-none-eabi/lib/armv7-m\libm.a(lib_a-e_rem_pio2.o)
 .debug_frame   0x00003ad8       0x30 c:/program files (x86)/cypress/psoc creator/4.0/psoc creator/import/gnu/arm/4.9.3/bin/../lib/gcc/arm-none-eabi/4.9.3/../../../../arm-none-eabi/lib/armv7-m\libm.a(lib_a-e_sqrt.o)
 .debug_frame   0x00003b08       0x4c c:/program files (x86)/cypress/psoc creator/4.0/psoc creator/import/gnu/arm/4.9.3/bin/../lib/gcc/arm-none-eabi/4.9.3/../../../../arm-none-eabi/lib/armv7-m\libm.a(lib_a-k_cos.o)
 .debug_frame   0x00003b54       0x54 c:/program files (x86)/cypress/psoc creator/4.0/psoc creator/import/gnu/arm/4.9.3/bin/../lib/gcc/arm-none-eabi/4.9.3/../../../../arm-none-eabi/lib/armv7-m\libm.a(lib_a-k_rem_pio2.o)
 .debug_frame   0x00003ba8       0x48 c:/program files (x86)/cypress/psoc creator/4.0/psoc creator/import/gnu/arm/4.9.3/bin/../lib/gcc/arm-none-eabi/4.9.3/../../../../arm-none-eabi/lib/armv7-m\libm.a(lib_a-k_sin.o)
 .debug_frame   0x00003bf0       0x20 c:/program files (x86)/cypress/psoc creator/4.0/psoc creator/import/gnu/arm/4.9.3/bin/../lib/gcc/arm-none-eabi/4.9.3/../../../../arm-none-eabi/lib/armv7-m\libm.a(lib_a-s_fabs.o)
 .debug_frame   0x00003c10       0x20 c:/program files (x86)/cypress/psoc creator/4.0/psoc creator/import/gnu/arm/4.9.3/bin/../lib/gcc/arm-none-eabi/4.9.3/../../../../arm-none-eabi/lib/armv7-m\libm.a(lib_a-s_finite.o)
 .debug_frame   0x00003c30       0x34 c:/program files (x86)/cypress/psoc creator/4.0/psoc creator/import/gnu/arm/4.9.3/bin/../lib/gcc/arm-none-eabi/4.9.3/../../../../arm-none-eabi/lib/armv7-m\libm.a(lib_a-s_floor.o)
 .debug_frame   0x00003c64       0x34 c:/program files (x86)/cypress/psoc creator/4.0/psoc creator/import/gnu/arm/4.9.3/bin/../lib/gcc/arm-none-eabi/4.9.3/../../../../arm-none-eabi/lib/armv7-m\libm.a(lib_a-s_fpclassify.o)
 .debug_frame   0x00003c98       0x20 c:/program files (x86)/cypress/psoc creator/4.0/psoc creator/import/gnu/arm/4.9.3/bin/../lib/gcc/arm-none-eabi/4.9.3/../../../../arm-none-eabi/lib/armv7-m\libm.a(lib_a-s_matherr.o)
 .debug_frame   0x00003cb8       0x20 c:/program files (x86)/cypress/psoc creator/4.0/psoc creator/import/gnu/arm/4.9.3/bin/../lib/gcc/arm-none-eabi/4.9.3/../../../../arm-none-eabi/lib/armv7-m\libm.a(lib_a-s_nan.o)
 .debug_frame   0x00003cd8       0x3c c:/program files (x86)/cypress/psoc creator/4.0/psoc creator/import/gnu/arm/4.9.3/bin/../lib/gcc/arm-none-eabi/4.9.3/../../../../arm-none-eabi/lib/armv7-m\libm.a(lib_a-s_rint.o)
 .debug_frame   0x00003d14       0x30 c:/program files (x86)/cypress/psoc creator/4.0/psoc creator/import/gnu/arm/4.9.3/bin/../lib/gcc/arm-none-eabi/4.9.3/../../../../arm-none-eabi/lib/armv7-m\libm.a(lib_a-s_scalbn.o)
 .debug_frame   0x00003d44       0x20 c:/program files (x86)/cypress/psoc creator/4.0/psoc creator/import/gnu/arm/4.9.3/bin/../lib/gcc/arm-none-eabi/4.9.3/../../../../arm-none-eabi/lib/armv7-m\libm.a(lib_a-s_copysign.o)
 .debug_frame   0x00003d64       0x28 c:/program files (x86)/cypress/psoc creator/4.0/psoc creator/import/gnu/arm/4.9.3/bin/../lib/gcc/arm-none-eabi/4.9.3/armv7-m\libgcc.a(_aeabi_ldivmod.o)
 .debug_frame   0x00003d8c       0x54 c:/program files (x86)/cypress/psoc creator/4.0/psoc creator/import/gnu/arm/4.9.3/bin/../lib/gcc/arm-none-eabi/4.9.3/armv7-m\libgcc.a(bpabi.o)
 .debug_frame   0x00003de0       0x34 c:/program files (x86)/cypress/psoc creator/4.0/psoc creator/import/gnu/arm/4.9.3/bin/../lib/gcc/arm-none-eabi/4.9.3/armv7-m\libgcc.a(_divdi3.o)