Archive member included because of file (symbol)

.\CortexM3\ARM_GCC_493\Debug\Hummingbird(Continuous Output).a(cyfitter_cfg.o)
                              .\CortexM3\ARM_GCC_493\Debug\Cm3Start.o (cyfitter_cfg)
.\CortexM3\ARM_GCC_493\Debug\Hummingbird(Continuous Output).a(USB.o)
                              .\CortexM3\ARM_GCC_493\Debug\main.o (USB_Start)
.\CortexM3\ARM_GCC_493\Debug\Hummingbird(Continuous Output).a(USB_drv.o)
                              .\CortexM3\ARM_GCC_493\Debug\Hummingbird(Continuous Output).a(USB.o) (USB_lastPacketSize)
.\CortexM3\ARM_GCC_493\Debug\Hummingbird(Continuous Output).a(USB_episr.o)
                              .\CortexM3\ARM_GCC_493\Debug\Hummingbird(Continuous Output).a(USB.o) (USB_EP_1_ISR)
.\CortexM3\ARM_GCC_493\Debug\Hummingbird(Continuous Output).a(USB_std.o)
                              .\CortexM3\ARM_GCC_493\Debug\Hummingbird(Continuous Output).a(USB_drv.o) (USB_HandleStandardRqst)
.\CortexM3\ARM_GCC_493\Debug\Hummingbird(Continuous Output).a(USB_vnd.o)
                              .\CortexM3\ARM_GCC_493\Debug\Hummingbird(Continuous Output).a(USB_drv.o) (USB_HandleVendorRqst)
.\CortexM3\ARM_GCC_493\Debug\Hummingbird(Continuous Output).a(USB_midi.o)
                              .\CortexM3\ARM_GCC_493\Debug\Hummingbird(Continuous Output).a(USB_std.o) (USB_midi_in_ep)
.\CortexM3\ARM_GCC_493\Debug\Hummingbird(Continuous Output).a(CyDmac.o)
                              .\CortexM3\ARM_GCC_493\Debug\Cm3Start.o (CyDmacConfigure)
.\CortexM3\ARM_GCC_493\Debug\Hummingbird(Continuous Output).a(CyLib.o)
                              .\CortexM3\ARM_GCC_493\Debug\main.o (CyDelay)
.\CortexM3\ARM_GCC_493\Debug\Hummingbird(Continuous Output).a(cyPm.o)
                              .\CortexM3\ARM_GCC_493\Debug\Hummingbird(Continuous Output).a(CyLib.o) (CyPmReadStatus)
.\CortexM3\ARM_GCC_493\Debug\Hummingbird(Continuous Output).a(isr_1.o)
                              .\CortexM3\ARM_GCC_493\Debug\main.o (isr_1_StartEx)
.\CortexM3\ARM_GCC_493\Debug\Hummingbird(Continuous Output).a(UI_isr.o)
                              .\CortexM3\ARM_GCC_493\Debug\main.o (UI_isr_StartEx)
.\CortexM3\ARM_GCC_493\Debug\Hummingbird(Continuous Output).a(I2C_CharLCD.o)
                              .\CortexM3\ARM_GCC_493\Debug\main.o (I2C_CharLCD_Start)
.\CortexM3\ARM_GCC_493\Debug\Hummingbird(Continuous Output).a(I2C_CharLCD_INT.o)
                              .\CortexM3\ARM_GCC_493\Debug\Hummingbird(Continuous Output).a(I2C_CharLCD.o) (I2C_CharLCD_ISR)
.\CortexM3\ARM_GCC_493\Debug\Hummingbird(Continuous Output).a(I2C_CharLCD_PM.o)
                              .\CortexM3\ARM_GCC_493\Debug\Hummingbird(Continuous Output).a(I2C_CharLCD.o) (I2C_CharLCD_backup)
.\CortexM3\ARM_GCC_493\Debug\Hummingbird(Continuous Output).a(I2C_CharLCD_MASTER.o)
                              .\CortexM3\ARM_GCC_493\Debug\Hummingbird(Continuous Output).a(I2C_CharLCD.o) (I2C_CharLCD_mstrStatus)
.\CortexM3\ARM_GCC_493\Debug\Hummingbird(Continuous Output).a(CharLCD_I2C.o)
                              .\CortexM3\ARM_GCC_493\Debug\main.o (CharLCD_PrintString)
.\CortexM3\ARM_GCC_493\Debug\Hummingbird(Continuous Output).a(ADC_MIC.o)
                              .\CortexM3\ARM_GCC_493\Debug\main.o (ADC_MIC_Start)
.\CortexM3\ARM_GCC_493\Debug\Hummingbird(Continuous Output).a(ADC_MIC_INT.o)
                              .\CortexM3\ARM_GCC_493\Debug\Hummingbird(Continuous Output).a(ADC_MIC.o) (ADC_MIC_ISR)
.\CortexM3\ARM_GCC_493\Debug\Hummingbird(Continuous Output).a(TIMER_SAMPLERATE.o)
                              .\CortexM3\ARM_GCC_493\Debug\main.o (TIMER_SAMPLERATE_Start)
.\CortexM3\ARM_GCC_493\Debug\Hummingbird(Continuous Output).a(ADC_UI.o)
                              .\CortexM3\ARM_GCC_493\Debug\main.o (ADC_UI_Start)
.\CortexM3\ARM_GCC_493\Debug\Hummingbird(Continuous Output).a(ADC_UI_INT.o)
                              .\CortexM3\ARM_GCC_493\Debug\Hummingbird(Continuous Output).a(ADC_UI.o) (ADC_UI_ISR)
.\CortexM3\ARM_GCC_493\Debug\Hummingbird(Continuous Output).a(TIMER_UI.o)
                              .\CortexM3\ARM_GCC_493\Debug\main.o (TIMER_UI_Start)
.\CortexM3\ARM_GCC_493\Debug\Hummingbird(Continuous Output).a(ADC_MIC_theACLK.o)
                              .\CortexM3\ARM_GCC_493\Debug\Hummingbird(Continuous Output).a(ADC_MIC.o) (ADC_MIC_theACLK_SetModeRegister)
.\CortexM3\ARM_GCC_493\Debug\Hummingbird(Continuous Output).a(ADC_UI_SAR.o)
                              .\CortexM3\ARM_GCC_493\Debug\Hummingbird(Continuous Output).a(ADC_UI.o) (ADC_UI_SAR_Stop)
.\CortexM3\ARM_GCC_493\Debug\Hummingbird(Continuous Output).a(ADC_UI_TempBuf_dma.o)
                              .\CortexM3\ARM_GCC_493\Debug\Hummingbird(Continuous Output).a(ADC_UI.o) (ADC_UI_TempBuf_DmaInitialize)
.\CortexM3\ARM_GCC_493\Debug\Hummingbird(Continuous Output).a(ADC_UI_FinalBuf_dma.o)
                              .\CortexM3\ARM_GCC_493\Debug\Hummingbird(Continuous Output).a(ADC_UI.o) (ADC_UI_FinalBuf_DmaInitialize)
[...]
Memory Configuration

Name             Origin             Length             Attributes
rom              0x00000000         0x00040000         xr
ram              0x1fff8000         0x00010000         xrw
*default*        0x00000000         0xffffffff

Linker script and memory map

LOAD c:/program files (x86)/cypress/psoc creator/4.0/psoc creator/import/gnu/arm/4.9.3/bin/../lib/gcc/arm-none-eabi/4.9.3/armv7-m/crti.o
LOAD c:/program files (x86)/cypress/psoc creator/4.0/psoc creator/import/gnu/arm/4.9.3/bin/../lib/gcc/arm-none-eabi/4.9.3/armv7-m/crtbegin.o
LOAD c:/program files (x86)/cypress/psoc creator/4.0/psoc creator/import/gnu/arm/4.9.3/bin/../lib/gcc/arm-none-eabi/4.9.3/../../../../arm-none-eabi/lib/armv7-m/crt0.o
START GROUP
LOAD .\CortexM3\ARM_GCC_493\Debug\main.o
LOAD .\CortexM3\ARM_GCC_493\Debug\fft.o
LOAD .\CortexM3\ARM_GCC_493\Debug\midi.o
LOAD .\CortexM3\ARM_GCC_493\Debug\pitch.o
LOAD .\CortexM3\ARM_GCC_493\Debug\hbird.o
LOAD .\CortexM3\ARM_GCC_493\Debug\cymetadata.o
LOAD .\CortexM3\ARM_GCC_493\Debug\Cm3Start.o
LOAD .\CortexM3\ARM_GCC_493\Debug\Hummingbird(Continuous Output).a
LOAD C:\Program Files (x86)\Cypress\PSoC Creator\4.0\PSoC Creator\psoc\content\cycomponentlibrary\CyComponentLibrary.cylib\CortexM3\ARM_GCC_493\Debug\CyComponentLibrary.a
LOAD c:/program files (x86)/cypress/psoc creator/4.0/psoc creator/import/gnu/arm/4.9.3/bin/../lib/gcc/arm-none-eabi/4.9.3/../../../../arm-none-eabi/lib/armv7-m\libm.a
END GROUP
START GROUP
LOAD c:/program files (x86)/cypress/psoc creator/4.0/psoc creator/import/gnu/arm/4.9.3/bin/../lib/gcc/arm-none-eabi/4.9.3/armv7-m\libgcc.a
LOAD c:/program files (x86)/cypress/psoc creator/4.0/psoc creator/import/gnu/arm/4.9.3/bin/../lib/gcc/arm-none-eabi/4.9.3/../../../../arm-none-eabi/lib/armv7-m\libg_nano.a
LOAD c:/program files (x86)/cypress/psoc creator/4.0/psoc creator/import/gnu/arm/4.9.3/bin/../lib/gcc/arm-none-eabi/4.9.3/../../../../arm-none-eabi/lib/armv7-m\libc_nano.a
END GROUP
START GROUP
LOAD c:/program files (x86)/cypress/psoc creator/4.0/psoc creator/import/gnu/arm/4.9.3/bin/../lib/gcc/arm-none-eabi/4.9.3/armv7-m\libgcc.a
LOAD c:/program files (x86)/cypress/psoc creator/4.0/psoc creator/import/gnu/arm/4.9.3/bin/../lib/gcc/arm-none-eabi/4.9.3/../../../../arm-none-eabi/lib/armv7-m\libc_nano.a
END GROUP
LOAD c:/program files (x86)/cypress/psoc creator/4.0/psoc creator/import/gnu/arm/4.9.3/bin/../lib/gcc/arm-none-eabi/4.9.3/armv7-m/crtend.o
LOAD c:/program files (x86)/cypress/psoc creator/4.0/psoc creator/import/gnu/arm/4.9.3/bin/../lib/gcc/arm-none-eabi/4.9.3/armv7-m/crtn.o
START GROUP
LOAD c:/program files (x86)/cypress/psoc creator/4.0/psoc creator/import/gnu/arm/4.9.3/bin/../lib/gcc/arm-none-eabi/4.9.3/armv7-m\libgcc.a
LOAD c:/program files (x86)/cypress/psoc creator/4.0/psoc creator/import/gnu/arm/4.9.3/bin/../lib/gcc/arm-none-eabi/4.9.3/../../../../arm-none-eabi/lib/armv7-m\libc.a
LOAD c:/program files (x86)/cypress/psoc creator/4.0/psoc creator/import/gnu/arm/4.9.3/bin/../lib/gcc/arm-none-eabi/4.9.3/../../../../arm-none-eabi/lib/armv7-m\libnosys.a
END GROUP
                0x00000000                CY_APPL_ORIGIN = 0x0
                0x00000100                CY_FLASH_ROW_SIZE = 0x100
                0x00000020                CY_ECC_ROW_SIZE = 0x20
                0x00000000                CY_EE_IN_BTLDR = 0x0
                0x00000000                CY_APPL_LOADABLE = 0x0
                0x00000800                CY_EE_SIZE = 0x800
                0x00000001                CY_APPL_NUM = 0x1
                0x00000001                CY_APPL_MAX = 0x1
                0x00000040                CY_METADATA_SIZE = 0x40
                0x1fffa078                PROVIDE (__cy_heap_start, _end)
                0x00000001                PROVIDE (__cy_region_num, ((__cy_regions_end - __cy_regions) / 0x10))
                0x20008000                PROVIDE (__cy_stack, (ORIGIN (ram) + 0x10000))
                0x20007800                PROVIDE (__cy_heap_end, (__cy_stack - 0x800))

.cybootloader   0x00000000        0x0
 *(.cybootloader)
                0x00000000                appl1_start = CY_APPL_ORIGIN?CY_APPL_ORIGIN:ALIGN (CY_FLASH_ROW_SIZE)
                0x0001ff00                appl2_start = (appl1_start + ALIGN ((((0x40000 - appl1_start) - (0x2 * CY_FLASH_ROW_SIZE)) / 0x2), CY_FLASH_ROW_SIZE))
                0x00000000                appl_start = (CY_APPL_NUM == 0x1)?appl1_start:appl2_start
                0x00000000                ecc_offset = ((appl_start / CY_FLASH_ROW_SIZE) * CY_ECC_ROW_SIZE)
                0x00000000                ee_offset = (CY_APPL_LOADABLE && ! (CY_EE_IN_BTLDR))?((CY_EE_SIZE / CY_APPL_MAX) * (CY_APPL_NUM - 0x1)):0x0
                0x00000800                ee_size = (CY_APPL_LOADABLE && ! (CY_EE_IN_BTLDR))?(CY_EE_SIZE / CY_APPL_MAX):CY_EE_SIZE
                0x00000000                PROVIDE (CY_ECC_OFFSET, ecc_offset)

.text           0x00000000     0x8044
 CREATE_OBJECT_SYMBOLS
                0x00000000                PROVIDE (__cy_interrupt_vector, RomVectors)
 *(.romvectors)
 .romvectors    0x00000000       0x10 .\CortexM3\ARM_GCC_493\Debug\Cm3Start.o
                0x00000000                RomVectors
                0x00000001                ASSERT ((. != __cy_interrupt_vector), No interrupt vector)
                0x00000001                ASSERT (CY_APPL_ORIGIN?(SIZEOF (.cybootloader) <= CY_APPL_ORIGIN):0x1, Wrong image location)
                0x00000010                PROVIDE (__cy_reset, Reset)
 *(.text.Reset)
 .text.Reset    0x00000010       0x18 .\CortexM3\ARM_GCC_493\Debug\Cm3Start.o
                0x00000010                Reset
                0x00000001                ASSERT ((. != __cy_reset), No reset code)
 *(.dma_init)
                0x00000001                ASSERT ((((appl_start + .) <= 0x10000) || 0x1), DMA Init must be within the first 64k of flash)
 *(.text .text.* .gnu.linkonce.t.*)
 .text          0x00000028       0x5c c:/program files (x86)/cypress/psoc creator/4.0/psoc creator/import/gnu/arm/4.9.3/bin/../lib/gcc/arm-none-eabi/4.9.3/armv7-m/crtbegin.o
 .text.TunerISR
                0x00000084       0x18 .\CortexM3\ARM_GCC_493\Debug\main.o
                0x00000084                TunerISR
 .text.UserInterfaceISR
                0x0000009c      0x140 .\CortexM3\ARM_GCC_493\Debug\main.o
                0x0000009c                UserInterfaceISR
 .text.GetSample
                0x000001dc       0x80 .\CortexM3\ARM_GCC_493\Debug\main.o
                0x000001dc                GetSample
 .text.startup.main
                0x0000025c      0x3f0 .\CortexM3\ARM_GCC_493\Debug\main.o
                0x0000025c                main
 .text.memdup   0x0000064c       0x1c .\CortexM3\ARM_GCC_493\Debug\fft.o
 .text.fft_init
                0x00000668       0x78 .\CortexM3\ARM_GCC_493\Debug\fft.o
                0x00000668                fft_init
 .text.transform_radix2
                0x000006e0      0x1b4 .\CortexM3\ARM_GCC_493\Debug\fft.o
                0x000006e0                transform_radix2
 .text.transform_bluestein
                0x00000894      0x2c4 .\CortexM3\ARM_GCC_493\Debug\fft.o
                0x00000894                transform_bluestein
 .text.transform.part.1
                0x00000b58       0x18 .\CortexM3\ARM_GCC_493\Debug\fft.o
 .text.transform
                0x00000b70       0x18 .\CortexM3\ARM_GCC_493\Debug\fft.o
                0x00000b70                transform
 .text.inverse_transform
                0x00000b88       0x18 .\CortexM3\ARM_GCC_493\Debug\fft.o
                0x00000b88                inverse_transform
 .text.convolve_complex.part.0
                0x00000ba0      0x184 .\CortexM3\ARM_GCC_493\Debug\fft.o
 .text.populate_midi_array
                0x00000d24       0x48 .\CortexM3\ARM_GCC_493\Debug\midi.o
                0x00000d24                populate_midi_array
 .text.midi_note_changed
                0x00000d6c       0xc4 .\CortexM3\ARM_GCC_493\Debug\midi.o
                0x00000d6c                midi_note_changed
 .text.midi_note_basename
                0x00000e30      0x190 .\CortexM3\ARM_GCC_493\Debug\midi.o
                0x00000e30                midi_note_basename
 .text.midi_note_truename
                0x00000fc0      0x200 .\CortexM3\ARM_GCC_493\Debug\midi.o
                0x00000fc0                midi_note_truename
 .text.NoteSnap
                0x000011c0      0x6a8 .\CortexM3\ARM_GCC_493\Debug\midi.o
                0x000011c0                NoteSnap
 .text.pitch_init
                0x00001868       0x14 .\CortexM3\ARM_GCC_493\Debug\pitch.o
                0x00001868                pitch_init
 .text.pitch_auto_fft
                0x0000187c       0xe0 .\CortexM3\ARM_GCC_493\Debug\pitch.o
                0x0000187c                pitch_auto_fft
 .text.map      0x0000195c       0x1c .\CortexM3\ARM_GCC_493\Debug\hbird.o
                0x0000195c                map
 .text.UpdateScaleLCD
                0x00001978       0xac .\CortexM3\ARM_GCC_493\Debug\hbird.o
                0x00001978                UpdateScaleLCD
 *fill*         0x00001a24        0x4 
 .text.UpdateTuner
                0x00001a28      0x2d0 .\CortexM3\ARM_GCC_493\Debug\hbird.o
                0x00001a28                UpdateTuner
 .text.UpdateKeyLCD
                0x00001cf8       0x48 .\CortexM3\ARM_GCC_493\Debug\hbird.o
                0x00001cf8                UpdateKeyLCD
 .text.initDisplay
                0x00001d40       0xc0 .\CortexM3\ARM_GCC_493\Debug\hbird.o
                0x00001d40                initDisplay
 .text.IntDefaultHandler
                0x00001e00        0x4 .\CortexM3\ARM_GCC_493\Debug\Cm3Start.o
                0x00001e00                IntDefaultHandler
 .text.Start_c  0x00001e04       0x60 .\CortexM3\ARM_GCC_493\Debug\Cm3Start.o
                0x00001e04                Start_c
 .text.startup.initialize_psoc
                0x00001e64       0x78 .\CortexM3\ARM_GCC_493\Debug\Cm3Start.o
                0x00001e64                initialize_psoc
 .text.cyfitter_cfg
                0x00001edc      0x364 .\CortexM3\ARM_GCC_493\Debug\Hummingbird(Continuous Output).a(cyfitter_cfg.o)
                0x00001edc                cyfitter_cfg
 .text.USB_Init
                0x00002240      0x124 .\CortexM3\ARM_GCC_493\Debug\Hummingbird(Continuous Output).a(USB.o)
                0x00002240                USB_Init
 .text.USB_InitComponent
                0x00002364       0xb8 .\CortexM3\ARM_GCC_493\Debug\Hummingbird(Continuous Output).a(USB.o)
                0x00002364                USB_InitComponent
 .text.USB_Start
                0x0000241c       0x28 .\CortexM3\ARM_GCC_493\Debug\Hummingbird(Continuous Output).a(USB.o)
                0x0000241c                USB_Start
 .text.USB_ReInitComponent
                0x00002444       0x68 .\CortexM3\ARM_GCC_493\Debug\Hummingbird(Continuous Output).a(USB.o)
                0x00002444                USB_ReInitComponent
 .text.USB_HandleSetup
                0x000024ac       0x7c .\CortexM3\ARM_GCC_493\Debug\Hummingbird(Continuous Output).a(USB_drv.o)
                0x000024ac                USB_HandleSetup
 .text.USB_LoadEP0
                0x00002528       0xa8 .\CortexM3\ARM_GCC_493\Debug\Hummingbird(Continuous Output).a(USB_drv.o)
                0x00002528                USB_LoadEP0
 .text.USB_InitControlRead
                0x000025d0       0x8c .\CortexM3\ARM_GCC_493\Debug\Hummingbird(Continuous Output).a(USB_drv.o)
                0x000025d0                USB_InitControlRead
 .text.USB_ControlReadStatusStage
                0x0000265c       0x4c .\CortexM3\ARM_GCC_493\Debug\Hummingbird(Continuous Output).a(USB_drv.o)
                0x0000265c                USB_ControlReadStatusStage
 .text.USB_ControlWriteDataStage
                0x000026a8       0x8c .\CortexM3\ARM_GCC_493\Debug\Hummingbird(Continuous Output).a(USB_drv.o)
                0x000026a8                USB_ControlWriteDataStage
 .text.USB_HandleOUT
                0x00002734       0x4c .\CortexM3\ARM_GCC_493\Debug\Hummingbird(Continuous Output).a(USB_drv.o)
                0x00002734                USB_HandleOUT
 .text.USB_InitNoDataControlTransfer
                0x00002780       0x30 .\CortexM3\ARM_GCC_493\Debug\Hummingbird(Continuous Output).a(USB_drv.o)
                0x00002780                USB_InitNoDataControlTransfer
 .text.USB_NoDataControlStatusStage
                0x000027b0       0x60 .\CortexM3\ARM_GCC_493\Debug\Hummingbird(Continuous Output).a(USB_drv.o)
                0x000027b0                USB_NoDataControlStatusStage
 .text.USB_HandleIN
                0x00002810       0x5c .\CortexM3\ARM_GCC_493\Debug\Hummingbird(Continuous Output).a(USB_drv.o)
                0x00002810                USB_HandleIN
 .text.USB_EP_0_ISR
                0x0000286c       0x8c .\CortexM3\ARM_GCC_493\Debug\Hummingbird(Continuous Output).a(USB_drv.o)
                0x0000286c                USB_EP_0_ISR
 .text.USB_EP_1_ISR
                0x000028f8       0x34 .\CortexM3\ARM_GCC_493\Debug\Hummingbird(Continuous Output).a(USB_episr.o)
                0x000028f8                USB_EP_1_ISR
 .text.USB_EP_2_ISR
                0x0000292c       0x34 .\CortexM3\ARM_GCC_493\Debug\Hummingbird(Continuous Output).a(USB_episr.o)
                0x0000292c                USB_EP_2_ISR
 .text.USB_SOF_ISR
                0x00002960        0x4 .\CortexM3\ARM_GCC_493\Debug\Hummingbird(Continuous Output).a(USB_episr.o)
                0x00002960                USB_SOF_ISR
 .text.USB_BUS_RESET_ISR
                0x00002964        0x4 .\CortexM3\ARM_GCC_493\Debug\Hummingbird(Continuous Output).a(USB_episr.o)
                0x00002964                USB_BUS_RESET_ISR
 .text.USB_ConfigAltChanged.part.0
                0x00002968      0x1bc .\CortexM3\ARM_GCC_493\Debug\Hummingbird(Continuous Output).a(USB_std.o)
 .text.USB_ReadDieID
                0x00002b24       0x54 .\CortexM3\ARM_GCC_493\Debug\Hummingbird(Continuous Output).a(USB_std.o)
                0x00002b24                USB_ReadDieID
 .text.USB_ConfigReg
                0x00002b78       0x98 .\CortexM3\ARM_GCC_493\Debug\Hummingbird(Continuous Output).a(USB_std.o)
                0x00002b78                USB_ConfigReg
 .text.USB_GetInterfaceClassTablePtr
                0x00002c10       0x44 .\CortexM3\ARM_GCC_493\Debug\Hummingbird(Continuous Output).a(USB_std.o)
                0x00002c10                USB_GetInterfaceClassTablePtr
 .text.USB_Config
                0x00002c54      0x1e4 .\CortexM3\ARM_GCC_493\Debug\Hummingbird(Continuous Output).a(USB_std.o)
                0x00002c54                USB_Config
 .text.USB_SetEndpointHalt
                0x00002e38       0x58 .\CortexM3\ARM_GCC_493\Debug\Hummingbird(Continuous Output).a(USB_std.o)
                0x00002e38                USB_SetEndpointHalt
 .text.USB_ClearEndpointHalt
                0x00002e90       0x84 .\CortexM3\ARM_GCC_493\Debug\Hummingbird(Continuous Output).a(USB_std.o)
                0x00002e90                USB_ClearEndpointHalt
 .text.USB_ValidateAlternateSetting
                0x00002f14       0x74 .\CortexM3\ARM_GCC_493\Debug\Hummingbird(Continuous Output).a(USB_std.o)
                0x00002f14                USB_ValidateAlternateSetting
 .text.USB_HandleStandardRqst
                0x00002f88      0x364 .\CortexM3\ARM_GCC_493\Debug\Hummingbird(Continuous Output).a(USB_std.o)
                0x00002f88                USB_HandleStandardRqst
 .text.USB_HandleVendorRqst
                0x000032ec       0x34 .\CortexM3\ARM_GCC_493\Debug\Hummingbird(Continuous Output).a(USB_vnd.o)
                0x000032ec                USB_HandleVendorRqst
 .text.CyDmacConfigure
                0x00003320       0x34 .\CortexM3\ARM_GCC_493\Debug\Hummingbird(Continuous Output).a(CyDmac.o)
                0x00003320                CyDmacConfigure
 .text.CyDmaChEnable
                0x00003354       0x3c .\CortexM3\ARM_GCC_493\Debug\Hummingbird(Continuous Output).a(CyDmac.o)
                0x00003354                CyDmaChEnable
 .text.CyDmaClearPendingDrq
                0x00003390       0x30 .\CortexM3\ARM_GCC_493\Debug\Hummingbird(Continuous Output).a(CyDmac.o)
                0x00003390                CyDmaClearPendingDrq
 .text.CyDmaChPriority
                0x000033c0       0x24 .\CortexM3\ARM_GCC_493\Debug\Hummingbird(Continuous Output).a(CyDmac.o)
                0x000033c0                CyDmaChPriority
 .text.CyDmaChSetExtendedAddress
                0x000033e4       0x30 .\CortexM3\ARM_GCC_493\Debug\Hummingbird(Continuous Output).a(CyDmac.o)
                0x000033e4                CyDmaChSetExtendedAddress
 .text.CyDmaChSetInitialTd
                0x00003414       0x18 .\CortexM3\ARM_GCC_493\Debug\Hummingbird(Continuous Output).a(CyDmac.o)
                0x00003414                CyDmaChSetInitialTd
 .text.CyDmaChSetConfiguration
                0x0000342c       0x48 .\CortexM3\ARM_GCC_493\Debug\Hummingbird(Continuous Output).a(CyDmac.o)
                0x0000342c                CyDmaChSetConfiguration
 .text.CyDmaTdAllocate
                0x00003474       0x38 .\CortexM3\ARM_GCC_493\Debug\Hummingbird(Continuous Output).a(CyDmac.o)
                0x00003474                CyDmaTdAllocate
 .text.CyDmaTdSetConfiguration
                0x000034ac       0x30 .\CortexM3\ARM_GCC_493\Debug\Hummingbird(Continuous Output).a(CyDmac.o)
                0x000034ac                CyDmaTdSetConfiguration
 .text.CyDmaTdSetAddress
                0x000034dc       0x1c .\CortexM3\ARM_GCC_493\Debug\Hummingbird(Continuous Output).a(CyDmac.o)
                0x000034dc                CyDmaTdSetAddress
 .text.CyHalt   0x000034f8        0x4 .\CortexM3\ARM_GCC_493\Debug\Hummingbird(Continuous Output).a(CyLib.o)
                0x000034f8                CyHalt
 .text.CyDelay  0x000034fc       0x48 .\CortexM3\ARM_GCC_493\Debug\Hummingbird(Continuous Output).a(CyLib.o)
                0x000034fc                CyDelay
 .text.CyDelayUs
                0x00003544       0x10 .\CortexM3\ARM_GCC_493\Debug\Hummingbird(Continuous Output).a(CyLib.o)
                0x00003544                CyDelayUs
 .text.CyIntSetVector
                0x00003554       0x20 .\CortexM3\ARM_GCC_493\Debug\Hummingbird(Continuous Output).a(CyLib.o)
                0x00003554                CyIntSetVector
 .text.CyIntSetPriority
                0x00003574       0x20 .\CortexM3\ARM_GCC_493\Debug\Hummingbird(Continuous Output).a(CyLib.o)
                0x00003574                CyIntSetPriority
 .text.isr_1_StartEx
                0x00003594       0x30 .\CortexM3\ARM_GCC_493\Debug\Hummingbird(Continuous Output).a(isr_1.o)
                0x00003594                isr_1_StartEx
 .text.UI_isr_StartEx
                0x000035c4       0x2c .\CortexM3\ARM_GCC_493\Debug\Hummingbird(Continuous Output).a(UI_isr.o)
                0x000035c4                UI_isr_StartEx
 .text.I2C_CharLCD_Init
                0x000035f0       0x8c .\CortexM3\ARM_GCC_493\Debug\Hummingbird(Continuous Output).a(I2C_CharLCD.o)
                0x000035f0                I2C_CharLCD_Init
 .text.I2C_CharLCD_Enable
                0x0000367c       0x2c .\CortexM3\ARM_GCC_493\Debug\Hummingbird(Continuous Output).a(I2C_CharLCD.o)
                0x0000367c                I2C_CharLCD_Enable
 .text.I2C_CharLCD_Start
                0x000036a8       0x28 .\CortexM3\ARM_GCC_493\Debug\Hummingbird(Continuous Output).a(I2C_CharLCD.o)
                0x000036a8                I2C_CharLCD_Start
 .text.I2C_CharLCD_ISR
                0x000036d0      0x250 .\CortexM3\ARM_GCC_493\Debug\Hummingbird(Continuous Output).a(I2C_CharLCD_INT.o)
                0x000036d0                I2C_CharLCD_ISR
 .text.I2C_CharLCD_MasterWriteBuf
                0x00003920       0xc4 .\CortexM3\ARM_GCC_493\Debug\Hummingbird(Continuous Output).a(I2C_CharLCD_MASTER.o)
                0x00003920                I2C_CharLCD_MasterWriteBuf
 .text.CharLCD_WriteData
                0x000039e4       0x44 .\CortexM3\ARM_GCC_493\Debug\Hummingbird(Continuous Output).a(CharLCD_I2C.o)
                0x000039e4                CharLCD_WriteData
 .text.CharLCD_PrintString
                0x00003a28       0x1c .\CortexM3\ARM_GCC_493\Debug\Hummingbird(Continuous Output).a(CharLCD_I2C.o)
                0x00003a28                CharLCD_PrintString
 .text.CharLCD_WriteControl
                0x00003a44       0x44 .\CortexM3\ARM_GCC_493\Debug\Hummingbird(Continuous Output).a(CharLCD_I2C.o)
                0x00003a44                CharLCD_WriteControl
 .text.CharLCD_Position
                0x00003a88       0x34 .\CortexM3\ARM_GCC_493\Debug\Hummingbird(Continuous Output).a(CharLCD_I2C.o)
                0x00003a88                CharLCD_Position
 .text.CharLCD_WrtCntrlUpNib
                0x00003abc       0x30 .\CortexM3\ARM_GCC_493\Debug\Hummingbird(Continuous Output).a(CharLCD_I2C.o)
                0x00003abc                CharLCD_WrtCntrlUpNib
 .text.CharLCD_Init
                0x00003aec       0x6c .\CortexM3\ARM_GCC_493\Debug\Hummingbird(Continuous Output).a(CharLCD_I2C.o)
                0x00003aec                CharLCD_Init
 .text.CharLCD_Start
                0x00003b58       0x20 .\CortexM3\ARM_GCC_493\Debug\Hummingbird(Continuous Output).a(CharLCD_I2C.o)
                0x00003b58                CharLCD_Start
 .text.CharLCD_PrintNumber
                0x00003b78       0xb8 .\CortexM3\ARM_GCC_493\Debug\Hummingbird(Continuous Output).a(CharLCD_I2C.o)
                0x00003b78                CharLCD_PrintNumber
 .text.ADC_MIC_Enable
                0x00003c30       0xa0 .\CortexM3\ARM_GCC_493\Debug\Hummingbird(Continuous Output).a(ADC_MIC.o)
                0x00003c30                ADC_MIC_Enable
 .text.ADC_MIC_SetResolution
                0x00003cd0       0x88 .\CortexM3\ARM_GCC_493\Debug\Hummingbird(Continuous Output).a(ADC_MIC.o)
                0x00003cd0                ADC_MIC_SetResolution
 .text.ADC_MIC_Init
                0x00003d58       0x3c .\CortexM3\ARM_GCC_493\Debug\Hummingbird(Continuous Output).a(ADC_MIC.o)
                0x00003d58                ADC_MIC_Init
 .text.ADC_MIC_Start
                0x00003d94       0x1c .\CortexM3\ARM_GCC_493\Debug\Hummingbird(Continuous Output).a(ADC_MIC.o)
                0x00003d94                ADC_MIC_Start
 .text.ADC_MIC_StartConvert
                0x00003db0       0x10 .\CortexM3\ARM_GCC_493\Debug\Hummingbird(Continuous Output).a(ADC_MIC.o)
                0x00003db0                ADC_MIC_StartConvert
 .text.ADC_MIC_IsEndConversion
                0x00003dc0       0x28 .\CortexM3\ARM_GCC_493\Debug\Hummingbird(Continuous Output).a(ADC_MIC.o)
                0x00003dc0                ADC_MIC_IsEndConversion
 .text.ADC_MIC_GetResult16
                0x00003de8       0x18 .\CortexM3\ARM_GCC_493\Debug\Hummingbird(Continuous Output).a(ADC_MIC.o)
                0x00003de8                ADC_MIC_GetResult16
 .text.ADC_MIC_ISR
                0x00003e00        0x4 .\CortexM3\ARM_GCC_493\Debug\Hummingbird(Continuous Output).a(ADC_MIC_INT.o)
                0x00003e00                ADC_MIC_ISR
 .text.TIMER_SAMPLERATE_Init
                0x00003e04       0x5c .\CortexM3\ARM_GCC_493\Debug\Hummingbird(Continuous Output).a(TIMER_SAMPLERATE.o)
                0x00003e04                TIMER_SAMPLERATE_Init
 .text.TIMER_SAMPLERATE_Start
                0x00003e60       0x24 .\CortexM3\ARM_GCC_493\Debug\Hummingbird(Continuous Output).a(TIMER_SAMPLERATE.o)
                0x00003e60                TIMER_SAMPLERATE_Start
 .text.ADC_UI_Init
                0x00003e84       0x40 .\CortexM3\ARM_GCC_493\Debug\Hummingbird(Continuous Output).a(ADC_UI.o)
                0x00003e84                ADC_UI_Init
 .text.ADC_UI_Enable
                0x00003ec4       0xc8 .\CortexM3\ARM_GCC_493\Debug\Hummingbird(Continuous Output).a(ADC_UI.o)
                0x00003ec4                ADC_UI_Enable
 .text.ADC_UI_Start
                0x00003f8c       0x28 .\CortexM3\ARM_GCC_493\Debug\Hummingbird(Continuous Output).a(ADC_UI.o)
                0x00003f8c                ADC_UI_Start
 .text.ADC_UI_StartConvert
                0x00003fb4       0x10 .\CortexM3\ARM_GCC_493\Debug\Hummingbird(Continuous Output).a(ADC_UI.o)
                0x00003fb4                ADC_UI_StartConvert
 .text.ADC_UI_StopConvert
                0x00003fc4        0x4 .\CortexM3\ARM_GCC_493\Debug\Hummingbird(Continuous Output).a(ADC_UI.o)
                0x00003fc4                ADC_UI_StopConvert
 .text.ADC_UI_IsEndConversion
                0x00003fc8       0x18 .\CortexM3\ARM_GCC_493\Debug\Hummingbird(Continuous Output).a(ADC_UI.o)
                0x00003fc8                ADC_UI_IsEndConversion
 .text.ADC_UI_GetResult16
                0x00003fe0       0x1c .\CortexM3\ARM_GCC_493\Debug\Hummingbird(Continuous Output).a(ADC_UI.o)
                0x00003fe0                ADC_UI_GetResult16
 .text.ADC_UI_ISR
                0x00003ffc        0x4 .\CortexM3\ARM_GCC_493\Debug\Hummingbird(Continuous Output).a(ADC_UI_INT.o)
                0x00003ffc                ADC_UI_ISR
 .text.TIMER_UI_Init
                0x00004000       0x5c .\CortexM3\ARM_GCC_493\Debug\Hummingbird(Continuous Output).a(TIMER_UI.o)
                0x00004000                TIMER_UI_Init
 .text.TIMER_UI_Start
                0x0000405c       0x24 .\CortexM3\ARM_GCC_493\Debug\Hummingbird(Continuous Output).a(TIMER_UI.o)
                0x0000405c                TIMER_UI_Start
 .text.ADC_MIC_theACLK_SetModeRegister
                0x00004080       0x14 .\CortexM3\ARM_GCC_493\Debug\Hummingbird(Continuous Output).a(ADC_MIC_theACLK.o)
                0x00004080                ADC_MIC_theACLK_SetModeRegister
 .text.ADC_UI_SAR_Enable
                0x00004094       0x84 .\CortexM3\ARM_GCC_493\Debug\Hummingbird(Continuous Output).a(ADC_UI_SAR.o)
                0x00004094                ADC_UI_SAR_Enable
 .text.ADC_UI_SAR_SetResolution
                0x00004118       0x78 .\CortexM3\ARM_GCC_493\Debug\Hummingbird(Continuous Output).a(ADC_UI_SAR.o)
                0x00004118                ADC_UI_SAR_SetResolution
 .text.ADC_UI_SAR_Start
                0x00004190       0x34 .\CortexM3\ARM_GCC_493\Debug\Hummingbird(Continuous Output).a(ADC_UI_SAR.o)
                0x00004190                ADC_UI_SAR_Start
 .text.ADC_UI_SAR_StopConvert
                0x000041c4       0x18 .\CortexM3\ARM_GCC_493\Debug\Hummingbird(Continuous Output).a(ADC_UI_SAR.o)
                0x000041c4                ADC_UI_SAR_StopConvert
 .text.ADC_UI_TempBuf_DmaInitialize
                0x000041dc       0x44 .\CortexM3\ARM_GCC_493\Debug\Hummingbird(Continuous Output).a(ADC_UI_TempBuf_dma.o)
                0x000041dc                ADC_UI_TempBuf_DmaInitialize
 .text.ADC_UI_FinalBuf_DmaInitialize
                0x00004220       0x3c .\CortexM3\ARM_GCC_493\Debug\Hummingbird(Continuous Output).a(ADC_UI_FinalBuf_dma.o)
                0x00004220                ADC_UI_FinalBuf_DmaInitialize
 .text.ADC_UI_IRQ_SetVector
                0x0000425c        0xc .\CortexM3\ARM_GCC_493\Debug\Hummingbird(Continuous Output).a(ADC_UI_IRQ.o)
                0x0000425c                ADC_UI_IRQ_SetVector
 .text.ADC_UI_IRQ_SetPriority
                0x00004268       0x10 .\CortexM3\ARM_GCC_493\Debug\Hummingbird(Continuous Output).a(ADC_UI_IRQ.o)
                0x00004268                ADC_UI_IRQ_SetPriority
 .text.UART_MIDITX_Enable
                0x00004278       0x1c .\CortexM3\ARM_GCC_493\Debug\Hummingbird(Continuous Output).a(UART_MIDITX.o)
                0x00004278                UART_MIDITX_Enable
 .text.UART_MIDITX_Start
                0x00004294       0x38 .\CortexM3\ARM_GCC_493\Debug\Hummingbird(Continuous Output).a(UART_MIDITX.o)
                0x00004294                UART_MIDITX_Start
 .text.UART_MIDITX_PutChar
                0x000042cc       0x18 .\CortexM3\ARM_GCC_493\Debug\Hummingbird(Continuous Output).a(UART_MIDITX.o)
                0x000042cc                UART_MIDITX_PutChar
 .text.tuner_isr_StartEx
                0x000042e4       0x30 .\CortexM3\ARM_GCC_493\Debug\Hummingbird(Continuous Output).a(tuner_isr.o)
                0x000042e4                tuner_isr_StartEx
 *fill*         0x00004314        0x4 
 .text          0x00004318       0x20 .\CortexM3\ARM_GCC_493\Debug\Hummingbird(Continuous Output).a(CyBootAsmGnu.o)
                0x00004318                CyDelayCycles
                0x00004328                CyEnterCriticalSection
                0x00004330                CyExitCriticalSection
 .text.USB_DispatchClassRqst
                0x00004338       0x60 .\CortexM3\ARM_GCC_493\Debug\Hummingbird(Continuous Output).a(USB_cls.o)
                0x00004338                USB_DispatchClassRqst
 .text.CySetReg24
                0x00004398       0x14 .\CortexM3\ARM_GCC_493\Debug\Hummingbird(Continuous Output).a(cyutils.o)
                0x00004398                CySetReg24
 .text.USB_DispatchAUDIOClassRqst
                0x000043ac       0x34 .\CortexM3\ARM_GCC_493\Debug\Hummingbird(Continuous Output).a(USB_audio.o)
                0x000043ac                USB_DispatchAUDIOClassRqst
 .text.cos      0x000043e0       0x90 c:/program files (x86)/cypress/psoc creator/4.0/psoc creator/import/gnu/arm/4.9.3/bin/../lib/gcc/arm-none-eabi/4.9.3/../../../../arm-none-eabi/lib/armv7-m\libm.a(lib_a-s_cos.o)
                0x000043e0                cos
 .text.sin      0x00004470       0x94 c:/program files (x86)/cypress/psoc creator/4.0/psoc creator/import/gnu/arm/4.9.3/bin/../lib/gcc/arm-none-eabi/4.9.3/../../../../arm-none-eabi/lib/armv7-m\libm.a(lib_a-s_sin.o)
                0x00004470                sin
 .text.pow      0x00004504      0x2f0 c:/program files (x86)/cypress/psoc creator/4.0/psoc creator/import/gnu/arm/4.9.3/bin/../lib/gcc/arm-none-eabi/4.9.3/../../../../arm-none-eabi/lib/armv7-m\libm.a(lib_a-w_pow.o)
                0x00004504                pow
 *fill*         0x000047f4        0x4 
 .text.__ieee754_pow
                0x000047f8      0xaa0 c:/program files (x86)/cypress/psoc creator/4.0/psoc creator/import/gnu/arm/4.9.3/bin/../lib/gcc/arm-none-eabi/4.9.3/../../../../arm-none-eabi/lib/armv7-m\libm.a(lib_a-e_pow.o)
                0x000047f8                __ieee754_pow
 .text.__ieee754_rem_pio2
                0x00005298      0x428 c:/program files (x86)/cypress/psoc creator/4.0/psoc creator/import/gnu/arm/4.9.3/bin/../lib/gcc/arm-none-eabi/4.9.3/../../../../arm-none-eabi/lib/armv7-m\libm.a(lib_a-e_rem_pio2.o)
                0x00005298                __ieee754_rem_pio2
 .text.__ieee754_sqrt
                0x000056c0      0x18c c:/program files (x86)/cypress/psoc creator/4.0/psoc creator/import/gnu/arm/4.9.3/bin/../lib/gcc/arm-none-eabi/4.9.3/../../../../arm-none-eabi/lib/armv7-m\libm.a(lib_a-e_sqrt.o)
                0x000056c0                __ieee754_sqrt
 *fill*         0x0000584c        0x4 
 .text.__kernel_cos
                0x00005850      0x248 c:/program files (x86)/cypress/psoc creator/4.0/psoc creator/import/gnu/arm/4.9.3/bin/../lib/gcc/arm-none-eabi/4.9.3/../../../../arm-none-eabi/lib/armv7-m\libm.a(lib_a-k_cos.o)
                0x00005850                __kernel_cos
 .text.__kernel_rem_pio2
                0x00005a98      0x808 c:/program files (x86)/cypress/psoc creator/4.0/psoc creator/import/gnu/arm/4.9.3/bin/../lib/gcc/arm-none-eabi/4.9.3/../../../../arm-none-eabi/lib/armv7-m\libm.a(lib_a-k_rem_pio2.o)
                0x00005a98                __kernel_rem_pio2
 .text.__kernel_sin
                0x000062a0      0x170 c:/program files (x86)/cypress/psoc creator/4.0/psoc creator/import/gnu/arm/4.9.3/bin/../lib/gcc/arm-none-eabi/4.9.3/../../../../arm-none-eabi/lib/armv7-m\libm.a(lib_a-k_sin.o)
                0x000062a0                __kernel_sin
 .text.fabs     0x00006410        0x8 c:/program files (x86)/cypress/psoc creator/4.0/psoc creator/import/gnu/arm/4.9.3/bin/../lib/gcc/arm-none-eabi/4.9.3/../../../../arm-none-eabi/lib/armv7-m\libm.a(lib_a-s_fabs.o)
                0x00006410                fabs
 .text.finite   0x00006418        0xc c:/program files (x86)/cypress/psoc creator/4.0/psoc creator/import/gnu/arm/4.9.3/bin/../lib/gcc/arm-none-eabi/4.9.3/../../../../arm-none-eabi/lib/armv7-m\libm.a(lib_a-s_finite.o)
                0x00006418                finite
 *fill*         0x00006424        0x4 
 .text.floor    0x00006428      0x118 c:/program files (x86)/cypress/psoc creator/4.0/psoc creator/import/gnu/arm/4.9.3/bin/../lib/gcc/arm-none-eabi/4.9.3/../../../../arm-none-eabi/lib/armv7-m\libm.a(lib_a-s_floor.o)
                0x00006428                floor
 .text.__fpclassifyd
                0x00006540       0x58 c:/program files (x86)/cypress/psoc creator/4.0/psoc creator/import/gnu/arm/4.9.3/bin/../lib/gcc/arm-none-eabi/4.9.3/../../../../arm-none-eabi/lib/armv7-m\libm.a(lib_a-s_fpclassify.o)
                0x00006540                __fpclassifyd
 .text.matherr  0x00006598        0x4 c:/program files (x86)/cypress/psoc creator/4.0/psoc creator/import/gnu/arm/4.9.3/bin/../lib/gcc/arm-none-eabi/4.9.3/../../../../arm-none-eabi/lib/armv7-m\libm.a(lib_a-s_matherr.o)
                0x00006598                matherr
 .text.nan      0x0000659c        0xc c:/program files (x86)/cypress/psoc creator/4.0/psoc creator/import/gnu/arm/4.9.3/bin/../lib/gcc/arm-none-eabi/4.9.3/../../../../arm-none-eabi/lib/armv7-m\libm.a(lib_a-s_nan.o)
                0x0000659c                nan
 .text.rint     0x000065a8      0x11c c:/program files (x86)/cypress/psoc creator/4.0/psoc creator/import/gnu/arm/4.9.3/bin/../lib/gcc/arm-none-eabi/4.9.3/../../../../arm-none-eabi/lib/armv7-m\libm.a(lib_a-s_rint.o)
                0x000065a8                rint
 *fill*         0x000066c4        0x4 
 .text.scalbn   0x000066c8       0xf0 c:/program files (x86)/cypress/psoc creator/4.0/psoc creator/import/gnu/arm/4.9.3/bin/../lib/gcc/arm-none-eabi/4.9.3/../../../../arm-none-eabi/lib/armv7-m\libm.a(lib_a-s_scalbn.o)
                0x000066c8                scalbn
 .text.copysign
                0x000067b8       0x10 c:/program files (x86)/cypress/psoc creator/4.0/psoc creator/import/gnu/arm/4.9.3/bin/../lib/gcc/arm-none-eabi/4.9.3/../../../../arm-none-eabi/lib/armv7-m\libm.a(lib_a-s_copysign.o)
                0x000067b8                copysign
 .text          0x000067c8      0x370 c:/program files (x86)/cypress/psoc creator/4.0/psoc creator/import/gnu/arm/4.9.3/bin/../lib/gcc/arm-none-eabi/4.9.3/armv7-m\libgcc.a(_arm_addsubdf3.o)
                0x000067c8                __aeabi_drsub
                0x000067d0                __aeabi_dsub
                0x000067d0                __subdf3
                0x000067d4                __aeabi_dadd
                0x000067d4                __adddf3
                0x00006a4c                __floatunsidf
                0x00006a4c                __aeabi_ui2d
                0x00006a6c                __floatsidf
                0x00006a6c                __aeabi_i2d
                0x00006a90                __aeabi_f2d
                0x00006a90                __extendsfdf2
                0x00006acc                __floatundidf
                0x00006acc                __aeabi_ul2d
                0x00006adc                __floatdidf
                0x00006adc                __aeabi_l2d
 .text          0x00006b38      0x424 c:/program files (x86)/cypress/psoc creator/4.0/psoc creator/import/gnu/arm/4.9.3/bin/../lib/gcc/arm-none-eabi/4.9.3/armv7-m\libgcc.a(_arm_muldivdf3.o)
                0x00006b38                __aeabi_dmul
                0x00006b38                __muldf3
                0x00006d8c                __divdf3
                0x00006d8c                __aeabi_ddiv
 .text          0x00006f5c      0x110 c:/program files (x86)/cypress/psoc creator/4.0/psoc creator/import/gnu/arm/4.9.3/bin/../lib/gcc/arm-none-eabi/4.9.3/armv7-m\libgcc.a(_arm_cmpdf2.o)
                0x00006f5c                __gtdf2
                0x00006f5c                __gedf2
                0x00006f64                __ltdf2
                0x00006f64                __ledf2
                0x00006f6c                __nedf2
                0x00006f6c                __eqdf2
                0x00006f6c                __cmpdf2
                0x00006fe8                __aeabi_cdrcmple
                0x00006ff8                __aeabi_cdcmpeq
                0x00006ff8                __aeabi_cdcmple
                0x00007008                __aeabi_dcmpeq
                0x0000701c                __aeabi_dcmplt
                0x00007030                __aeabi_dcmple
                0x00007044                __aeabi_dcmpge
                0x00007058                __aeabi_dcmpgt
 .text          0x0000706c       0x50 c:/program files (x86)/cypress/psoc creator/4.0/psoc creator/import/gnu/arm/4.9.3/bin/../lib/gcc/arm-none-eabi/4.9.3/armv7-m\libgcc.a(_arm_fixdfsi.o)
                0x0000706c                __aeabi_d2iz
                0x0000706c                __fixdfsi
 .text          0x000070bc       0xa0 c:/program files (x86)/cypress/psoc creator/4.0/psoc creator/import/gnu/arm/4.9.3/bin/../lib/gcc/arm-none-eabi/4.9.3/armv7-m\libgcc.a(_arm_truncdfsf2.o)
                0x000070bc                __truncdfsf2
                0x000070bc                __aeabi_d2f
 .text          0x0000715c      0x21c c:/program files (x86)/cypress/psoc creator/4.0/psoc creator/import/gnu/arm/4.9.3/bin/../lib/gcc/arm-none-eabi/4.9.3/armv7-m\libgcc.a(_arm_addsubsf3.o)
                0x0000715c                __aeabi_frsub
                0x00007164                __subsf3
                0x00007164                __aeabi_fsub
                0x00007168                __aeabi_fadd
                0x00007168                __addsf3
                0x000072c8                __aeabi_ui2f
                0x000072c8                __floatunsisf
                0x000072d0                __aeabi_i2f
                0x000072d0                __floatsisf
                0x000072ec                __aeabi_ul2f
                0x000072ec                __floatundisf
                0x000072fc                __aeabi_l2f
                0x000072fc                __floatdisf
 .text          0x00007378      0x2a0 c:/program files (x86)/cypress/psoc creator/4.0/psoc creator/import/gnu/arm/4.9.3/bin/../lib/gcc/arm-none-eabi/4.9.3/armv7-m\libgcc.a(_arm_muldivsf3.o)
                0x00007378                __mulsf3
                0x00007378                __aeabi_fmul
                0x000074e0                __aeabi_fdiv
                0x000074e0                __divsf3
 .text          0x00007618       0xec c:/program files (x86)/cypress/psoc creator/4.0/psoc creator/import/gnu/arm/4.9.3/bin/../lib/gcc/arm-none-eabi/4.9.3/armv7-m\libgcc.a(_arm_cmpsf2.o)
                0x00007618                __gesf2
                0x00007618                __gtsf2
                0x00007620                __lesf2
                0x00007620                __ltsf2
                0x00007628                __nesf2
                0x00007628                __eqsf2
                0x00007628                __cmpsf2
                0x00007688                __aeabi_cfrcmple
                0x00007690                __aeabi_cfcmpeq
                0x00007690                __aeabi_cfcmple
                0x000076a0                __aeabi_fcmpeq
                0x000076b4                __aeabi_fcmplt
                0x000076c8                __aeabi_fcmple
                0x000076dc                __aeabi_fcmpge
                0x000076f0                __aeabi_fcmpgt
 .text          0x00007704       0x40 c:/program files (x86)/cypress/psoc creator/4.0/psoc creator/import/gnu/arm/4.9.3/bin/../lib/gcc/arm-none-eabi/4.9.3/armv7-m\libgcc.a(_arm_fixunssfsi.o)
                0x00007704                __fixunssfsi
                0x00007704                __aeabi_f2uiz
 .text.calloc   0x00007744       0x14 c:/program files (x86)/cypress/psoc creator/4.0/psoc creator/import/gnu/arm/4.9.3/bin/../lib/gcc/arm-none-eabi/4.9.3/../../../../arm-none-eabi/lib/armv7-m\libg_nano.a(lib_a-calloc.o)
                0x00007744                calloc
 .text.__errno  0x00007758        0xc c:/program files (x86)/cypress/psoc creator/4.0/psoc creator/import/gnu/arm/4.9.3/bin/../lib/gcc/arm-none-eabi/4.9.3/../../../../arm-none-eabi/lib/armv7-m\libg_nano.a(lib_a-errno.o)
                0x00007758                __errno
 .text.__libc_init_array
                0x00007764       0x4c c:/program files (x86)/cypress/psoc creator/4.0/psoc creator/import/gnu/arm/4.9.3/bin/../lib/gcc/arm-none-eabi/4.9.3/../../../../arm-none-eabi/lib/armv7-m\libg_nano.a(lib_a-init.o)
                0x00007764                __libc_init_array
 .text.malloc   0x000077b0       0x10 c:/program files (x86)/cypress/psoc creator/4.0/psoc creator/import/gnu/arm/4.9.3/bin/../lib/gcc/arm-none-eabi/4.9.3/../../../../arm-none-eabi/lib/armv7-m\libg_nano.a(lib_a-malloc.o)
                0x000077b0                malloc
 .text.free     0x000077c0       0x10 c:/program files (x86)/cypress/psoc creator/4.0/psoc creator/import/gnu/arm/4.9.3/bin/../lib/gcc/arm-none-eabi/4.9.3/../../../../arm-none-eabi/lib/armv7-m\libg_nano.a(lib_a-malloc.o)
                0x000077c0                free
 .text.memcpy   0x000077d0       0x16 c:/program files (x86)/cypress/psoc creator/4.0/psoc creator/import/gnu/arm/4.9.3/bin/../lib/gcc/arm-none-eabi/4.9.3/../../../../arm-none-eabi/lib/armv7-m\libg_nano.a(lib_a-memcpy.o)
                0x000077d0                memcpy
 .text.memset   0x000077e6       0x10 c:/program files (x86)/cypress/psoc creator/4.0/psoc creator/import/gnu/arm/4.9.3/bin/../lib/gcc/arm-none-eabi/4.9.3/../../../../arm-none-eabi/lib/armv7-m\libg_nano.a(lib_a-memset.o)
                0x000077e6                memset
 .text._calloc_r
                0x000077f6       0x1c c:/program files (x86)/cypress/psoc creator/4.0/psoc creator/import/gnu/arm/4.9.3/bin/../lib/gcc/arm-none-eabi/4.9.3/../../../../arm-none-eabi/lib/armv7-m\libg_nano.a(lib_a-nano-callocr.o)
                0x000077f6                _calloc_r
 *fill*         0x00007812        0x2 
 .text._free_r  0x00007814       0x88 c:/program files (x86)/cypress/psoc creator/4.0/psoc creator/import/gnu/arm/4.9.3/bin/../lib/gcc/arm-none-eabi/4.9.3/../../../../arm-none-eabi/lib/armv7-m\libg_nano.a(lib_a-nano-freer.o)
                0x00007814                _free_r
 .text._malloc_r
                0x0000789c       0xac c:/program files (x86)/cypress/psoc creator/4.0/psoc creator/import/gnu/arm/4.9.3/bin/../lib/gcc/arm-none-eabi/4.9.3/../../../../arm-none-eabi/lib/armv7-m\libg_nano.a(lib_a-nano-mallocr.o)
                0x0000789c                _malloc_r
 .text._sbrk_r  0x00007948       0x20 c:/program files (x86)/cypress/psoc creator/4.0/psoc creator/import/gnu/arm/4.9.3/bin/../lib/gcc/arm-none-eabi/4.9.3/../../../../arm-none-eabi/lib/armv7-m\libg_nano.a(lib_a-sbrkr.o)
                0x00007948                _sbrk_r
 .text.sprintf  0x00007968       0x48 c:/program files (x86)/cypress/psoc creator/4.0/psoc creator/import/gnu/arm/4.9.3/bin/../lib/gcc/arm-none-eabi/4.9.3/../../../../arm-none-eabi/lib/armv7-m\libg_nano.a(lib_a-sprintf.o)
                0x00007968                siprintf
                0x00007968                sprintf
 .text.__ssputs_r
                0x000079b0       0xb2 c:/program files (x86)/cypress/psoc creator/4.0/psoc creator/import/gnu/arm/4.9.3/bin/../lib/gcc/arm-none-eabi/4.9.3/../../../../arm-none-eabi/lib/armv7-m\libg_nano.a(lib_a-nano-svfprintf.o)
                0x000079b0                __ssputs_r
 *fill*         0x00007a62        0x2 
 .text._svfprintf_r
                0x00007a64      0x1e4 c:/program files (x86)/cypress/psoc creator/4.0/psoc creator/import/gnu/arm/4.9.3/bin/../lib/gcc/arm-none-eabi/4.9.3/../../../../arm-none-eabi/lib/armv7-m\libg_nano.a(lib_a-nano-svfprintf.o)
                0x00007a64                _svfiprintf_r
                0x00007a64                _svfprintf_r
 .text._printf_common
                0x00007c48       0xea c:/program files (x86)/cypress/psoc creator/4.0/psoc creator/import/gnu/arm/4.9.3/bin/../lib/gcc/arm-none-eabi/4.9.3/../../../../arm-none-eabi/lib/armv7-m\libg_nano.a(lib_a-nano-vfprintf_i.o)
                0x00007c48                _printf_common
 *fill*         0x00007d32        0x2 
 .text._printf_i
                0x00007d34      0x240 c:/program files (x86)/cypress/psoc creator/4.0/psoc creator/import/gnu/arm/4.9.3/bin/../lib/gcc/arm-none-eabi/4.9.3/../../../../arm-none-eabi/lib/armv7-m\libg_nano.a(lib_a-nano-vfprintf_i.o)
                0x00007d34                _printf_i
 .text.memchr   0x00007f74       0x1c c:/program files (x86)/cypress/psoc creator/4.0/psoc creator/import/gnu/arm/4.9.3/bin/../lib/gcc/arm-none-eabi/4.9.3/../../../../arm-none-eabi/lib/armv7-m\libg_nano.a(lib_a-memchr.o)
                0x00007f74                memchr
 .text.memmove  0x00007f90       0x36 c:/program files (x86)/cypress/psoc creator/4.0/psoc creator/import/gnu/arm/4.9.3/bin/../lib/gcc/arm-none-eabi/4.9.3/../../../../arm-none-eabi/lib/armv7-m\libg_nano.a(lib_a-memmove.o)
                0x00007f90                memmove
 .text._realloc_r
                0x00007fc6       0x4c c:/program files (x86)/cypress/psoc creator/4.0/psoc creator/import/gnu/arm/4.9.3/bin/../lib/gcc/arm-none-eabi/4.9.3/../../../../arm-none-eabi/lib/armv7-m\libg_nano.a(lib_a-nano-reallocr.o)
                0x00007fc6                _realloc_r
 .text._malloc_usable_size_r
                0x00008012       0x14 c:/program files (x86)/cypress/psoc creator/4.0/psoc creator/import/gnu/arm/4.9.3/bin/../lib/gcc/arm-none-eabi/4.9.3/../../../../arm-none-eabi/lib/armv7-m\libg_nano.a(lib_a-nano-msizer.o)
                0x00008012                _malloc_usable_size_r
 *fill*         0x00008026        0x2 
 .text._sbrk    0x00008028       0x1c c:/program files (x86)/cypress/psoc creator/4.0/psoc creator/import/gnu/arm/4.9.3/bin/../lib/gcc/arm-none-eabi/4.9.3/../../../../arm-none-eabi/lib/armv7-m\libnosys.a(sbrk.o)
                0x00008028                _sbrk
 *(.plt)
 *(.gnu.warning)
 *(.glue_7t)
 .glue_7t       0x00000000        0x0 linker stubs
 *(.glue_7)
 .glue_7        0x00000000        0x0 linker stubs
 *(.vfp11_veneer)
 .vfp11_veneer  0x00000000        0x0 linker stubs
 *(.bootloader)
 *(.ARM.extab* .gnu.linkonce.armextab.*)
 *(.gcc_except_table)

.v4_bx          0x00008044        0x0
 .v4_bx         0x00000000        0x0 linker stubs

.iplt           0x00008044        0x0
 .iplt          0x00000000        0x0 c:/program files (x86)/cypress/psoc creator/4.0/psoc creator/import/gnu/arm/4.9.3/bin/../lib/gcc/arm-none-eabi/4.9.3/armv7-m/crtbegin.o

.eh_frame_hdr
 *(.eh_frame_hdr)

.eh_frame       0x00008044        0x4
 *(.eh_frame)
 .eh_frame      0x00008044        0x0 c:/program files (x86)/cypress/psoc creator/4.0/psoc creator/import/gnu/arm/4.9.3/bin/../lib/gcc/arm-none-eabi/4.9.3/armv7-m/crtbegin.o
 .eh_frame      0x00008044        0x4 c:/program files (x86)/cypress/psoc creator/4.0/psoc creator/import/gnu/arm/4.9.3/bin/../lib/gcc/arm-none-eabi/4.9.3/armv7-m/crtend.o
                0x00008048                PROVIDE (__exidx_start, .)

.ARM.exidx
 *(.ARM.exidx* .gnu.linkonce.armexidx.*)
                0x00008048                __exidx_end = .

.rodata         0x00008048      0x640
 *(.rodata .rodata.* .gnu.linkonce.r.*)
 .rodata.str1.4
                0x00008048       0x5f .\CortexM3\ARM_GCC_493\Debug\main.o
                                 0x68 (size before relaxing)
 *fill*         0x000080a7        0x1 
 .rodata.str1.4
                0x000080a8       0x8d .\CortexM3\ARM_GCC_493\Debug\midi.o
                                 0x94 (size before relaxing)
 *fill*         0x00008135        0x3 
 .rodata        0x00008138       0x14 .\CortexM3\ARM_GCC_493\Debug\hbird.o
                0x0000813c                MIDI_IDENTITY_REPLY
 .rodata.str1.4
                0x0000814c       0x7c .\CortexM3\ARM_GCC_493\Debug\hbird.o
                                 0xa8 (size before relaxing)
 .rodata        0x000081c8       0x30 .\CortexM3\ARM_GCC_493\Debug\Hummingbird(Continuous Output).a(cyfitter_cfg.o)
 .rodata        0x000081f8       0x14 .\CortexM3\ARM_GCC_493\Debug\Hummingbird(Continuous Output).a(USB_std.o)
 .rodata        0x0000820c      0x1ec .\CortexM3\ARM_GCC_493\Debug\Hummingbird(Continuous Output).a(USB_descr.o)
                0x0000820c                USB_MSOS_CONFIGURATION_DESCR
                0x00008234                USB_MSOS_DESCRIPTOR
                0x00008248                USB_TABLE
                0x00008250                USB_DEVICE0_TABLE
                0x00008260                USB_DEVICE0_CONFIGURATION0_TABLE
                0x00008288                USB_DEVICE0_CONFIGURATION0_INTERFACE_CLASS
                0x0000828c                USB_DEVICE0_CONFIGURATION0_EP_SETTINGS_TABLE
                0x0000829c                USB_SN_STRING_DESCRIPTOR
                0x000082a0                USB_STRING_DESCRIPTORS
                0x0000835c                USB_DEVICE0_CONFIGURATION0_DESCR
                0x000083e4                USB_DEVICE0_DESCR
 .rodata.str1.4
                0x000083f8        0x4 c:/program files (x86)/cypress/psoc creator/4.0/psoc creator/import/gnu/arm/4.9.3/bin/../lib/gcc/arm-none-eabi/4.9.3/../../../../arm-none-eabi/lib/armv7-m\libm.a(lib_a-w_pow.o)
 *fill*         0x000083fc        0x4 
 .rodata.dp_h   0x00008400       0x10 c:/program files (x86)/cypress/psoc creator/4.0/psoc creator/import/gnu/arm/4.9.3/bin/../lib/gcc/arm-none-eabi/4.9.3/../../../../arm-none-eabi/lib/armv7-m\libm.a(lib_a-e_pow.o)
 .rodata.dp_l   0x00008410       0x10 c:/program files (x86)/cypress/psoc creator/4.0/psoc creator/import/gnu/arm/4.9.3/bin/../lib/gcc/arm-none-eabi/4.9.3/../../../../arm-none-eabi/lib/armv7-m\libm.a(lib_a-e_pow.o)
 .rodata.bp     0x00008420       0x10 c:/program files (x86)/cypress/psoc creator/4.0/psoc creator/import/gnu/arm/4.9.3/bin/../lib/gcc/arm-none-eabi/4.9.3/../../../../arm-none-eabi/lib/armv7-m\libm.a(lib_a-e_pow.o)
 .rodata.str1.4
                0x00000000        0x4 c:/program files (x86)/cypress/psoc creator/4.0/psoc creator/import/gnu/arm/4.9.3/bin/../lib/gcc/arm-none-eabi/4.9.3/../../../../arm-none-eabi/lib/armv7-m\libm.a(lib_a-e_pow.o)
 .rodata.npio2_hw
                0x00008430       0x80 c:/program files (x86)/cypress/psoc creator/4.0/psoc creator/import/gnu/arm/4.9.3/bin/../lib/gcc/arm-none-eabi/4.9.3/../../../../arm-none-eabi/lib/armv7-m\libm.a(lib_a-e_rem_pio2.o)
 .rodata.two_over_pi
                0x000084b0      0x108 c:/program files (x86)/cypress/psoc creator/4.0/psoc creator/import/gnu/arm/4.9.3/bin/../lib/gcc/arm-none-eabi/4.9.3/../../../../arm-none-eabi/lib/armv7-m\libm.a(lib_a-e_rem_pio2.o)
 .rodata.init_jk
                0x000085b8       0x10 c:/program files (x86)/cypress/psoc creator/4.0/psoc creator/import/gnu/arm/4.9.3/bin/../lib/gcc/arm-none-eabi/4.9.3/../../../../arm-none-eabi/lib/armv7-m\libm.a(lib_a-k_rem_pio2.o)
 .rodata.PIo2   0x000085c8       0x40 c:/program files (x86)/cypress/psoc creator/4.0/psoc creator/import/gnu/arm/4.9.3/bin/../lib/gcc/arm-none-eabi/4.9.3/../../../../arm-none-eabi/lib/armv7-m\libm.a(lib_a-k_rem_pio2.o)
 .rodata.TWO52  0x00008608       0x10 c:/program files (x86)/cypress/psoc creator/4.0/psoc creator/import/gnu/arm/4.9.3/bin/../lib/gcc/arm-none-eabi/4.9.3/../../../../arm-none-eabi/lib/armv7-m\libm.a(lib_a-s_rint.o)
 .rodata.str1.1
                0x00008618        0x2 c:/program files (x86)/cypress/psoc creator/4.0/psoc creator/import/gnu/arm/4.9.3/bin/../lib/gcc/arm-none-eabi/4.9.3/../../../../arm-none-eabi/lib/armv7-m\libg_nano.a(lib_a-impure.o)
 .rodata.str1.1
                0x0000861a       0x11 c:/program files (x86)/cypress/psoc creator/4.0/psoc creator/import/gnu/arm/4.9.3/bin/../lib/gcc/arm-none-eabi/4.9.3/../../../../arm-none-eabi/lib/armv7-m\libg_nano.a(lib_a-nano-svfprintf.o)
 .rodata.str1.1
                0x0000862b       0x22 c:/program files (x86)/cypress/psoc creator/4.0/psoc creator/import/gnu/arm/4.9.3/bin/../lib/gcc/arm-none-eabi/4.9.3/../../../../arm-none-eabi/lib/armv7-m\libg_nano.a(lib_a-nano-vfprintf_i.o)
                0x00008650                . = ALIGN (0x4)
 *fill*         0x0000864d        0x3 
 *(.init)
 .init          0x00008650        0x4 c:/program files (x86)/cypress/psoc creator/4.0/psoc creator/import/gnu/arm/4.9.3/bin/../lib/gcc/arm-none-eabi/4.9.3/armv7-m/crti.o
                0x00008650                _init
 .init          0x00008654        0x8 c:/program files (x86)/cypress/psoc creator/4.0/psoc creator/import/gnu/arm/4.9.3/bin/../lib/gcc/arm-none-eabi/4.9.3/armv7-m/crtn.o
                0x0000865c                . = ALIGN (0x4)
                0x0000865c                __preinit_array_start = .
 *(.preinit_array)
                0x0000865c                __preinit_array_end = .
                0x0000865c                . = ALIGN (0x4)
                0x0000865c                __init_array_start = .
 *(SORT(.init_array.*))
 *(.init_array)
 .init_array    0x0000865c        0x4 c:/program files (x86)/cypress/psoc creator/4.0/psoc creator/import/gnu/arm/4.9.3/bin/../lib/gcc/arm-none-eabi/4.9.3/armv7-m/crtbegin.o
 .init_array    0x00008660        0x4 .\CortexM3\ARM_GCC_493\Debug\Cm3Start.o
                0x00008664                __init_array_end = .
                0x00008664                . = ALIGN (0x4)
 *(.fini)
 .fini          0x00008664        0x4 c:/program files (x86)/cypress/psoc creator/4.0/psoc creator/import/gnu/arm/4.9.3/bin/../lib/gcc/arm-none-eabi/4.9.3/armv7-m/crti.o
                0x00008664                _fini
 .fini          0x00008668        0x8 c:/program files (x86)/cypress/psoc creator/4.0/psoc creator/import/gnu/arm/4.9.3/bin/../lib/gcc/arm-none-eabi/4.9.3/armv7-m/crtn.o
                0x00008670                . = ALIGN (0x4)
                0x00008670                __fini_array_start = .
 *(.fini_array)
 .fini_array    0x00008670        0x4 c:/program files (x86)/cypress/psoc creator/4.0/psoc creator/import/gnu/arm/4.9.3/bin/../lib/gcc/arm-none-eabi/4.9.3/armv7-m/crtbegin.o
 *(SORT(.fini_array.*))
                0x00008674                __fini_array_end = .
                0x00008674                . = ALIGN (0x4)
 *crtbegin.o(.ctors)
 *(EXCLUDE_FILE(*crtend.o) .ctors)
 *(SORT(.ctors.*))
 *crtend.o(.ctors)
                0x00008674                . = ALIGN (0x4)
 *crtbegin.o(.dtors)
 *(EXCLUDE_FILE(*crtend.o) .dtors)
 *(SORT(.dtors.*))
 *crtend.o(.dtors)
                0x00008674                . = ALIGN (0x4)
                0x00008674                __cy_regions = .
                0x00008674        0x4 LONG 0x8688 __cy_region_init_ram
                0x00008678        0x4 LONG 0x1fff8108 __cy_region_start_data
                0x0000867c        0x4 LONG 0x180 __cy_region_init_size_ram
                0x00008680        0x4 LONG 0x1df0 __cy_region_zero_size_ram
                0x00008684                __cy_regions_end = .
                0x00008688                . = ALIGN (0x8)
 *fill*         0x00008684        0x4 
                0x00008688                _etext = .

.ramvectors     0x1fff8000      0x100
                0x1fff8000                __cy_region_start_ram = .
 *(.ramvectors)
 .ramvectors    0x1fff8000      0x100 .\CortexM3\ARM_GCC_493\Debug\Cm3Start.o
                0x1fff8000                CyRamVectors

.noinit         0x1fff8100        0x5
 *(.noinit)
 .noinit        0x1fff8100        0x4 .\CortexM3\ARM_GCC_493\Debug\Cm3Start.o
 .noinit        0x1fff8104        0x1 .\CortexM3\ARM_GCC_493\Debug\Hummingbird(Continuous Output).a(CyLib.o)
                0x1fff8104                CyResetStatus

.data           0x1fff8108      0x180 load address 0x00008688
                0x1fff8108                __cy_region_start_data = .
 *(.jcr)
 .jcr           0x1fff8108        0x0 c:/program files (x86)/cypress/psoc creator/4.0/psoc creator/import/gnu/arm/4.9.3/bin/../lib/gcc/arm-none-eabi/4.9.3/armv7-m/crtbegin.o
 .jcr           0x1fff8108        0x4 c:/program files (x86)/cypress/psoc creator/4.0/psoc creator/import/gnu/arm/4.9.3/bin/../lib/gcc/arm-none-eabi/4.9.3/armv7-m/crtend.o
 *(.got.plt)
 *(.got)
 *(.shdata)
 *(.data .data.* .gnu.linkonce.d.*)
 .data          0x1fff810c        0xc .\CortexM3\ARM_GCC_493\Debug\main.o
                0x1fff810c                lastHyst
                0x1fff810e                lastVelo
                0x1fff8110                start
                0x1fff8114                lastNote
 .data          0x1fff8118       0xe8 .\CortexM3\ARM_GCC_493\Debug\midi.o
                0x1fff8118                scaleMajor
                0x1fff818c                scaleNatMinor
 .data          0x1fff8200        0x8 .\CortexM3\ARM_GCC_493\Debug\Hummingbird(Continuous Output).a(CyDmac.o)
 .data          0x1fff8208       0x10 .\CortexM3\ARM_GCC_493\Debug\Hummingbird(Continuous Output).a(CyLib.o)
                0x1fff8208                cydelay_freq_mhz
                0x1fff820c                cydelay_32k_ms
                0x1fff8210                cydelay_freq_khz
                0x1fff8214                cydelay_freq_hz
 .data          0x1fff8218        0x2 .\CortexM3\ARM_GCC_493\Debug\Hummingbird(Continuous Output).a(ADC_UI.o)
 .data          0x1fff821a        0x1 .\CortexM3\ARM_GCC_493\Debug\Hummingbird(Continuous Output).a(ADC_UI_TempBuf_dma.o)
                0x1fff821a                ADC_UI_TempBuf_DmaHandle
 .data          0x1fff821b        0x1 .\CortexM3\ARM_GCC_493\Debug\Hummingbird(Continuous Output).a(ADC_UI_FinalBuf_dma.o)
                0x1fff821b                ADC_UI_FinalBuf_DmaHandle
 .data.__fdlib_version
                0x1fff821c        0x1 c:/program files (x86)/cypress/psoc creator/4.0/psoc creator/import/gnu/arm/4.9.3/bin/../lib/gcc/arm-none-eabi/4.9.3/../../../../arm-none-eabi/lib/armv7-m\libm.a(lib_a-s_lib_ver.o)
                0x1fff821c                __fdlib_version
 *fill*         0x1fff821d        0x3 
 .data.impure_data
                0x1fff8220       0x60 c:/program files (x86)/cypress/psoc creator/4.0/psoc creator/import/gnu/arm/4.9.3/bin/../lib/gcc/arm-none-eabi/4.9.3/../../../../arm-none-eabi/lib/armv7-m\libg_nano.a(lib_a-impure.o)
 .data._impure_ptr
                0x1fff8280        0x4 c:/program files (x86)/cypress/psoc creator/4.0/psoc creator/import/gnu/arm/4.9.3/bin/../lib/gcc/arm-none-eabi/4.9.3/../../../../arm-none-eabi/lib/armv7-m\libg_nano.a(lib_a-impure.o)
                0x1fff8280                _impure_ptr
                0x1fff8288                . = ALIGN (0x8)
 *fill*         0x1fff8284        0x4 
 *(.ram)
                0x1fff8288                _edata = .

.igot.plt       0x1fff8288        0x0 load address 0x00008808
 .igot.plt      0x00000000        0x0 c:/program files (x86)/cypress/psoc creator/4.0/psoc creator/import/gnu/arm/4.9.3/bin/../lib/gcc/arm-none-eabi/4.9.3/armv7-m/crtbegin.o

.bss            0x1fff8288     0x1df0 load address 0x00008808
                0x1fff8288                PROVIDE (__bss_start__, .)
 *(.shbss)
 *(.bss .bss.* .gnu.linkonce.b.*)
 .bss           0x1fff8288       0x1c c:/program files (x86)/cypress/psoc creator/4.0/psoc creator/import/gnu/arm/4.9.3/bin/../lib/gcc/arm-none-eabi/4.9.3/armv7-m/crtbegin.o
 .bss           0x1fff82a4       0x44 .\CortexM3\ARM_GCC_493\Debug\main.o
                0x1fff82a4                tunerFlag
                0x1fff82a8                lastKey
                0x1fff82aa                UI_Update_Mask
                0x1fff82ac                lastScale
                0x1fff82ae                currFrame
                0x1fff82b0                frameLocked
                0x1fff82b4                max_value
                0x1fff82b8                frameIndex
                0x1fff82bc                frameReady
                0x1fff82be                frameProcessed
                0x1fff82bf                curKey
                0x1fff82c0                curScale
                0x1fff82c1                sampleFrame
                0x1fff82c4                numFrames
                0x1fff82c8                inqFlags_old
                0x1fff82c9                usbActivityCounter
                0x1fff82ca                frame2InUse
                0x1fff82cb                frame1InUse
                0x1fff82cc                i
                0x1fff82d0                sustain
                0x1fff82d1                csButtChange
                0x1fff82d2                csButtStates_old
                0x1fff82d3                csButtStates
                0x1fff82d4                noteHistory
 .bss           0x1fff82e8     0x1000 .\CortexM3\ARM_GCC_493\Debug\pitch.o
 .bss           0x1fff92e8        0x1 .\CortexM3\ARM_GCC_493\Debug\Hummingbird(Continuous Output).a(USB.o)
                0x1fff92e8                USB_initVar
 *fill*         0x1fff92e9        0x3 
 .bss           0x1fff92ec        0x4 .\CortexM3\ARM_GCC_493\Debug\Hummingbird(Continuous Output).a(USB_std.o)
 .bss           0x1fff92f0        0x1 .\CortexM3\ARM_GCC_493\Debug\Hummingbird(Continuous Output).a(I2C_CharLCD.o)
                0x1fff92f0                I2C_CharLCD_initVar
 .bss           0x1fff92f1        0x2 .\CortexM3\ARM_GCC_493\Debug\Hummingbird(Continuous Output).a(CharLCD_I2C.o)
                0x1fff92f1                CharLCD_enableState
                0x1fff92f2                CharLCD_initVar
 .bss           0x1fff92f3        0x1 .\CortexM3\ARM_GCC_493\Debug\Hummingbird(Continuous Output).a(ADC_MIC.o)
                0x1fff92f3                ADC_MIC_initVar
 .bss           0x1fff92f4        0x1 .\CortexM3\ARM_GCC_493\Debug\Hummingbird(Continuous Output).a(TIMER_SAMPLERATE.o)
                0x1fff92f4                TIMER_SAMPLERATE_initVar
 *fill*         0x1fff92f5        0x3 
 .bss           0x1fff92f8       0x10 .\CortexM3\ARM_GCC_493\Debug\Hummingbird(Continuous Output).a(ADC_UI.o)
                0x1fff9304                ADC_UI_initVar
 .bss           0x1fff9308        0x1 .\CortexM3\ARM_GCC_493\Debug\Hummingbird(Continuous Output).a(TIMER_UI.o)
                0x1fff9308                TIMER_UI_initVar
 .bss           0x1fff9309        0x1 .\CortexM3\ARM_GCC_493\Debug\Hummingbird(Continuous Output).a(ADC_UI_SAR.o)
                0x1fff9309                ADC_UI_SAR_initVar
 .bss           0x1fff930a        0x2 .\CortexM3\ARM_GCC_493\Debug\Hummingbird(Continuous Output).a(UART_MIDITX.o)
                0x1fff930a                UART_MIDITX_initVar
 .bss.__malloc_sbrk_start
                0x1fff930c        0x4 c:/program files (x86)/cypress/psoc creator/4.0/psoc creator/import/gnu/arm/4.9.3/bin/../lib/gcc/arm-none-eabi/4.9.3/../../../../arm-none-eabi/lib/armv7-m\libg_nano.a(lib_a-nano-mallocr.o)
                0x1fff930c                __malloc_sbrk_start
 .bss.__malloc_free_list
                0x1fff9310        0x4 c:/program files (x86)/cypress/psoc creator/4.0/psoc creator/import/gnu/arm/4.9.3/bin/../lib/gcc/arm-none-eabi/4.9.3/../../../../arm-none-eabi/lib/armv7-m\libg_nano.a(lib_a-nano-mallocr.o)
                0x1fff9310                __malloc_free_list
 .bss.heap_end.4079
                0x1fff9314        0x4 c:/program files (x86)/cypress/psoc creator/4.0/psoc creator/import/gnu/arm/4.9.3/bin/../lib/gcc/arm-none-eabi/4.9.3/../../../../arm-none-eabi/lib/armv7-m\libnosys.a(sbrk.o)
 *(COMMON)
 COMMON         0x1fff9318      0xc20 .\CortexM3\ARM_GCC_493\Debug\main.o
                0x1fff9318                midiMsg
                0x1fff931c                ADCoutput
                0x1fff9320                LCDstr
                0x1fff9330                noteTable
                0x1fff9730                pitchHz
                0x1fff9734                tempHyst
                0x1fff9738                dataFrames
 COMMON         0x1fff9f38       0x98 .\CortexM3\ARM_GCC_493\Debug\Hummingbird(Continuous Output).a(USB_drv.o)
                0x1fff9f38                USB_transferState
                0x1fff9f39                USB_interfaceNumber
                0x1fff9f3a                USB_lastPacketSize
                0x1fff9f3c                USB_interfaceClass
                0x1fff9f40                USB_interfaceSetting
                0x1fff9f42                USB_ep0Mode
                0x1fff9f43                USB_device
                0x1fff9f44                USB_deviceAddress
                0x1fff9f45                USB_ep0Toggle
                0x1fff9f46                USB_configurationChanged
                0x1fff9f48                USB_interfaceStatus
                0x1fff9f4a                USB_transferByteCount
                0x1fff9f4c                USB_configuration
                0x1fff9f50                USB_interfaceSetting_last
                0x1fff9f54                USB_currentTD
                0x1fff9f60                USB_ep0Count
                0x1fff9f61                USB_deviceStatus
                0x1fff9f64                USB_EP
 COMMON         0x1fff9fd0       0x48 .\CortexM3\ARM_GCC_493\Debug\Hummingbird(Continuous Output).a(USB_midi.o)
                0x1fff9fd0                USB_midiOutBuffer
                0x1fff9ff0                USB_MIDI1_InqFlags
                0x1fff9ff1                USB_midi_in_ep
                0x1fff9ff2                USB_midiInPointer
                0x1fff9ff3                USB_MIDI2_InqFlags
                0x1fff9ff4                USB_midi_out_ep
                0x1fff9ff8                USB_midiInBuffer
 COMMON         0x1fffa018        0x1 .\CortexM3\ARM_GCC_493\Debug\Hummingbird(Continuous Output).a(I2C_CharLCD.o)
                0x1fffa018                I2C_CharLCD_state
 *fill*         0x1fffa019        0x3 
 COMMON         0x1fffa01c       0x12 .\CortexM3\ARM_GCC_493\Debug\Hummingbird(Continuous Output).a(I2C_CharLCD_MASTER.o)
                0x1fffa01c                I2C_CharLCD_mstrRdBufSize
                0x1fffa020                I2C_CharLCD_mstrRdBufPtr
                0x1fffa024                I2C_CharLCD_mstrControl
                0x1fffa025                I2C_CharLCD_mstrWrBufIndex
                0x1fffa026                I2C_CharLCD_mstrStatus
                0x1fffa028                I2C_CharLCD_mstrWrBufPtr
                0x1fffa02c                I2C_CharLCD_mstrWrBufSize
                0x1fffa02d                I2C_CharLCD_mstrRdBufIndex
 *fill*         0x1fffa02e        0x2 
 COMMON         0x1fffa030        0xa .\CortexM3\ARM_GCC_493\Debug\Hummingbird(Continuous Output).a(ADC_MIC.o)
                0x1fffa030                ADC_MIC_countsPerVolt
                0x1fffa032                ADC_MIC_shift
                0x1fffa034                ADC_MIC_countsPer10Volt
                0x1fffa038                ADC_MIC_offset
 *fill*         0x1fffa03a        0x2 
 COMMON         0x1fffa03c        0x8 .\CortexM3\ARM_GCC_493\Debug\Hummingbird(Continuous Output).a(ADC_UI.o)
                0x1fffa03c                ADC_UI_finalArray
 COMMON         0x1fffa044        0xa .\CortexM3\ARM_GCC_493\Debug\Hummingbird(Continuous Output).a(ADC_UI_SAR.o)
                0x1fffa044                ADC_UI_SAR_shift
                0x1fffa046                ADC_UI_SAR_countsPerVolt
                0x1fffa048                ADC_UI_SAR_countsPer10Volt
                0x1fffa04c                ADC_UI_SAR_offset
 *fill*         0x1fffa04e        0x2 
 COMMON         0x1fffa050       0x22 .\CortexM3\ARM_GCC_493\Debug\Hummingbird(Continuous Output).a(USB_descr.o)
                0x1fffa050                USB_idSerialNumberStringDescriptor
 *fill*         0x1fffa072        0x2 
 COMMON         0x1fffa074        0x4 c:/program files (x86)/cypress/psoc creator/4.0/psoc creator/import/gnu/arm/4.9.3/bin/../lib/gcc/arm-none-eabi/4.9.3/../../../../arm-none-eabi/lib/armv7-m\libg_nano.a(lib_a-reent.o)
                0x1fffa074                errno
                0x1fffa078                . = ALIGN (0x8)
 *(.ram.b)
                0x1fffa078                _end = .
                0x1fffa078                __end = .
                0x1fffa078                PROVIDE (end, .)
                0x1fffa078                PROVIDE (__bss_end__, .)
                0x00008688                __cy_region_init_ram = LOADADDR (.data)
                0x00000180                __cy_region_init_size_ram = (_edata - ADDR (.data))
                0x00001df0                __cy_region_zero_size_ram = (_end - _edata)

.heap           0x1fffa078       0x80 load address 0x00008808
                0x1fffa078                . = _end
                0x1fffa0f8                . = (. + 0x80)
 *fill*         0x1fffa078       0x80 
                0x1fffa0f8                __cy_heap_limit = .

.stack          0x20007800      0x800
                0x20007800                __cy_stack_limit = .
                0x20008000                . = (. + 0x800)
 *fill*         0x20007800      0x800 
                0x00000001                ASSERT ((__cy_stack_limit >= __cy_heap_limit), region RAM overflowed with stack)

.cyloadermeta
 *(.cyloadermeta)

.cyloadablemeta
 *(.cyloadablemeta)

.cyconfigecc    0x80000000      0xfe0
 *(.cyconfigecc)
 .cyconfigecc   0x80000000      0xfe0 .\CortexM3\ARM_GCC_493\Debug\cymetadata.o
                0x80000000                cy_meta_configecc

.cycustnvl      0x90000000        0x4
 *(.cycustnvl)
 .cycustnvl     0x90000000        0x4 .\CortexM3\ARM_GCC_493\Debug\cymetadata.o
                0x90000000                cy_meta_custnvl

.cywolatch      0x90100000        0x4
 *(.cywolatch)
 .cywolatch     0x90100000        0x4 .\CortexM3\ARM_GCC_493\Debug\cymetadata.o
                0x90100000                cy_meta_wonvl

.cyeeprom       0x90200000        0x0
 *(.cyeeprom)
                0x00000001                ASSERT ((. <= ((0x90200000 + ee_offset) + ee_size)), .cyeeprom data will not fit in EEPROM)

.cyflashprotect
                0x90400000      0x100
 *(.cyflashprotect)
 .cyflashprotect
                0x90400000      0x100 .\CortexM3\ARM_GCC_493\Debug\cymetadata.o
                0x90400000                cy_meta_flashprotect

.cymeta         0x90500000        0xc
 *(.cymeta)
 .cymeta        0x90500000        0xc .\CortexM3\ARM_GCC_493\Debug\cymetadata.o
                0x90500000                cy_metadata

.rel.dyn        0x00008808        0x0 load address 0x9050000c
 .rel.iplt      0x00000000        0x0 c:/program files (x86)/cypress/psoc creator/4.0/psoc creator/import/gnu/arm/4.9.3/bin/../lib/gcc/arm-none-eabi/4.9.3/armv7-m/crtbegin.o

.stab
 *(.stab)

.stabstr
 *(.stabstr)

.debug
 *(.debug)

.line
 *(.line)

.debug_srcinfo
 *(.debug_srcinfo)

.debug_sfnames
 *(.debug_sfnames)

.debug_aranges  0x00000000     0x1420
 *(.debug_aranges)
 .debug_aranges
                0x00000000       0x40 .\CortexM3\ARM_GCC_493\Debug\main.o
 .debug_aranges
                0x00000040       0x68 .\CortexM3\ARM_GCC_493\Debug\fft.o
 .debug_aranges
                0x000000a8       0x60 .\CortexM3\ARM_GCC_493\Debug\midi.o
 .debug_aranges
                0x00000108       0x40 .\CortexM3\ARM_GCC_493\Debug\pitch.o
 .debug_aranges
                0x00000148       0x50 .\CortexM3\ARM_GCC_493\Debug\hbird.o
 .debug_aranges
                0x00000198       0x18 .\CortexM3\ARM_GCC_493\Debug\cymetadata.o
 .debug_aranges
                0x000001b0       0x40 .\CortexM3\ARM_GCC_493\Debug\Cm3Start.o
 .debug_aranges
                0x000001f0       0x28 .\CortexM3\ARM_GCC_493\Debug\Hummingbird(Continuous Output).a(cyfitter_cfg.o)
 .debug_aranges
                0x00000218       0xb0 .\CortexM3\ARM_GCC_493\Debug\Hummingbird(Continuous Output).a(USB.o)
 .debug_aranges
                0x000002c8       0x98 .\CortexM3\ARM_GCC_493\Debug\Hummingbird(Continuous Output).a(USB_drv.o)
 .debug_aranges
                0x00000360       0x38 .\CortexM3\ARM_GCC_493\Debug\Hummingbird(Continuous Output).a(USB_episr.o)
 .debug_aranges
                0x00000398       0x80 .\CortexM3\ARM_GCC_493\Debug\Hummingbird(Continuous Output).a(USB_std.o)
 .debug_aranges
                0x00000418       0x20 .\CortexM3\ARM_GCC_493\Debug\Hummingbird(Continuous Output).a(USB_vnd.o)
 .debug_aranges
                0x00000438       0x78 .\CortexM3\ARM_GCC_493\Debug\Hummingbird(Continuous Output).a(USB_midi.o)
 .debug_aranges
                0x000004b0       0xd8 .\CortexM3\ARM_GCC_493\Debug\Hummingbird(Continuous Output).a(CyDmac.o)
 .debug_aranges
                0x00000588      0x208 .\CortexM3\ARM_GCC_493\Debug\Hummingbird(Continuous Output).a(CyLib.o)
 .debug_aranges
                0x00000790       0x70 .\CortexM3\ARM_GCC_493\Debug\Hummingbird(Continuous Output).a(cyPm.o)
 .debug_aranges
                0x00000800       0x80 .\CortexM3\ARM_GCC_493\Debug\Hummingbird(Continuous Output).a(isr_1.o)
 .debug_aranges
                0x00000880       0x80 .\CortexM3\ARM_GCC_493\Debug\Hummingbird(Continuous Output).a(UI_isr.o)
 .debug_aranges
                0x00000900       0x38 .\CortexM3\ARM_GCC_493\Debug\Hummingbird(Continuous Output).a(I2C_CharLCD.o)
 .debug_aranges
                0x00000938       0x20 .\CortexM3\ARM_GCC_493\Debug\Hummingbird(Continuous Output).a(I2C_CharLCD_INT.o)
 .debug_aranges
                0x00000958       0x38 .\CortexM3\ARM_GCC_493\Debug\Hummingbird(Continuous Output).a(I2C_CharLCD_PM.o)
 .debug_aranges
                0x00000990       0x80 .\CortexM3\ARM_GCC_493\Debug\Hummingbird(Continuous Output).a(I2C_CharLCD_MASTER.o)
 .debug_aranges
                0x00000a10       0x88 .\CortexM3\ARM_GCC_493\Debug\Hummingbird(Continuous Output).a(CharLCD_I2C.o)
 .debug_aranges
                0x00000a98       0xa0 .\CortexM3\ARM_GCC_493\Debug\Hummingbird(Continuous Output).a(ADC_MIC.o)
 .debug_aranges
                0x00000b38       0x20 .\CortexM3\ARM_GCC_493\Debug\Hummingbird(Continuous Output).a(ADC_MIC_INT.o)
 .debug_aranges
                0x00000b58       0x90 .\CortexM3\ARM_GCC_493\Debug\Hummingbird(Continuous Output).a(TIMER_SAMPLERATE.o)
 .debug_aranges
                0x00000be8       0xa0 .\CortexM3\ARM_GCC_493\Debug\Hummingbird(Continuous Output).a(ADC_UI.o)
 .debug_aranges
                0x00000c88       0x20 .\CortexM3\ARM_GCC_493\Debug\Hummingbird(Continuous Output).a(ADC_UI_INT.o)
 .debug_aranges
                0x00000ca8       0x90 .\CortexM3\ARM_GCC_493\Debug\Hummingbird(Continuous Output).a(TIMER_UI.o)
 .debug_aranges
                0x00000d38       0x70 .\CortexM3\ARM_GCC_493\Debug\Hummingbird(Continuous Output).a(ADC_MIC_theACLK.o)
 .debug_aranges
                0x00000da8       0xa0 .\CortexM3\ARM_GCC_493\Debug\Hummingbird(Continuous Output).a(ADC_UI_SAR.o)
 .debug_aranges
                0x00000e48       0x28 .\CortexM3\ARM_GCC_493\Debug\Hummingbird(Continuous Output).a(ADC_UI_TempBuf_dma.o)
 .debug_aranges
                0x00000e70       0x28 .\CortexM3\ARM_GCC_493\Debug\Hummingbird(Continuous Output).a(ADC_UI_FinalBuf_dma.o)
 .debug_aranges
                0x00000e98       0x80 .\CortexM3\ARM_GCC_493\Debug\Hummingbird(Continuous Output).a(ADC_UI_IRQ.o)
 .debug_aranges
                0x00000f18       0xa0 .\CortexM3\ARM_GCC_493\Debug\Hummingbird(Continuous Output).a(UART_MIDITX.o)
 .debug_aranges
                0x00000fb8       0x80 .\CortexM3\ARM_GCC_493\Debug\Hummingbird(Continuous Output).a(tuner_isr.o)
 .debug_aranges
                0x00001038       0x20 .\CortexM3\ARM_GCC_493\Debug\Hummingbird(Continuous Output).a(CyBootAsmGnu.o)
 .debug_aranges
                0x00001058      0x110 .\CortexM3\ARM_GCC_493\Debug\Hummingbird(Continuous Output).a(MIDI1_UART.o)
 .debug_aranges
                0x00001168      0x110 .\CortexM3\ARM_GCC_493\Debug\Hummingbird(Continuous Output).a(MIDI2_UART.o)
 .debug_aranges
                0x00001278       0x20 .\CortexM3\ARM_GCC_493\Debug\Hummingbird(Continuous Output).a(USB_cls.o)
 .debug_aranges
                0x00001298       0x18 .\CortexM3\ARM_GCC_493\Debug\Hummingbird(Continuous Output).a(USB_descr.o)
 .debug_aranges
                0x000012b0       0x78 .\CortexM3\ARM_GCC_493\Debug\Hummingbird(Continuous Output).a(CyFlash.o)
 .debug_aranges
                0x00001328       0x68 .\CortexM3\ARM_GCC_493\Debug\Hummingbird(Continuous Output).a(CySpc.o)
 .debug_aranges
                0x00001390       0x20 .\CortexM3\ARM_GCC_493\Debug\Hummingbird(Continuous Output).a(cyutils.o)
 .debug_aranges
                0x000013b0       0x28 .\CortexM3\ARM_GCC_493\Debug\Hummingbird(Continuous Output).a(MIDI1_UART_INT.o)
 .debug_aranges
                0x000013d8       0x28 .\CortexM3\ARM_GCC_493\Debug\Hummingbird(Continuous Output).a(MIDI2_UART_INT.o)
 .debug_aranges
                0x00001400       0x20 .\CortexM3\ARM_GCC_493\Debug\Hummingbird(Continuous Output).a(USB_audio.o)

.debug_pubnames
 *(.debug_pubnames)

.debug_info     0x00000000     0xf5c0
 *(.debug_info .gnu.linkonce.wi.*)
 .debug_info    0x00000000      0xcfc .\CortexM3\ARM_GCC_493\Debug\main.o
 .debug_info    0x00000cfc      0xee7 .\CortexM3\ARM_GCC_493\Debug\fft.o
 .debug_info    0x00001be3      0x6d4 .\CortexM3\ARM_GCC_493\Debug\midi.o
 .debug_info    0x000022b7      0x43a .\CortexM3\ARM_GCC_493\Debug\pitch.o
 .debug_info    0x000026f1      0xbb1 .\CortexM3\ARM_GCC_493\Debug\hbird.o
 .debug_info    0x000032a2      0x13e .\CortexM3\ARM_GCC_493\Debug\cymetadata.o
 .debug_info    0x000033e0      0x315 .\CortexM3\ARM_GCC_493\Debug\Cm3Start.o
 .debug_info    0x000036f5      0x691 .\CortexM3\ARM_GCC_493\Debug\Hummingbird(Continuous Output).a(cyfitter_cfg.o)
 .debug_info    0x00003d86      0x855 .\CortexM3\ARM_GCC_493\Debug\Hummingbird(Continuous Output).a(USB.o)
 .debug_info    0x000045db      0x6a7 .\CortexM3\ARM_GCC_493\Debug\Hummingbird(Continuous Output).a(USB_drv.o)
 .debug_info    0x00004c82      0x1a9 .\CortexM3\ARM_GCC_493\Debug\Hummingbird(Continuous Output).a(USB_episr.o)
 .debug_info    0x00004e2b      0xb2f .\CortexM3\ARM_GCC_493\Debug\Hummingbird(Continuous Output).a(USB_std.o)
 .debug_info    0x0000595a      0x18b .\CortexM3\ARM_GCC_493\Debug\Hummingbird(Continuous Output).a(USB_vnd.o)
 .debug_info    0x00005ae5      0x96e .\CortexM3\ARM_GCC_493\Debug\Hummingbird(Continuous Output).a(USB_midi.o)
 .debug_info    0x00006453      0x94e .\CortexM3\ARM_GCC_493\Debug\Hummingbird(Continuous Output).a(CyDmac.o)
 .debug_info    0x00006da1     0x1125 .\CortexM3\ARM_GCC_493\Debug\Hummingbird(Continuous Output).a(CyLib.o)
 .debug_info    0x00007ec6      0x9c6 .\CortexM3\ARM_GCC_493\Debug\Hummingbird(Continuous Output).a(cyPm.o)
 .debug_info    0x0000888c      0x36f .\CortexM3\ARM_GCC_493\Debug\Hummingbird(Continuous Output).a(isr_1.o)
 .debug_info    0x00008bfb      0x36f .\CortexM3\ARM_GCC_493\Debug\Hummingbird(Continuous Output).a(UI_isr.o)
 .debug_info    0x00008f6a      0x2d0 .\CortexM3\ARM_GCC_493\Debug\Hummingbird(Continuous Output).a(I2C_CharLCD.o)
 .debug_info    0x0000923a      0x166 .\CortexM3\ARM_GCC_493\Debug\Hummingbird(Continuous Output).a(I2C_CharLCD_INT.o)
 .debug_info    0x000093a0      0x224 .\CortexM3\ARM_GCC_493\Debug\Hummingbird(Continuous Output).a(I2C_CharLCD_PM.o)
 .debug_info    0x000095c4      0x400 .\CortexM3\ARM_GCC_493\Debug\Hummingbird(Continuous Output).a(I2C_CharLCD_MASTER.o)
 .debug_info    0x000099c4      0x77d .\CortexM3\ARM_GCC_493\Debug\Hummingbird(Continuous Output).a(CharLCD_I2C.o)
 .debug_info    0x0000a141      0x60c .\CortexM3\ARM_GCC_493\Debug\Hummingbird(Continuous Output).a(ADC_MIC.o)
 .debug_info    0x0000a74d       0x92 .\CortexM3\ARM_GCC_493\Debug\Hummingbird(Continuous Output).a(ADC_MIC_INT.o)
 .debug_info    0x0000a7df      0x40d .\CortexM3\ARM_GCC_493\Debug\Hummingbird(Continuous Output).a(TIMER_SAMPLERATE.o)
 .debug_info    0x0000abec      0x7b9 .\CortexM3\ARM_GCC_493\Debug\Hummingbird(Continuous Output).a(ADC_UI.o)
 .debug_info    0x0000b3a5       0x99 .\CortexM3\ARM_GCC_493\Debug\Hummingbird(Continuous Output).a(ADC_UI_INT.o)
 .debug_info    0x0000b43e      0x415 .\CortexM3\ARM_GCC_493\Debug\Hummingbird(Continuous Output).a(TIMER_UI.o)
 .debug_info    0x0000b853      0x297 .\CortexM3\ARM_GCC_493\Debug\Hummingbird(Continuous Output).a(ADC_MIC_theACLK.o)
 .debug_info    0x0000baea      0x56a .\CortexM3\ARM_GCC_493\Debug\Hummingbird(Continuous Output).a(ADC_UI_SAR.o)
 .debug_info    0x0000c054      0x1f8 .\CortexM3\ARM_GCC_493\Debug\Hummingbird(Continuous Output).a(ADC_UI_TempBuf_dma.o)
 .debug_info    0x0000c24c      0x1f8 .\CortexM3\ARM_GCC_493\Debug\Hummingbird(Continuous Output).a(ADC_UI_FinalBuf_dma.o)
 .debug_info    0x0000c444      0x36f .\CortexM3\ARM_GCC_493\Debug\Hummingbird(Continuous Output).a(ADC_UI_IRQ.o)
 .debug_info    0x0000c7b3      0x47f .\CortexM3\ARM_GCC_493\Debug\Hummingbird(Continuous Output).a(UART_MIDITX.o)
 .debug_info    0x0000cc32      0x36f .\CortexM3\ARM_GCC_493\Debug\Hummingbird(Continuous Output).a(tuner_isr.o)
 .debug_info    0x0000cfa1       0x99 .\CortexM3\ARM_GCC_493\Debug\Hummingbird(Continuous Output).a(CyBootAsmGnu.o)
 .debug_info    0x0000d03a      0x910 .\CortexM3\ARM_GCC_493\Debug\Hummingbird(Continuous Output).a(MIDI1_UART.o)
 .debug_info    0x0000d94a      0x910 .\CortexM3\ARM_GCC_493\Debug\Hummingbird(Continuous Output).a(MIDI2_UART.o)
 .debug_info    0x0000e25a      0x1ad .\CortexM3\ARM_GCC_493\Debug\Hummingbird(Continuous Output).a(USB_cls.o)
 .debug_info    0x0000e407      0x2cf .\CortexM3\ARM_GCC_493\Debug\Hummingbird(Continuous Output).a(USB_descr.o)
 .debug_info    0x0000e6d6      0x624 .\CortexM3\ARM_GCC_493\Debug\Hummingbird(Continuous Output).a(CyFlash.o)
 .debug_info    0x0000ecfa      0x442 .\CortexM3\ARM_GCC_493\Debug\Hummingbird(Continuous Output).a(CySpc.o)
 .debug_info    0x0000f13c       0xec .\CortexM3\ARM_GCC_493\Debug\Hummingbird(Continuous Output).a(cyutils.o)
 .debug_info    0x0000f228      0x162 .\CortexM3\ARM_GCC_493\Debug\Hummingbird(Continuous Output).a(MIDI1_UART_INT.o)
 .debug_info    0x0000f38a      0x162 .\CortexM3\ARM_GCC_493\Debug\Hummingbird(Continuous Output).a(MIDI2_UART_INT.o)
 .debug_info    0x0000f4ec       0xd4 .\CortexM3\ARM_GCC_493\Debug\Hummingbird(Continuous Output).a(USB_audio.o)

.debug_abbrev   0x00000000     0x5092
 *(.debug_abbrev)
 .debug_abbrev  0x00000000      0x27f .\CortexM3\ARM_GCC_493\Debug\main.o
 .debug_abbrev  0x0000027f      0x31f .\CortexM3\ARM_GCC_493\Debug\fft.o
 .debug_abbrev  0x0000059e      0x26f .\CortexM3\ARM_GCC_493\Debug\midi.o
 .debug_abbrev  0x0000080d      0x16b .\CortexM3\ARM_GCC_493\Debug\pitch.o
 .debug_abbrev  0x00000978      0x235 .\CortexM3\ARM_GCC_493\Debug\hbird.o
 .debug_abbrev  0x00000bad       0x77 .\CortexM3\ARM_GCC_493\Debug\cymetadata.o
 .debug_abbrev  0x00000c24      0x199 .\CortexM3\ARM_GCC_493\Debug\Cm3Start.o
 .debug_abbrev  0x00000dbd      0x26d .\CortexM3\ARM_GCC_493\Debug\Hummingbird(Continuous Output).a(cyfitter_cfg.o)
 .debug_abbrev  0x0000102a      0x2e7 .\CortexM3\ARM_GCC_493\Debug\Hummingbird(Continuous Output).a(USB.o)
 .debug_abbrev  0x00001311      0x24d .\CortexM3\ARM_GCC_493\Debug\Hummingbird(Continuous Output).a(USB_drv.o)
 .debug_abbrev  0x0000155e       0xe6 .\CortexM3\ARM_GCC_493\Debug\Hummingbird(Continuous Output).a(USB_episr.o)
 .debug_abbrev  0x00001644      0x2bd .\CortexM3\ARM_GCC_493\Debug\Hummingbird(Continuous Output).a(USB_std.o)
 .debug_abbrev  0x00001901       0xd9 .\CortexM3\ARM_GCC_493\Debug\Hummingbird(Continuous Output).a(USB_vnd.o)
 .debug_abbrev  0x000019da      0x243 .\CortexM3\ARM_GCC_493\Debug\Hummingbird(Continuous Output).a(USB_midi.o)
 .debug_abbrev  0x00001c1d      0x1d4 .\CortexM3\ARM_GCC_493\Debug\Hummingbird(Continuous Output).a(CyDmac.o)
 .debug_abbrev  0x00001df1      0x3cb .\CortexM3\ARM_GCC_493\Debug\Hummingbird(Continuous Output).a(CyLib.o)
 .debug_abbrev  0x000021bc      0x210 .\CortexM3\ARM_GCC_493\Debug\Hummingbird(Continuous Output).a(cyPm.o)
 .debug_abbrev  0x000023cc      0x1ff .\CortexM3\ARM_GCC_493\Debug\Hummingbird(Continuous Output).a(isr_1.o)
 .debug_abbrev  0x000025cb      0x1ff .\CortexM3\ARM_GCC_493\Debug\Hummingbird(Continuous Output).a(UI_isr.o)
 .debug_abbrev  0x000027ca      0x168 .\CortexM3\ARM_GCC_493\Debug\Hummingbird(Continuous Output).a(I2C_CharLCD.o)
 .debug_abbrev  0x00002932       0xb0 .\CortexM3\ARM_GCC_493\Debug\Hummingbird(Continuous Output).a(I2C_CharLCD_INT.o)
 .debug_abbrev  0x000029e2      0x172 .\CortexM3\ARM_GCC_493\Debug\Hummingbird(Continuous Output).a(I2C_CharLCD_PM.o)
 .debug_abbrev  0x00002b54      0x12d .\CortexM3\ARM_GCC_493\Debug\Hummingbird(Continuous Output).a(I2C_CharLCD_MASTER.o)
 .debug_abbrev  0x00002c81      0x216 .\CortexM3\ARM_GCC_493\Debug\Hummingbird(Continuous Output).a(CharLCD_I2C.o)
 .debug_abbrev  0x00002e97      0x227 .\CortexM3\ARM_GCC_493\Debug\Hummingbird(Continuous Output).a(ADC_MIC.o)
 .debug_abbrev  0x000030be       0x42 .\CortexM3\ARM_GCC_493\Debug\Hummingbird(Continuous Output).a(ADC_MIC_INT.o)
 .debug_abbrev  0x00003100      0x23b .\CortexM3\ARM_GCC_493\Debug\Hummingbird(Continuous Output).a(TIMER_SAMPLERATE.o)
 .debug_abbrev  0x0000333b      0x1d9 .\CortexM3\ARM_GCC_493\Debug\Hummingbird(Continuous Output).a(ADC_UI.o)
 .debug_abbrev  0x00003514       0x42 .\CortexM3\ARM_GCC_493\Debug\Hummingbird(Continuous Output).a(ADC_UI_INT.o)
 .debug_abbrev  0x00003556      0x23b .\CortexM3\ARM_GCC_493\Debug\Hummingbird(Continuous Output).a(TIMER_UI.o)
 .debug_abbrev  0x00003791      0x142 .\CortexM3\ARM_GCC_493\Debug\Hummingbird(Continuous Output).a(ADC_MIC_theACLK.o)
 .debug_abbrev  0x000038d3      0x23c .\CortexM3\ARM_GCC_493\Debug\Hummingbird(Continuous Output).a(ADC_UI_SAR.o)
 .debug_abbrev  0x00003b0f       0xee .\CortexM3\ARM_GCC_493\Debug\Hummingbird(Continuous Output).a(ADC_UI_TempBuf_dma.o)
 .debug_abbrev  0x00003bfd       0xee .\CortexM3\ARM_GCC_493\Debug\Hummingbird(Continuous Output).a(ADC_UI_FinalBuf_dma.o)
 .debug_abbrev  0x00003ceb      0x1ff .\CortexM3\ARM_GCC_493\Debug\Hummingbird(Continuous Output).a(ADC_UI_IRQ.o)
 .debug_abbrev  0x00003eea      0x1fa .\CortexM3\ARM_GCC_493\Debug\Hummingbird(Continuous Output).a(UART_MIDITX.o)
 .debug_abbrev  0x000040e4      0x1ff .\CortexM3\ARM_GCC_493\Debug\Hummingbird(Continuous Output).a(tuner_isr.o)
 .debug_abbrev  0x000042e3       0x14 .\CortexM3\ARM_GCC_493\Debug\Hummingbird(Continuous Output).a(CyBootAsmGnu.o)
 .debug_abbrev  0x000042f7      0x28d .\CortexM3\ARM_GCC_493\Debug\Hummingbird(Continuous Output).a(MIDI1_UART.o)
 .debug_abbrev  0x00004584      0x28d .\CortexM3\ARM_GCC_493\Debug\Hummingbird(Continuous Output).a(MIDI2_UART.o)
 .debug_abbrev  0x00004811       0xe8 .\CortexM3\ARM_GCC_493\Debug\Hummingbird(Continuous Output).a(USB_cls.o)
 .debug_abbrev  0x000048f9       0xa7 .\CortexM3\ARM_GCC_493\Debug\Hummingbird(Continuous Output).a(USB_descr.o)
 .debug_abbrev  0x000049a0      0x2f9 .\CortexM3\ARM_GCC_493\Debug\Hummingbird(Continuous Output).a(CyFlash.o)
 .debug_abbrev  0x00004c99      0x1b1 .\CortexM3\ARM_GCC_493\Debug\Hummingbird(Continuous Output).a(CySpc.o)
 .debug_abbrev  0x00004e4a       0x8e .\CortexM3\ARM_GCC_493\Debug\Hummingbird(Continuous Output).a(cyutils.o)
 .debug_abbrev  0x00004ed8       0xa2 .\CortexM3\ARM_GCC_493\Debug\Hummingbird(Continuous Output).a(MIDI1_UART_INT.o)
 .debug_abbrev  0x00004f7a       0xa2 .\CortexM3\ARM_GCC_493\Debug\Hummingbird(Continuous Output).a(MIDI2_UART_INT.o)
 .debug_abbrev  0x0000501c       0x76 .\CortexM3\ARM_GCC_493\Debug\Hummingbird(Continuous Output).a(USB_audio.o)

.debug_line     0x00000000     0x6718
 *(.debug_line)
 .debug_line    0x00000000      0x39d .\CortexM3\ARM_GCC_493\Debug\main.o
 .debug_line    0x0000039d      0x409 .\CortexM3\ARM_GCC_493\Debug\fft.o
 .debug_line    0x000007a6      0x3b8 .\CortexM3\ARM_GCC_493\Debug\midi.o
 .debug_line    0x00000b5e      0x2cc .\CortexM3\ARM_GCC_493\Debug\pitch.o
 .debug_line    0x00000e2a      0x2eb .\CortexM3\ARM_GCC_493\Debug\hbird.o
 .debug_line    0x00001115       0x51 .\CortexM3\ARM_GCC_493\Debug\cymetadata.o
 .debug_line    0x00001166      0x1b5 .\CortexM3\ARM_GCC_493\Debug\Cm3Start.o
 .debug_line    0x0000131b      0x24a .\CortexM3\ARM_GCC_493\Debug\Hummingbird(Continuous Output).a(cyfitter_cfg.o)
 .debug_line    0x00001565      0x322 .\CortexM3\ARM_GCC_493\Debug\Hummingbird(Continuous Output).a(USB.o)
 .debug_line    0x00001887      0x323 .\CortexM3\ARM_GCC_493\Debug\Hummingbird(Continuous Output).a(USB_drv.o)
 .debug_line    0x00001baa       0xba .\CortexM3\ARM_GCC_493\Debug\Hummingbird(Continuous Output).a(USB_episr.o)
 .debug_line    0x00001c64      0x570 .\CortexM3\ARM_GCC_493\Debug\Hummingbird(Continuous Output).a(USB_std.o)
 .debug_line    0x000021d4       0x7f .\CortexM3\ARM_GCC_493\Debug\Hummingbird(Continuous Output).a(USB_vnd.o)
 .debug_line    0x00002253      0x4c8 .\CortexM3\ARM_GCC_493\Debug\Hummingbird(Continuous Output).a(USB_midi.o)
 .debug_line    0x0000271b      0x31f .\CortexM3\ARM_GCC_493\Debug\Hummingbird(Continuous Output).a(CyDmac.o)
 .debug_line    0x00002a3a      0x830 .\CortexM3\ARM_GCC_493\Debug\Hummingbird(Continuous Output).a(CyLib.o)
 .debug_line    0x0000326a      0x4fe .\CortexM3\ARM_GCC_493\Debug\Hummingbird(Continuous Output).a(cyPm.o)
 .debug_line    0x00003768      0x1a0 .\CortexM3\ARM_GCC_493\Debug\Hummingbird(Continuous Output).a(isr_1.o)
 .debug_line    0x00003908      0x1a1 .\CortexM3\ARM_GCC_493\Debug\Hummingbird(Continuous Output).a(UI_isr.o)
 .debug_line    0x00003aa9      0x140 .\CortexM3\ARM_GCC_493\Debug\Hummingbird(Continuous Output).a(I2C_CharLCD.o)
 .debug_line    0x00003be9      0x147 .\CortexM3\ARM_GCC_493\Debug\Hummingbird(Continuous Output).a(I2C_CharLCD_INT.o)
 .debug_line    0x00003d30       0xf7 .\CortexM3\ARM_GCC_493\Debug\Hummingbird(Continuous Output).a(I2C_CharLCD_PM.o)
 .debug_line    0x00003e27      0x29e .\CortexM3\ARM_GCC_493\Debug\Hummingbird(Continuous Output).a(I2C_CharLCD_MASTER.o)
 .debug_line    0x000040c5      0x200 .\CortexM3\ARM_GCC_493\Debug\Hummingbird(Continuous Output).a(CharLCD_I2C.o)
 .debug_line    0x000042c5      0x258 .\CortexM3\ARM_GCC_493\Debug\Hummingbird(Continuous Output).a(ADC_MIC.o)
 .debug_line    0x0000451d       0x54 .\CortexM3\ARM_GCC_493\Debug\Hummingbird(Continuous Output).a(ADC_MIC_INT.o)
 .debug_line    0x00004571      0x1aa .\CortexM3\ARM_GCC_493\Debug\Hummingbird(Continuous Output).a(TIMER_SAMPLERATE.o)
 .debug_line    0x0000471b      0x232 .\CortexM3\ARM_GCC_493\Debug\Hummingbird(Continuous Output).a(ADC_UI.o)
 .debug_line    0x0000494d       0x53 .\CortexM3\ARM_GCC_493\Debug\Hummingbird(Continuous Output).a(ADC_UI_INT.o)
 .debug_line    0x000049a0      0x1a3 .\CortexM3\ARM_GCC_493\Debug\Hummingbird(Continuous Output).a(TIMER_UI.o)
 .debug_line    0x00004b43      0x1e8 .\CortexM3\ARM_GCC_493\Debug\Hummingbird(Continuous Output).a(ADC_MIC_theACLK.o)
 .debug_line    0x00004d2b      0x254 .\CortexM3\ARM_GCC_493\Debug\Hummingbird(Continuous Output).a(ADC_UI_SAR.o)
 .debug_line    0x00004f7f       0x8d .\CortexM3\ARM_GCC_493\Debug\Hummingbird(Continuous Output).a(ADC_UI_TempBuf_dma.o)
 .debug_line    0x0000500c       0x8e .\CortexM3\ARM_GCC_493\Debug\Hummingbird(Continuous Output).a(ADC_UI_FinalBuf_dma.o)
 .debug_line    0x0000509a      0x1a5 .\CortexM3\ARM_GCC_493\Debug\Hummingbird(Continuous Output).a(ADC_UI_IRQ.o)
 .debug_line    0x0000523f      0x25e .\CortexM3\ARM_GCC_493\Debug\Hummingbird(Continuous Output).a(UART_MIDITX.o)
 .debug_line    0x0000549d      0x1a4 .\CortexM3\ARM_GCC_493\Debug\Hummingbird(Continuous Output).a(tuner_isr.o)
 .debug_line    0x00005641       0x66 .\CortexM3\ARM_GCC_493\Debug\Hummingbird(Continuous Output).a(CyBootAsmGnu.o)
 .debug_line    0x000056a7      0x495 .\CortexM3\ARM_GCC_493\Debug\Hummingbird(Continuous Output).a(MIDI1_UART.o)
 .debug_line    0x00005b3c      0x495 .\CortexM3\ARM_GCC_493\Debug\Hummingbird(Continuous Output).a(MIDI2_UART.o)
 .debug_line    0x00005fd1       0x8d .\CortexM3\ARM_GCC_493\Debug\Hummingbird(Continuous Output).a(USB_cls.o)
 .debug_line    0x0000605e       0x59 .\CortexM3\ARM_GCC_493\Debug\Hummingbird(Continuous Output).a(USB_descr.o)
 .debug_line    0x000060b7      0x1dc .\CortexM3\ARM_GCC_493\Debug\Hummingbird(Continuous Output).a(CyFlash.o)
 .debug_line    0x00006293      0x200 .\CortexM3\ARM_GCC_493\Debug\Hummingbird(Continuous Output).a(CySpc.o)
 .debug_line    0x00006493       0x63 .\CortexM3\ARM_GCC_493\Debug\Hummingbird(Continuous Output).a(cyutils.o)
 .debug_line    0x000064f6       0xcf .\CortexM3\ARM_GCC_493\Debug\Hummingbird(Continuous Output).a(MIDI1_UART_INT.o)
 .debug_line    0x000065c5       0xcf .\CortexM3\ARM_GCC_493\Debug\Hummingbird(Continuous Output).a(MIDI2_UART_INT.o)
 .debug_line    0x00006694       0x84 .\CortexM3\ARM_GCC_493\Debug\Hummingbird(Continuous Output).a(USB_audio.o)

.debug_frame    0x00000000     0x4344
 *(.debug_frame)
 .debug_frame   0x00000000       0xbc .\CortexM3\ARM_GCC_493\Debug\main.o
 .debug_frame   0x000000bc      0x21c .\CortexM3\ARM_GCC_493\Debug\fft.o
 .debug_frame   0x000002d8      0x158 .\CortexM3\ARM_GCC_493\Debug\midi.o
 .debug_frame   0x00000430       0xdc .\CortexM3\ARM_GCC_493\Debug\pitch.o
 .debug_frame   0x0000050c      0x11c .\CortexM3\ARM_GCC_493\Debug\hbird.o
 .debug_frame   0x00000628       0x84 .\CortexM3\ARM_GCC_493\Debug\Cm3Start.o
 .debug_frame   0x000006ac       0x54 .\CortexM3\ARM_GCC_493\Debug\Hummingbird(Continuous Output).a(cyfitter_cfg.o)
 .debug_frame   0x00000700      0x21c .\CortexM3\ARM_GCC_493\Debug\Hummingbird(Continuous Output).a(USB.o)
 .debug_frame   0x0000091c      0x1f0 .\CortexM3\ARM_GCC_493\Debug\Hummingbird(Continuous Output).a(USB_drv.o)
 .debug_frame   0x00000b0c       0x50 .\CortexM3\ARM_GCC_493\Debug\Hummingbird(Continuous Output).a(USB_episr.o)
 .debug_frame   0x00000b5c      0x2e0 .\CortexM3\ARM_GCC_493\Debug\Hummingbird(Continuous Output).a(USB_std.o)
 .debug_frame   0x00000e3c       0x20 .\CortexM3\ARM_GCC_493\Debug\Hummingbird(Continuous Output).a(USB_vnd.o)
 .debug_frame   0x00000e5c      0x254 .\CortexM3\ARM_GCC_493\Debug\Hummingbird(Continuous Output).a(USB_midi.o)
 .debug_frame   0x000010b0      0x264 .\CortexM3\ARM_GCC_493\Debug\Hummingbird(Continuous Output).a(CyDmac.o)
 .debug_frame   0x00001314      0x570 .\CortexM3\ARM_GCC_493\Debug\Hummingbird(Continuous Output).a(CyLib.o)
 .debug_frame   0x00001884      0x1e8 .\CortexM3\ARM_GCC_493\Debug\Hummingbird(Continuous Output).a(cyPm.o)
 .debug_frame   0x00001a6c      0x110 .\CortexM3\ARM_GCC_493\Debug\Hummingbird(Continuous Output).a(isr_1.o)
 .debug_frame   0x00001b7c      0x110 .\CortexM3\ARM_GCC_493\Debug\Hummingbird(Continuous Output).a(UI_isr.o)
 .debug_frame   0x00001c8c       0xa4 .\CortexM3\ARM_GCC_493\Debug\Hummingbird(Continuous Output).a(I2C_CharLCD.o)
 .debug_frame   0x00001d30       0x38 .\CortexM3\ARM_GCC_493\Debug\Hummingbird(Continuous Output).a(I2C_CharLCD_INT.o)
 .debug_frame   0x00001d68       0x94 .\CortexM3\ARM_GCC_493\Debug\Hummingbird(Continuous Output).a(I2C_CharLCD_PM.o)
 .debug_frame   0x00001dfc      0x21c .\CortexM3\ARM_GCC_493\Debug\Hummingbird(Continuous Output).a(I2C_CharLCD_MASTER.o)
 .debug_frame   0x00002018      0x1b8 .\CortexM3\ARM_GCC_493\Debug\Hummingbird(Continuous Output).a(CharLCD_I2C.o)