Archive member included because of file (symbol)

.\CortexM3\ARM_GCC_493\Debug\Hummingbird(Continuous Output).a(cyfitter_cfg.o)
                              .\CortexM3\ARM_GCC_493\Debug\Cm3Start.o (cyfitter_cfg)
.\CortexM3\ARM_GCC_493\Debug\Hummingbird(Continuous Output).a(SleepTimer.o)
                              .\CortexM3\ARM_GCC_493\Debug\main.o (SleepTimer_GetStatus)
.\CortexM3\ARM_GCC_493\Debug\Hummingbird(Continuous Output).a(USB.o)
                              .\CortexM3\ARM_GCC_493\Debug\main.o (USB_CheckActivity)
.\CortexM3\ARM_GCC_493\Debug\Hummingbird(Continuous Output).a(USB_drv.o)
                              .\CortexM3\ARM_GCC_493\Debug\Hummingbird(Continuous Output).a(USB.o) (USB_lastPacketSize)
.\CortexM3\ARM_GCC_493\Debug\Hummingbird(Continuous Output).a(USB_episr.o)
                              .\CortexM3\ARM_GCC_493\Debug\Hummingbird(Continuous Output).a(USB.o) (USB_EP_1_ISR)
.\CortexM3\ARM_GCC_493\Debug\Hummingbird(Continuous Output).a(USB_std.o)
                              .\CortexM3\ARM_GCC_493\Debug\Hummingbird(Continuous Output).a(USB_drv.o) (USB_HandleStandardRqst)
.\CortexM3\ARM_GCC_493\Debug\Hummingbird(Continuous Output).a(USB_vnd.o)
                              .\CortexM3\ARM_GCC_493\Debug\Hummingbird(Continuous Output).a(USB_drv.o) (USB_HandleVendorRqst)
.\CortexM3\ARM_GCC_493\Debug\Hummingbird(Continuous Output).a(USB_midi.o)
                              .\CortexM3\ARM_GCC_493\Debug\Hummingbird(Continuous Output).a(USB_std.o) (USB_midi_in_ep)
.\CortexM3\ARM_GCC_493\Debug\Hummingbird(Continuous Output).a(CyDmac.o)
                              .\CortexM3\ARM_GCC_493\Debug\Cm3Start.o (CyDmacConfigure)
.\CortexM3\ARM_GCC_493\Debug\Hummingbird(Continuous Output).a(CyLib.o)
                              .\CortexM3\ARM_GCC_493\Debug\main.o (CyDelay)
.\CortexM3\ARM_GCC_493\Debug\Hummingbird(Continuous Output).a(cyPm.o)
                              .\CortexM3\ARM_GCC_493\Debug\Hummingbird(Continuous Output).a(SleepTimer.o) (CyPmReadStatus)
.\CortexM3\ARM_GCC_493\Debug\Hummingbird(Continuous Output).a(isr_1.o)
                              .\CortexM3\ARM_GCC_493\Debug\main.o (isr_1_StartEx)
.\CortexM3\ARM_GCC_493\Debug\Hummingbird(Continuous Output).a(UI_isr.o)
                              .\CortexM3\ARM_GCC_493\Debug\main.o (UI_isr_StartEx)
.\CortexM3\ARM_GCC_493\Debug\Hummingbird(Continuous Output).a(I2C_CharLCD.o)
                              .\CortexM3\ARM_GCC_493\Debug\main.o (I2C_CharLCD_Start)
.\CortexM3\ARM_GCC_493\Debug\Hummingbird(Continuous Output).a(I2C_CharLCD_INT.o)
                              .\CortexM3\ARM_GCC_493\Debug\Hummingbird(Continuous Output).a(I2C_CharLCD.o) (I2C_CharLCD_ISR)
.\CortexM3\ARM_GCC_493\Debug\Hummingbird(Continuous Output).a(I2C_CharLCD_PM.o)
                              .\CortexM3\ARM_GCC_493\Debug\Hummingbird(Continuous Output).a(I2C_CharLCD.o) (I2C_CharLCD_backup)
.\CortexM3\ARM_GCC_493\Debug\Hummingbird(Continuous Output).a(I2C_CharLCD_MASTER.o)
                              .\CortexM3\ARM_GCC_493\Debug\Hummingbird(Continuous Output).a(I2C_CharLCD.o) (I2C_CharLCD_mstrStatus)
.\CortexM3\ARM_GCC_493\Debug\Hummingbird(Continuous Output).a(CharLCD_I2C.o)
                              .\CortexM3\ARM_GCC_493\Debug\main.o (CharLCD_PrintString)
.\CortexM3\ARM_GCC_493\Debug\Hummingbird(Continuous Output).a(ADC_MIC.o)
                              .\CortexM3\ARM_GCC_493\Debug\main.o (ADC_MIC_Start)
.\CortexM3\ARM_GCC_493\Debug\Hummingbird(Continuous Output).a(ADC_MIC_INT.o)
                              .\CortexM3\ARM_GCC_493\Debug\Hummingbird(Continuous Output).a(ADC_MIC.o) (ADC_MIC_ISR)
.\CortexM3\ARM_GCC_493\Debug\Hummingbird(Continuous Output).a(TIMER_SAMPLERATE.o)
                              .\CortexM3\ARM_GCC_493\Debug\main.o (TIMER_SAMPLERATE_Start)
.\CortexM3\ARM_GCC_493\Debug\Hummingbird(Continuous Output).a(ADC_UI.o)
                              .\CortexM3\ARM_GCC_493\Debug\main.o (ADC_UI_Start)
.\CortexM3\ARM_GCC_493\Debug\Hummingbird(Continuous Output).a(ADC_UI_INT.o)
                              .\CortexM3\ARM_GCC_493\Debug\Hummingbird(Continuous Output).a(ADC_UI.o) (ADC_UI_ISR)
.\CortexM3\ARM_GCC_493\Debug\Hummingbird(Continuous Output).a(TIMER_UI.o)
                              .\CortexM3\ARM_GCC_493\Debug\main.o (TIMER_UI_Start)
.\CortexM3\ARM_GCC_493\Debug\Hummingbird(Continuous Output).a(ADC_MIC_theACLK.o)
                              .\CortexM3\ARM_GCC_493\Debug\Hummingbird(Continuous Output).a(ADC_MIC.o) (ADC_MIC_theACLK_SetModeRegister)
.\CortexM3\ARM_GCC_493\Debug\Hummingbird(Continuous Output).a(ADC_UI_SAR.o)
                              .\CortexM3\ARM_GCC_493\Debug\Hummingbird(Continuous Output).a(ADC_UI.o) (ADC_UI_SAR_Stop)
.\CortexM3\ARM_GCC_493\Debug\Hummingbird(Continuous Output).a(ADC_UI_TempBuf_dma.o)
                              .\CortexM3\ARM_GCC_493\Debug\Hummingbird(Continuous Output).a(ADC_UI.o) (ADC_UI_TempBuf_DmaInitialize)
[...]
Memory Configuration

Name             Origin             Length             Attributes
rom              0x00000000         0x00040000         xr
ram              0x1fff8000         0x00010000         xrw
*default*        0x00000000         0xffffffff

Linker script and memory map

LOAD c:/program files (x86)/cypress/psoc creator/4.0/psoc creator/import/gnu/arm/4.9.3/bin/../lib/gcc/arm-none-eabi/4.9.3/armv7-m/crti.o
LOAD c:/program files (x86)/cypress/psoc creator/4.0/psoc creator/import/gnu/arm/4.9.3/bin/../lib/gcc/arm-none-eabi/4.9.3/armv7-m/crtbegin.o
LOAD c:/program files (x86)/cypress/psoc creator/4.0/psoc creator/import/gnu/arm/4.9.3/bin/../lib/gcc/arm-none-eabi/4.9.3/../../../../arm-none-eabi/lib/armv7-m/crt0.o
START GROUP
LOAD .\CortexM3\ARM_GCC_493\Debug\main.o
LOAD .\CortexM3\ARM_GCC_493\Debug\fft.o
LOAD .\CortexM3\ARM_GCC_493\Debug\midi.o
LOAD .\CortexM3\ARM_GCC_493\Debug\pitch.o
LOAD .\CortexM3\ARM_GCC_493\Debug\hbird.o
LOAD .\CortexM3\ARM_GCC_493\Debug\cymetadata.o
LOAD .\CortexM3\ARM_GCC_493\Debug\Cm3Start.o
LOAD .\CortexM3\ARM_GCC_493\Debug\Hummingbird(Continuous Output).a
LOAD C:\Program Files (x86)\Cypress\PSoC Creator\4.0\PSoC Creator\psoc\content\cycomponentlibrary\CyComponentLibrary.cylib\CortexM3\ARM_GCC_493\Debug\CyComponentLibrary.a
LOAD c:/program files (x86)/cypress/psoc creator/4.0/psoc creator/import/gnu/arm/4.9.3/bin/../lib/gcc/arm-none-eabi/4.9.3/../../../../arm-none-eabi/lib/armv7-m\libm.a
END GROUP
START GROUP
LOAD c:/program files (x86)/cypress/psoc creator/4.0/psoc creator/import/gnu/arm/4.9.3/bin/../lib/gcc/arm-none-eabi/4.9.3/armv7-m\libgcc.a
LOAD c:/program files (x86)/cypress/psoc creator/4.0/psoc creator/import/gnu/arm/4.9.3/bin/../lib/gcc/arm-none-eabi/4.9.3/../../../../arm-none-eabi/lib/armv7-m\libg_nano.a
LOAD c:/program files (x86)/cypress/psoc creator/4.0/psoc creator/import/gnu/arm/4.9.3/bin/../lib/gcc/arm-none-eabi/4.9.3/../../../../arm-none-eabi/lib/armv7-m\libc_nano.a
END GROUP
START GROUP
LOAD c:/program files (x86)/cypress/psoc creator/4.0/psoc creator/import/gnu/arm/4.9.3/bin/../lib/gcc/arm-none-eabi/4.9.3/armv7-m\libgcc.a
LOAD c:/program files (x86)/cypress/psoc creator/4.0/psoc creator/import/gnu/arm/4.9.3/bin/../lib/gcc/arm-none-eabi/4.9.3/../../../../arm-none-eabi/lib/armv7-m\libc_nano.a
END GROUP
LOAD c:/program files (x86)/cypress/psoc creator/4.0/psoc creator/import/gnu/arm/4.9.3/bin/../lib/gcc/arm-none-eabi/4.9.3/armv7-m/crtend.o
LOAD c:/program files (x86)/cypress/psoc creator/4.0/psoc creator/import/gnu/arm/4.9.3/bin/../lib/gcc/arm-none-eabi/4.9.3/armv7-m/crtn.o
START GROUP
LOAD c:/program files (x86)/cypress/psoc creator/4.0/psoc creator/import/gnu/arm/4.9.3/bin/../lib/gcc/arm-none-eabi/4.9.3/armv7-m\libgcc.a
LOAD c:/program files (x86)/cypress/psoc creator/4.0/psoc creator/import/gnu/arm/4.9.3/bin/../lib/gcc/arm-none-eabi/4.9.3/../../../../arm-none-eabi/lib/armv7-m\libc.a
LOAD c:/program files (x86)/cypress/psoc creator/4.0/psoc creator/import/gnu/arm/4.9.3/bin/../lib/gcc/arm-none-eabi/4.9.3/../../../../arm-none-eabi/lib/armv7-m\libnosys.a
END GROUP
                0x00000000                CY_APPL_ORIGIN = 0x0
                0x00000100                CY_FLASH_ROW_SIZE = 0x100
                0x00000020                CY_ECC_ROW_SIZE = 0x20
                0x00000000                CY_EE_IN_BTLDR = 0x0
                0x00000000                CY_APPL_LOADABLE = 0x0
                0x00000800                CY_EE_SIZE = 0x800
                0x00000001                CY_APPL_NUM = 0x1
                0x00000001                CY_APPL_MAX = 0x1
                0x00000040                CY_METADATA_SIZE = 0x40
                0x1fff9388                PROVIDE (__cy_heap_start, _end)
                0x00000001                PROVIDE (__cy_region_num, ((__cy_regions_end - __cy_regions) / 0x10))
                0x20008000                PROVIDE (__cy_stack, (ORIGIN (ram) + 0x10000))
                0x20007800                PROVIDE (__cy_heap_end, (__cy_stack - 0x800))

.cybootloader   0x00000000        0x0
 *(.cybootloader)
                0x00000000                appl1_start = CY_APPL_ORIGIN?CY_APPL_ORIGIN:ALIGN (CY_FLASH_ROW_SIZE)
                0x0001ff00                appl2_start = (appl1_start + ALIGN ((((0x40000 - appl1_start) - (0x2 * CY_FLASH_ROW_SIZE)) / 0x2), CY_FLASH_ROW_SIZE))
                0x00000000                appl_start = (CY_APPL_NUM == 0x1)?appl1_start:appl2_start
                0x00000000                ecc_offset = ((appl_start / CY_FLASH_ROW_SIZE) * CY_ECC_ROW_SIZE)
                0x00000000                ee_offset = (CY_APPL_LOADABLE && ! (CY_EE_IN_BTLDR))?((CY_EE_SIZE / CY_APPL_MAX) * (CY_APPL_NUM - 0x1)):0x0
                0x00000800                ee_size = (CY_APPL_LOADABLE && ! (CY_EE_IN_BTLDR))?(CY_EE_SIZE / CY_APPL_MAX):CY_EE_SIZE
                0x00000000                PROVIDE (CY_ECC_OFFSET, ecc_offset)

.text           0x00000000     0x6f1c
 CREATE_OBJECT_SYMBOLS
                0x00000000                PROVIDE (__cy_interrupt_vector, RomVectors)
 *(.romvectors)
 .romvectors    0x00000000       0x10 .\CortexM3\ARM_GCC_493\Debug\Cm3Start.o
                0x00000000                RomVectors
                0x00000001                ASSERT ((. != __cy_interrupt_vector), No interrupt vector)
                0x00000001                ASSERT (CY_APPL_ORIGIN?(SIZEOF (.cybootloader) <= CY_APPL_ORIGIN):0x1, Wrong image location)
                0x00000010                PROVIDE (__cy_reset, Reset)
 *(.text.Reset)
 .text.Reset    0x00000010       0x18 .\CortexM3\ARM_GCC_493\Debug\Cm3Start.o
                0x00000010                Reset
                0x00000001                ASSERT ((. != __cy_reset), No reset code)
 *(.dma_init)
                0x00000001                ASSERT ((((appl_start + .) <= 0x10000) || 0x1), DMA Init must be within the first 64k of flash)
 *(.text .text.* .gnu.linkonce.t.*)
 .text          0x00000028       0x5c c:/program files (x86)/cypress/psoc creator/4.0/psoc creator/import/gnu/arm/4.9.3/bin/../lib/gcc/arm-none-eabi/4.9.3/armv7-m/crtbegin.o
 .text.UserInterfaceISR
                0x00000084      0x1a0 .\CortexM3\ARM_GCC_493\Debug\main.o
                0x00000084                UserInterfaceISR
 .text.GetSample
                0x00000224       0x88 .\CortexM3\ARM_GCC_493\Debug\main.o
                0x00000224                GetSample
 .text.startup.main
                0x000002ac      0x470 .\CortexM3\ARM_GCC_493\Debug\main.o
                0x000002ac                main
 *fill*         0x0000071c        0x4 
 .text.fft_init
                0x00000720       0x78 .\CortexM3\ARM_GCC_493\Debug\fft.o
                0x00000720                fft_init
 .text.populate_midi_array
                0x00000798       0x48 .\CortexM3\ARM_GCC_493\Debug\midi.o
                0x00000798                populate_midi_array
 .text.midi_note_from_freq
                0x000007e0       0x50 .\CortexM3\ARM_GCC_493\Debug\midi.o
                0x000007e0                midi_note_from_freq
 .text.midi_note_changed
                0x00000830       0xc4 .\CortexM3\ARM_GCC_493\Debug\midi.o
                0x00000830                midi_note_changed
 .text.midi_note_basename
                0x000008f4      0x190 .\CortexM3\ARM_GCC_493\Debug\midi.o
                0x000008f4                midi_note_basename
 .text.midi_note_truename
                0x00000a84      0x200 .\CortexM3\ARM_GCC_493\Debug\midi.o
                0x00000a84                midi_note_truename
 .text.NoteSnap
                0x00000c84      0x744 .\CortexM3\ARM_GCC_493\Debug\midi.o
                0x00000c84                NoteSnap
 .text.pitch_init
                0x000013c8       0x14 .\CortexM3\ARM_GCC_493\Debug\pitch.o
                0x000013c8                pitch_init
 .text.auto_correlate
                0x000013dc       0x88 .\CortexM3\ARM_GCC_493\Debug\pitch.o
                0x000013dc                auto_correlate
 .text.map      0x00001464       0x1c .\CortexM3\ARM_GCC_493\Debug\hbird.o
                0x00001464                map
 .text.UpdateScaleLCD
                0x00001480       0xac .\CortexM3\ARM_GCC_493\Debug\hbird.o
                0x00001480                UpdateScaleLCD
 *fill*         0x0000152c        0x4 
 .text.UpdateTuner
                0x00001530      0x2d0 .\CortexM3\ARM_GCC_493\Debug\hbird.o
                0x00001530                UpdateTuner
 .text.UpdateKeyLCD
                0x00001800       0x48 .\CortexM3\ARM_GCC_493\Debug\hbird.o
                0x00001800                UpdateKeyLCD
 .text.initDisplay
                0x00001848       0xc0 .\CortexM3\ARM_GCC_493\Debug\hbird.o
                0x00001848                initDisplay
 .text.PrintNoteHistory
                0x00001908       0x64 .\CortexM3\ARM_GCC_493\Debug\hbird.o
                0x00001908                PrintNoteHistory
 .text.IntDefaultHandler
                0x0000196c        0x4 .\CortexM3\ARM_GCC_493\Debug\Cm3Start.o
                0x0000196c                IntDefaultHandler
 .text.Start_c  0x00001970       0x60 .\CortexM3\ARM_GCC_493\Debug\Cm3Start.o
                0x00001970                Start_c
 .text.startup.initialize_psoc
                0x000019d0       0x78 .\CortexM3\ARM_GCC_493\Debug\Cm3Start.o
                0x000019d0                initialize_psoc
 .text.cyfitter_cfg
                0x00001a48      0x358 .\CortexM3\ARM_GCC_493\Debug\Hummingbird(Continuous Output).a(cyfitter_cfg.o)
                0x00001a48                cyfitter_cfg
 .text.CyDmacConfigure
                0x00001da0       0x34 .\CortexM3\ARM_GCC_493\Debug\Hummingbird(Continuous Output).a(CyDmac.o)
                0x00001da0                CyDmacConfigure
 .text.CyDmaChEnable
                0x00001dd4       0x3c .\CortexM3\ARM_GCC_493\Debug\Hummingbird(Continuous Output).a(CyDmac.o)
                0x00001dd4                CyDmaChEnable
 .text.CyDmaClearPendingDrq
                0x00001e10       0x30 .\CortexM3\ARM_GCC_493\Debug\Hummingbird(Continuous Output).a(CyDmac.o)
                0x00001e10                CyDmaClearPendingDrq
 .text.CyDmaChPriority
                0x00001e40       0x24 .\CortexM3\ARM_GCC_493\Debug\Hummingbird(Continuous Output).a(CyDmac.o)
                0x00001e40                CyDmaChPriority
 .text.CyDmaChSetExtendedAddress
                0x00001e64       0x30 .\CortexM3\ARM_GCC_493\Debug\Hummingbird(Continuous Output).a(CyDmac.o)
                0x00001e64                CyDmaChSetExtendedAddress
 .text.CyDmaChSetInitialTd
                0x00001e94       0x18 .\CortexM3\ARM_GCC_493\Debug\Hummingbird(Continuous Output).a(CyDmac.o)
                0x00001e94                CyDmaChSetInitialTd
 .text.CyDmaChSetConfiguration
                0x00001eac       0x48 .\CortexM3\ARM_GCC_493\Debug\Hummingbird(Continuous Output).a(CyDmac.o)
                0x00001eac                CyDmaChSetConfiguration
 .text.CyDmaTdAllocate
                0x00001ef4       0x38 .\CortexM3\ARM_GCC_493\Debug\Hummingbird(Continuous Output).a(CyDmac.o)
                0x00001ef4                CyDmaTdAllocate
 .text.CyDmaTdSetConfiguration
                0x00001f2c       0x30 .\CortexM3\ARM_GCC_493\Debug\Hummingbird(Continuous Output).a(CyDmac.o)
                0x00001f2c                CyDmaTdSetConfiguration
 .text.CyDmaTdSetAddress
                0x00001f5c       0x1c .\CortexM3\ARM_GCC_493\Debug\Hummingbird(Continuous Output).a(CyDmac.o)
                0x00001f5c                CyDmaTdSetAddress
 .text.CyHalt   0x00001f78        0x4 .\CortexM3\ARM_GCC_493\Debug\Hummingbird(Continuous Output).a(CyLib.o)
                0x00001f78                CyHalt
 .text.CyDelay  0x00001f7c       0x48 .\CortexM3\ARM_GCC_493\Debug\Hummingbird(Continuous Output).a(CyLib.o)
                0x00001f7c                CyDelay
 .text.CyDelayUs
                0x00001fc4       0x10 .\CortexM3\ARM_GCC_493\Debug\Hummingbird(Continuous Output).a(CyLib.o)
                0x00001fc4                CyDelayUs
 .text.CyIntSetVector
                0x00001fd4       0x20 .\CortexM3\ARM_GCC_493\Debug\Hummingbird(Continuous Output).a(CyLib.o)
                0x00001fd4                CyIntSetVector
 .text.CyIntSetPriority
                0x00001ff4       0x20 .\CortexM3\ARM_GCC_493\Debug\Hummingbird(Continuous Output).a(CyLib.o)
                0x00001ff4                CyIntSetPriority
 .text.isr_1_StartEx
                0x00002014       0x30 .\CortexM3\ARM_GCC_493\Debug\Hummingbird(Continuous Output).a(isr_1.o)
                0x00002014                isr_1_StartEx
 .text.UI_isr_StartEx
                0x00002044       0x2c .\CortexM3\ARM_GCC_493\Debug\Hummingbird(Continuous Output).a(UI_isr.o)
                0x00002044                UI_isr_StartEx
 .text.I2C_CharLCD_Init
                0x00002070       0x8c .\CortexM3\ARM_GCC_493\Debug\Hummingbird(Continuous Output).a(I2C_CharLCD.o)
                0x00002070                I2C_CharLCD_Init
 .text.I2C_CharLCD_Enable
                0x000020fc       0x2c .\CortexM3\ARM_GCC_493\Debug\Hummingbird(Continuous Output).a(I2C_CharLCD.o)
                0x000020fc                I2C_CharLCD_Enable
 .text.I2C_CharLCD_Start
                0x00002128       0x28 .\CortexM3\ARM_GCC_493\Debug\Hummingbird(Continuous Output).a(I2C_CharLCD.o)
                0x00002128                I2C_CharLCD_Start
 .text.I2C_CharLCD_ISR
                0x00002150      0x250 .\CortexM3\ARM_GCC_493\Debug\Hummingbird(Continuous Output).a(I2C_CharLCD_INT.o)
                0x00002150                I2C_CharLCD_ISR
 .text.I2C_CharLCD_MasterWriteBuf
                0x000023a0       0xc4 .\CortexM3\ARM_GCC_493\Debug\Hummingbird(Continuous Output).a(I2C_CharLCD_MASTER.o)
                0x000023a0                I2C_CharLCD_MasterWriteBuf
 .text.CharLCD_WriteData
                0x00002464       0x44 .\CortexM3\ARM_GCC_493\Debug\Hummingbird(Continuous Output).a(CharLCD_I2C.o)
                0x00002464                CharLCD_WriteData
 .text.CharLCD_PrintString
                0x000024a8       0x1c .\CortexM3\ARM_GCC_493\Debug\Hummingbird(Continuous Output).a(CharLCD_I2C.o)
                0x000024a8                CharLCD_PrintString
 .text.CharLCD_WriteControl
                0x000024c4       0x44 .\CortexM3\ARM_GCC_493\Debug\Hummingbird(Continuous Output).a(CharLCD_I2C.o)
                0x000024c4                CharLCD_WriteControl
 .text.CharLCD_Position
                0x00002508       0x34 .\CortexM3\ARM_GCC_493\Debug\Hummingbird(Continuous Output).a(CharLCD_I2C.o)
                0x00002508                CharLCD_Position
 .text.CharLCD_WrtCntrlUpNib
                0x0000253c       0x30 .\CortexM3\ARM_GCC_493\Debug\Hummingbird(Continuous Output).a(CharLCD_I2C.o)
                0x0000253c                CharLCD_WrtCntrlUpNib
 .text.CharLCD_Init
                0x0000256c       0x6c .\CortexM3\ARM_GCC_493\Debug\Hummingbird(Continuous Output).a(CharLCD_I2C.o)
                0x0000256c                CharLCD_Init
 .text.CharLCD_Start
                0x000025d8       0x20 .\CortexM3\ARM_GCC_493\Debug\Hummingbird(Continuous Output).a(CharLCD_I2C.o)
                0x000025d8                CharLCD_Start
 .text.CharLCD_PrintNumber
                0x000025f8       0xb8 .\CortexM3\ARM_GCC_493\Debug\Hummingbird(Continuous Output).a(CharLCD_I2C.o)
                0x000025f8                CharLCD_PrintNumber
 .text.ADC_MIC_Enable
                0x000026b0       0xa4 .\CortexM3\ARM_GCC_493\Debug\Hummingbird(Continuous Output).a(ADC_MIC.o)
                0x000026b0                ADC_MIC_Enable
 .text.ADC_MIC_SetResolution
                0x00002754       0x88 .\CortexM3\ARM_GCC_493\Debug\Hummingbird(Continuous Output).a(ADC_MIC.o)
                0x00002754                ADC_MIC_SetResolution
 .text.ADC_MIC_Init
                0x000027dc       0x3c .\CortexM3\ARM_GCC_493\Debug\Hummingbird(Continuous Output).a(ADC_MIC.o)
                0x000027dc                ADC_MIC_Init
 .text.ADC_MIC_Start
                0x00002818       0x1c .\CortexM3\ARM_GCC_493\Debug\Hummingbird(Continuous Output).a(ADC_MIC.o)
                0x00002818                ADC_MIC_Start
 .text.ADC_MIC_StartConvert
                0x00002834       0x10 .\CortexM3\ARM_GCC_493\Debug\Hummingbird(Continuous Output).a(ADC_MIC.o)
                0x00002834                ADC_MIC_StartConvert
 .text.ADC_MIC_IsEndConversion
                0x00002844       0x28 .\CortexM3\ARM_GCC_493\Debug\Hummingbird(Continuous Output).a(ADC_MIC.o)
                0x00002844                ADC_MIC_IsEndConversion
 .text.ADC_MIC_GetResult16
                0x0000286c       0x18 .\CortexM3\ARM_GCC_493\Debug\Hummingbird(Continuous Output).a(ADC_MIC.o)
                0x0000286c                ADC_MIC_GetResult16
 .text.ADC_MIC_ISR
                0x00002884        0x4 .\CortexM3\ARM_GCC_493\Debug\Hummingbird(Continuous Output).a(ADC_MIC_INT.o)
                0x00002884                ADC_MIC_ISR
 .text.TIMER_SAMPLERATE_Init
                0x00002888       0x5c .\CortexM3\ARM_GCC_493\Debug\Hummingbird(Continuous Output).a(TIMER_SAMPLERATE.o)
                0x00002888                TIMER_SAMPLERATE_Init
 .text.TIMER_SAMPLERATE_Start
                0x000028e4       0x24 .\CortexM3\ARM_GCC_493\Debug\Hummingbird(Continuous Output).a(TIMER_SAMPLERATE.o)
                0x000028e4                TIMER_SAMPLERATE_Start
 .text.ADC_UI_Init
                0x00002908       0x40 .\CortexM3\ARM_GCC_493\Debug\Hummingbird(Continuous Output).a(ADC_UI.o)
                0x00002908                ADC_UI_Init
 .text.ADC_UI_Enable
                0x00002948       0xc8 .\CortexM3\ARM_GCC_493\Debug\Hummingbird(Continuous Output).a(ADC_UI.o)
                0x00002948                ADC_UI_Enable
 .text.ADC_UI_Start
                0x00002a10       0x28 .\CortexM3\ARM_GCC_493\Debug\Hummingbird(Continuous Output).a(ADC_UI.o)
                0x00002a10                ADC_UI_Start
 .text.ADC_UI_StartConvert
                0x00002a38       0x10 .\CortexM3\ARM_GCC_493\Debug\Hummingbird(Continuous Output).a(ADC_UI.o)
                0x00002a38                ADC_UI_StartConvert
 .text.ADC_UI_StopConvert
                0x00002a48        0x4 .\CortexM3\ARM_GCC_493\Debug\Hummingbird(Continuous Output).a(ADC_UI.o)
                0x00002a48                ADC_UI_StopConvert
 .text.ADC_UI_IsEndConversion
                0x00002a4c       0x18 .\CortexM3\ARM_GCC_493\Debug\Hummingbird(Continuous Output).a(ADC_UI.o)
                0x00002a4c                ADC_UI_IsEndConversion
 .text.ADC_UI_GetResult16
                0x00002a64       0x1c .\CortexM3\ARM_GCC_493\Debug\Hummingbird(Continuous Output).a(ADC_UI.o)
                0x00002a64                ADC_UI_GetResult16
 .text.ADC_UI_ISR
                0x00002a80        0x4 .\CortexM3\ARM_GCC_493\Debug\Hummingbird(Continuous Output).a(ADC_UI_INT.o)
                0x00002a80                ADC_UI_ISR
 .text.TIMER_UI_Init
                0x00002a84       0x5c .\CortexM3\ARM_GCC_493\Debug\Hummingbird(Continuous Output).a(TIMER_UI.o)
                0x00002a84                TIMER_UI_Init
 .text.TIMER_UI_Start
                0x00002ae0       0x24 .\CortexM3\ARM_GCC_493\Debug\Hummingbird(Continuous Output).a(TIMER_UI.o)
                0x00002ae0                TIMER_UI_Start
 .text.ADC_MIC_theACLK_SetModeRegister
                0x00002b04       0x14 .\CortexM3\ARM_GCC_493\Debug\Hummingbird(Continuous Output).a(ADC_MIC_theACLK.o)
                0x00002b04                ADC_MIC_theACLK_SetModeRegister
 .text.ADC_UI_SAR_Enable
                0x00002b18       0x84 .\CortexM3\ARM_GCC_493\Debug\Hummingbird(Continuous Output).a(ADC_UI_SAR.o)
                0x00002b18                ADC_UI_SAR_Enable
 .text.ADC_UI_SAR_SetResolution
                0x00002b9c       0x78 .\CortexM3\ARM_GCC_493\Debug\Hummingbird(Continuous Output).a(ADC_UI_SAR.o)
                0x00002b9c                ADC_UI_SAR_SetResolution
 .text.ADC_UI_SAR_Start
                0x00002c14       0x34 .\CortexM3\ARM_GCC_493\Debug\Hummingbird(Continuous Output).a(ADC_UI_SAR.o)
                0x00002c14                ADC_UI_SAR_Start
 .text.ADC_UI_SAR_StopConvert
                0x00002c48       0x18 .\CortexM3\ARM_GCC_493\Debug\Hummingbird(Continuous Output).a(ADC_UI_SAR.o)
                0x00002c48                ADC_UI_SAR_StopConvert
 .text.ADC_UI_TempBuf_DmaInitialize
                0x00002c60       0x44 .\CortexM3\ARM_GCC_493\Debug\Hummingbird(Continuous Output).a(ADC_UI_TempBuf_dma.o)
                0x00002c60                ADC_UI_TempBuf_DmaInitialize
 .text.ADC_UI_FinalBuf_DmaInitialize
                0x00002ca4       0x3c .\CortexM3\ARM_GCC_493\Debug\Hummingbird(Continuous Output).a(ADC_UI_FinalBuf_dma.o)
                0x00002ca4                ADC_UI_FinalBuf_DmaInitialize
 .text.ADC_UI_IRQ_SetVector
                0x00002ce0        0xc .\CortexM3\ARM_GCC_493\Debug\Hummingbird(Continuous Output).a(ADC_UI_IRQ.o)
                0x00002ce0                ADC_UI_IRQ_SetVector
 .text.ADC_UI_IRQ_SetPriority
                0x00002cec       0x10 .\CortexM3\ARM_GCC_493\Debug\Hummingbird(Continuous Output).a(ADC_UI_IRQ.o)
                0x00002cec                ADC_UI_IRQ_SetPriority
 .text.UART_MIDITX_Enable
                0x00002cfc       0x1c .\CortexM3\ARM_GCC_493\Debug\Hummingbird(Continuous Output).a(UART_MIDITX.o)
                0x00002cfc                UART_MIDITX_Enable
 .text.UART_MIDITX_Start
                0x00002d18       0x38 .\CortexM3\ARM_GCC_493\Debug\Hummingbird(Continuous Output).a(UART_MIDITX.o)
                0x00002d18                UART_MIDITX_Start
 .text.UART_MIDITX_PutChar
                0x00002d50       0x18 .\CortexM3\ARM_GCC_493\Debug\Hummingbird(Continuous Output).a(UART_MIDITX.o)
                0x00002d50                UART_MIDITX_PutChar
 .text          0x00002d68       0x20 .\CortexM3\ARM_GCC_493\Debug\Hummingbird(Continuous Output).a(CyBootAsmGnu.o)
                0x00002d68                CyDelayCycles
                0x00002d78                CyEnterCriticalSection
                0x00002d80                CyExitCriticalSection
 .text.CySetReg24
                0x00002d88       0x14 .\CortexM3\ARM_GCC_493\Debug\Hummingbird(Continuous Output).a(cyutils.o)
                0x00002d88                CySetReg24
 .text.cos      0x00002d9c       0x90 c:/program files (x86)/cypress/psoc creator/4.0/psoc creator/import/gnu/arm/4.9.3/bin/../lib/gcc/arm-none-eabi/4.9.3/../../../../arm-none-eabi/lib/armv7-m\libm.a(lib_a-s_cos.o)
                0x00002d9c                cos
 .text.round    0x00002e2c       0xa0 c:/program files (x86)/cypress/psoc creator/4.0/psoc creator/import/gnu/arm/4.9.3/bin/../lib/gcc/arm-none-eabi/4.9.3/../../../../arm-none-eabi/lib/armv7-m\libm.a(lib_a-s_round.o)
                0x00002e2c                round
 .text.sin      0x00002ecc       0x94 c:/program files (x86)/cypress/psoc creator/4.0/psoc creator/import/gnu/arm/4.9.3/bin/../lib/gcc/arm-none-eabi/4.9.3/../../../../arm-none-eabi/lib/armv7-m\libm.a(lib_a-s_sin.o)
                0x00002ecc                sin
 .text.log      0x00002f60      0x100 c:/program files (x86)/cypress/psoc creator/4.0/psoc creator/import/gnu/arm/4.9.3/bin/../lib/gcc/arm-none-eabi/4.9.3/../../../../arm-none-eabi/lib/armv7-m\libm.a(lib_a-w_log.o)
                0x00002f60                log
 .text.pow      0x00003060      0x2f0 c:/program files (x86)/cypress/psoc creator/4.0/psoc creator/import/gnu/arm/4.9.3/bin/../lib/gcc/arm-none-eabi/4.9.3/../../../../arm-none-eabi/lib/armv7-m\libm.a(lib_a-w_pow.o)
                0x00003060                pow
 .text.__ieee754_log
                0x00003350      0x3d0 c:/program files (x86)/cypress/psoc creator/4.0/psoc creator/import/gnu/arm/4.9.3/bin/../lib/gcc/arm-none-eabi/4.9.3/../../../../arm-none-eabi/lib/armv7-m\libm.a(lib_a-e_log.o)
                0x00003350                __ieee754_log
 .text.__ieee754_pow
                0x00003720      0xaa0 c:/program files (x86)/cypress/psoc creator/4.0/psoc creator/import/gnu/arm/4.9.3/bin/../lib/gcc/arm-none-eabi/4.9.3/../../../../arm-none-eabi/lib/armv7-m\libm.a(lib_a-e_pow.o)
                0x00003720                __ieee754_pow
 .text.__ieee754_rem_pio2
                0x000041c0      0x428 c:/program files (x86)/cypress/psoc creator/4.0/psoc creator/import/gnu/arm/4.9.3/bin/../lib/gcc/arm-none-eabi/4.9.3/../../../../arm-none-eabi/lib/armv7-m\libm.a(lib_a-e_rem_pio2.o)
                0x000041c0                __ieee754_rem_pio2
 .text.__ieee754_sqrt
                0x000045e8      0x18c c:/program files (x86)/cypress/psoc creator/4.0/psoc creator/import/gnu/arm/4.9.3/bin/../lib/gcc/arm-none-eabi/4.9.3/../../../../arm-none-eabi/lib/armv7-m\libm.a(lib_a-e_sqrt.o)
                0x000045e8                __ieee754_sqrt
 *fill*         0x00004774        0x4 
 .text.__kernel_cos
                0x00004778      0x248 c:/program files (x86)/cypress/psoc creator/4.0/psoc creator/import/gnu/arm/4.9.3/bin/../lib/gcc/arm-none-eabi/4.9.3/../../../../arm-none-eabi/lib/armv7-m\libm.a(lib_a-k_cos.o)
                0x00004778                __kernel_cos
 .text.__kernel_rem_pio2
                0x000049c0      0x808 c:/program files (x86)/cypress/psoc creator/4.0/psoc creator/import/gnu/arm/4.9.3/bin/../lib/gcc/arm-none-eabi/4.9.3/../../../../arm-none-eabi/lib/armv7-m\libm.a(lib_a-k_rem_pio2.o)
                0x000049c0                __kernel_rem_pio2
 .text.__kernel_sin
                0x000051c8      0x170 c:/program files (x86)/cypress/psoc creator/4.0/psoc creator/import/gnu/arm/4.9.3/bin/../lib/gcc/arm-none-eabi/4.9.3/../../../../arm-none-eabi/lib/armv7-m\libm.a(lib_a-k_sin.o)
                0x000051c8                __kernel_sin
 .text.fabs     0x00005338        0x8 c:/program files (x86)/cypress/psoc creator/4.0/psoc creator/import/gnu/arm/4.9.3/bin/../lib/gcc/arm-none-eabi/4.9.3/../../../../arm-none-eabi/lib/armv7-m\libm.a(lib_a-s_fabs.o)
                0x00005338                fabs
 .text.finite   0x00005340        0xc c:/program files (x86)/cypress/psoc creator/4.0/psoc creator/import/gnu/arm/4.9.3/bin/../lib/gcc/arm-none-eabi/4.9.3/../../../../arm-none-eabi/lib/armv7-m\libm.a(lib_a-s_finite.o)
                0x00005340                finite
 *fill*         0x0000534c        0x4 
 .text.floor    0x00005350      0x118 c:/program files (x86)/cypress/psoc creator/4.0/psoc creator/import/gnu/arm/4.9.3/bin/../lib/gcc/arm-none-eabi/4.9.3/../../../../arm-none-eabi/lib/armv7-m\libm.a(lib_a-s_floor.o)
                0x00005350                floor
 .text.__fpclassifyd
                0x00005468       0x58 c:/program files (x86)/cypress/psoc creator/4.0/psoc creator/import/gnu/arm/4.9.3/bin/../lib/gcc/arm-none-eabi/4.9.3/../../../../arm-none-eabi/lib/armv7-m\libm.a(lib_a-s_fpclassify.o)
                0x00005468                __fpclassifyd
 .text.matherr  0x000054c0        0x4 c:/program files (x86)/cypress/psoc creator/4.0/psoc creator/import/gnu/arm/4.9.3/bin/../lib/gcc/arm-none-eabi/4.9.3/../../../../arm-none-eabi/lib/armv7-m\libm.a(lib_a-s_matherr.o)
                0x000054c0                matherr
 .text.nan      0x000054c4        0xc c:/program files (x86)/cypress/psoc creator/4.0/psoc creator/import/gnu/arm/4.9.3/bin/../lib/gcc/arm-none-eabi/4.9.3/../../../../arm-none-eabi/lib/armv7-m\libm.a(lib_a-s_nan.o)
                0x000054c4                nan
 .text.rint     0x000054d0      0x11c c:/program files (x86)/cypress/psoc creator/4.0/psoc creator/import/gnu/arm/4.9.3/bin/../lib/gcc/arm-none-eabi/4.9.3/../../../../arm-none-eabi/lib/armv7-m\libm.a(lib_a-s_rint.o)
                0x000054d0                rint
 *fill*         0x000055ec        0x4 
 .text.scalbn   0x000055f0       0xf0 c:/program files (x86)/cypress/psoc creator/4.0/psoc creator/import/gnu/arm/4.9.3/bin/../lib/gcc/arm-none-eabi/4.9.3/../../../../arm-none-eabi/lib/armv7-m\libm.a(lib_a-s_scalbn.o)
                0x000055f0                scalbn
 .text.copysign
                0x000056e0       0x10 c:/program files (x86)/cypress/psoc creator/4.0/psoc creator/import/gnu/arm/4.9.3/bin/../lib/gcc/arm-none-eabi/4.9.3/../../../../arm-none-eabi/lib/armv7-m\libm.a(lib_a-s_copysign.o)
                0x000056e0                copysign
 .text          0x000056f0      0x370 c:/program files (x86)/cypress/psoc creator/4.0/psoc creator/import/gnu/arm/4.9.3/bin/../lib/gcc/arm-none-eabi/4.9.3/armv7-m\libgcc.a(_arm_addsubdf3.o)
                0x000056f0                __aeabi_drsub
                0x000056f8                __aeabi_dsub
                0x000056f8                __subdf3
                0x000056fc                __aeabi_dadd
                0x000056fc                __adddf3
                0x00005974                __floatunsidf
                0x00005974                __aeabi_ui2d
                0x00005994                __floatsidf
                0x00005994                __aeabi_i2d
                0x000059b8                __aeabi_f2d
                0x000059b8                __extendsfdf2
                0x000059f4                __floatundidf
                0x000059f4                __aeabi_ul2d
                0x00005a04                __floatdidf
                0x00005a04                __aeabi_l2d
 .text          0x00005a60      0x424 c:/program files (x86)/cypress/psoc creator/4.0/psoc creator/import/gnu/arm/4.9.3/bin/../lib/gcc/arm-none-eabi/4.9.3/armv7-m\libgcc.a(_arm_muldivdf3.o)
                0x00005a60                __aeabi_dmul
                0x00005a60                __muldf3
                0x00005cb4                __divdf3
                0x00005cb4                __aeabi_ddiv
 .text          0x00005e84      0x110 c:/program files (x86)/cypress/psoc creator/4.0/psoc creator/import/gnu/arm/4.9.3/bin/../lib/gcc/arm-none-eabi/4.9.3/armv7-m\libgcc.a(_arm_cmpdf2.o)
                0x00005e84                __gtdf2
                0x00005e84                __gedf2
                0x00005e8c                __ltdf2
                0x00005e8c                __ledf2
                0x00005e94                __nedf2
                0x00005e94                __eqdf2
                0x00005e94                __cmpdf2
                0x00005f10                __aeabi_cdrcmple
                0x00005f20                __aeabi_cdcmpeq
                0x00005f20                __aeabi_cdcmple
                0x00005f30                __aeabi_dcmpeq
                0x00005f44                __aeabi_dcmplt
                0x00005f58                __aeabi_dcmple
                0x00005f6c                __aeabi_dcmpge
                0x00005f80                __aeabi_dcmpgt
 .text          0x00005f94       0x50 c:/program files (x86)/cypress/psoc creator/4.0/psoc creator/import/gnu/arm/4.9.3/bin/../lib/gcc/arm-none-eabi/4.9.3/armv7-m\libgcc.a(_arm_fixdfsi.o)
                0x00005f94                __aeabi_d2iz
                0x00005f94                __fixdfsi
 .text          0x00005fe4       0xa0 c:/program files (x86)/cypress/psoc creator/4.0/psoc creator/import/gnu/arm/4.9.3/bin/../lib/gcc/arm-none-eabi/4.9.3/armv7-m\libgcc.a(_arm_truncdfsf2.o)
                0x00005fe4                __truncdfsf2
                0x00005fe4                __aeabi_d2f
 .text          0x00006084      0x21c c:/program files (x86)/cypress/psoc creator/4.0/psoc creator/import/gnu/arm/4.9.3/bin/../lib/gcc/arm-none-eabi/4.9.3/armv7-m\libgcc.a(_arm_addsubsf3.o)
                0x00006084                __aeabi_frsub
                0x0000608c                __subsf3
                0x0000608c                __aeabi_fsub
                0x00006090                __aeabi_fadd
                0x00006090                __addsf3
                0x000061f0                __aeabi_ui2f
                0x000061f0                __floatunsisf
                0x000061f8                __aeabi_i2f
                0x000061f8                __floatsisf
                0x00006214                __aeabi_ul2f
                0x00006214                __floatundisf
                0x00006224                __aeabi_l2f
                0x00006224                __floatdisf
 .text          0x000062a0      0x2a0 c:/program files (x86)/cypress/psoc creator/4.0/psoc creator/import/gnu/arm/4.9.3/bin/../lib/gcc/arm-none-eabi/4.9.3/armv7-m\libgcc.a(_arm_muldivsf3.o)
                0x000062a0                __mulsf3
                0x000062a0                __aeabi_fmul
                0x00006408                __aeabi_fdiv
                0x00006408                __divsf3
 .text          0x00006540       0xec c:/program files (x86)/cypress/psoc creator/4.0/psoc creator/import/gnu/arm/4.9.3/bin/../lib/gcc/arm-none-eabi/4.9.3/armv7-m\libgcc.a(_arm_cmpsf2.o)
                0x00006540                __gesf2
                0x00006540                __gtsf2
                0x00006548                __lesf2
                0x00006548                __ltsf2
                0x00006550                __nesf2
                0x00006550                __eqsf2
                0x00006550                __cmpsf2
                0x000065b0                __aeabi_cfrcmple
                0x000065b8                __aeabi_cfcmpeq
                0x000065b8                __aeabi_cfcmple
                0x000065c8                __aeabi_fcmpeq
                0x000065dc                __aeabi_fcmplt
                0x000065f0                __aeabi_fcmple
                0x00006604                __aeabi_fcmpge
                0x00006618                __aeabi_fcmpgt
 .text          0x0000662c       0x40 c:/program files (x86)/cypress/psoc creator/4.0/psoc creator/import/gnu/arm/4.9.3/bin/../lib/gcc/arm-none-eabi/4.9.3/armv7-m\libgcc.a(_arm_fixunssfsi.o)
                0x0000662c                __fixunssfsi
                0x0000662c                __aeabi_f2uiz
 .text.__errno  0x0000666c        0xc c:/program files (x86)/cypress/psoc creator/4.0/psoc creator/import/gnu/arm/4.9.3/bin/../lib/gcc/arm-none-eabi/4.9.3/../../../../arm-none-eabi/lib/armv7-m\libg_nano.a(lib_a-errno.o)
                0x0000666c                __errno
 .text.__libc_init_array
                0x00006678       0x4c c:/program files (x86)/cypress/psoc creator/4.0/psoc creator/import/gnu/arm/4.9.3/bin/../lib/gcc/arm-none-eabi/4.9.3/../../../../arm-none-eabi/lib/armv7-m\libg_nano.a(lib_a-init.o)
                0x00006678                __libc_init_array
 .text.memcpy   0x000066c4       0x16 c:/program files (x86)/cypress/psoc creator/4.0/psoc creator/import/gnu/arm/4.9.3/bin/../lib/gcc/arm-none-eabi/4.9.3/../../../../arm-none-eabi/lib/armv7-m\libg_nano.a(lib_a-memcpy.o)
                0x000066c4                memcpy
 .text.memset   0x000066da       0x10 c:/program files (x86)/cypress/psoc creator/4.0/psoc creator/import/gnu/arm/4.9.3/bin/../lib/gcc/arm-none-eabi/4.9.3/../../../../arm-none-eabi/lib/armv7-m\libg_nano.a(lib_a-memset.o)
                0x000066da                memset
 *fill*         0x000066ea        0x2 
 .text._free_r  0x000066ec       0x88 c:/program files (x86)/cypress/psoc creator/4.0/psoc creator/import/gnu/arm/4.9.3/bin/../lib/gcc/arm-none-eabi/4.9.3/../../../../arm-none-eabi/lib/armv7-m\libg_nano.a(lib_a-nano-freer.o)
                0x000066ec                _free_r
 .text._malloc_r
                0x00006774       0xac c:/program files (x86)/cypress/psoc creator/4.0/psoc creator/import/gnu/arm/4.9.3/bin/../lib/gcc/arm-none-eabi/4.9.3/../../../../arm-none-eabi/lib/armv7-m\libg_nano.a(lib_a-nano-mallocr.o)
                0x00006774                _malloc_r
 .text._sbrk_r  0x00006820       0x20 c:/program files (x86)/cypress/psoc creator/4.0/psoc creator/import/gnu/arm/4.9.3/bin/../lib/gcc/arm-none-eabi/4.9.3/../../../../arm-none-eabi/lib/armv7-m\libg_nano.a(lib_a-sbrkr.o)
                0x00006820                _sbrk_r
 .text.sprintf  0x00006840       0x48 c:/program files (x86)/cypress/psoc creator/4.0/psoc creator/import/gnu/arm/4.9.3/bin/../lib/gcc/arm-none-eabi/4.9.3/../../../../arm-none-eabi/lib/armv7-m\libg_nano.a(lib_a-sprintf.o)
                0x00006840                siprintf
                0x00006840                sprintf
 .text.__ssputs_r
                0x00006888       0xb2 c:/program files (x86)/cypress/psoc creator/4.0/psoc creator/import/gnu/arm/4.9.3/bin/../lib/gcc/arm-none-eabi/4.9.3/../../../../arm-none-eabi/lib/armv7-m\libg_nano.a(lib_a-nano-svfprintf.o)
                0x00006888                __ssputs_r
 *fill*         0x0000693a        0x2 
 .text._svfprintf_r
                0x0000693c      0x1e4 c:/program files (x86)/cypress/psoc creator/4.0/psoc creator/import/gnu/arm/4.9.3/bin/../lib/gcc/arm-none-eabi/4.9.3/../../../../arm-none-eabi/lib/armv7-m\libg_nano.a(lib_a-nano-svfprintf.o)
                0x0000693c                _svfiprintf_r
                0x0000693c                _svfprintf_r
 .text._printf_common
                0x00006b20       0xea c:/program files (x86)/cypress/psoc creator/4.0/psoc creator/import/gnu/arm/4.9.3/bin/../lib/gcc/arm-none-eabi/4.9.3/../../../../arm-none-eabi/lib/armv7-m\libg_nano.a(lib_a-nano-vfprintf_i.o)
                0x00006b20                _printf_common
 *fill*         0x00006c0a        0x2 
 .text._printf_i
                0x00006c0c      0x240 c:/program files (x86)/cypress/psoc creator/4.0/psoc creator/import/gnu/arm/4.9.3/bin/../lib/gcc/arm-none-eabi/4.9.3/../../../../arm-none-eabi/lib/armv7-m\libg_nano.a(lib_a-nano-vfprintf_i.o)
                0x00006c0c                _printf_i
 .text.memchr   0x00006e4c       0x1c c:/program files (x86)/cypress/psoc creator/4.0/psoc creator/import/gnu/arm/4.9.3/bin/../lib/gcc/arm-none-eabi/4.9.3/../../../../arm-none-eabi/lib/armv7-m\libg_nano.a(lib_a-memchr.o)
                0x00006e4c                memchr
 .text.memmove  0x00006e68       0x36 c:/program files (x86)/cypress/psoc creator/4.0/psoc creator/import/gnu/arm/4.9.3/bin/../lib/gcc/arm-none-eabi/4.9.3/../../../../arm-none-eabi/lib/armv7-m\libg_nano.a(lib_a-memmove.o)
                0x00006e68                memmove
 .text._realloc_r
                0x00006e9e       0x4c c:/program files (x86)/cypress/psoc creator/4.0/psoc creator/import/gnu/arm/4.9.3/bin/../lib/gcc/arm-none-eabi/4.9.3/../../../../arm-none-eabi/lib/armv7-m\libg_nano.a(lib_a-nano-reallocr.o)
                0x00006e9e                _realloc_r
 .text._malloc_usable_size_r
                0x00006eea       0x14 c:/program files (x86)/cypress/psoc creator/4.0/psoc creator/import/gnu/arm/4.9.3/bin/../lib/gcc/arm-none-eabi/4.9.3/../../../../arm-none-eabi/lib/armv7-m\libg_nano.a(lib_a-nano-msizer.o)
                0x00006eea                _malloc_usable_size_r
 *fill*         0x00006efe        0x2 
 .text._sbrk    0x00006f00       0x1c c:/program files (x86)/cypress/psoc creator/4.0/psoc creator/import/gnu/arm/4.9.3/bin/../lib/gcc/arm-none-eabi/4.9.3/../../../../arm-none-eabi/lib/armv7-m\libnosys.a(sbrk.o)
                0x00006f00                _sbrk
 *(.plt)
 *(.gnu.warning)
 *(.glue_7t)
 .glue_7t       0x00000000        0x0 linker stubs
 *(.glue_7)
 .glue_7        0x00000000        0x0 linker stubs
 *(.vfp11_veneer)
 .vfp11_veneer  0x00000000        0x0 linker stubs
 *(.bootloader)
 *(.ARM.extab* .gnu.linkonce.armextab.*)
 *(.gcc_except_table)

.v4_bx          0x00006f1c        0x0
 .v4_bx         0x00000000        0x0 linker stubs

.iplt           0x00006f1c        0x0
 .iplt          0x00000000        0x0 c:/program files (x86)/cypress/psoc creator/4.0/psoc creator/import/gnu/arm/4.9.3/bin/../lib/gcc/arm-none-eabi/4.9.3/armv7-m/crtbegin.o

.eh_frame_hdr
 *(.eh_frame_hdr)

.eh_frame       0x00006f1c        0x4
 *(.eh_frame)
 .eh_frame      0x00006f1c        0x0 c:/program files (x86)/cypress/psoc creator/4.0/psoc creator/import/gnu/arm/4.9.3/bin/../lib/gcc/arm-none-eabi/4.9.3/armv7-m/crtbegin.o
 .eh_frame      0x00006f1c        0x4 c:/program files (x86)/cypress/psoc creator/4.0/psoc creator/import/gnu/arm/4.9.3/bin/../lib/gcc/arm-none-eabi/4.9.3/armv7-m/crtend.o
                0x00006f20                PROVIDE (__exidx_start, .)

.ARM.exidx
 *(.ARM.exidx* .gnu.linkonce.armexidx.*)
                0x00006f20                __exidx_end = .

.rodata         0x00006f20      0x450
 *(.rodata .rodata.* .gnu.linkonce.r.*)
 .rodata.str1.4
                0x00006f20       0x5f .\CortexM3\ARM_GCC_493\Debug\main.o
                                 0x68 (size before relaxing)
 *fill*         0x00006f7f        0x1 
 .rodata.str1.4
                0x00006f80       0x8d .\CortexM3\ARM_GCC_493\Debug\midi.o
                                 0x94 (size before relaxing)
 *fill*         0x0000700d        0x3 
 .rodata        0x00007010        0x4 .\CortexM3\ARM_GCC_493\Debug\hbird.o
 .rodata.str1.4
                0x00007014       0x6e .\CortexM3\ARM_GCC_493\Debug\hbird.o
                                 0x94 (size before relaxing)
 *fill*         0x00007082        0x2 
 .rodata        0x00007084       0x58 .\CortexM3\ARM_GCC_493\Debug\Hummingbird(Continuous Output).a(cyfitter_cfg.o)
 .rodata.str1.4
                0x000070dc        0x4 c:/program files (x86)/cypress/psoc creator/4.0/psoc creator/import/gnu/arm/4.9.3/bin/../lib/gcc/arm-none-eabi/4.9.3/../../../../arm-none-eabi/lib/armv7-m\libm.a(lib_a-w_log.o)
                                  0x8 (size before relaxing)
 .rodata.str1.4
                0x000070e0        0x4 c:/program files (x86)/cypress/psoc creator/4.0/psoc creator/import/gnu/arm/4.9.3/bin/../lib/gcc/arm-none-eabi/4.9.3/../../../../arm-none-eabi/lib/armv7-m\libm.a(lib_a-w_pow.o)
 *fill*         0x000070e4        0x4 
 .rodata.dp_h   0x000070e8       0x10 c:/program files (x86)/cypress/psoc creator/4.0/psoc creator/import/gnu/arm/4.9.3/bin/../lib/gcc/arm-none-eabi/4.9.3/../../../../arm-none-eabi/lib/armv7-m\libm.a(lib_a-e_pow.o)
 .rodata.dp_l   0x000070f8       0x10 c:/program files (x86)/cypress/psoc creator/4.0/psoc creator/import/gnu/arm/4.9.3/bin/../lib/gcc/arm-none-eabi/4.9.3/../../../../arm-none-eabi/lib/armv7-m\libm.a(lib_a-e_pow.o)
 .rodata.bp     0x00007108       0x10 c:/program files (x86)/cypress/psoc creator/4.0/psoc creator/import/gnu/arm/4.9.3/bin/../lib/gcc/arm-none-eabi/4.9.3/../../../../arm-none-eabi/lib/armv7-m\libm.a(lib_a-e_pow.o)
 .rodata.str1.4
                0x00000000        0x4 c:/program files (x86)/cypress/psoc creator/4.0/psoc creator/import/gnu/arm/4.9.3/bin/../lib/gcc/arm-none-eabi/4.9.3/../../../../arm-none-eabi/lib/armv7-m\libm.a(lib_a-e_pow.o)
 .rodata.npio2_hw
                0x00007118       0x80 c:/program files (x86)/cypress/psoc creator/4.0/psoc creator/import/gnu/arm/4.9.3/bin/../lib/gcc/arm-none-eabi/4.9.3/../../../../arm-none-eabi/lib/armv7-m\libm.a(lib_a-e_rem_pio2.o)
 .rodata.two_over_pi
                0x00007198      0x108 c:/program files (x86)/cypress/psoc creator/4.0/psoc creator/import/gnu/arm/4.9.3/bin/../lib/gcc/arm-none-eabi/4.9.3/../../../../arm-none-eabi/lib/armv7-m\libm.a(lib_a-e_rem_pio2.o)
 .rodata.init_jk
                0x000072a0       0x10 c:/program files (x86)/cypress/psoc creator/4.0/psoc creator/import/gnu/arm/4.9.3/bin/../lib/gcc/arm-none-eabi/4.9.3/../../../../arm-none-eabi/lib/armv7-m\libm.a(lib_a-k_rem_pio2.o)
 .rodata.PIo2   0x000072b0       0x40 c:/program files (x86)/cypress/psoc creator/4.0/psoc creator/import/gnu/arm/4.9.3/bin/../lib/gcc/arm-none-eabi/4.9.3/../../../../arm-none-eabi/lib/armv7-m\libm.a(lib_a-k_rem_pio2.o)
 .rodata.TWO52  0x000072f0       0x10 c:/program files (x86)/cypress/psoc creator/4.0/psoc creator/import/gnu/arm/4.9.3/bin/../lib/gcc/arm-none-eabi/4.9.3/../../../../arm-none-eabi/lib/armv7-m\libm.a(lib_a-s_rint.o)
 .rodata.str1.1
                0x00007300        0x2 c:/program files (x86)/cypress/psoc creator/4.0/psoc creator/import/gnu/arm/4.9.3/bin/../lib/gcc/arm-none-eabi/4.9.3/../../../../arm-none-eabi/lib/armv7-m\libg_nano.a(lib_a-impure.o)
 .rodata.str1.1
                0x00007302       0x11 c:/program files (x86)/cypress/psoc creator/4.0/psoc creator/import/gnu/arm/4.9.3/bin/../lib/gcc/arm-none-eabi/4.9.3/../../../../arm-none-eabi/lib/armv7-m\libg_nano.a(lib_a-nano-svfprintf.o)
 .rodata.str1.1
                0x00007313       0x22 c:/program files (x86)/cypress/psoc creator/4.0/psoc creator/import/gnu/arm/4.9.3/bin/../lib/gcc/arm-none-eabi/4.9.3/../../../../arm-none-eabi/lib/armv7-m\libg_nano.a(lib_a-nano-vfprintf_i.o)
                0x00007338                . = ALIGN (0x4)
 *fill*         0x00007335        0x3 
 *(.init)
 .init          0x00007338        0x4 c:/program files (x86)/cypress/psoc creator/4.0/psoc creator/import/gnu/arm/4.9.3/bin/../lib/gcc/arm-none-eabi/4.9.3/armv7-m/crti.o
                0x00007338                _init
 .init          0x0000733c        0x8 c:/program files (x86)/cypress/psoc creator/4.0/psoc creator/import/gnu/arm/4.9.3/bin/../lib/gcc/arm-none-eabi/4.9.3/armv7-m/crtn.o
                0x00007344                . = ALIGN (0x4)
                0x00007344                __preinit_array_start = .
 *(.preinit_array)
                0x00007344                __preinit_array_end = .
                0x00007344                . = ALIGN (0x4)
                0x00007344                __init_array_start = .
 *(SORT(.init_array.*))
 *(.init_array)
 .init_array    0x00007344        0x4 c:/program files (x86)/cypress/psoc creator/4.0/psoc creator/import/gnu/arm/4.9.3/bin/../lib/gcc/arm-none-eabi/4.9.3/armv7-m/crtbegin.o
 .init_array    0x00007348        0x4 .\CortexM3\ARM_GCC_493\Debug\Cm3Start.o
                0x0000734c                __init_array_end = .
                0x0000734c                . = ALIGN (0x4)
 *(.fini)
 .fini          0x0000734c        0x4 c:/program files (x86)/cypress/psoc creator/4.0/psoc creator/import/gnu/arm/4.9.3/bin/../lib/gcc/arm-none-eabi/4.9.3/armv7-m/crti.o
                0x0000734c                _fini
 .fini          0x00007350        0x8 c:/program files (x86)/cypress/psoc creator/4.0/psoc creator/import/gnu/arm/4.9.3/bin/../lib/gcc/arm-none-eabi/4.9.3/armv7-m/crtn.o
                0x00007358                . = ALIGN (0x4)
                0x00007358                __fini_array_start = .
 *(.fini_array)
 .fini_array    0x00007358        0x4 c:/program files (x86)/cypress/psoc creator/4.0/psoc creator/import/gnu/arm/4.9.3/bin/../lib/gcc/arm-none-eabi/4.9.3/armv7-m/crtbegin.o
 *(SORT(.fini_array.*))
                0x0000735c                __fini_array_end = .
                0x0000735c                . = ALIGN (0x4)
 *crtbegin.o(.ctors)
 *(EXCLUDE_FILE(*crtend.o) .ctors)
 *(SORT(.ctors.*))
 *crtend.o(.ctors)
                0x0000735c                . = ALIGN (0x4)
 *crtbegin.o(.dtors)
 *(EXCLUDE_FILE(*crtend.o) .dtors)
 *(SORT(.dtors.*))
 *crtend.o(.dtors)
                0x0000735c                . = ALIGN (0x4)
                0x0000735c                __cy_regions = .
                0x0000735c        0x4 LONG 0x7370 __cy_region_init_ram
                0x00007360        0x4 LONG 0x1fff8108 __cy_region_start_data
                0x00007364        0x4 LONG 0x180 __cy_region_init_size_ram
                0x00007368        0x4 LONG 0x1100 __cy_region_zero_size_ram
                0x0000736c                __cy_regions_end = .
                0x00007370                . = ALIGN (0x8)
 *fill*         0x0000736c        0x4 
                0x00007370                _etext = .

.ramvectors     0x1fff8000      0x100
                0x1fff8000                __cy_region_start_ram = .
 *(.ramvectors)
 .ramvectors    0x1fff8000      0x100 .\CortexM3\ARM_GCC_493\Debug\Cm3Start.o
                0x1fff8000                CyRamVectors

.noinit         0x1fff8100        0x5
 *(.noinit)
 .noinit        0x1fff8100        0x4 .\CortexM3\ARM_GCC_493\Debug\Cm3Start.o
 .noinit        0x1fff8104        0x1 .\CortexM3\ARM_GCC_493\Debug\Hummingbird(Continuous Output).a(CyLib.o)
                0x1fff8104                CyResetStatus

.data           0x1fff8108      0x180 load address 0x00007370
                0x1fff8108                __cy_region_start_data = .
 *(.jcr)
 .jcr           0x1fff8108        0x0 c:/program files (x86)/cypress/psoc creator/4.0/psoc creator/import/gnu/arm/4.9.3/bin/../lib/gcc/arm-none-eabi/4.9.3/armv7-m/crtbegin.o
 .jcr           0x1fff8108        0x4 c:/program files (x86)/cypress/psoc creator/4.0/psoc creator/import/gnu/arm/4.9.3/bin/../lib/gcc/arm-none-eabi/4.9.3/armv7-m/crtend.o
 *(.got.plt)
 *(.got)
 *(.shdata)
 *(.data .data.* .gnu.linkonce.d.*)
 .data          0x1fff810c        0xc .\CortexM3\ARM_GCC_493\Debug\main.o
                0x1fff810c                lastVelo
                0x1fff810e                lastNoise
                0x1fff8110                initSystem
                0x1fff8114                lastNote
 .data          0x1fff8118       0xe8 .\CortexM3\ARM_GCC_493\Debug\midi.o
                0x1fff8118                scaleMajor
                0x1fff818c                scaleNatMinor
 .data          0x1fff8200        0x4 .\CortexM3\ARM_GCC_493\Debug\hbird.o
 .data          0x1fff8204        0x8 .\CortexM3\ARM_GCC_493\Debug\Hummingbird(Continuous Output).a(CyDmac.o)
 .data          0x1fff820c       0x10 .\CortexM3\ARM_GCC_493\Debug\Hummingbird(Continuous Output).a(CyLib.o)
                0x1fff820c                cydelay_freq_mhz
                0x1fff8210                cydelay_32k_ms
                0x1fff8214                cydelay_freq_khz
                0x1fff8218                cydelay_freq_hz
 .data          0x1fff821c        0x2 .\CortexM3\ARM_GCC_493\Debug\Hummingbird(Continuous Output).a(ADC_UI.o)
 .data          0x1fff821e        0x1 .\CortexM3\ARM_GCC_493\Debug\Hummingbird(Continuous Output).a(ADC_UI_TempBuf_dma.o)
                0x1fff821e                ADC_UI_TempBuf_DmaHandle
 .data          0x1fff821f        0x1 .\CortexM3\ARM_GCC_493\Debug\Hummingbird(Continuous Output).a(ADC_UI_FinalBuf_dma.o)
                0x1fff821f                ADC_UI_FinalBuf_DmaHandle
 .data.__fdlib_version
                0x1fff8220        0x1 c:/program files (x86)/cypress/psoc creator/4.0/psoc creator/import/gnu/arm/4.9.3/bin/../lib/gcc/arm-none-eabi/4.9.3/../../../../arm-none-eabi/lib/armv7-m\libm.a(lib_a-s_lib_ver.o)
                0x1fff8220                __fdlib_version
 *fill*         0x1fff8221        0x3 
 .data.impure_data
                0x1fff8224       0x60 c:/program files (x86)/cypress/psoc creator/4.0/psoc creator/import/gnu/arm/4.9.3/bin/../lib/gcc/arm-none-eabi/4.9.3/../../../../arm-none-eabi/lib/armv7-m\libg_nano.a(lib_a-impure.o)
 .data._impure_ptr
                0x1fff8284        0x4 c:/program files (x86)/cypress/psoc creator/4.0/psoc creator/import/gnu/arm/4.9.3/bin/../lib/gcc/arm-none-eabi/4.9.3/../../../../arm-none-eabi/lib/armv7-m\libg_nano.a(lib_a-impure.o)
                0x1fff8284                _impure_ptr
                0x1fff8288                . = ALIGN (0x8)
 *(.ram)
                0x1fff8288                _edata = .

.igot.plt       0x1fff8288        0x0 load address 0x000074f0
 .igot.plt      0x00000000        0x0 c:/program files (x86)/cypress/psoc creator/4.0/psoc creator/import/gnu/arm/4.9.3/bin/../lib/gcc/arm-none-eabi/4.9.3/armv7-m/crtbegin.o

.bss            0x1fff8288     0x1100 load address 0x000074f0
                0x1fff8288                PROVIDE (__bss_start__, .)
 *(.shbss)
 *(.bss .bss.* .gnu.linkonce.b.*)
 .bss           0x1fff8288       0x1c c:/program files (x86)/cypress/psoc creator/4.0/psoc creator/import/gnu/arm/4.9.3/bin/../lib/gcc/arm-none-eabi/4.9.3/armv7-m/crtbegin.o
 .bss           0x1fff82a4       0x54 .\CortexM3\ARM_GCC_493\Debug\main.o
                0x1fff82a4                lastKey
                0x1fff82a6                UI_Update_Mask
                0x1fff82a8                lastScale
                0x1fff82aa                lastHyst
                0x1fff82ac                pushingNote
                0x1fff82ad                currFrame
                0x1fff82b0                frameLocked
                0x1fff82b4                max_value
                0x1fff82b8                frameIndex
                0x1fff82bc                frameReady
                0x1fff82be                frameProcessed
                0x1fff82bf                usbActivityCounter
                0x1fff82c0                curKey
                0x1fff82c1                curScale
                0x1fff82c4                noteHistory
                0x1fff82dc                sampleFrame
                0x1fff82e0                timerFlag
                0x1fff82e4                pitchPrev
                0x1fff82e8                inqFlags_old
                0x1fff82e9                frame2InUse
                0x1fff82ea                frame1InUse
                0x1fff82ec                numFrames
                0x1fff82f0                i
                0x1fff82f4                sustain
                0x1fff82f5                csButtChange
                0x1fff82f6                csButtStates_old
                0x1fff82f7                csButtStates
 .bss           0x1fff82f8      0x800 .\CortexM3\ARM_GCC_493\Debug\pitch.o
 .bss           0x1fff8af8        0x1 .\CortexM3\ARM_GCC_493\Debug\Hummingbird(Continuous Output).a(I2C_CharLCD.o)
                0x1fff8af8                I2C_CharLCD_initVar
 .bss           0x1fff8af9        0x2 .\CortexM3\ARM_GCC_493\Debug\Hummingbird(Continuous Output).a(CharLCD_I2C.o)
                0x1fff8af9                CharLCD_enableState
                0x1fff8afa                CharLCD_initVar
 .bss           0x1fff8afb        0x1 .\CortexM3\ARM_GCC_493\Debug\Hummingbird(Continuous Output).a(ADC_MIC.o)
                0x1fff8afb                ADC_MIC_initVar
 .bss           0x1fff8afc        0x1 .\CortexM3\ARM_GCC_493\Debug\Hummingbird(Continuous Output).a(TIMER_SAMPLERATE.o)
                0x1fff8afc                TIMER_SAMPLERATE_initVar
 *fill*         0x1fff8afd        0x3 
 .bss           0x1fff8b00       0x14 .\CortexM3\ARM_GCC_493\Debug\Hummingbird(Continuous Output).a(ADC_UI.o)
                0x1fff8b10                ADC_UI_initVar
 .bss           0x1fff8b14        0x1 .\CortexM3\ARM_GCC_493\Debug\Hummingbird(Continuous Output).a(TIMER_UI.o)
                0x1fff8b14                TIMER_UI_initVar
 .bss           0x1fff8b15        0x1 .\CortexM3\ARM_GCC_493\Debug\Hummingbird(Continuous Output).a(ADC_UI_SAR.o)
                0x1fff8b15                ADC_UI_SAR_initVar
 .bss           0x1fff8b16        0x2 .\CortexM3\ARM_GCC_493\Debug\Hummingbird(Continuous Output).a(UART_MIDITX.o)
                0x1fff8b16                UART_MIDITX_initVar
 .bss.__malloc_sbrk_start
                0x1fff8b18        0x4 c:/program files (x86)/cypress/psoc creator/4.0/psoc creator/import/gnu/arm/4.9.3/bin/../lib/gcc/arm-none-eabi/4.9.3/../../../../arm-none-eabi/lib/armv7-m\libg_nano.a(lib_a-nano-mallocr.o)
                0x1fff8b18                __malloc_sbrk_start
 .bss.__malloc_free_list
                0x1fff8b1c        0x4 c:/program files (x86)/cypress/psoc creator/4.0/psoc creator/import/gnu/arm/4.9.3/bin/../lib/gcc/arm-none-eabi/4.9.3/../../../../arm-none-eabi/lib/armv7-m\libg_nano.a(lib_a-nano-mallocr.o)
                0x1fff8b1c                __malloc_free_list
 .bss.heap_end.4079
                0x1fff8b20        0x4 c:/program files (x86)/cypress/psoc creator/4.0/psoc creator/import/gnu/arm/4.9.3/bin/../lib/gcc/arm-none-eabi/4.9.3/../../../../arm-none-eabi/lib/armv7-m\libnosys.a(sbrk.o)
 *(COMMON)
 *fill*         0x1fff8b24        0x4 
 COMMON         0x1fff8b28      0x820 .\CortexM3\ARM_GCC_493\Debug\main.o
                0x1fff8b28                midiMsg
                0x1fff8b2c                ADCoutput
                0x1fff8b30                LCDstr
                0x1fff8b40                noteTable
                0x1fff8f40                pitchHz
                0x1fff8f44                tempHyst
                0x1fff8f48                dataFrames
 COMMON         0x1fff9348        0x1 .\CortexM3\ARM_GCC_493\Debug\Hummingbird(Continuous Output).a(I2C_CharLCD.o)
                0x1fff9348                I2C_CharLCD_state
 *fill*         0x1fff9349        0x3 
 COMMON         0x1fff934c       0x12 .\CortexM3\ARM_GCC_493\Debug\Hummingbird(Continuous Output).a(I2C_CharLCD_MASTER.o)
                0x1fff934c                I2C_CharLCD_mstrRdBufSize
                0x1fff9350                I2C_CharLCD_mstrRdBufPtr
                0x1fff9354                I2C_CharLCD_mstrControl
                0x1fff9355                I2C_CharLCD_mstrWrBufIndex
                0x1fff9356                I2C_CharLCD_mstrStatus
                0x1fff9358                I2C_CharLCD_mstrWrBufPtr
                0x1fff935c                I2C_CharLCD_mstrWrBufSize
                0x1fff935d                I2C_CharLCD_mstrRdBufIndex
 *fill*         0x1fff935e        0x2 
 COMMON         0x1fff9360        0xa .\CortexM3\ARM_GCC_493\Debug\Hummingbird(Continuous Output).a(ADC_MIC.o)
                0x1fff9360                ADC_MIC_countsPerVolt
                0x1fff9362                ADC_MIC_shift
                0x1fff9364                ADC_MIC_countsPer10Volt
                0x1fff9368                ADC_MIC_offset
 *fill*         0x1fff936a        0x2 
 COMMON         0x1fff936c        0xa .\CortexM3\ARM_GCC_493\Debug\Hummingbird(Continuous Output).a(ADC_UI.o)
                0x1fff936c                ADC_UI_finalArray
 *fill*         0x1fff9376        0x2 
 COMMON         0x1fff9378        0xa .\CortexM3\ARM_GCC_493\Debug\Hummingbird(Continuous Output).a(ADC_UI_SAR.o)
                0x1fff9378                ADC_UI_SAR_shift
                0x1fff937a                ADC_UI_SAR_countsPerVolt
                0x1fff937c                ADC_UI_SAR_countsPer10Volt
                0x1fff9380                ADC_UI_SAR_offset
 *fill*         0x1fff9382        0x2 
 COMMON         0x1fff9384        0x4 c:/program files (x86)/cypress/psoc creator/4.0/psoc creator/import/gnu/arm/4.9.3/bin/../lib/gcc/arm-none-eabi/4.9.3/../../../../arm-none-eabi/lib/armv7-m\libg_nano.a(lib_a-reent.o)
                0x1fff9384                errno
                0x1fff9388                . = ALIGN (0x8)
 *(.ram.b)
                0x1fff9388                _end = .
                0x1fff9388                __end = .
                0x1fff9388                PROVIDE (end, .)
                0x1fff9388                PROVIDE (__bss_end__, .)
                0x00007370                __cy_region_init_ram = LOADADDR (.data)
                0x00000180                __cy_region_init_size_ram = (_edata - ADDR (.data))
                0x00001100                __cy_region_zero_size_ram = (_end - _edata)

.heap           0x1fff9388       0x80 load address 0x000074f0
                0x1fff9388                . = _end
                0x1fff9408                . = (. + 0x80)
 *fill*         0x1fff9388       0x80 
                0x1fff9408                __cy_heap_limit = .

.stack          0x20007800      0x800
                0x20007800                __cy_stack_limit = .
                0x20008000                . = (. + 0x800)
 *fill*         0x20007800      0x800 
                0x00000001                ASSERT ((__cy_stack_limit >= __cy_heap_limit), region RAM overflowed with stack)

.cyloadermeta
 *(.cyloadermeta)

.cyloadablemeta
 *(.cyloadablemeta)

.cyconfigecc    0x80000000      0xf1c
 *(.cyconfigecc)
 .cyconfigecc   0x80000000      0xf1c .\CortexM3\ARM_GCC_493\Debug\cymetadata.o
                0x80000000                cy_meta_configecc

.cycustnvl      0x90000000        0x4
 *(.cycustnvl)
 .cycustnvl     0x90000000        0x4 .\CortexM3\ARM_GCC_493\Debug\cymetadata.o
                0x90000000                cy_meta_custnvl

.cywolatch      0x90100000        0x4
 *(.cywolatch)
 .cywolatch     0x90100000        0x4 .\CortexM3\ARM_GCC_493\Debug\cymetadata.o
                0x90100000                cy_meta_wonvl

.cyeeprom       0x90200000        0x0
 *(.cyeeprom)
                0x00000001                ASSERT ((. <= ((0x90200000 + ee_offset) + ee_size)), .cyeeprom data will not fit in EEPROM)

.cyflashprotect
                0x90400000      0x100
 *(.cyflashprotect)
 .cyflashprotect
                0x90400000      0x100 .\CortexM3\ARM_GCC_493\Debug\cymetadata.o
                0x90400000                cy_meta_flashprotect

.cymeta         0x90500000        0xc
 *(.cymeta)
 .cymeta        0x90500000        0xc .\CortexM3\ARM_GCC_493\Debug\cymetadata.o
                0x90500000                cy_metadata

.rel.dyn        0x000074f0        0x0 load address 0x9050000c
 .rel.iplt      0x00000000        0x0 c:/program files (x86)/cypress/psoc creator/4.0/psoc creator/import/gnu/arm/4.9.3/bin/../lib/gcc/arm-none-eabi/4.9.3/armv7-m/crtbegin.o

.stab
 *(.stab)

.stabstr
 *(.stabstr)

.debug
 *(.debug)

.line
 *(.line)

.debug_srcinfo
 *(.debug_srcinfo)

.debug_sfnames
 *(.debug_sfnames)

.debug_aranges  0x00000000     0x13f8
 *(.debug_aranges)
 .debug_aranges
                0x00000000       0x40 .\CortexM3\ARM_GCC_493\Debug\main.o
 .debug_aranges
                0x00000040       0x68 .\CortexM3\ARM_GCC_493\Debug\fft.o
 .debug_aranges
                0x000000a8       0x60 .\CortexM3\ARM_GCC_493\Debug\midi.o
 .debug_aranges
                0x00000108       0x40 .\CortexM3\ARM_GCC_493\Debug\pitch.o
 .debug_aranges
                0x00000148       0x50 .\CortexM3\ARM_GCC_493\Debug\hbird.o
 .debug_aranges
                0x00000198       0x18 .\CortexM3\ARM_GCC_493\Debug\cymetadata.o
 .debug_aranges
                0x000001b0       0x40 .\CortexM3\ARM_GCC_493\Debug\Cm3Start.o
 .debug_aranges
                0x000001f0       0x28 .\CortexM3\ARM_GCC_493\Debug\Hummingbird(Continuous Output).a(cyfitter_cfg.o)
 .debug_aranges
                0x00000218       0x58 .\CortexM3\ARM_GCC_493\Debug\Hummingbird(Continuous Output).a(SleepTimer.o)
 .debug_aranges
                0x00000270       0xb0 .\CortexM3\ARM_GCC_493\Debug\Hummingbird(Continuous Output).a(USB.o)
 .debug_aranges
                0x00000320       0x98 .\CortexM3\ARM_GCC_493\Debug\Hummingbird(Continuous Output).a(USB_drv.o)
 .debug_aranges
                0x000003b8       0x38 .\CortexM3\ARM_GCC_493\Debug\Hummingbird(Continuous Output).a(USB_episr.o)
 .debug_aranges
                0x000003f0       0x80 .\CortexM3\ARM_GCC_493\Debug\Hummingbird(Continuous Output).a(USB_std.o)
 .debug_aranges
                0x00000470       0x20 .\CortexM3\ARM_GCC_493\Debug\Hummingbird(Continuous Output).a(USB_vnd.o)
 .debug_aranges
                0x00000490       0x78 .\CortexM3\ARM_GCC_493\Debug\Hummingbird(Continuous Output).a(USB_midi.o)
 .debug_aranges
                0x00000508       0xd8 .\CortexM3\ARM_GCC_493\Debug\Hummingbird(Continuous Output).a(CyDmac.o)
 .debug_aranges
                0x000005e0      0x208 .\CortexM3\ARM_GCC_493\Debug\Hummingbird(Continuous Output).a(CyLib.o)
 .debug_aranges
                0x000007e8       0x70 .\CortexM3\ARM_GCC_493\Debug\Hummingbird(Continuous Output).a(cyPm.o)
 .debug_aranges
                0x00000858       0x80 .\CortexM3\ARM_GCC_493\Debug\Hummingbird(Continuous Output).a(isr_1.o)
 .debug_aranges
                0x000008d8       0x80 .\CortexM3\ARM_GCC_493\Debug\Hummingbird(Continuous Output).a(UI_isr.o)
 .debug_aranges
                0x00000958       0x38 .\CortexM3\ARM_GCC_493\Debug\Hummingbird(Continuous Output).a(I2C_CharLCD.o)
 .debug_aranges
                0x00000990       0x20 .\CortexM3\ARM_GCC_493\Debug\Hummingbird(Continuous Output).a(I2C_CharLCD_INT.o)
 .debug_aranges
                0x000009b0       0x38 .\CortexM3\ARM_GCC_493\Debug\Hummingbird(Continuous Output).a(I2C_CharLCD_PM.o)
 .debug_aranges
                0x000009e8       0x80 .\CortexM3\ARM_GCC_493\Debug\Hummingbird(Continuous Output).a(I2C_CharLCD_MASTER.o)
 .debug_aranges
                0x00000a68       0x88 .\CortexM3\ARM_GCC_493\Debug\Hummingbird(Continuous Output).a(CharLCD_I2C.o)
 .debug_aranges
                0x00000af0       0xa0 .\CortexM3\ARM_GCC_493\Debug\Hummingbird(Continuous Output).a(ADC_MIC.o)
 .debug_aranges
                0x00000b90       0x20 .\CortexM3\ARM_GCC_493\Debug\Hummingbird(Continuous Output).a(ADC_MIC_INT.o)
 .debug_aranges
                0x00000bb0       0x90 .\CortexM3\ARM_GCC_493\Debug\Hummingbird(Continuous Output).a(TIMER_SAMPLERATE.o)
 .debug_aranges
                0x00000c40       0xa0 .\CortexM3\ARM_GCC_493\Debug\Hummingbird(Continuous Output).a(ADC_UI.o)
 .debug_aranges
                0x00000ce0       0x20 .\CortexM3\ARM_GCC_493\Debug\Hummingbird(Continuous Output).a(ADC_UI_INT.o)
 .debug_aranges
                0x00000d00       0x90 .\CortexM3\ARM_GCC_493\Debug\Hummingbird(Continuous Output).a(TIMER_UI.o)
 .debug_aranges
                0x00000d90       0x70 .\CortexM3\ARM_GCC_493\Debug\Hummingbird(Continuous Output).a(ADC_MIC_theACLK.o)
 .debug_aranges
                0x00000e00       0xa0 .\CortexM3\ARM_GCC_493\Debug\Hummingbird(Continuous Output).a(ADC_UI_SAR.o)
 .debug_aranges
                0x00000ea0       0x28 .\CortexM3\ARM_GCC_493\Debug\Hummingbird(Continuous Output).a(ADC_UI_TempBuf_dma.o)
 .debug_aranges
                0x00000ec8       0x28 .\CortexM3\ARM_GCC_493\Debug\Hummingbird(Continuous Output).a(ADC_UI_FinalBuf_dma.o)
 .debug_aranges
                0x00000ef0       0x80 .\CortexM3\ARM_GCC_493\Debug\Hummingbird(Continuous Output).a(ADC_UI_IRQ.o)
 .debug_aranges
                0x00000f70       0xa0 .\CortexM3\ARM_GCC_493\Debug\Hummingbird(Continuous Output).a(UART_MIDITX.o)
 .debug_aranges
                0x00001010       0x20 .\CortexM3\ARM_GCC_493\Debug\Hummingbird(Continuous Output).a(CyBootAsmGnu.o)
 .debug_aranges
                0x00001030      0x110 .\CortexM3\ARM_GCC_493\Debug\Hummingbird(Continuous Output).a(MIDI1_UART.o)
 .debug_aranges
                0x00001140      0x110 .\CortexM3\ARM_GCC_493\Debug\Hummingbird(Continuous Output).a(MIDI2_UART.o)
 .debug_aranges
                0x00001250       0x20 .\CortexM3\ARM_GCC_493\Debug\Hummingbird(Continuous Output).a(USB_cls.o)
 .debug_aranges
                0x00001270       0x18 .\CortexM3\ARM_GCC_493\Debug\Hummingbird(Continuous Output).a(USB_descr.o)
 .debug_aranges
                0x00001288       0x78 .\CortexM3\ARM_GCC_493\Debug\Hummingbird(Continuous Output).a(CyFlash.o)
 .debug_aranges
                0x00001300       0x68 .\CortexM3\ARM_GCC_493\Debug\Hummingbird(Continuous Output).a(CySpc.o)
 .debug_aranges
                0x00001368       0x20 .\CortexM3\ARM_GCC_493\Debug\Hummingbird(Continuous Output).a(cyutils.o)
 .debug_aranges
                0x00001388       0x28 .\CortexM3\ARM_GCC_493\Debug\Hummingbird(Continuous Output).a(MIDI1_UART_INT.o)
 .debug_aranges
                0x000013b0       0x28 .\CortexM3\ARM_GCC_493\Debug\Hummingbird(Continuous Output).a(MIDI2_UART_INT.o)
 .debug_aranges
                0x000013d8       0x20 .\CortexM3\ARM_GCC_493\Debug\Hummingbird(Continuous Output).a(USB_audio.o)

.debug_pubnames
 *(.debug_pubnames)

.debug_info     0x00000000     0xf64c
 *(.debug_info .gnu.linkonce.wi.*)
 .debug_info    0x00000000      0xeb6 .\CortexM3\ARM_GCC_493\Debug\main.o
 .debug_info    0x00000eb6      0xee7 .\CortexM3\ARM_GCC_493\Debug\fft.o
 .debug_info    0x00001d9d      0x6ec .\CortexM3\ARM_GCC_493\Debug\midi.o
 .debug_info    0x00002489      0x439 .\CortexM3\ARM_GCC_493\Debug\pitch.o
 .debug_info    0x000028c2      0xb1e .\CortexM3\ARM_GCC_493\Debug\hbird.o
 .debug_info    0x000033e0      0x13e .\CortexM3\ARM_GCC_493\Debug\cymetadata.o
 .debug_info    0x0000351e      0x315 .\CortexM3\ARM_GCC_493\Debug\Cm3Start.o
 .debug_info    0x00003833      0x67b .\CortexM3\ARM_GCC_493\Debug\Hummingbird(Continuous Output).a(cyfitter_cfg.o)
 .debug_info    0x00003eae      0x2d3 .\CortexM3\ARM_GCC_493\Debug\Hummingbird(Continuous Output).a(SleepTimer.o)
 .debug_info    0x00004181      0x855 .\CortexM3\ARM_GCC_493\Debug\Hummingbird(Continuous Output).a(USB.o)
 .debug_info    0x000049d6      0x6a7 .\CortexM3\ARM_GCC_493\Debug\Hummingbird(Continuous Output).a(USB_drv.o)
 .debug_info    0x0000507d      0x1a9 .\CortexM3\ARM_GCC_493\Debug\Hummingbird(Continuous Output).a(USB_episr.o)
 .debug_info    0x00005226      0xb2f .\CortexM3\ARM_GCC_493\Debug\Hummingbird(Continuous Output).a(USB_std.o)
 .debug_info    0x00005d55      0x18b .\CortexM3\ARM_GCC_493\Debug\Hummingbird(Continuous Output).a(USB_vnd.o)
 .debug_info    0x00005ee0      0x96e .\CortexM3\ARM_GCC_493\Debug\Hummingbird(Continuous Output).a(USB_midi.o)
 .debug_info    0x0000684e      0x94e .\CortexM3\ARM_GCC_493\Debug\Hummingbird(Continuous Output).a(CyDmac.o)
 .debug_info    0x0000719c     0x1125 .\CortexM3\ARM_GCC_493\Debug\Hummingbird(Continuous Output).a(CyLib.o)
 .debug_info    0x000082c1      0x9c6 .\CortexM3\ARM_GCC_493\Debug\Hummingbird(Continuous Output).a(cyPm.o)
 .debug_info    0x00008c87      0x36f .\CortexM3\ARM_GCC_493\Debug\Hummingbird(Continuous Output).a(isr_1.o)
 .debug_info    0x00008ff6      0x36f .\CortexM3\ARM_GCC_493\Debug\Hummingbird(Continuous Output).a(UI_isr.o)
 .debug_info    0x00009365      0x2d0 .\CortexM3\ARM_GCC_493\Debug\Hummingbird(Continuous Output).a(I2C_CharLCD.o)
 .debug_info    0x00009635      0x166 .\CortexM3\ARM_GCC_493\Debug\Hummingbird(Continuous Output).a(I2C_CharLCD_INT.o)
 .debug_info    0x0000979b      0x224 .\CortexM3\ARM_GCC_493\Debug\Hummingbird(Continuous Output).a(I2C_CharLCD_PM.o)
 .debug_info    0x000099bf      0x400 .\CortexM3\ARM_GCC_493\Debug\Hummingbird(Continuous Output).a(I2C_CharLCD_MASTER.o)
 .debug_info    0x00009dbf      0x77d .\CortexM3\ARM_GCC_493\Debug\Hummingbird(Continuous Output).a(CharLCD_I2C.o)
 .debug_info    0x0000a53c      0x60c .\CortexM3\ARM_GCC_493\Debug\Hummingbird(Continuous Output).a(ADC_MIC.o)
 .debug_info    0x0000ab48       0x92 .\CortexM3\ARM_GCC_493\Debug\Hummingbird(Continuous Output).a(ADC_MIC_INT.o)
 .debug_info    0x0000abda      0x40d .\CortexM3\ARM_GCC_493\Debug\Hummingbird(Continuous Output).a(TIMER_SAMPLERATE.o)
 .debug_info    0x0000afe7      0x7b9 .\CortexM3\ARM_GCC_493\Debug\Hummingbird(Continuous Output).a(ADC_UI.o)
 .debug_info    0x0000b7a0       0x99 .\CortexM3\ARM_GCC_493\Debug\Hummingbird(Continuous Output).a(ADC_UI_INT.o)
 .debug_info    0x0000b839      0x415 .\CortexM3\ARM_GCC_493\Debug\Hummingbird(Continuous Output).a(TIMER_UI.o)
 .debug_info    0x0000bc4e      0x297 .\CortexM3\ARM_GCC_493\Debug\Hummingbird(Continuous Output).a(ADC_MIC_theACLK.o)
 .debug_info    0x0000bee5      0x56a .\CortexM3\ARM_GCC_493\Debug\Hummingbird(Continuous Output).a(ADC_UI_SAR.o)
 .debug_info    0x0000c44f      0x1f8 .\CortexM3\ARM_GCC_493\Debug\Hummingbird(Continuous Output).a(ADC_UI_TempBuf_dma.o)
 .debug_info    0x0000c647      0x1f8 .\CortexM3\ARM_GCC_493\Debug\Hummingbird(Continuous Output).a(ADC_UI_FinalBuf_dma.o)
 .debug_info    0x0000c83f      0x36f .\CortexM3\ARM_GCC_493\Debug\Hummingbird(Continuous Output).a(ADC_UI_IRQ.o)
 .debug_info    0x0000cbae      0x47f .\CortexM3\ARM_GCC_493\Debug\Hummingbird(Continuous Output).a(UART_MIDITX.o)
 .debug_info    0x0000d02d       0x99 .\CortexM3\ARM_GCC_493\Debug\Hummingbird(Continuous Output).a(CyBootAsmGnu.o)
 .debug_info    0x0000d0c6      0x910 .\CortexM3\ARM_GCC_493\Debug\Hummingbird(Continuous Output).a(MIDI1_UART.o)
 .debug_info    0x0000d9d6      0x910 .\CortexM3\ARM_GCC_493\Debug\Hummingbird(Continuous Output).a(MIDI2_UART.o)
 .debug_info    0x0000e2e6      0x1ad .\CortexM3\ARM_GCC_493\Debug\Hummingbird(Continuous Output).a(USB_cls.o)
 .debug_info    0x0000e493      0x2cf .\CortexM3\ARM_GCC_493\Debug\Hummingbird(Continuous Output).a(USB_descr.o)
 .debug_info    0x0000e762      0x624 .\CortexM3\ARM_GCC_493\Debug\Hummingbird(Continuous Output).a(CyFlash.o)
 .debug_info    0x0000ed86      0x442 .\CortexM3\ARM_GCC_493\Debug\Hummingbird(Continuous Output).a(CySpc.o)
 .debug_info    0x0000f1c8       0xec .\CortexM3\ARM_GCC_493\Debug\Hummingbird(Continuous Output).a(cyutils.o)
 .debug_info    0x0000f2b4      0x162 .\CortexM3\ARM_GCC_493\Debug\Hummingbird(Continuous Output).a(MIDI1_UART_INT.o)
 .debug_info    0x0000f416      0x162 .\CortexM3\ARM_GCC_493\Debug\Hummingbird(Continuous Output).a(MIDI2_UART_INT.o)
 .debug_info    0x0000f578       0xd4 .\CortexM3\ARM_GCC_493\Debug\Hummingbird(Continuous Output).a(USB_audio.o)

.debug_abbrev   0x00000000     0x505c
 *(.debug_abbrev)
 .debug_abbrev  0x00000000      0x295 .\CortexM3\ARM_GCC_493\Debug\main.o
 .debug_abbrev  0x00000295      0x31f .\CortexM3\ARM_GCC_493\Debug\fft.o
 .debug_abbrev  0x000005b4      0x27d .\CortexM3\ARM_GCC_493\Debug\midi.o
 .debug_abbrev  0x00000831      0x16b .\CortexM3\ARM_GCC_493\Debug\pitch.o
 .debug_abbrev  0x0000099c      0x235 .\CortexM3\ARM_GCC_493\Debug\hbird.o
 .debug_abbrev  0x00000bd1       0x77 .\CortexM3\ARM_GCC_493\Debug\cymetadata.o
 .debug_abbrev  0x00000c48      0x199 .\CortexM3\ARM_GCC_493\Debug\Cm3Start.o
 .debug_abbrev  0x00000de1      0x270 .\CortexM3\ARM_GCC_493\Debug\Hummingbird(Continuous Output).a(cyfitter_cfg.o)
 .debug_abbrev  0x00001051      0x1a2 .\CortexM3\ARM_GCC_493\Debug\Hummingbird(Continuous Output).a(SleepTimer.o)
 .debug_abbrev  0x000011f3      0x2e7 .\CortexM3\ARM_GCC_493\Debug\Hummingbird(Continuous Output).a(USB.o)
 .debug_abbrev  0x000014da      0x24d .\CortexM3\ARM_GCC_493\Debug\Hummingbird(Continuous Output).a(USB_drv.o)
 .debug_abbrev  0x00001727       0xe6 .\CortexM3\ARM_GCC_493\Debug\Hummingbird(Continuous Output).a(USB_episr.o)
 .debug_abbrev  0x0000180d      0x2bd .\CortexM3\ARM_GCC_493\Debug\Hummingbird(Continuous Output).a(USB_std.o)
 .debug_abbrev  0x00001aca       0xd9 .\CortexM3\ARM_GCC_493\Debug\Hummingbird(Continuous Output).a(USB_vnd.o)
 .debug_abbrev  0x00001ba3      0x243 .\CortexM3\ARM_GCC_493\Debug\Hummingbird(Continuous Output).a(USB_midi.o)
 .debug_abbrev  0x00001de6      0x1d4 .\CortexM3\ARM_GCC_493\Debug\Hummingbird(Continuous Output).a(CyDmac.o)
 .debug_abbrev  0x00001fba      0x3cb .\CortexM3\ARM_GCC_493\Debug\Hummingbird(Continuous Output).a(CyLib.o)
 .debug_abbrev  0x00002385      0x210 .\CortexM3\ARM_GCC_493\Debug\Hummingbird(Continuous Output).a(cyPm.o)
 .debug_abbrev  0x00002595      0x1ff .\CortexM3\ARM_GCC_493\Debug\Hummingbird(Continuous Output).a(isr_1.o)
 .debug_abbrev  0x00002794      0x1ff .\CortexM3\ARM_GCC_493\Debug\Hummingbird(Continuous Output).a(UI_isr.o)
 .debug_abbrev  0x00002993      0x168 .\CortexM3\ARM_GCC_493\Debug\Hummingbird(Continuous Output).a(I2C_CharLCD.o)
 .debug_abbrev  0x00002afb       0xb0 .\CortexM3\ARM_GCC_493\Debug\Hummingbird(Continuous Output).a(I2C_CharLCD_INT.o)
 .debug_abbrev  0x00002bab      0x172 .\CortexM3\ARM_GCC_493\Debug\Hummingbird(Continuous Output).a(I2C_CharLCD_PM.o)
 .debug_abbrev  0x00002d1d      0x12d .\CortexM3\ARM_GCC_493\Debug\Hummingbird(Continuous Output).a(I2C_CharLCD_MASTER.o)
 .debug_abbrev  0x00002e4a      0x216 .\CortexM3\ARM_GCC_493\Debug\Hummingbird(Continuous Output).a(CharLCD_I2C.o)
 .debug_abbrev  0x00003060      0x227 .\CortexM3\ARM_GCC_493\Debug\Hummingbird(Continuous Output).a(ADC_MIC.o)
 .debug_abbrev  0x00003287       0x42 .\CortexM3\ARM_GCC_493\Debug\Hummingbird(Continuous Output).a(ADC_MIC_INT.o)
 .debug_abbrev  0x000032c9      0x23b .\CortexM3\ARM_GCC_493\Debug\Hummingbird(Continuous Output).a(TIMER_SAMPLERATE.o)
 .debug_abbrev  0x00003504      0x1d9 .\CortexM3\ARM_GCC_493\Debug\Hummingbird(Continuous Output).a(ADC_UI.o)
 .debug_abbrev  0x000036dd       0x42 .\CortexM3\ARM_GCC_493\Debug\Hummingbird(Continuous Output).a(ADC_UI_INT.o)
 .debug_abbrev  0x0000371f      0x23b .\CortexM3\ARM_GCC_493\Debug\Hummingbird(Continuous Output).a(TIMER_UI.o)
 .debug_abbrev  0x0000395a      0x142 .\CortexM3\ARM_GCC_493\Debug\Hummingbird(Continuous Output).a(ADC_MIC_theACLK.o)
 .debug_abbrev  0x00003a9c      0x23c .\CortexM3\ARM_GCC_493\Debug\Hummingbird(Continuous Output).a(ADC_UI_SAR.o)
 .debug_abbrev  0x00003cd8       0xee .\CortexM3\ARM_GCC_493\Debug\Hummingbird(Continuous Output).a(ADC_UI_TempBuf_dma.o)
 .debug_abbrev  0x00003dc6       0xee .\CortexM3\ARM_GCC_493\Debug\Hummingbird(Continuous Output).a(ADC_UI_FinalBuf_dma.o)
 .debug_abbrev  0x00003eb4      0x1ff .\CortexM3\ARM_GCC_493\Debug\Hummingbird(Continuous Output).a(ADC_UI_IRQ.o)
 .debug_abbrev  0x000040b3      0x1fa .\CortexM3\ARM_GCC_493\Debug\Hummingbird(Continuous Output).a(UART_MIDITX.o)
 .debug_abbrev  0x000042ad       0x14 .\CortexM3\ARM_GCC_493\Debug\Hummingbird(Continuous Output).a(CyBootAsmGnu.o)
 .debug_abbrev  0x000042c1      0x28d .\CortexM3\ARM_GCC_493\Debug\Hummingbird(Continuous Output).a(MIDI1_UART.o)
 .debug_abbrev  0x0000454e      0x28d .\CortexM3\ARM_GCC_493\Debug\Hummingbird(Continuous Output).a(MIDI2_UART.o)
 .debug_abbrev  0x000047db       0xe8 .\CortexM3\ARM_GCC_493\Debug\Hummingbird(Continuous Output).a(USB_cls.o)
 .debug_abbrev  0x000048c3       0xa7 .\CortexM3\ARM_GCC_493\Debug\Hummingbird(Continuous Output).a(USB_descr.o)
 .debug_abbrev  0x0000496a      0x2f9 .\CortexM3\ARM_GCC_493\Debug\Hummingbird(Continuous Output).a(CyFlash.o)
 .debug_abbrev  0x00004c63      0x1b1 .\CortexM3\ARM_GCC_493\Debug\Hummingbird(Continuous Output).a(CySpc.o)
 .debug_abbrev  0x00004e14       0x8e .\CortexM3\ARM_GCC_493\Debug\Hummingbird(Continuous Output).a(cyutils.o)
 .debug_abbrev  0x00004ea2       0xa2 .\CortexM3\ARM_GCC_493\Debug\Hummingbird(Continuous Output).a(MIDI1_UART_INT.o)
 .debug_abbrev  0x00004f44       0xa2 .\CortexM3\ARM_GCC_493\Debug\Hummingbird(Continuous Output).a(MIDI2_UART_INT.o)
 .debug_abbrev  0x00004fe6       0x76 .\CortexM3\ARM_GCC_493\Debug\Hummingbird(Continuous Output).a(USB_audio.o)

.debug_line     0x00000000     0x66d1
 *(.debug_line)
 .debug_line    0x00000000      0x3b4 .\CortexM3\ARM_GCC_493\Debug\main.o
 .debug_line    0x000003b4      0x409 .\CortexM3\ARM_GCC_493\Debug\fft.o
 .debug_line    0x000007bd      0x3d4 .\CortexM3\ARM_GCC_493\Debug\midi.o
 .debug_line    0x00000b91      0x2c7 .\CortexM3\ARM_GCC_493\Debug\pitch.o
 .debug_line    0x00000e58      0x2f4 .\CortexM3\ARM_GCC_493\Debug\hbird.o
 .debug_line    0x0000114c       0x51 .\CortexM3\ARM_GCC_493\Debug\cymetadata.o
 .debug_line    0x0000119d      0x1b5 .\CortexM3\ARM_GCC_493\Debug\Cm3Start.o
 .debug_line    0x00001352      0x24f .\CortexM3\ARM_GCC_493\Debug\Hummingbird(Continuous Output).a(cyfitter_cfg.o)
 .debug_line    0x000015a1      0x117 .\CortexM3\ARM_GCC_493\Debug\Hummingbird(Continuous Output).a(SleepTimer.o)
 .debug_line    0x000016b8      0x322 .\CortexM3\ARM_GCC_493\Debug\Hummingbird(Continuous Output).a(USB.o)
 .debug_line    0x000019da      0x323 .\CortexM3\ARM_GCC_493\Debug\Hummingbird(Continuous Output).a(USB_drv.o)
 .debug_line    0x00001cfd       0xba .\CortexM3\ARM_GCC_493\Debug\Hummingbird(Continuous Output).a(USB_episr.o)
 .debug_line    0x00001db7      0x570 .\CortexM3\ARM_GCC_493\Debug\Hummingbird(Continuous Output).a(USB_std.o)
 .debug_line    0x00002327       0x7f .\CortexM3\ARM_GCC_493\Debug\Hummingbird(Continuous Output).a(USB_vnd.o)
 .debug_line    0x000023a6      0x4c8 .\CortexM3\ARM_GCC_493\Debug\Hummingbird(Continuous Output).a(USB_midi.o)
 .debug_line    0x0000286e      0x31f .\CortexM3\ARM_GCC_493\Debug\Hummingbird(Continuous Output).a(CyDmac.o)
 .debug_line    0x00002b8d      0x830 .\CortexM3\ARM_GCC_493\Debug\Hummingbird(Continuous Output).a(CyLib.o)
 .debug_line    0x000033bd      0x4fe .\CortexM3\ARM_GCC_493\Debug\Hummingbird(Continuous Output).a(cyPm.o)
 .debug_line    0x000038bb      0x1a0 .\CortexM3\ARM_GCC_493\Debug\Hummingbird(Continuous Output).a(isr_1.o)
 .debug_line    0x00003a5b      0x1a1 .\CortexM3\ARM_GCC_493\Debug\Hummingbird(Continuous Output).a(UI_isr.o)
 .debug_line    0x00003bfc      0x140 .\CortexM3\ARM_GCC_493\Debug\Hummingbird(Continuous Output).a(I2C_CharLCD.o)
 .debug_line    0x00003d3c      0x147 .\CortexM3\ARM_GCC_493\Debug\Hummingbird(Continuous Output).a(I2C_CharLCD_INT.o)
 .debug_line    0x00003e83       0xf7 .\CortexM3\ARM_GCC_493\Debug\Hummingbird(Continuous Output).a(I2C_CharLCD_PM.o)
 .debug_line    0x00003f7a      0x29e .\CortexM3\ARM_GCC_493\Debug\Hummingbird(Continuous Output).a(I2C_CharLCD_MASTER.o)
 .debug_line    0x00004218      0x200 .\CortexM3\ARM_GCC_493\Debug\Hummingbird(Continuous Output).a(CharLCD_I2C.o)
 .debug_line    0x00004418      0x262 .\CortexM3\ARM_GCC_493\Debug\Hummingbird(Continuous Output).a(ADC_MIC.o)
 .debug_line    0x0000467a       0x54 .\CortexM3\ARM_GCC_493\Debug\Hummingbird(Continuous Output).a(ADC_MIC_INT.o)
 .debug_line    0x000046ce      0x1aa .\CortexM3\ARM_GCC_493\Debug\Hummingbird(Continuous Output).a(TIMER_SAMPLERATE.o)
 .debug_line    0x00004878      0x232 .\CortexM3\ARM_GCC_493\Debug\Hummingbird(Continuous Output).a(ADC_UI.o)
 .debug_line    0x00004aaa       0x53 .\CortexM3\ARM_GCC_493\Debug\Hummingbird(Continuous Output).a(ADC_UI_INT.o)
 .debug_line    0x00004afd      0x1a3 .\CortexM3\ARM_GCC_493\Debug\Hummingbird(Continuous Output).a(TIMER_UI.o)
 .debug_line    0x00004ca0      0x1e8 .\CortexM3\ARM_GCC_493\Debug\Hummingbird(Continuous Output).a(ADC_MIC_theACLK.o)
 .debug_line    0x00004e88      0x254 .\CortexM3\ARM_GCC_493\Debug\Hummingbird(Continuous Output).a(ADC_UI_SAR.o)
 .debug_line    0x000050dc       0x8d .\CortexM3\ARM_GCC_493\Debug\Hummingbird(Continuous Output).a(ADC_UI_TempBuf_dma.o)
 .debug_line    0x00005169       0x8e .\CortexM3\ARM_GCC_493\Debug\Hummingbird(Continuous Output).a(ADC_UI_FinalBuf_dma.o)
 .debug_line    0x000051f7      0x1a5 .\CortexM3\ARM_GCC_493\Debug\Hummingbird(Continuous Output).a(ADC_UI_IRQ.o)
 .debug_line    0x0000539c      0x25e .\CortexM3\ARM_GCC_493\Debug\Hummingbird(Continuous Output).a(UART_MIDITX.o)
 .debug_line    0x000055fa       0x66 .\CortexM3\ARM_GCC_493\Debug\Hummingbird(Continuous Output).a(CyBootAsmGnu.o)
 .debug_line    0x00005660      0x495 .\CortexM3\ARM_GCC_493\Debug\Hummingbird(Continuous Output).a(MIDI1_UART.o)
 .debug_line    0x00005af5      0x495 .\CortexM3\ARM_GCC_493\Debug\Hummingbird(Continuous Output).a(MIDI2_UART.o)
 .debug_line    0x00005f8a       0x8d .\CortexM3\ARM_GCC_493\Debug\Hummingbird(Continuous Output).a(USB_cls.o)
 .debug_line    0x00006017       0x59 .\CortexM3\ARM_GCC_493\Debug\Hummingbird(Continuous Output).a(USB_descr.o)
 .debug_line    0x00006070      0x1dc .\CortexM3\ARM_GCC_493\Debug\Hummingbird(Continuous Output).a(CyFlash.o)
 .debug_line    0x0000624c      0x200 .\CortexM3\ARM_GCC_493\Debug\Hummingbird(Continuous Output).a(CySpc.o)
 .debug_line    0x0000644c       0x63 .\CortexM3\ARM_GCC_493\Debug\Hummingbird(Continuous Output).a(cyutils.o)
 .debug_line    0x000064af       0xcf .\CortexM3\ARM_GCC_493\Debug\Hummingbird(Continuous Output).a(MIDI1_UART_INT.o)
 .debug_line    0x0000657e       0xcf .\CortexM3\ARM_GCC_493\Debug\Hummingbird(Continuous Output).a(MIDI2_UART_INT.o)
 .debug_line    0x0000664d       0x84 .\CortexM3\ARM_GCC_493\Debug\Hummingbird(Continuous Output).a(USB_audio.o)

.debug_frame    0x00000000     0x433c
 *(.debug_frame)
 .debug_frame   0x00000000       0xd8 .\CortexM3\ARM_GCC_493\Debug\main.o
 .debug_frame   0x000000d8      0x21c .\CortexM3\ARM_GCC_493\Debug\fft.o
 .debug_frame   0x000002f4      0x174 .\CortexM3\ARM_GCC_493\Debug\midi.o
 .debug_frame   0x00000468       0xcc .\CortexM3\ARM_GCC_493\Debug\pitch.o
 .debug_frame   0x00000534      0x118 .\CortexM3\ARM_GCC_493\Debug\hbird.o
 .debug_frame   0x0000064c       0x84 .\CortexM3\ARM_GCC_493\Debug\Cm3Start.o
 .debug_frame   0x000006d0       0x54 .\CortexM3\ARM_GCC_493\Debug\Hummingbird(Continuous Output).a(cyfitter_cfg.o)
 .debug_frame   0x00000724       0xe4 .\CortexM3\ARM_GCC_493\Debug\Hummingbird(Continuous Output).a(SleepTimer.o)
 .debug_frame   0x00000808      0x21c .\CortexM3\ARM_GCC_493\Debug\Hummingbird(Continuous Output).a(USB.o)
 .debug_frame   0x00000a24      0x1f0 .\CortexM3\ARM_GCC_493\Debug\Hummingbird(Continuous Output).a(USB_drv.o)
 .debug_frame   0x00000c14       0x50 .\CortexM3\ARM_GCC_493\Debug\Hummingbird(Continuous Output).a(USB_episr.o)
 .debug_frame   0x00000c64      0x2e0 .\CortexM3\ARM_GCC_493\Debug\Hummingbird(Continuous Output).a(USB_std.o)
 .debug_frame   0x00000f44       0x20 .\CortexM3\ARM_GCC_493\Debug\Hummingbird(Continuous Output).a(USB_vnd.o)
 .debug_frame   0x00000f64      0x254 .\CortexM3\ARM_GCC_493\Debug\Hummingbird(Continuous Output).a(USB_midi.o)
 .debug_frame   0x000011b8      0x264 .\CortexM3\ARM_GCC_493\Debug\Hummingbird(Continuous Output).a(CyDmac.o)
 .debug_frame   0x0000141c      0x570 .\CortexM3\ARM_GCC_493\Debug\Hummingbird(Continuous Output).a(CyLib.o)
 .debug_frame   0x0000198c      0x1e8 .\CortexM3\ARM_GCC_493\Debug\Hummingbird(Continuous Output).a(cyPm.o)
 .debug_frame   0x00001b74      0x110 .\CortexM3\ARM_GCC_493\Debug\Hummingbird(Continuous Output).a(isr_1.o)
 .debug_frame   0x00001c84      0x110 .\CortexM3\ARM_GCC_493\Debug\Hummingbird(Continuous Output).a(UI_isr.o)
 .debug_frame   0x00001d94       0xa4 .\CortexM3\ARM_GCC_493\Debug\Hummingbird(Continuous Output).a(I2C_CharLCD.o)
 .debug_frame   0x00001e38       0x38 .\CortexM3\ARM_GCC_493\Debug\Hummingbird(Continuous Output).a(I2C_CharLCD_INT.o)
 .debug_frame   0x00001e70       0x94 .\CortexM3\ARM_GCC_493\Debug\Hummingbird(Continuous Output).a(I2C_CharLCD_PM.o)
 .debug_frame   0x00001f04      0x21c .\CortexM3\ARM_GCC_493\Debug\Hummingbird(Continuous Output).a(I2C_CharLCD_MASTER.o)
 .debug_frame   0x00002120      0x1b8 .\CortexM3\ARM_GCC_493\Debug\Hummingbird(Continuous Output).a(CharLCD_I2C.o)
 .debug_frame   0x000022d8      0x1b4 .\CortexM3\ARM_GCC_493\Debug\Hummingbird(Continuous Output).a(ADC_MIC.o)
 .debug_frame   0x0000248c       0x20 .\CortexM3\ARM_GCC_493\Debug\Hummingbird(Continuous Output).a(ADC_MIC_INT.o)
 .debug_frame   0x000024ac      0x118 .\CortexM3\ARM_GCC_493\Debug\Hummingbird(Continuous Output).a(TIMER_SAMPLERATE.o)
 .debug_frame   0x000025c4      0x180 .\CortexM3\ARM_GCC_493\Debug\Hummingbird(Continuous Output).a(ADC_UI.o)
 .debug_frame   0x00002744       0x20 .\CortexM3\ARM_GCC_493\Debug\Hummingbird(Continuous Output).a(ADC_UI_INT.o)
 .debug_frame   0x00002764      0x118 .\CortexM3\ARM_GCC_493\Debug\Hummingbird(Continuous Output).a(TIMER_UI.o)
 .debug_frame   0x0000287c       0xec .\CortexM3\ARM_GCC_493\Debug\Hummingbird(Continuous Output).a(ADC_MIC_theACLK.o)
 .debug_frame   0x00002968      0x1b8 .\CortexM3\ARM_GCC_493\Debug\Hummingbird(Continuous Output).a(ADC_UI_SAR.o)
 .debug_frame   0x00002b20       0x4c .\CortexM3\ARM_GCC_493\Debug\Hummingbird(Continuous Output).a(ADC_UI_TempBuf_dma.o)
 .debug_frame   0x00002b6c       0x48 .\CortexM3\ARM_GCC_493\Debug\Hummingbird(Continuous Output).a(ADC_UI_FinalBuf_dma.o)
 .debug_frame   0x00002bb4      0x110 .\CortexM3\ARM_GCC_493\Debug\Hummingbird(Continuous Output).a(ADC_UI_IRQ.o)
 .debug_frame   0x00002cc4      0x1c8 .\CortexM3\ARM_GCC_493\Debug\Hummingbird(Continuous Output).a(UART_MIDITX.o)
 .debug_frame   0x00002e8c      0x330 .\CortexM3\ARM_GCC_493\Debug\Hummingbird(Continuous Output).a(MIDI1_UART.o)
 .debug_frame   0x000031bc      0x330 .\CortexM3\ARM_GCC_493\Debug\Hummingbird(Continuous Output).a(MIDI2_UART.o)
 .debug_frame   0x000034ec       0x20 .\CortexM3\ARM_GCC_493\Debug\Hummingbird(Continuous Output).a(USB_cls.o)
 .debug_frame   0x0000350c      0x184 .\CortexM3\ARM_GCC_493\Debug\Hummingbird(Continuous Output).a(CyFlash.o)
 .debug_frame   0x00003690      0x1a8 .\CortexM3\ARM_GCC_493\Debug\Hummingbird(Continuous Output).a(CySpc.o)
 .debug_frame   0x00003838       0x20 .\CortexM3\ARM_GCC_493\Debug\Hummingbird(Continuous Output).a(cyutils.o)
 .debug_frame   0x00003858       0x7c .\CortexM3\ARM_GCC_493\Debug\Hummingbird(Continuous Output).a(MIDI1_UART_INT.o)
 .debug_frame   0x000038d4       0x7c .\CortexM3\ARM_GCC_493\Debug\Hummingbird(Continuous Output).a(MIDI2_UART_INT.o)
 .debug_frame   0x00003950       0x20 .\CortexM3\ARM_GCC_493\Debug\Hummingbird(Continuous Output).a(USB_audio.o)
 .debug_frame   0x00003970       0x38 c:/program files (x86)/cypress/psoc creator/4.0/psoc creator/import/gnu/arm/4.9.3/bin/../lib/gcc/arm-none-eabi/4.9.3/../../../../arm-none-eabi/lib/armv7-m\libm.a(lib_a-s_cos.o)
 .debug_frame   0x000039a8       0x30 c:/program files (x86)/cypress/psoc creator/4.0/psoc creator/import/gnu/arm/4.9.3/bin/../lib/gcc/arm-none-eabi/4.9.3/../../../../arm-none-eabi/lib/armv7-m\libm.a(lib_a-s_round.o)
 .debug_frame   0x000039d8       0x38 c:/program files (x86)/cypress/psoc creator/4.0/psoc creator/import/gnu/arm/4.9.3/bin/../lib/gcc/arm-none-eabi/4.9.3/../../../../arm-none-eabi/lib/armv7-m\libm.a(lib_a-s_sin.o)
 .debug_frame   0x00003a10       0x40 c:/program files (x86)/cypress/psoc creator/4.0/psoc creator/import/gnu/arm/4.9.3/bin/../lib/gcc/arm-none-eabi/4.9.3/../../../../arm-none-eabi/lib/armv7-m\libm.a(lib_a-w_log.o)
 .debug_frame   0x00003a50       0x44 c:/program files (x86)/cypress/psoc creator/4.0/psoc creator/import/gnu/arm/4.9.3/bin/../lib/gcc/arm-none-eabi/4.9.3/../../../../arm-none-eabi/lib/armv7-m\libm.a(lib_a-w_pow.o)
 .debug_frame   0x00003a94       0x54 c:/program files (x86)/cypress/psoc creator/4.0/psoc creator/import/gnu/arm/4.9.3/bin/../lib/gcc/arm-none-eabi/4.9.3/../../../../arm-none-eabi/lib/armv7-m\libm.a(lib_a-e_log.o)
 .debug_frame   0x00003ae8       0x64 c:/program files (x86)/cypress/psoc creator/4.0/psoc creator/import/gnu/arm/4.9.3/bin/../lib/gcc/arm-none-eabi/4.9.3/../../../../arm-none-eabi/lib/armv7-m\libm.a(lib_a-e_pow.o)
 .debug_frame   0x00003b4c       0x48 c:/program files (x86)/cypress/psoc creator/4.0/psoc creator/import/gnu/arm/4.9.3/bin/../lib/gcc/arm-none-eabi/4.9.3/../../../../arm-none-eabi/lib/armv7-m\libm.a(lib_a-e_rem_pio2.o)
 .debug_frame   0x00003b94       0x30 c:/program files (x86)/cypress/psoc creator/4.0/psoc creator/import/gnu/arm/4.9.3/bin/../lib/gcc/arm-none-eabi/4.9.3/../../../../arm-none-eabi/lib/armv7-m\libm.a(lib_a-e_sqrt.o)
 .debug_frame   0x00003bc4       0x4c c:/program files (x86)/cypress/psoc creator/4.0/psoc creator/import/gnu/arm/4.9.3/bin/../lib/gcc/arm-none-eabi/4.9.3/../../../../arm-none-eabi/lib/armv7-m\libm.a(lib_a-k_cos.o)
 .debug_frame   0x00003c10       0x54 c:/program files (x86)/cypress/psoc creator/4.0/psoc creator/import/gnu/arm/4.9.3/bin/../lib/gcc/arm-none-eabi/4.9.3/../../../../arm-none-eabi/lib/armv7-m\libm.a(lib_a-k_rem_pio2.o)
 .debug_frame   0x00003c64       0x48 c:/program files (x86)/cypress/psoc creator/4.0/psoc creator/import/gnu/arm/4.9.3/bin/../lib/gcc/arm-none-eabi/4.9.3/../../../../arm-none-eabi/lib/armv7-m\libm.a(lib_a-k_sin.o)
 .debug_frame   0x00003cac       0x20 c:/program files (x86)/cypress/psoc creator/4.0/psoc creator/import/gnu/arm/4.9.3/bin/../lib/gcc/arm-none-eabi/4.9.3/../../../../arm-none-eabi/lib/armv7-m\libm.a(lib_a-s_fabs.o)
 .debug_frame   0x00003ccc       0x20 c:/program files (x86)/cypress/psoc creator/4.0/psoc creator/import/gnu/arm/4.9.3/bin/../lib/gcc/arm-none-eabi/4.9.3/../../../../arm-none-eabi/lib/armv7-m\libm.a(lib_a-s_finite.o)
 .debug_frame   0x00003cec       0x34 c:/program files (x86)/cypress/psoc creator/4.0/psoc creator/import/gnu/arm/4.9.3/bin/../lib/gcc/arm-none-eabi/4.9.3/../../../../arm-none-eabi/lib/armv7-m\libm.a(lib_a-s_floor.o)
 .debug_frame   0x00003d20       0x34 c:/program files (x86)/cypress/psoc creator/4.0/psoc creator/import/gnu/arm/4.9.3/bin/../lib/gcc/arm-none-eabi/4.9.3/../../../../arm-none-eabi/lib/armv7-m\libm.a(lib_a-s_fpclassify.o)
 .debug_frame   0x00003d54       0x20 c:/program files (x86)/cypress/psoc creator/4.0/psoc creator/import/gnu/arm/4.9.3/bin/../lib/gcc/arm-none-eabi/4.9.3/../../../../arm-none-eabi/lib/armv7-m\libm.a(lib_a-s_matherr.o)
 .debug_frame   0x00003d74       0x20 c:/program files (x86)/cypress/psoc creator/4.0/psoc creator/import/gnu/arm/4.9.3/bin/../lib/gcc/arm-none-eabi/4.9.3/../../../../arm-none-eabi/lib/armv7-m\libm.a(lib_a-s_nan.o)
 .debug_frame   0x00003d94       0x3c c:/program files (x86)/cypress/psoc creator/4.0/psoc creator/import/gnu/arm/4.9.3/bin/../lib/gcc/arm-none-eabi/4.9.3/../../../../arm-none-eabi/lib/armv7-m\libm.a(lib_a-s_rint.o)
 .debug_frame   0x00003dd0       0x30 c:/program files (x86)/cypress/psoc creator/4.0/psoc creator/import/gnu/arm/4.9.3/bin/../lib/gcc/arm-none-eabi/4.9.3/../../../../arm-none-eabi/lib/armv7-m\libm.a(lib_a-s_scalbn.o)
 .debug_frame   0x00003e00       0x20 c:/program files (x86)/cypress/psoc creator/4.0/psoc creator/import/gnu/arm/4.9.3/bin/../lib/gcc/arm-none-eabi/4.9.3/../../../../arm-none-eabi/lib/armv7-m\libm.a(lib_a-s_copysign.o)
 .debug_frame   0x00003e20       0x28 c:/program files (x86)/cypress/psoc creator/4.0/psoc creator/import/gnu/arm/4.9.3/bin/../lib/gcc/arm-none-eabi/4.9.3/armv7-m\libgcc.a(_aeabi_ldivmod.o)
 .debug_frame   0x00003e48       0x54 c:/program files (x86)/cypress/psoc creator/4.0/psoc creator/import/gnu/arm/4.9.3/bin/../lib/gcc/arm-none-eabi/4.9.3/armv7-m\libgcc.a(bpabi.o)
 .debug_frame   0x00003e9c       0x34 c:/program files (x86)/cypress/psoc creator/4.0/psoc creator/import/gnu/arm/4.9.3/bin/../lib/gcc/arm-none-eabi/4.9.3/armv7-m\libgcc.a(_divdi3.o)
 .debug_frame   0x00003ed0       0x34 c:/program files (x86)/cypress/psoc creator/4.0/psoc creator/import/gnu/arm/4.9.3/bin/../lib/gcc/arm-none-eabi/4.9.3/armv7-m\libgcc.a(_udivdi3.o)
 .debug_frame   0x00003f04       0x20 c:/program files (x86)/cypress/psoc creator/4.0/psoc creator/import/gnu/arm/4.9.3/bin/../lib/gcc/arm-none-eabi/4.9.3/../../../../arm-none-eabi/lib/armv7-m\libg_nano.a(lib_a-calloc.o)
 .debug_frame   0x00003f24       0x20 c:/program files (x86)/cypress/psoc creator/4.0/psoc creator/import/gnu/arm/4.9.3/bin/../lib/gcc/arm-none-eabi/4.9.3/../../../../arm-none-eabi/lib/armv7-m\libg_nano.a(lib_a-errno.o)
 .debug_frame   0x00003f44       0x28 c:/program files (x86)/cypress/psoc creator/4.0/psoc creator/import/gnu/arm/4.9.3/bin/../lib/gcc/arm-none-eabi/4.9.3/../../../../arm-none-eabi/lib/armv7-m\libg_nano.a(lib_a-exit.o)
 .debug_frame   0x00003f6c       0x2c c:/program files (x86)/cypress/psoc creator/4.0/psoc creator/import/gnu/arm/4.9.3/bin/../lib/gcc/arm-none-eabi/4.9.3/../../../../arm-none-eabi/lib/armv7-m\libg_nano.a(lib_a-init.o)
 .debug_frame   0x00003f98       0x30 c:/program files (x86)/cypress/psoc creator/4.0/psoc creator/import/gnu/arm/4.9.3/bin/../lib/gcc/arm-none-eabi/4.9.3/../../../../arm-none-eabi/lib/armv7-m\libg_nano.a(lib_a-malloc.o)
 .debug_frame   0x00003fc8       0x28 c:/program files (x86)/cypress/psoc creator/4.0/psoc creator/import/gnu/arm/4.9.3/bin/../lib/gcc/arm-none-eabi/4.9.3/../../../../arm-none-eabi/lib/armv7-m\libg_nano.a(lib_a-memcpy.o)
 .debug_frame   0x00003ff0       0x20 c:/program files (x86)/cypress/psoc creator/4.0/psoc creator/import/gnu/arm/4.9.3/bin/../lib/gcc/arm-none-eabi/4.9.3/../../../../arm-none-eabi/lib/armv7-m\libg_nano.a(lib_a-memset.o)
 .debug_frame   0x00004010       0x2c c:/program files (x86)/cypress/psoc creator/4.0/psoc creator/import/gnu/arm/4.9.3/bin/../lib/gcc/arm-none-eabi/4.9.3/../../../../arm-none-eabi/lib/armv7-m\libg_nano.a(lib_a-nano-callocr.o)
 .debug_frame   0x0000403c       0x2c c:/program files (x86)/cypress/psoc creator/4.0/psoc creator/import/gnu/arm/4.9.3/bin/../lib/gcc/arm-none-eabi/4.9.3/../../../../arm-none-eabi/lib/armv7-m\libg_nano.a(lib_a-nano-freer.o)