Archive member included because of file (symbol)

.\CortexM3\ARM_GCC_493\Debug\Hummingbird(Continuous Output).a(cyfitter_cfg.o)
                              .\CortexM3\ARM_GCC_493\Debug\Cm3Start.o (cyfitter_cfg)
.\CortexM3\ARM_GCC_493\Debug\Hummingbird(Continuous Output).a(USB.o)
                              .\CortexM3\ARM_GCC_493\Debug\main.o (USB_Start)
.\CortexM3\ARM_GCC_493\Debug\Hummingbird(Continuous Output).a(USB_drv.o)
                              .\CortexM3\ARM_GCC_493\Debug\Hummingbird(Continuous Output).a(USB.o) (USB_lastPacketSize)
.\CortexM3\ARM_GCC_493\Debug\Hummingbird(Continuous Output).a(USB_episr.o)
                              .\CortexM3\ARM_GCC_493\Debug\Hummingbird(Continuous Output).a(USB.o) (USB_EP_1_ISR)
.\CortexM3\ARM_GCC_493\Debug\Hummingbird(Continuous Output).a(USB_std.o)
                              .\CortexM3\ARM_GCC_493\Debug\Hummingbird(Continuous Output).a(USB_drv.o) (USB_HandleStandardRqst)
.\CortexM3\ARM_GCC_493\Debug\Hummingbird(Continuous Output).a(USB_vnd.o)
                              .\CortexM3\ARM_GCC_493\Debug\Hummingbird(Continuous Output).a(USB_drv.o) (USB_HandleVendorRqst)
.\CortexM3\ARM_GCC_493\Debug\Hummingbird(Continuous Output).a(USB_midi.o)
                              .\CortexM3\ARM_GCC_493\Debug\Hummingbird(Continuous Output).a(USB_std.o) (USB_midi_in_ep)
.\CortexM3\ARM_GCC_493\Debug\Hummingbird(Continuous Output).a(CyDmac.o)
                              .\CortexM3\ARM_GCC_493\Debug\Cm3Start.o (CyDmacConfigure)
.\CortexM3\ARM_GCC_493\Debug\Hummingbird(Continuous Output).a(CyLib.o)
                              .\CortexM3\ARM_GCC_493\Debug\main.o (CyDelay)
.\CortexM3\ARM_GCC_493\Debug\Hummingbird(Continuous Output).a(cyPm.o)
                              .\CortexM3\ARM_GCC_493\Debug\Hummingbird(Continuous Output).a(CyLib.o) (CyPmReadStatus)
.\CortexM3\ARM_GCC_493\Debug\Hummingbird(Continuous Output).a(isr_1.o)
                              .\CortexM3\ARM_GCC_493\Debug\main.o (isr_1_StartEx)
.\CortexM3\ARM_GCC_493\Debug\Hummingbird(Continuous Output).a(UI_isr.o)
                              .\CortexM3\ARM_GCC_493\Debug\main.o (UI_isr_StartEx)
.\CortexM3\ARM_GCC_493\Debug\Hummingbird(Continuous Output).a(I2C_CharLCD.o)
                              .\CortexM3\ARM_GCC_493\Debug\main.o (I2C_CharLCD_Start)
.\CortexM3\ARM_GCC_493\Debug\Hummingbird(Continuous Output).a(I2C_CharLCD_INT.o)
                              .\CortexM3\ARM_GCC_493\Debug\Hummingbird(Continuous Output).a(I2C_CharLCD.o) (I2C_CharLCD_ISR)
.\CortexM3\ARM_GCC_493\Debug\Hummingbird(Continuous Output).a(I2C_CharLCD_PM.o)
                              .\CortexM3\ARM_GCC_493\Debug\Hummingbird(Continuous Output).a(I2C_CharLCD.o) (I2C_CharLCD_backup)
.\CortexM3\ARM_GCC_493\Debug\Hummingbird(Continuous Output).a(I2C_CharLCD_MASTER.o)
                              .\CortexM3\ARM_GCC_493\Debug\Hummingbird(Continuous Output).a(I2C_CharLCD.o) (I2C_CharLCD_mstrStatus)
.\CortexM3\ARM_GCC_493\Debug\Hummingbird(Continuous Output).a(CharLCD_I2C.o)
                              .\CortexM3\ARM_GCC_493\Debug\main.o (CharLCD_PrintString)
.\CortexM3\ARM_GCC_493\Debug\Hummingbird(Continuous Output).a(ADC_MIC.o)
                              .\CortexM3\ARM_GCC_493\Debug\main.o (ADC_MIC_Start)
.\CortexM3\ARM_GCC_493\Debug\Hummingbird(Continuous Output).a(ADC_MIC_INT.o)
                              .\CortexM3\ARM_GCC_493\Debug\Hummingbird(Continuous Output).a(ADC_MIC.o) (ADC_MIC_ISR)
.\CortexM3\ARM_GCC_493\Debug\Hummingbird(Continuous Output).a(TIMER_SAMPLERATE.o)
                              .\CortexM3\ARM_GCC_493\Debug\main.o (TIMER_SAMPLERATE_Start)
.\CortexM3\ARM_GCC_493\Debug\Hummingbird(Continuous Output).a(ADC_UI.o)
                              .\CortexM3\ARM_GCC_493\Debug\main.o (ADC_UI_Start)
.\CortexM3\ARM_GCC_493\Debug\Hummingbird(Continuous Output).a(ADC_UI_INT.o)
                              .\CortexM3\ARM_GCC_493\Debug\Hummingbird(Continuous Output).a(ADC_UI.o) (ADC_UI_ISR)
.\CortexM3\ARM_GCC_493\Debug\Hummingbird(Continuous Output).a(TIMER_UI.o)
                              .\CortexM3\ARM_GCC_493\Debug\main.o (TIMER_UI_Start)
.\CortexM3\ARM_GCC_493\Debug\Hummingbird(Continuous Output).a(ADC_MIC_theACLK.o)
                              .\CortexM3\ARM_GCC_493\Debug\Hummingbird(Continuous Output).a(ADC_MIC.o) (ADC_MIC_theACLK_SetModeRegister)
.\CortexM3\ARM_GCC_493\Debug\Hummingbird(Continuous Output).a(ADC_UI_SAR.o)
                              .\CortexM3\ARM_GCC_493\Debug\Hummingbird(Continuous Output).a(ADC_UI.o) (ADC_UI_SAR_Stop)
.\CortexM3\ARM_GCC_493\Debug\Hummingbird(Continuous Output).a(ADC_UI_TempBuf_dma.o)
                              .\CortexM3\ARM_GCC_493\Debug\Hummingbird(Continuous Output).a(ADC_UI.o) (ADC_UI_TempBuf_DmaInitialize)
.\CortexM3\ARM_GCC_493\Debug\Hummingbird(Continuous Output).a(ADC_UI_FinalBuf_dma.o)
                              .\CortexM3\ARM_GCC_493\Debug\Hummingbird(Continuous Output).a(ADC_UI.o) (ADC_UI_FinalBuf_DmaInitialize)
[...]
Memory Configuration

Name             Origin             Length             Attributes
rom              0x00000000         0x00040000         xr
ram              0x1fff8000         0x00010000         xrw
*default*        0x00000000         0xffffffff

Linker script and memory map

LOAD c:/program files (x86)/cypress/psoc creator/4.0/psoc creator/import/gnu/arm/4.9.3/bin/../lib/gcc/arm-none-eabi/4.9.3/armv7-m/crti.o
LOAD c:/program files (x86)/cypress/psoc creator/4.0/psoc creator/import/gnu/arm/4.9.3/bin/../lib/gcc/arm-none-eabi/4.9.3/armv7-m/crtbegin.o
LOAD c:/program files (x86)/cypress/psoc creator/4.0/psoc creator/import/gnu/arm/4.9.3/bin/../lib/gcc/arm-none-eabi/4.9.3/../../../../arm-none-eabi/lib/armv7-m/crt0.o
START GROUP
LOAD .\CortexM3\ARM_GCC_493\Debug\main.o
LOAD .\CortexM3\ARM_GCC_493\Debug\fft.o
LOAD .\CortexM3\ARM_GCC_493\Debug\midi.o
LOAD .\CortexM3\ARM_GCC_493\Debug\pitch.o
LOAD .\CortexM3\ARM_GCC_493\Debug\hbird.o
LOAD .\CortexM3\ARM_GCC_493\Debug\cymetadata.o
LOAD .\CortexM3\ARM_GCC_493\Debug\Cm3Start.o
LOAD .\CortexM3\ARM_GCC_493\Debug\Hummingbird(Continuous Output).a
LOAD C:\Program Files (x86)\Cypress\PSoC Creator\4.0\PSoC Creator\psoc\content\cycomponentlibrary\CyComponentLibrary.cylib\CortexM3\ARM_GCC_493\Debug\CyComponentLibrary.a
LOAD c:/program files (x86)/cypress/psoc creator/4.0/psoc creator/import/gnu/arm/4.9.3/bin/../lib/gcc/arm-none-eabi/4.9.3/../../../../arm-none-eabi/lib/armv7-m\libm.a
END GROUP
START GROUP
LOAD c:/program files (x86)/cypress/psoc creator/4.0/psoc creator/import/gnu/arm/4.9.3/bin/../lib/gcc/arm-none-eabi/4.9.3/armv7-m\libgcc.a
LOAD c:/program files (x86)/cypress/psoc creator/4.0/psoc creator/import/gnu/arm/4.9.3/bin/../lib/gcc/arm-none-eabi/4.9.3/../../../../arm-none-eabi/lib/armv7-m\libg_nano.a
LOAD c:/program files (x86)/cypress/psoc creator/4.0/psoc creator/import/gnu/arm/4.9.3/bin/../lib/gcc/arm-none-eabi/4.9.3/../../../../arm-none-eabi/lib/armv7-m\libc_nano.a
END GROUP
START GROUP
LOAD c:/program files (x86)/cypress/psoc creator/4.0/psoc creator/import/gnu/arm/4.9.3/bin/../lib/gcc/arm-none-eabi/4.9.3/armv7-m\libgcc.a
LOAD c:/program files (x86)/cypress/psoc creator/4.0/psoc creator/import/gnu/arm/4.9.3/bin/../lib/gcc/arm-none-eabi/4.9.3/../../../../arm-none-eabi/lib/armv7-m\libc_nano.a
END GROUP
LOAD c:/program files (x86)/cypress/psoc creator/4.0/psoc creator/import/gnu/arm/4.9.3/bin/../lib/gcc/arm-none-eabi/4.9.3/armv7-m/crtend.o
LOAD c:/program files (x86)/cypress/psoc creator/4.0/psoc creator/import/gnu/arm/4.9.3/bin/../lib/gcc/arm-none-eabi/4.9.3/armv7-m/crtn.o
START GROUP
LOAD c:/program files (x86)/cypress/psoc creator/4.0/psoc creator/import/gnu/arm/4.9.3/bin/../lib/gcc/arm-none-eabi/4.9.3/armv7-m\libgcc.a
LOAD c:/program files (x86)/cypress/psoc creator/4.0/psoc creator/import/gnu/arm/4.9.3/bin/../lib/gcc/arm-none-eabi/4.9.3/../../../../arm-none-eabi/lib/armv7-m\libc.a
LOAD c:/program files (x86)/cypress/psoc creator/4.0/psoc creator/import/gnu/arm/4.9.3/bin/../lib/gcc/arm-none-eabi/4.9.3/../../../../arm-none-eabi/lib/armv7-m\libnosys.a
END GROUP
                0x00000000                CY_APPL_ORIGIN = 0x0
                0x00000100                CY_FLASH_ROW_SIZE = 0x100
                0x00000020                CY_ECC_ROW_SIZE = 0x20
                0x00000000                CY_EE_IN_BTLDR = 0x0
                0x00000000                CY_APPL_LOADABLE = 0x0
                0x00000800                CY_EE_SIZE = 0x800
                0x00000001                CY_APPL_NUM = 0x1
                0x00000001                CY_APPL_MAX = 0x1
                0x00000040                CY_METADATA_SIZE = 0x40
                0x1fffa080                PROVIDE (__cy_heap_start, _end)
                0x00000001                PROVIDE (__cy_region_num, ((__cy_regions_end - __cy_regions) / 0x10))
                0x20008000                PROVIDE (__cy_stack, (ORIGIN (ram) + 0x10000))
                0x20007800                PROVIDE (__cy_heap_end, (__cy_stack - 0x800))

.cybootloader   0x00000000        0x0
 *(.cybootloader)
                0x00000000                appl1_start = CY_APPL_ORIGIN?CY_APPL_ORIGIN:ALIGN (CY_FLASH_ROW_SIZE)
                0x0001ff00                appl2_start = (appl1_start + ALIGN ((((0x40000 - appl1_start) - (0x2 * CY_FLASH_ROW_SIZE)) / 0x2), CY_FLASH_ROW_SIZE))
                0x00000000                appl_start = (CY_APPL_NUM == 0x1)?appl1_start:appl2_start
                0x00000000                ecc_offset = ((appl_start / CY_FLASH_ROW_SIZE) * CY_ECC_ROW_SIZE)
                0x00000000                ee_offset = (CY_APPL_LOADABLE && ! (CY_EE_IN_BTLDR))?((CY_EE_SIZE / CY_APPL_MAX) * (CY_APPL_NUM - 0x1)):0x0
                0x00000800                ee_size = (CY_APPL_LOADABLE && ! (CY_EE_IN_BTLDR))?(CY_EE_SIZE / CY_APPL_MAX):CY_EE_SIZE
                0x00000000                PROVIDE (CY_ECC_OFFSET, ecc_offset)

.text           0x00000000     0x8614
 CREATE_OBJECT_SYMBOLS
                0x00000000                PROVIDE (__cy_interrupt_vector, RomVectors)
 *(.romvectors)
 .romvectors    0x00000000       0x10 .\CortexM3\ARM_GCC_493\Debug\Cm3Start.o
                0x00000000                RomVectors
                0x00000001                ASSERT ((. != __cy_interrupt_vector), No interrupt vector)
                0x00000001                ASSERT (CY_APPL_ORIGIN?(SIZEOF (.cybootloader) <= CY_APPL_ORIGIN):0x1, Wrong image location)
                0x00000010                PROVIDE (__cy_reset, Reset)
 *(.text.Reset)
 .text.Reset    0x00000010       0x18 .\CortexM3\ARM_GCC_493\Debug\Cm3Start.o
                0x00000010                Reset
                0x00000001                ASSERT ((. != __cy_reset), No reset code)
 *(.dma_init)
                0x00000001                ASSERT ((((appl_start + .) <= 0x10000) || 0x1), DMA Init must be within the first 64k of flash)
 *(.text .text.* .gnu.linkonce.t.*)
 .text          0x00000028       0x5c c:/program files (x86)/cypress/psoc creator/4.0/psoc creator/import/gnu/arm/4.9.3/bin/../lib/gcc/arm-none-eabi/4.9.3/armv7-m/crtbegin.o
 .text.UserInterfaceISR
                0x00000084      0x140 .\CortexM3\ARM_GCC_493\Debug\main.o
                0x00000084                UserInterfaceISR
 .text.GetSample
                0x000001c4       0x80 .\CortexM3\ARM_GCC_493\Debug\main.o
                0x000001c4                GetSample
 .text.startup.main
                0x00000244      0x3a8 .\CortexM3\ARM_GCC_493\Debug\main.o
                0x00000244                main
 .text.memdup   0x000005ec       0x1c .\CortexM3\ARM_GCC_493\Debug\fft.o
 .text.fft_init
                0x00000608       0x78 .\CortexM3\ARM_GCC_493\Debug\fft.o
                0x00000608                fft_init
 .text.transform_radix2
                0x00000680      0x1b4 .\CortexM3\ARM_GCC_493\Debug\fft.o
                0x00000680                transform_radix2
 .text.transform_bluestein
                0x00000834      0x2c4 .\CortexM3\ARM_GCC_493\Debug\fft.o
                0x00000834                transform_bluestein
 .text.transform.part.1
                0x00000af8       0x18 .\CortexM3\ARM_GCC_493\Debug\fft.o
 .text.transform
                0x00000b10       0x18 .\CortexM3\ARM_GCC_493\Debug\fft.o
                0x00000b10                transform
 .text.inverse_transform
                0x00000b28       0x18 .\CortexM3\ARM_GCC_493\Debug\fft.o
                0x00000b28                inverse_transform
 .text.convolve_complex.part.0
                0x00000b40      0x184 .\CortexM3\ARM_GCC_493\Debug\fft.o
 .text.populate_midi_array
                0x00000cc4       0x48 .\CortexM3\ARM_GCC_493\Debug\midi.o
                0x00000cc4                populate_midi_array
 *fill*         0x00000d0c        0x4 
 .text.midi_note_from_freq
                0x00000d10       0x50 .\CortexM3\ARM_GCC_493\Debug\midi.o
                0x00000d10                midi_note_from_freq
 .text.midi_note_changed
                0x00000d60       0xc4 .\CortexM3\ARM_GCC_493\Debug\midi.o
                0x00000d60                midi_note_changed
 .text.midi_note_basename
                0x00000e24      0x190 .\CortexM3\ARM_GCC_493\Debug\midi.o
                0x00000e24                midi_note_basename
 .text.midi_note_truename
                0x00000fb4      0x200 .\CortexM3\ARM_GCC_493\Debug\midi.o
                0x00000fb4                midi_note_truename
 .text.NoteSnap
                0x000011b4      0x744 .\CortexM3\ARM_GCC_493\Debug\midi.o
                0x000011b4                NoteSnap
 .text.pitch_init
                0x000018f8       0x14 .\CortexM3\ARM_GCC_493\Debug\pitch.o
                0x000018f8                pitch_init
 .text.pitch_auto_fft
                0x0000190c       0xe0 .\CortexM3\ARM_GCC_493\Debug\pitch.o
                0x0000190c                pitch_auto_fft
 .text.map      0x000019ec       0x1c .\CortexM3\ARM_GCC_493\Debug\hbird.o
                0x000019ec                map
 .text.UpdateScaleLCD
                0x00001a08       0xac .\CortexM3\ARM_GCC_493\Debug\hbird.o
                0x00001a08                UpdateScaleLCD
 *fill*         0x00001ab4        0x4 
 .text.UpdateTuner
                0x00001ab8      0x2d0 .\CortexM3\ARM_GCC_493\Debug\hbird.o
                0x00001ab8                UpdateTuner
 .text.UpdateKeyLCD
                0x00001d88       0x48 .\CortexM3\ARM_GCC_493\Debug\hbird.o
                0x00001d88                UpdateKeyLCD
 .text.initDisplay
                0x00001dd0       0xc0 .\CortexM3\ARM_GCC_493\Debug\hbird.o
                0x00001dd0                initDisplay
 .text.IntDefaultHandler
                0x00001e90        0x4 .\CortexM3\ARM_GCC_493\Debug\Cm3Start.o
                0x00001e90                IntDefaultHandler
 .text.Start_c  0x00001e94       0x60 .\CortexM3\ARM_GCC_493\Debug\Cm3Start.o
                0x00001e94                Start_c
 .text.startup.initialize_psoc
                0x00001ef4       0x78 .\CortexM3\ARM_GCC_493\Debug\Cm3Start.o
                0x00001ef4                initialize_psoc
 .text.cyfitter_cfg
                0x00001f6c      0x364 .\CortexM3\ARM_GCC_493\Debug\Hummingbird(Continuous Output).a(cyfitter_cfg.o)
                0x00001f6c                cyfitter_cfg
 .text.USB_Init
                0x000022d0      0x124 .\CortexM3\ARM_GCC_493\Debug\Hummingbird(Continuous Output).a(USB.o)
                0x000022d0                USB_Init
 .text.USB_InitComponent
                0x000023f4       0xb8 .\CortexM3\ARM_GCC_493\Debug\Hummingbird(Continuous Output).a(USB.o)
                0x000023f4                USB_InitComponent
 .text.USB_Start
                0x000024ac       0x28 .\CortexM3\ARM_GCC_493\Debug\Hummingbird(Continuous Output).a(USB.o)
                0x000024ac                USB_Start
 .text.USB_ReInitComponent
                0x000024d4       0x68 .\CortexM3\ARM_GCC_493\Debug\Hummingbird(Continuous Output).a(USB.o)
                0x000024d4                USB_ReInitComponent
 .text.USB_HandleSetup
                0x0000253c       0x7c .\CortexM3\ARM_GCC_493\Debug\Hummingbird(Continuous Output).a(USB_drv.o)
                0x0000253c                USB_HandleSetup
 .text.USB_LoadEP0
                0x000025b8       0xa8 .\CortexM3\ARM_GCC_493\Debug\Hummingbird(Continuous Output).a(USB_drv.o)
                0x000025b8                USB_LoadEP0
 .text.USB_InitControlRead
                0x00002660       0x8c .\CortexM3\ARM_GCC_493\Debug\Hummingbird(Continuous Output).a(USB_drv.o)
                0x00002660                USB_InitControlRead
 .text.USB_ControlReadStatusStage
                0x000026ec       0x4c .\CortexM3\ARM_GCC_493\Debug\Hummingbird(Continuous Output).a(USB_drv.o)
                0x000026ec                USB_ControlReadStatusStage
 .text.USB_ControlWriteDataStage
                0x00002738       0x8c .\CortexM3\ARM_GCC_493\Debug\Hummingbird(Continuous Output).a(USB_drv.o)
                0x00002738                USB_ControlWriteDataStage
 .text.USB_HandleOUT
                0x000027c4       0x4c .\CortexM3\ARM_GCC_493\Debug\Hummingbird(Continuous Output).a(USB_drv.o)
                0x000027c4                USB_HandleOUT
 .text.USB_InitNoDataControlTransfer
                0x00002810       0x30 .\CortexM3\ARM_GCC_493\Debug\Hummingbird(Continuous Output).a(USB_drv.o)
                0x00002810                USB_InitNoDataControlTransfer
 .text.USB_NoDataControlStatusStage
                0x00002840       0x60 .\CortexM3\ARM_GCC_493\Debug\Hummingbird(Continuous Output).a(USB_drv.o)
                0x00002840                USB_NoDataControlStatusStage
 .text.USB_HandleIN
                0x000028a0       0x5c .\CortexM3\ARM_GCC_493\Debug\Hummingbird(Continuous Output).a(USB_drv.o)
                0x000028a0                USB_HandleIN
 .text.USB_EP_0_ISR
                0x000028fc       0x8c .\CortexM3\ARM_GCC_493\Debug\Hummingbird(Continuous Output).a(USB_drv.o)
                0x000028fc                USB_EP_0_ISR
 .text.USB_EP_1_ISR
                0x00002988       0x34 .\CortexM3\ARM_GCC_493\Debug\Hummingbird(Continuous Output).a(USB_episr.o)
                0x00002988                USB_EP_1_ISR
 .text.USB_EP_2_ISR
                0x000029bc       0x34 .\CortexM3\ARM_GCC_493\Debug\Hummingbird(Continuous Output).a(USB_episr.o)
                0x000029bc                USB_EP_2_ISR
 .text.USB_SOF_ISR
                0x000029f0        0x4 .\CortexM3\ARM_GCC_493\Debug\Hummingbird(Continuous Output).a(USB_episr.o)
                0x000029f0                USB_SOF_ISR
 .text.USB_BUS_RESET_ISR
                0x000029f4        0x4 .\CortexM3\ARM_GCC_493\Debug\Hummingbird(Continuous Output).a(USB_episr.o)
                0x000029f4                USB_BUS_RESET_ISR
 .text.USB_ConfigAltChanged.part.0
                0x000029f8      0x1bc .\CortexM3\ARM_GCC_493\Debug\Hummingbird(Continuous Output).a(USB_std.o)
 .text.USB_ReadDieID
                0x00002bb4       0x54 .\CortexM3\ARM_GCC_493\Debug\Hummingbird(Continuous Output).a(USB_std.o)
                0x00002bb4                USB_ReadDieID
 .text.USB_ConfigReg
                0x00002c08       0x98 .\CortexM3\ARM_GCC_493\Debug\Hummingbird(Continuous Output).a(USB_std.o)
                0x00002c08                USB_ConfigReg
 .text.USB_GetInterfaceClassTablePtr
                0x00002ca0       0x44 .\CortexM3\ARM_GCC_493\Debug\Hummingbird(Continuous Output).a(USB_std.o)
                0x00002ca0                USB_GetInterfaceClassTablePtr
 .text.USB_Config
                0x00002ce4      0x1e4 .\CortexM3\ARM_GCC_493\Debug\Hummingbird(Continuous Output).a(USB_std.o)
                0x00002ce4                USB_Config
 .text.USB_SetEndpointHalt
                0x00002ec8       0x58 .\CortexM3\ARM_GCC_493\Debug\Hummingbird(Continuous Output).a(USB_std.o)
                0x00002ec8                USB_SetEndpointHalt
 .text.USB_ClearEndpointHalt
                0x00002f20       0x84 .\CortexM3\ARM_GCC_493\Debug\Hummingbird(Continuous Output).a(USB_std.o)
                0x00002f20                USB_ClearEndpointHalt
 .text.USB_ValidateAlternateSetting
                0x00002fa4       0x74 .\CortexM3\ARM_GCC_493\Debug\Hummingbird(Continuous Output).a(USB_std.o)
                0x00002fa4                USB_ValidateAlternateSetting
 .text.USB_HandleStandardRqst
                0x00003018      0x364 .\CortexM3\ARM_GCC_493\Debug\Hummingbird(Continuous Output).a(USB_std.o)
                0x00003018                USB_HandleStandardRqst
 .text.USB_HandleVendorRqst
                0x0000337c       0x34 .\CortexM3\ARM_GCC_493\Debug\Hummingbird(Continuous Output).a(USB_vnd.o)
                0x0000337c                USB_HandleVendorRqst
 .text.CyDmacConfigure
                0x000033b0       0x34 .\CortexM3\ARM_GCC_493\Debug\Hummingbird(Continuous Output).a(CyDmac.o)
                0x000033b0                CyDmacConfigure
 .text.CyDmaChEnable
                0x000033e4       0x3c .\CortexM3\ARM_GCC_493\Debug\Hummingbird(Continuous Output).a(CyDmac.o)
                0x000033e4                CyDmaChEnable
 .text.CyDmaClearPendingDrq
                0x00003420       0x30 .\CortexM3\ARM_GCC_493\Debug\Hummingbird(Continuous Output).a(CyDmac.o)
                0x00003420                CyDmaClearPendingDrq
 .text.CyDmaChPriority
                0x00003450       0x24 .\CortexM3\ARM_GCC_493\Debug\Hummingbird(Continuous Output).a(CyDmac.o)
                0x00003450                CyDmaChPriority
 .text.CyDmaChSetExtendedAddress
                0x00003474       0x30 .\CortexM3\ARM_GCC_493\Debug\Hummingbird(Continuous Output).a(CyDmac.o)
                0x00003474                CyDmaChSetExtendedAddress
 .text.CyDmaChSetInitialTd
                0x000034a4       0x18 .\CortexM3\ARM_GCC_493\Debug\Hummingbird(Continuous Output).a(CyDmac.o)
                0x000034a4                CyDmaChSetInitialTd
 .text.CyDmaChSetConfiguration
                0x000034bc       0x48 .\CortexM3\ARM_GCC_493\Debug\Hummingbird(Continuous Output).a(CyDmac.o)
                0x000034bc                CyDmaChSetConfiguration
 .text.CyDmaTdAllocate
                0x00003504       0x38 .\CortexM3\ARM_GCC_493\Debug\Hummingbird(Continuous Output).a(CyDmac.o)
                0x00003504                CyDmaTdAllocate
 .text.CyDmaTdSetConfiguration
                0x0000353c       0x30 .\CortexM3\ARM_GCC_493\Debug\Hummingbird(Continuous Output).a(CyDmac.o)
                0x0000353c                CyDmaTdSetConfiguration
 .text.CyDmaTdSetAddress
                0x0000356c       0x1c .\CortexM3\ARM_GCC_493\Debug\Hummingbird(Continuous Output).a(CyDmac.o)
                0x0000356c                CyDmaTdSetAddress
 .text.CyHalt   0x00003588        0x4 .\CortexM3\ARM_GCC_493\Debug\Hummingbird(Continuous Output).a(CyLib.o)
                0x00003588                CyHalt
 .text.CyDelay  0x0000358c       0x48 .\CortexM3\ARM_GCC_493\Debug\Hummingbird(Continuous Output).a(CyLib.o)
                0x0000358c                CyDelay
 .text.CyDelayUs
                0x000035d4       0x10 .\CortexM3\ARM_GCC_493\Debug\Hummingbird(Continuous Output).a(CyLib.o)
                0x000035d4                CyDelayUs
 .text.CyIntSetVector
                0x000035e4       0x20 .\CortexM3\ARM_GCC_493\Debug\Hummingbird(Continuous Output).a(CyLib.o)
                0x000035e4                CyIntSetVector
 .text.CyIntSetPriority
                0x00003604       0x20 .\CortexM3\ARM_GCC_493\Debug\Hummingbird(Continuous Output).a(CyLib.o)
                0x00003604                CyIntSetPriority
 .text.isr_1_StartEx
                0x00003624       0x30 .\CortexM3\ARM_GCC_493\Debug\Hummingbird(Continuous Output).a(isr_1.o)
                0x00003624                isr_1_StartEx
 .text.UI_isr_StartEx
                0x00003654       0x2c .\CortexM3\ARM_GCC_493\Debug\Hummingbird(Continuous Output).a(UI_isr.o)
                0x00003654                UI_isr_StartEx
 .text.I2C_CharLCD_Init
                0x00003680       0x8c .\CortexM3\ARM_GCC_493\Debug\Hummingbird(Continuous Output).a(I2C_CharLCD.o)
                0x00003680                I2C_CharLCD_Init
 .text.I2C_CharLCD_Enable
                0x0000370c       0x2c .\CortexM3\ARM_GCC_493\Debug\Hummingbird(Continuous Output).a(I2C_CharLCD.o)
                0x0000370c                I2C_CharLCD_Enable
 .text.I2C_CharLCD_Start
                0x00003738       0x28 .\CortexM3\ARM_GCC_493\Debug\Hummingbird(Continuous Output).a(I2C_CharLCD.o)
                0x00003738                I2C_CharLCD_Start
 .text.I2C_CharLCD_ISR
                0x00003760      0x250 .\CortexM3\ARM_GCC_493\Debug\Hummingbird(Continuous Output).a(I2C_CharLCD_INT.o)
                0x00003760                I2C_CharLCD_ISR
 .text.I2C_CharLCD_MasterWriteBuf
                0x000039b0       0xc4 .\CortexM3\ARM_GCC_493\Debug\Hummingbird(Continuous Output).a(I2C_CharLCD_MASTER.o)
                0x000039b0                I2C_CharLCD_MasterWriteBuf
 .text.CharLCD_WriteData
                0x00003a74       0x44 .\CortexM3\ARM_GCC_493\Debug\Hummingbird(Continuous Output).a(CharLCD_I2C.o)
                0x00003a74                CharLCD_WriteData
 .text.CharLCD_PrintString
                0x00003ab8       0x1c .\CortexM3\ARM_GCC_493\Debug\Hummingbird(Continuous Output).a(CharLCD_I2C.o)
                0x00003ab8                CharLCD_PrintString
 .text.CharLCD_WriteControl
                0x00003ad4       0x44 .\CortexM3\ARM_GCC_493\Debug\Hummingbird(Continuous Output).a(CharLCD_I2C.o)
                0x00003ad4                CharLCD_WriteControl
 .text.CharLCD_Position
                0x00003b18       0x34 .\CortexM3\ARM_GCC_493\Debug\Hummingbird(Continuous Output).a(CharLCD_I2C.o)
                0x00003b18                CharLCD_Position
 .text.CharLCD_WrtCntrlUpNib
                0x00003b4c       0x30 .\CortexM3\ARM_GCC_493\Debug\Hummingbird(Continuous Output).a(CharLCD_I2C.o)
                0x00003b4c                CharLCD_WrtCntrlUpNib
 .text.CharLCD_Init
                0x00003b7c       0x6c .\CortexM3\ARM_GCC_493\Debug\Hummingbird(Continuous Output).a(CharLCD_I2C.o)
                0x00003b7c                CharLCD_Init
 .text.CharLCD_Start
                0x00003be8       0x20 .\CortexM3\ARM_GCC_493\Debug\Hummingbird(Continuous Output).a(CharLCD_I2C.o)
                0x00003be8                CharLCD_Start
 .text.CharLCD_PrintNumber
                0x00003c08       0xb8 .\CortexM3\ARM_GCC_493\Debug\Hummingbird(Continuous Output).a(CharLCD_I2C.o)
                0x00003c08                CharLCD_PrintNumber
 .text.ADC_MIC_Enable
                0x00003cc0       0xa0 .\CortexM3\ARM_GCC_493\Debug\Hummingbird(Continuous Output).a(ADC_MIC.o)
                0x00003cc0                ADC_MIC_Enable
 .text.ADC_MIC_SetResolution
                0x00003d60       0x88 .\CortexM3\ARM_GCC_493\Debug\Hummingbird(Continuous Output).a(ADC_MIC.o)
                0x00003d60                ADC_MIC_SetResolution
 .text.ADC_MIC_Init
                0x00003de8       0x3c .\CortexM3\ARM_GCC_493\Debug\Hummingbird(Continuous Output).a(ADC_MIC.o)
                0x00003de8                ADC_MIC_Init
 .text.ADC_MIC_Start
                0x00003e24       0x1c .\CortexM3\ARM_GCC_493\Debug\Hummingbird(Continuous Output).a(ADC_MIC.o)
                0x00003e24                ADC_MIC_Start
 .text.ADC_MIC_StartConvert
                0x00003e40       0x10 .\CortexM3\ARM_GCC_493\Debug\Hummingbird(Continuous Output).a(ADC_MIC.o)
                0x00003e40                ADC_MIC_StartConvert
 .text.ADC_MIC_IsEndConversion
                0x00003e50       0x28 .\CortexM3\ARM_GCC_493\Debug\Hummingbird(Continuous Output).a(ADC_MIC.o)
                0x00003e50                ADC_MIC_IsEndConversion
 .text.ADC_MIC_GetResult16
                0x00003e78       0x18 .\CortexM3\ARM_GCC_493\Debug\Hummingbird(Continuous Output).a(ADC_MIC.o)
                0x00003e78                ADC_MIC_GetResult16
 .text.ADC_MIC_ISR
                0x00003e90        0x4 .\CortexM3\ARM_GCC_493\Debug\Hummingbird(Continuous Output).a(ADC_MIC_INT.o)
                0x00003e90                ADC_MIC_ISR
 .text.TIMER_SAMPLERATE_Init
                0x00003e94       0x5c .\CortexM3\ARM_GCC_493\Debug\Hummingbird(Continuous Output).a(TIMER_SAMPLERATE.o)
                0x00003e94                TIMER_SAMPLERATE_Init
 .text.TIMER_SAMPLERATE_Start
                0x00003ef0       0x24 .\CortexM3\ARM_GCC_493\Debug\Hummingbird(Continuous Output).a(TIMER_SAMPLERATE.o)
                0x00003ef0                TIMER_SAMPLERATE_Start
 .text.ADC_UI_Init
                0x00003f14       0x40 .\CortexM3\ARM_GCC_493\Debug\Hummingbird(Continuous Output).a(ADC_UI.o)
                0x00003f14                ADC_UI_Init
 .text.ADC_UI_Enable
                0x00003f54       0xc8 .\CortexM3\ARM_GCC_493\Debug\Hummingbird(Continuous Output).a(ADC_UI.o)
                0x00003f54                ADC_UI_Enable
 .text.ADC_UI_Start
                0x0000401c       0x28 .\CortexM3\ARM_GCC_493\Debug\Hummingbird(Continuous Output).a(ADC_UI.o)
                0x0000401c                ADC_UI_Start
 .text.ADC_UI_StartConvert
                0x00004044       0x10 .\CortexM3\ARM_GCC_493\Debug\Hummingbird(Continuous Output).a(ADC_UI.o)
                0x00004044                ADC_UI_StartConvert
 .text.ADC_UI_StopConvert
                0x00004054        0x4 .\CortexM3\ARM_GCC_493\Debug\Hummingbird(Continuous Output).a(ADC_UI.o)
                0x00004054                ADC_UI_StopConvert
 .text.ADC_UI_IsEndConversion
                0x00004058       0x18 .\CortexM3\ARM_GCC_493\Debug\Hummingbird(Continuous Output).a(ADC_UI.o)
                0x00004058                ADC_UI_IsEndConversion
 .text.ADC_UI_GetResult16
                0x00004070       0x1c .\CortexM3\ARM_GCC_493\Debug\Hummingbird(Continuous Output).a(ADC_UI.o)
                0x00004070                ADC_UI_GetResult16
 .text.ADC_UI_ISR
                0x0000408c        0x4 .\CortexM3\ARM_GCC_493\Debug\Hummingbird(Continuous Output).a(ADC_UI_INT.o)
                0x0000408c                ADC_UI_ISR
 .text.TIMER_UI_Init
                0x00004090       0x5c .\CortexM3\ARM_GCC_493\Debug\Hummingbird(Continuous Output).a(TIMER_UI.o)
                0x00004090                TIMER_UI_Init
 .text.TIMER_UI_Start
                0x000040ec       0x24 .\CortexM3\ARM_GCC_493\Debug\Hummingbird(Continuous Output).a(TIMER_UI.o)
                0x000040ec                TIMER_UI_Start
 .text.ADC_MIC_theACLK_SetModeRegister
                0x00004110       0x14 .\CortexM3\ARM_GCC_493\Debug\Hummingbird(Continuous Output).a(ADC_MIC_theACLK.o)
                0x00004110                ADC_MIC_theACLK_SetModeRegister
 .text.ADC_UI_SAR_Enable
                0x00004124       0x84 .\CortexM3\ARM_GCC_493\Debug\Hummingbird(Continuous Output).a(ADC_UI_SAR.o)
                0x00004124                ADC_UI_SAR_Enable
 .text.ADC_UI_SAR_SetResolution
                0x000041a8       0x78 .\CortexM3\ARM_GCC_493\Debug\Hummingbird(Continuous Output).a(ADC_UI_SAR.o)
                0x000041a8                ADC_UI_SAR_SetResolution
 .text.ADC_UI_SAR_Start
                0x00004220       0x34 .\CortexM3\ARM_GCC_493\Debug\Hummingbird(Continuous Output).a(ADC_UI_SAR.o)
                0x00004220                ADC_UI_SAR_Start
 .text.ADC_UI_SAR_StopConvert
                0x00004254       0x18 .\CortexM3\ARM_GCC_493\Debug\Hummingbird(Continuous Output).a(ADC_UI_SAR.o)
                0x00004254                ADC_UI_SAR_StopConvert
 .text.ADC_UI_TempBuf_DmaInitialize
                0x0000426c       0x44 .\CortexM3\ARM_GCC_493\Debug\Hummingbird(Continuous Output).a(ADC_UI_TempBuf_dma.o)
                0x0000426c                ADC_UI_TempBuf_DmaInitialize
 .text.ADC_UI_FinalBuf_DmaInitialize
                0x000042b0       0x3c .\CortexM3\ARM_GCC_493\Debug\Hummingbird(Continuous Output).a(ADC_UI_FinalBuf_dma.o)
                0x000042b0                ADC_UI_FinalBuf_DmaInitialize
 .text.ADC_UI_IRQ_SetVector
                0x000042ec        0xc .\CortexM3\ARM_GCC_493\Debug\Hummingbird(Continuous Output).a(ADC_UI_IRQ.o)
                0x000042ec                ADC_UI_IRQ_SetVector
 .text.ADC_UI_IRQ_SetPriority
                0x000042f8       0x10 .\CortexM3\ARM_GCC_493\Debug\Hummingbird(Continuous Output).a(ADC_UI_IRQ.o)
                0x000042f8                ADC_UI_IRQ_SetPriority
 .text.UART_MIDITX_Enable
                0x00004308       0x1c .\CortexM3\ARM_GCC_493\Debug\Hummingbird(Continuous Output).a(UART_MIDITX.o)
                0x00004308                UART_MIDITX_Enable
 .text.UART_MIDITX_Start
                0x00004324       0x38 .\CortexM3\ARM_GCC_493\Debug\Hummingbird(Continuous Output).a(UART_MIDITX.o)
                0x00004324                UART_MIDITX_Start
 .text.UART_MIDITX_PutChar
                0x0000435c       0x18 .\CortexM3\ARM_GCC_493\Debug\Hummingbird(Continuous Output).a(UART_MIDITX.o)
                0x0000435c                UART_MIDITX_PutChar
 *fill*         0x00004374        0x4 
 .text          0x00004378       0x20 .\CortexM3\ARM_GCC_493\Debug\Hummingbird(Continuous Output).a(CyBootAsmGnu.o)
                0x00004378                CyDelayCycles
                0x00004388                CyEnterCriticalSection
                0x00004390                CyExitCriticalSection
 .text.USB_DispatchClassRqst
                0x00004398       0x60 .\CortexM3\ARM_GCC_493\Debug\Hummingbird(Continuous Output).a(USB_cls.o)
                0x00004398                USB_DispatchClassRqst
 .text.CySetReg24
                0x000043f8       0x14 .\CortexM3\ARM_GCC_493\Debug\Hummingbird(Continuous Output).a(cyutils.o)
                0x000043f8                CySetReg24
 .text.USB_DispatchAUDIOClassRqst
                0x0000440c       0x34 .\CortexM3\ARM_GCC_493\Debug\Hummingbird(Continuous Output).a(USB_audio.o)
                0x0000440c                USB_DispatchAUDIOClassRqst
 .text.cos      0x00004440       0x90 c:/program files (x86)/cypress/psoc creator/4.0/psoc creator/import/gnu/arm/4.9.3/bin/../lib/gcc/arm-none-eabi/4.9.3/../../../../arm-none-eabi/lib/armv7-m\libm.a(lib_a-s_cos.o)
                0x00004440                cos
 .text.round    0x000044d0       0xa0 c:/program files (x86)/cypress/psoc creator/4.0/psoc creator/import/gnu/arm/4.9.3/bin/../lib/gcc/arm-none-eabi/4.9.3/../../../../arm-none-eabi/lib/armv7-m\libm.a(lib_a-s_round.o)
                0x000044d0                round
 .text.sin      0x00004570       0x94 c:/program files (x86)/cypress/psoc creator/4.0/psoc creator/import/gnu/arm/4.9.3/bin/../lib/gcc/arm-none-eabi/4.9.3/../../../../arm-none-eabi/lib/armv7-m\libm.a(lib_a-s_sin.o)
                0x00004570                sin
 .text.log      0x00004604      0x100 c:/program files (x86)/cypress/psoc creator/4.0/psoc creator/import/gnu/arm/4.9.3/bin/../lib/gcc/arm-none-eabi/4.9.3/../../../../arm-none-eabi/lib/armv7-m\libm.a(lib_a-w_log.o)
                0x00004604                log
 .text.pow      0x00004704      0x2f0 c:/program files (x86)/cypress/psoc creator/4.0/psoc creator/import/gnu/arm/4.9.3/bin/../lib/gcc/arm-none-eabi/4.9.3/../../../../arm-none-eabi/lib/armv7-m\libm.a(lib_a-w_pow.o)
                0x00004704                pow
 *fill*         0x000049f4        0x4 
 .text.__ieee754_log
                0x000049f8      0x3d0 c:/program files (x86)/cypress/psoc creator/4.0/psoc creator/import/gnu/arm/4.9.3/bin/../lib/gcc/arm-none-eabi/4.9.3/../../../../arm-none-eabi/lib/armv7-m\libm.a(lib_a-e_log.o)
                0x000049f8                __ieee754_log
 .text.__ieee754_pow
                0x00004dc8      0xaa0 c:/program files (x86)/cypress/psoc creator/4.0/psoc creator/import/gnu/arm/4.9.3/bin/../lib/gcc/arm-none-eabi/4.9.3/../../../../arm-none-eabi/lib/armv7-m\libm.a(lib_a-e_pow.o)
                0x00004dc8                __ieee754_pow
 .text.__ieee754_rem_pio2
                0x00005868      0x428 c:/program files (x86)/cypress/psoc creator/4.0/psoc creator/import/gnu/arm/4.9.3/bin/../lib/gcc/arm-none-eabi/4.9.3/../../../../arm-none-eabi/lib/armv7-m\libm.a(lib_a-e_rem_pio2.o)
                0x00005868                __ieee754_rem_pio2
 .text.__ieee754_sqrt
                0x00005c90      0x18c c:/program files (x86)/cypress/psoc creator/4.0/psoc creator/import/gnu/arm/4.9.3/bin/../lib/gcc/arm-none-eabi/4.9.3/../../../../arm-none-eabi/lib/armv7-m\libm.a(lib_a-e_sqrt.o)
                0x00005c90                __ieee754_sqrt
 *fill*         0x00005e1c        0x4 
 .text.__kernel_cos
                0x00005e20      0x248 c:/program files (x86)/cypress/psoc creator/4.0/psoc creator/import/gnu/arm/4.9.3/bin/../lib/gcc/arm-none-eabi/4.9.3/../../../../arm-none-eabi/lib/armv7-m\libm.a(lib_a-k_cos.o)
                0x00005e20                __kernel_cos
 .text.__kernel_rem_pio2
                0x00006068      0x808 c:/program files (x86)/cypress/psoc creator/4.0/psoc creator/import/gnu/arm/4.9.3/bin/../lib/gcc/arm-none-eabi/4.9.3/../../../../arm-none-eabi/lib/armv7-m\libm.a(lib_a-k_rem_pio2.o)
                0x00006068                __kernel_rem_pio2
 .text.__kernel_sin
                0x00006870      0x170 c:/program files (x86)/cypress/psoc creator/4.0/psoc creator/import/gnu/arm/4.9.3/bin/../lib/gcc/arm-none-eabi/4.9.3/../../../../arm-none-eabi/lib/armv7-m\libm.a(lib_a-k_sin.o)
                0x00006870                __kernel_sin
 .text.fabs     0x000069e0        0x8 c:/program files (x86)/cypress/psoc creator/4.0/psoc creator/import/gnu/arm/4.9.3/bin/../lib/gcc/arm-none-eabi/4.9.3/../../../../arm-none-eabi/lib/armv7-m\libm.a(lib_a-s_fabs.o)
                0x000069e0                fabs
 .text.finite   0x000069e8        0xc c:/program files (x86)/cypress/psoc creator/4.0/psoc creator/import/gnu/arm/4.9.3/bin/../lib/gcc/arm-none-eabi/4.9.3/../../../../arm-none-eabi/lib/armv7-m\libm.a(lib_a-s_finite.o)
                0x000069e8                finite
 *fill*         0x000069f4        0x4 
 .text.floor    0x000069f8      0x118 c:/program files (x86)/cypress/psoc creator/4.0/psoc creator/import/gnu/arm/4.9.3/bin/../lib/gcc/arm-none-eabi/4.9.3/../../../../arm-none-eabi/lib/armv7-m\libm.a(lib_a-s_floor.o)
                0x000069f8                floor
 .text.__fpclassifyd
                0x00006b10       0x58 c:/program files (x86)/cypress/psoc creator/4.0/psoc creator/import/gnu/arm/4.9.3/bin/../lib/gcc/arm-none-eabi/4.9.3/../../../../arm-none-eabi/lib/armv7-m\libm.a(lib_a-s_fpclassify.o)
                0x00006b10                __fpclassifyd
 .text.matherr  0x00006b68        0x4 c:/program files (x86)/cypress/psoc creator/4.0/psoc creator/import/gnu/arm/4.9.3/bin/../lib/gcc/arm-none-eabi/4.9.3/../../../../arm-none-eabi/lib/armv7-m\libm.a(lib_a-s_matherr.o)
                0x00006b68                matherr
 .text.nan      0x00006b6c        0xc c:/program files (x86)/cypress/psoc creator/4.0/psoc creator/import/gnu/arm/4.9.3/bin/../lib/gcc/arm-none-eabi/4.9.3/../../../../arm-none-eabi/lib/armv7-m\libm.a(lib_a-s_nan.o)
                0x00006b6c                nan
 .text.rint     0x00006b78      0x11c c:/program files (x86)/cypress/psoc creator/4.0/psoc creator/import/gnu/arm/4.9.3/bin/../lib/gcc/arm-none-eabi/4.9.3/../../../../arm-none-eabi/lib/armv7-m\libm.a(lib_a-s_rint.o)
                0x00006b78                rint
 *fill*         0x00006c94        0x4 
 .text.scalbn   0x00006c98       0xf0 c:/program files (x86)/cypress/psoc creator/4.0/psoc creator/import/gnu/arm/4.9.3/bin/../lib/gcc/arm-none-eabi/4.9.3/../../../../arm-none-eabi/lib/armv7-m\libm.a(lib_a-s_scalbn.o)
                0x00006c98                scalbn
 .text.copysign
                0x00006d88       0x10 c:/program files (x86)/cypress/psoc creator/4.0/psoc creator/import/gnu/arm/4.9.3/bin/../lib/gcc/arm-none-eabi/4.9.3/../../../../arm-none-eabi/lib/armv7-m\libm.a(lib_a-s_copysign.o)
                0x00006d88                copysign
 .text          0x00006d98      0x370 c:/program files (x86)/cypress/psoc creator/4.0/psoc creator/import/gnu/arm/4.9.3/bin/../lib/gcc/arm-none-eabi/4.9.3/armv7-m\libgcc.a(_arm_addsubdf3.o)
                0x00006d98                __aeabi_drsub
                0x00006da0                __aeabi_dsub
                0x00006da0                __subdf3
                0x00006da4                __aeabi_dadd
                0x00006da4                __adddf3
                0x0000701c                __floatunsidf
                0x0000701c                __aeabi_ui2d
                0x0000703c                __floatsidf
                0x0000703c                __aeabi_i2d
                0x00007060                __aeabi_f2d
                0x00007060                __extendsfdf2
                0x0000709c                __floatundidf
                0x0000709c                __aeabi_ul2d
                0x000070ac                __floatdidf
                0x000070ac                __aeabi_l2d
 .text          0x00007108      0x424 c:/program files (x86)/cypress/psoc creator/4.0/psoc creator/import/gnu/arm/4.9.3/bin/../lib/gcc/arm-none-eabi/4.9.3/armv7-m\libgcc.a(_arm_muldivdf3.o)
                0x00007108                __aeabi_dmul
                0x00007108                __muldf3
                0x0000735c                __divdf3
                0x0000735c                __aeabi_ddiv
 .text          0x0000752c      0x110 c:/program files (x86)/cypress/psoc creator/4.0/psoc creator/import/gnu/arm/4.9.3/bin/../lib/gcc/arm-none-eabi/4.9.3/armv7-m\libgcc.a(_arm_cmpdf2.o)
                0x0000752c                __gtdf2
                0x0000752c                __gedf2
                0x00007534                __ltdf2
                0x00007534                __ledf2
                0x0000753c                __nedf2
                0x0000753c                __eqdf2
                0x0000753c                __cmpdf2
                0x000075b8                __aeabi_cdrcmple
                0x000075c8                __aeabi_cdcmpeq
                0x000075c8                __aeabi_cdcmple
                0x000075d8                __aeabi_dcmpeq
                0x000075ec                __aeabi_dcmplt
                0x00007600                __aeabi_dcmple
                0x00007614                __aeabi_dcmpge
                0x00007628                __aeabi_dcmpgt
 .text          0x0000763c       0x50 c:/program files (x86)/cypress/psoc creator/4.0/psoc creator/import/gnu/arm/4.9.3/bin/../lib/gcc/arm-none-eabi/4.9.3/armv7-m\libgcc.a(_arm_fixdfsi.o)
                0x0000763c                __aeabi_d2iz
                0x0000763c                __fixdfsi
 .text          0x0000768c       0xa0 c:/program files (x86)/cypress/psoc creator/4.0/psoc creator/import/gnu/arm/4.9.3/bin/../lib/gcc/arm-none-eabi/4.9.3/armv7-m\libgcc.a(_arm_truncdfsf2.o)
                0x0000768c                __truncdfsf2
                0x0000768c                __aeabi_d2f
 .text          0x0000772c      0x21c c:/program files (x86)/cypress/psoc creator/4.0/psoc creator/import/gnu/arm/4.9.3/bin/../lib/gcc/arm-none-eabi/4.9.3/armv7-m\libgcc.a(_arm_addsubsf3.o)
                0x0000772c                __aeabi_frsub
                0x00007734                __subsf3
                0x00007734                __aeabi_fsub
                0x00007738                __aeabi_fadd
                0x00007738                __addsf3
                0x00007898                __aeabi_ui2f
                0x00007898                __floatunsisf
                0x000078a0                __aeabi_i2f
                0x000078a0                __floatsisf
                0x000078bc                __aeabi_ul2f
                0x000078bc                __floatundisf
                0x000078cc                __aeabi_l2f
                0x000078cc                __floatdisf
 .text          0x00007948      0x2a0 c:/program files (x86)/cypress/psoc creator/4.0/psoc creator/import/gnu/arm/4.9.3/bin/../lib/gcc/arm-none-eabi/4.9.3/armv7-m\libgcc.a(_arm_muldivsf3.o)
                0x00007948                __mulsf3
                0x00007948                __aeabi_fmul
                0x00007ab0                __aeabi_fdiv
                0x00007ab0                __divsf3
 .text          0x00007be8       0xec c:/program files (x86)/cypress/psoc creator/4.0/psoc creator/import/gnu/arm/4.9.3/bin/../lib/gcc/arm-none-eabi/4.9.3/armv7-m\libgcc.a(_arm_cmpsf2.o)
                0x00007be8                __gesf2
                0x00007be8                __gtsf2
                0x00007bf0                __lesf2
                0x00007bf0                __ltsf2
                0x00007bf8                __nesf2
                0x00007bf8                __eqsf2
                0x00007bf8                __cmpsf2
                0x00007c58                __aeabi_cfrcmple
                0x00007c60                __aeabi_cfcmpeq
                0x00007c60                __aeabi_cfcmple
                0x00007c70                __aeabi_fcmpeq
                0x00007c84                __aeabi_fcmplt
                0x00007c98                __aeabi_fcmple
                0x00007cac                __aeabi_fcmpge
                0x00007cc0                __aeabi_fcmpgt
 .text          0x00007cd4       0x40 c:/program files (x86)/cypress/psoc creator/4.0/psoc creator/import/gnu/arm/4.9.3/bin/../lib/gcc/arm-none-eabi/4.9.3/armv7-m\libgcc.a(_arm_fixunssfsi.o)
                0x00007cd4                __fixunssfsi
                0x00007cd4                __aeabi_f2uiz
 .text.calloc   0x00007d14       0x14 c:/program files (x86)/cypress/psoc creator/4.0/psoc creator/import/gnu/arm/4.9.3/bin/../lib/gcc/arm-none-eabi/4.9.3/../../../../arm-none-eabi/lib/armv7-m\libg_nano.a(lib_a-calloc.o)
                0x00007d14                calloc
 .text.__errno  0x00007d28        0xc c:/program files (x86)/cypress/psoc creator/4.0/psoc creator/import/gnu/arm/4.9.3/bin/../lib/gcc/arm-none-eabi/4.9.3/../../../../arm-none-eabi/lib/armv7-m\libg_nano.a(lib_a-errno.o)
                0x00007d28                __errno
 .text.__libc_init_array
                0x00007d34       0x4c c:/program files (x86)/cypress/psoc creator/4.0/psoc creator/import/gnu/arm/4.9.3/bin/../lib/gcc/arm-none-eabi/4.9.3/../../../../arm-none-eabi/lib/armv7-m\libg_nano.a(lib_a-init.o)
                0x00007d34                __libc_init_array
 .text.malloc   0x00007d80       0x10 c:/program files (x86)/cypress/psoc creator/4.0/psoc creator/import/gnu/arm/4.9.3/bin/../lib/gcc/arm-none-eabi/4.9.3/../../../../arm-none-eabi/lib/armv7-m\libg_nano.a(lib_a-malloc.o)
                0x00007d80                malloc
 .text.free     0x00007d90       0x10 c:/program files (x86)/cypress/psoc creator/4.0/psoc creator/import/gnu/arm/4.9.3/bin/../lib/gcc/arm-none-eabi/4.9.3/../../../../arm-none-eabi/lib/armv7-m\libg_nano.a(lib_a-malloc.o)
                0x00007d90                free
 .text.memcpy   0x00007da0       0x16 c:/program files (x86)/cypress/psoc creator/4.0/psoc creator/import/gnu/arm/4.9.3/bin/../lib/gcc/arm-none-eabi/4.9.3/../../../../arm-none-eabi/lib/armv7-m\libg_nano.a(lib_a-memcpy.o)
                0x00007da0                memcpy
 .text.memset   0x00007db6       0x10 c:/program files (x86)/cypress/psoc creator/4.0/psoc creator/import/gnu/arm/4.9.3/bin/../lib/gcc/arm-none-eabi/4.9.3/../../../../arm-none-eabi/lib/armv7-m\libg_nano.a(lib_a-memset.o)
                0x00007db6                memset
 .text._calloc_r
                0x00007dc6       0x1c c:/program files (x86)/cypress/psoc creator/4.0/psoc creator/import/gnu/arm/4.9.3/bin/../lib/gcc/arm-none-eabi/4.9.3/../../../../arm-none-eabi/lib/armv7-m\libg_nano.a(lib_a-nano-callocr.o)
                0x00007dc6                _calloc_r
 *fill*         0x00007de2        0x2 
 .text._free_r  0x00007de4       0x88 c:/program files (x86)/cypress/psoc creator/4.0/psoc creator/import/gnu/arm/4.9.3/bin/../lib/gcc/arm-none-eabi/4.9.3/../../../../arm-none-eabi/lib/armv7-m\libg_nano.a(lib_a-nano-freer.o)
                0x00007de4                _free_r
 .text._malloc_r
                0x00007e6c       0xac c:/program files (x86)/cypress/psoc creator/4.0/psoc creator/import/gnu/arm/4.9.3/bin/../lib/gcc/arm-none-eabi/4.9.3/../../../../arm-none-eabi/lib/armv7-m\libg_nano.a(lib_a-nano-mallocr.o)
                0x00007e6c                _malloc_r
 .text._sbrk_r  0x00007f18       0x20 c:/program files (x86)/cypress/psoc creator/4.0/psoc creator/import/gnu/arm/4.9.3/bin/../lib/gcc/arm-none-eabi/4.9.3/../../../../arm-none-eabi/lib/armv7-m\libg_nano.a(lib_a-sbrkr.o)
                0x00007f18                _sbrk_r
 .text.sprintf  0x00007f38       0x48 c:/program files (x86)/cypress/psoc creator/4.0/psoc creator/import/gnu/arm/4.9.3/bin/../lib/gcc/arm-none-eabi/4.9.3/../../../../arm-none-eabi/lib/armv7-m\libg_nano.a(lib_a-sprintf.o)
                0x00007f38                siprintf
                0x00007f38                sprintf
 .text.__ssputs_r
                0x00007f80       0xb2 c:/program files (x86)/cypress/psoc creator/4.0/psoc creator/import/gnu/arm/4.9.3/bin/../lib/gcc/arm-none-eabi/4.9.3/../../../../arm-none-eabi/lib/armv7-m\libg_nano.a(lib_a-nano-svfprintf.o)
                0x00007f80                __ssputs_r
 *fill*         0x00008032        0x2 
 .text._svfprintf_r
                0x00008034      0x1e4 c:/program files (x86)/cypress/psoc creator/4.0/psoc creator/import/gnu/arm/4.9.3/bin/../lib/gcc/arm-none-eabi/4.9.3/../../../../arm-none-eabi/lib/armv7-m\libg_nano.a(lib_a-nano-svfprintf.o)
                0x00008034                _svfiprintf_r
                0x00008034                _svfprintf_r
 .text._printf_common
                0x00008218       0xea c:/program files (x86)/cypress/psoc creator/4.0/psoc creator/import/gnu/arm/4.9.3/bin/../lib/gcc/arm-none-eabi/4.9.3/../../../../arm-none-eabi/lib/armv7-m\libg_nano.a(lib_a-nano-vfprintf_i.o)
                0x00008218                _printf_common
 *fill*         0x00008302        0x2 
 .text._printf_i
                0x00008304      0x240 c:/program files (x86)/cypress/psoc creator/4.0/psoc creator/import/gnu/arm/4.9.3/bin/../lib/gcc/arm-none-eabi/4.9.3/../../../../arm-none-eabi/lib/armv7-m\libg_nano.a(lib_a-nano-vfprintf_i.o)
                0x00008304                _printf_i
 .text.memchr   0x00008544       0x1c c:/program files (x86)/cypress/psoc creator/4.0/psoc creator/import/gnu/arm/4.9.3/bin/../lib/gcc/arm-none-eabi/4.9.3/../../../../arm-none-eabi/lib/armv7-m\libg_nano.a(lib_a-memchr.o)
                0x00008544                memchr
 .text.memmove  0x00008560       0x36 c:/program files (x86)/cypress/psoc creator/4.0/psoc creator/import/gnu/arm/4.9.3/bin/../lib/gcc/arm-none-eabi/4.9.3/../../../../arm-none-eabi/lib/armv7-m\libg_nano.a(lib_a-memmove.o)
                0x00008560                memmove
 .text._realloc_r
                0x00008596       0x4c c:/program files (x86)/cypress/psoc creator/4.0/psoc creator/import/gnu/arm/4.9.3/bin/../lib/gcc/arm-none-eabi/4.9.3/../../../../arm-none-eabi/lib/armv7-m\libg_nano.a(lib_a-nano-reallocr.o)
                0x00008596                _realloc_r
 .text._malloc_usable_size_r
                0x000085e2       0x14 c:/program files (x86)/cypress/psoc creator/4.0/psoc creator/import/gnu/arm/4.9.3/bin/../lib/gcc/arm-none-eabi/4.9.3/../../../../arm-none-eabi/lib/armv7-m\libg_nano.a(lib_a-nano-msizer.o)
                0x000085e2                _malloc_usable_size_r
 *fill*         0x000085f6        0x2 
 .text._sbrk    0x000085f8       0x1c c:/program files (x86)/cypress/psoc creator/4.0/psoc creator/import/gnu/arm/4.9.3/bin/../lib/gcc/arm-none-eabi/4.9.3/../../../../arm-none-eabi/lib/armv7-m\libnosys.a(sbrk.o)
                0x000085f8                _sbrk
 *(.plt)
 *(.gnu.warning)
 *(.glue_7t)
 .glue_7t       0x00000000        0x0 linker stubs
 *(.glue_7)
 .glue_7        0x00000000        0x0 linker stubs
 *(.vfp11_veneer)
 .vfp11_veneer  0x00000000        0x0 linker stubs
 *(.bootloader)
 *(.ARM.extab* .gnu.linkonce.armextab.*)
 *(.gcc_except_table)

.v4_bx          0x00008614        0x0
 .v4_bx         0x00000000        0x0 linker stubs

.iplt           0x00008614        0x0
 .iplt          0x00000000        0x0 c:/program files (x86)/cypress/psoc creator/4.0/psoc creator/import/gnu/arm/4.9.3/bin/../lib/gcc/arm-none-eabi/4.9.3/armv7-m/crtbegin.o

.eh_frame_hdr
 *(.eh_frame_hdr)

.eh_frame       0x00008614        0x4
 *(.eh_frame)
 .eh_frame      0x00008614        0x0 c:/program files (x86)/cypress/psoc creator/4.0/psoc creator/import/gnu/arm/4.9.3/bin/../lib/gcc/arm-none-eabi/4.9.3/armv7-m/crtbegin.o
 .eh_frame      0x00008614        0x4 c:/program files (x86)/cypress/psoc creator/4.0/psoc creator/import/gnu/arm/4.9.3/bin/../lib/gcc/arm-none-eabi/4.9.3/armv7-m/crtend.o
                0x00008618                PROVIDE (__exidx_start, .)

.ARM.exidx
 *(.ARM.exidx* .gnu.linkonce.armexidx.*)
                0x00008618                __exidx_end = .

.rodata         0x00008618      0x640
 *(.rodata .rodata.* .gnu.linkonce.r.*)
 .rodata.str1.4
                0x00008618       0x5f .\CortexM3\ARM_GCC_493\Debug\main.o
                                 0x60 (size before relaxing)
 *fill*         0x00008677        0x1 
 .rodata.str1.4
                0x00008678       0x8d .\CortexM3\ARM_GCC_493\Debug\midi.o
                                 0x94 (size before relaxing)
 *fill*         0x00008705        0x3 
 .rodata        0x00008708       0x14 .\CortexM3\ARM_GCC_493\Debug\hbird.o
                0x0000870c                MIDI_IDENTITY_REPLY
 .rodata.str1.4
                0x0000871c       0x7c .\CortexM3\ARM_GCC_493\Debug\hbird.o
                                 0xa8 (size before relaxing)
 .rodata        0x00008798       0x30 .\CortexM3\ARM_GCC_493\Debug\Hummingbird(Continuous Output).a(cyfitter_cfg.o)
 .rodata        0x000087c8       0x14 .\CortexM3\ARM_GCC_493\Debug\Hummingbird(Continuous Output).a(USB_std.o)
 .rodata        0x000087dc      0x1ec .\CortexM3\ARM_GCC_493\Debug\Hummingbird(Continuous Output).a(USB_descr.o)
                0x000087dc                USB_MSOS_CONFIGURATION_DESCR
                0x00008804                USB_MSOS_DESCRIPTOR
                0x00008818                USB_TABLE
                0x00008820                USB_DEVICE0_TABLE
                0x00008830                USB_DEVICE0_CONFIGURATION0_TABLE
                0x00008858                USB_DEVICE0_CONFIGURATION0_INTERFACE_CLASS
                0x0000885c                USB_DEVICE0_CONFIGURATION0_EP_SETTINGS_TABLE
                0x0000886c                USB_SN_STRING_DESCRIPTOR
                0x00008870                USB_STRING_DESCRIPTORS
                0x0000892c                USB_DEVICE0_CONFIGURATION0_DESCR
                0x000089b4                USB_DEVICE0_DESCR
 .rodata.str1.4
                0x000089c8        0x4 c:/program files (x86)/cypress/psoc creator/4.0/psoc creator/import/gnu/arm/4.9.3/bin/../lib/gcc/arm-none-eabi/4.9.3/../../../../arm-none-eabi/lib/armv7-m\libm.a(lib_a-w_log.o)
                                  0x8 (size before relaxing)
 .rodata.str1.4
                0x000089cc        0x4 c:/program files (x86)/cypress/psoc creator/4.0/psoc creator/import/gnu/arm/4.9.3/bin/../lib/gcc/arm-none-eabi/4.9.3/../../../../arm-none-eabi/lib/armv7-m\libm.a(lib_a-w_pow.o)
 .rodata.dp_h   0x000089d0       0x10 c:/program files (x86)/cypress/psoc creator/4.0/psoc creator/import/gnu/arm/4.9.3/bin/../lib/gcc/arm-none-eabi/4.9.3/../../../../arm-none-eabi/lib/armv7-m\libm.a(lib_a-e_pow.o)
 .rodata.dp_l   0x000089e0       0x10 c:/program files (x86)/cypress/psoc creator/4.0/psoc creator/import/gnu/arm/4.9.3/bin/../lib/gcc/arm-none-eabi/4.9.3/../../../../arm-none-eabi/lib/armv7-m\libm.a(lib_a-e_pow.o)
 .rodata.bp     0x000089f0       0x10 c:/program files (x86)/cypress/psoc creator/4.0/psoc creator/import/gnu/arm/4.9.3/bin/../lib/gcc/arm-none-eabi/4.9.3/../../../../arm-none-eabi/lib/armv7-m\libm.a(lib_a-e_pow.o)
 .rodata.str1.4
                0x00000000        0x4 c:/program files (x86)/cypress/psoc creator/4.0/psoc creator/import/gnu/arm/4.9.3/bin/../lib/gcc/arm-none-eabi/4.9.3/../../../../arm-none-eabi/lib/armv7-m\libm.a(lib_a-e_pow.o)
 .rodata.npio2_hw
                0x00008a00       0x80 c:/program files (x86)/cypress/psoc creator/4.0/psoc creator/import/gnu/arm/4.9.3/bin/../lib/gcc/arm-none-eabi/4.9.3/../../../../arm-none-eabi/lib/armv7-m\libm.a(lib_a-e_rem_pio2.o)
 .rodata.two_over_pi
                0x00008a80      0x108 c:/program files (x86)/cypress/psoc creator/4.0/psoc creator/import/gnu/arm/4.9.3/bin/../lib/gcc/arm-none-eabi/4.9.3/../../../../arm-none-eabi/lib/armv7-m\libm.a(lib_a-e_rem_pio2.o)
 .rodata.init_jk
                0x00008b88       0x10 c:/program files (x86)/cypress/psoc creator/4.0/psoc creator/import/gnu/arm/4.9.3/bin/../lib/gcc/arm-none-eabi/4.9.3/../../../../arm-none-eabi/lib/armv7-m\libm.a(lib_a-k_rem_pio2.o)
 .rodata.PIo2   0x00008b98       0x40 c:/program files (x86)/cypress/psoc creator/4.0/psoc creator/import/gnu/arm/4.9.3/bin/../lib/gcc/arm-none-eabi/4.9.3/../../../../arm-none-eabi/lib/armv7-m\libm.a(lib_a-k_rem_pio2.o)
 .rodata.TWO52  0x00008bd8       0x10 c:/program files (x86)/cypress/psoc creator/4.0/psoc creator/import/gnu/arm/4.9.3/bin/../lib/gcc/arm-none-eabi/4.9.3/../../../../arm-none-eabi/lib/armv7-m\libm.a(lib_a-s_rint.o)
 .rodata.str1.1
                0x00008be8        0x2 c:/program files (x86)/cypress/psoc creator/4.0/psoc creator/import/gnu/arm/4.9.3/bin/../lib/gcc/arm-none-eabi/4.9.3/../../../../arm-none-eabi/lib/armv7-m\libg_nano.a(lib_a-impure.o)
 .rodata.str1.1
                0x00008bea       0x11 c:/program files (x86)/cypress/psoc creator/4.0/psoc creator/import/gnu/arm/4.9.3/bin/../lib/gcc/arm-none-eabi/4.9.3/../../../../arm-none-eabi/lib/armv7-m\libg_nano.a(lib_a-nano-svfprintf.o)
 .rodata.str1.1
                0x00008bfb       0x22 c:/program files (x86)/cypress/psoc creator/4.0/psoc creator/import/gnu/arm/4.9.3/bin/../lib/gcc/arm-none-eabi/4.9.3/../../../../arm-none-eabi/lib/armv7-m\libg_nano.a(lib_a-nano-vfprintf_i.o)
                0x00008c20                . = ALIGN (0x4)
 *fill*         0x00008c1d        0x3 
 *(.init)
 .init          0x00008c20        0x4 c:/program files (x86)/cypress/psoc creator/4.0/psoc creator/import/gnu/arm/4.9.3/bin/../lib/gcc/arm-none-eabi/4.9.3/armv7-m/crti.o
                0x00008c20                _init
 .init          0x00008c24        0x8 c:/program files (x86)/cypress/psoc creator/4.0/psoc creator/import/gnu/arm/4.9.3/bin/../lib/gcc/arm-none-eabi/4.9.3/armv7-m/crtn.o
                0x00008c2c                . = ALIGN (0x4)
                0x00008c2c                __preinit_array_start = .
 *(.preinit_array)
                0x00008c2c                __preinit_array_end = .
                0x00008c2c                . = ALIGN (0x4)
                0x00008c2c                __init_array_start = .
 *(SORT(.init_array.*))
 *(.init_array)
 .init_array    0x00008c2c        0x4 c:/program files (x86)/cypress/psoc creator/4.0/psoc creator/import/gnu/arm/4.9.3/bin/../lib/gcc/arm-none-eabi/4.9.3/armv7-m/crtbegin.o
 .init_array    0x00008c30        0x4 .\CortexM3\ARM_GCC_493\Debug\Cm3Start.o
                0x00008c34                __init_array_end = .
                0x00008c34                . = ALIGN (0x4)
 *(.fini)
 .fini          0x00008c34        0x4 c:/program files (x86)/cypress/psoc creator/4.0/psoc creator/import/gnu/arm/4.9.3/bin/../lib/gcc/arm-none-eabi/4.9.3/armv7-m/crti.o
                0x00008c34                _fini
 .fini          0x00008c38        0x8 c:/program files (x86)/cypress/psoc creator/4.0/psoc creator/import/gnu/arm/4.9.3/bin/../lib/gcc/arm-none-eabi/4.9.3/armv7-m/crtn.o
                0x00008c40                . = ALIGN (0x4)
                0x00008c40                __fini_array_start = .
 *(.fini_array)
 .fini_array    0x00008c40        0x4 c:/program files (x86)/cypress/psoc creator/4.0/psoc creator/import/gnu/arm/4.9.3/bin/../lib/gcc/arm-none-eabi/4.9.3/armv7-m/crtbegin.o
 *(SORT(.fini_array.*))
                0x00008c44                __fini_array_end = .
                0x00008c44                . = ALIGN (0x4)
 *crtbegin.o(.ctors)
 *(EXCLUDE_FILE(*crtend.o) .ctors)
 *(SORT(.ctors.*))
 *crtend.o(.ctors)
                0x00008c44                . = ALIGN (0x4)
 *crtbegin.o(.dtors)
 *(EXCLUDE_FILE(*crtend.o) .dtors)
 *(SORT(.dtors.*))
 *crtend.o(.dtors)
                0x00008c44                . = ALIGN (0x4)
                0x00008c44                __cy_regions = .
                0x00008c44        0x4 LONG 0x8c58 __cy_region_init_ram
                0x00008c48        0x4 LONG 0x1fff8108 __cy_region_start_data
                0x00008c4c        0x4 LONG 0x180 __cy_region_init_size_ram
                0x00008c50        0x4 LONG 0x1df8 __cy_region_zero_size_ram
                0x00008c54                __cy_regions_end = .
                0x00008c58                . = ALIGN (0x8)
 *fill*         0x00008c54        0x4 
                0x00008c58                _etext = .

.ramvectors     0x1fff8000      0x100
                0x1fff8000                __cy_region_start_ram = .
 *(.ramvectors)
 .ramvectors    0x1fff8000      0x100 .\CortexM3\ARM_GCC_493\Debug\Cm3Start.o
                0x1fff8000                CyRamVectors

.noinit         0x1fff8100        0x5
 *(.noinit)
 .noinit        0x1fff8100        0x4 .\CortexM3\ARM_GCC_493\Debug\Cm3Start.o
 .noinit        0x1fff8104        0x1 .\CortexM3\ARM_GCC_493\Debug\Hummingbird(Continuous Output).a(CyLib.o)
                0x1fff8104                CyResetStatus

.data           0x1fff8108      0x180 load address 0x00008c58
                0x1fff8108                __cy_region_start_data = .
 *(.jcr)
 .jcr           0x1fff8108        0x0 c:/program files (x86)/cypress/psoc creator/4.0/psoc creator/import/gnu/arm/4.9.3/bin/../lib/gcc/arm-none-eabi/4.9.3/armv7-m/crtbegin.o
 .jcr           0x1fff8108        0x4 c:/program files (x86)/cypress/psoc creator/4.0/psoc creator/import/gnu/arm/4.9.3/bin/../lib/gcc/arm-none-eabi/4.9.3/armv7-m/crtend.o
 *(.got.plt)
 *(.got)
 *(.shdata)
 *(.data .data.* .gnu.linkonce.d.*)
 .data          0x1fff810c        0xc .\CortexM3\ARM_GCC_493\Debug\main.o
                0x1fff810c                lastHyst
                0x1fff810e                lastVelo
                0x1fff8110                start
                0x1fff8114                lastNote
 .data          0x1fff8118       0xe8 .\CortexM3\ARM_GCC_493\Debug\midi.o
                0x1fff8118                scaleMajor
                0x1fff818c                scaleNatMinor
 .data          0x1fff8200        0x8 .\CortexM3\ARM_GCC_493\Debug\Hummingbird(Continuous Output).a(CyDmac.o)
 .data          0x1fff8208       0x10 .\CortexM3\ARM_GCC_493\Debug\Hummingbird(Continuous Output).a(CyLib.o)
                0x1fff8208                cydelay_freq_mhz
                0x1fff820c                cydelay_32k_ms
                0x1fff8210                cydelay_freq_khz
                0x1fff8214                cydelay_freq_hz
 .data          0x1fff8218        0x2 .\CortexM3\ARM_GCC_493\Debug\Hummingbird(Continuous Output).a(ADC_UI.o)
 .data          0x1fff821a        0x1 .\CortexM3\ARM_GCC_493\Debug\Hummingbird(Continuous Output).a(ADC_UI_TempBuf_dma.o)
                0x1fff821a                ADC_UI_TempBuf_DmaHandle
 .data          0x1fff821b        0x1 .\CortexM3\ARM_GCC_493\Debug\Hummingbird(Continuous Output).a(ADC_UI_FinalBuf_dma.o)
                0x1fff821b                ADC_UI_FinalBuf_DmaHandle
 .data.__fdlib_version
                0x1fff821c        0x1 c:/program files (x86)/cypress/psoc creator/4.0/psoc creator/import/gnu/arm/4.9.3/bin/../lib/gcc/arm-none-eabi/4.9.3/../../../../arm-none-eabi/lib/armv7-m\libm.a(lib_a-s_lib_ver.o)
                0x1fff821c                __fdlib_version
 *fill*         0x1fff821d        0x3 
 .data.impure_data
                0x1fff8220       0x60 c:/program files (x86)/cypress/psoc creator/4.0/psoc creator/import/gnu/arm/4.9.3/bin/../lib/gcc/arm-none-eabi/4.9.3/../../../../arm-none-eabi/lib/armv7-m\libg_nano.a(lib_a-impure.o)
 .data._impure_ptr
                0x1fff8280        0x4 c:/program files (x86)/cypress/psoc creator/4.0/psoc creator/import/gnu/arm/4.9.3/bin/../lib/gcc/arm-none-eabi/4.9.3/../../../../arm-none-eabi/lib/armv7-m\libg_nano.a(lib_a-impure.o)
                0x1fff8280                _impure_ptr
                0x1fff8288                . = ALIGN (0x8)
 *fill*         0x1fff8284        0x4 
 *(.ram)
                0x1fff8288                _edata = .

.igot.plt       0x1fff8288        0x0 load address 0x00008dd8
 .igot.plt      0x00000000        0x0 c:/program files (x86)/cypress/psoc creator/4.0/psoc creator/import/gnu/arm/4.9.3/bin/../lib/gcc/arm-none-eabi/4.9.3/armv7-m/crtbegin.o

.bss            0x1fff8288     0x1df8 load address 0x00008dd8
                0x1fff8288                PROVIDE (__bss_start__, .)
 *(.shbss)
 *(.bss .bss.* .gnu.linkonce.b.*)
 .bss           0x1fff8288       0x1c c:/program files (x86)/cypress/psoc creator/4.0/psoc creator/import/gnu/arm/4.9.3/bin/../lib/gcc/arm-none-eabi/4.9.3/armv7-m/crtbegin.o
 .bss           0x1fff82a4       0x48 .\CortexM3\ARM_GCC_493\Debug\main.o
                0x1fff82a4                lastKey
                0x1fff82a6                UI_Update_Mask
                0x1fff82a8                lastScale
                0x1fff82aa                currFrame
                0x1fff82ac                frameLocked
                0x1fff82b0                max_value
                0x1fff82b4                frameIndex
                0x1fff82b8                frameReady
                0x1fff82ba                frameProcessed
                0x1fff82bb                curKey
                0x1fff82bc                curScale
                0x1fff82bd                sampleFrame
                0x1fff82c0                timerFlag
                0x1fff82c4                pitchPrev
                0x1fff82c8                inqFlags_old
                0x1fff82c9                usbActivityCounter
                0x1fff82ca                frame2InUse
                0x1fff82cb                frame1InUse
                0x1fff82cc                numFrames
                0x1fff82d0                i
                0x1fff82d4                sustain
                0x1fff82d5                csButtChange
                0x1fff82d6                csButtStates_old
                0x1fff82d7                csButtStates
                0x1fff82d8                noteHistory
 .bss           0x1fff82ec     0x1000 .\CortexM3\ARM_GCC_493\Debug\pitch.o
 .bss           0x1fff92ec        0x1 .\CortexM3\ARM_GCC_493\Debug\Hummingbird(Continuous Output).a(USB.o)
                0x1fff92ec                USB_initVar
 *fill*         0x1fff92ed        0x3 
 .bss           0x1fff92f0        0x4 .\CortexM3\ARM_GCC_493\Debug\Hummingbird(Continuous Output).a(USB_std.o)
 .bss           0x1fff92f4        0x1 .\CortexM3\ARM_GCC_493\Debug\Hummingbird(Continuous Output).a(I2C_CharLCD.o)
                0x1fff92f4                I2C_CharLCD_initVar
 .bss           0x1fff92f5        0x2 .\CortexM3\ARM_GCC_493\Debug\Hummingbird(Continuous Output).a(CharLCD_I2C.o)
                0x1fff92f5                CharLCD_enableState
                0x1fff92f6                CharLCD_initVar
 .bss           0x1fff92f7        0x1 .\CortexM3\ARM_GCC_493\Debug\Hummingbird(Continuous Output).a(ADC_MIC.o)
                0x1fff92f7                ADC_MIC_initVar
 .bss           0x1fff92f8        0x1 .\CortexM3\ARM_GCC_493\Debug\Hummingbird(Continuous Output).a(TIMER_SAMPLERATE.o)
                0x1fff92f8                TIMER_SAMPLERATE_initVar
 *fill*         0x1fff92f9        0x3 
 .bss           0x1fff92fc       0x10 .\CortexM3\ARM_GCC_493\Debug\Hummingbird(Continuous Output).a(ADC_UI.o)
                0x1fff9308                ADC_UI_initVar
 .bss           0x1fff930c        0x1 .\CortexM3\ARM_GCC_493\Debug\Hummingbird(Continuous Output).a(TIMER_UI.o)
                0x1fff930c                TIMER_UI_initVar
 .bss           0x1fff930d        0x1 .\CortexM3\ARM_GCC_493\Debug\Hummingbird(Continuous Output).a(ADC_UI_SAR.o)
                0x1fff930d                ADC_UI_SAR_initVar
 .bss           0x1fff930e        0x2 .\CortexM3\ARM_GCC_493\Debug\Hummingbird(Continuous Output).a(UART_MIDITX.o)
                0x1fff930e                UART_MIDITX_initVar
 .bss.__malloc_sbrk_start
                0x1fff9310        0x4 c:/program files (x86)/cypress/psoc creator/4.0/psoc creator/import/gnu/arm/4.9.3/bin/../lib/gcc/arm-none-eabi/4.9.3/../../../../arm-none-eabi/lib/armv7-m\libg_nano.a(lib_a-nano-mallocr.o)
                0x1fff9310                __malloc_sbrk_start
 .bss.__malloc_free_list
                0x1fff9314        0x4 c:/program files (x86)/cypress/psoc creator/4.0/psoc creator/import/gnu/arm/4.9.3/bin/../lib/gcc/arm-none-eabi/4.9.3/../../../../arm-none-eabi/lib/armv7-m\libg_nano.a(lib_a-nano-mallocr.o)
                0x1fff9314                __malloc_free_list
 .bss.heap_end.4079
                0x1fff9318        0x4 c:/program files (x86)/cypress/psoc creator/4.0/psoc creator/import/gnu/arm/4.9.3/bin/../lib/gcc/arm-none-eabi/4.9.3/../../../../arm-none-eabi/lib/armv7-m\libnosys.a(sbrk.o)
 *(COMMON)
 *fill*         0x1fff931c        0x4 
 COMMON         0x1fff9320      0xc20 .\CortexM3\ARM_GCC_493\Debug\main.o
                0x1fff9320                midiMsg
                0x1fff9324                ADCoutput
                0x1fff9328                LCDstr
                0x1fff9338                noteTable
                0x1fff9738                pitchHz
                0x1fff973c                tempHyst
                0x1fff9740                dataFrames
 COMMON         0x1fff9f40       0x98 .\CortexM3\ARM_GCC_493\Debug\Hummingbird(Continuous Output).a(USB_drv.o)
                0x1fff9f40                USB_transferState
                0x1fff9f41                USB_interfaceNumber
                0x1fff9f42                USB_lastPacketSize
                0x1fff9f44                USB_interfaceClass
                0x1fff9f48                USB_interfaceSetting
                0x1fff9f4a                USB_ep0Mode
                0x1fff9f4b                USB_device
                0x1fff9f4c                USB_deviceAddress
                0x1fff9f4d                USB_ep0Toggle
                0x1fff9f4e                USB_configurationChanged
                0x1fff9f50                USB_interfaceStatus
                0x1fff9f52                USB_transferByteCount
                0x1fff9f54                USB_configuration
                0x1fff9f58                USB_interfaceSetting_last
                0x1fff9f5c                USB_currentTD
                0x1fff9f68                USB_ep0Count
                0x1fff9f69                USB_deviceStatus
                0x1fff9f6c                USB_EP
 COMMON         0x1fff9fd8       0x48 .\CortexM3\ARM_GCC_493\Debug\Hummingbird(Continuous Output).a(USB_midi.o)
                0x1fff9fd8                USB_midiOutBuffer
                0x1fff9ff8                USB_MIDI1_InqFlags
                0x1fff9ff9                USB_midi_in_ep
                0x1fff9ffa                USB_midiInPointer
                0x1fff9ffb                USB_MIDI2_InqFlags
                0x1fff9ffc                USB_midi_out_ep
                0x1fffa000                USB_midiInBuffer
 COMMON         0x1fffa020        0x1 .\CortexM3\ARM_GCC_493\Debug\Hummingbird(Continuous Output).a(I2C_CharLCD.o)
                0x1fffa020                I2C_CharLCD_state
 *fill*         0x1fffa021        0x3 
 COMMON         0x1fffa024       0x12 .\CortexM3\ARM_GCC_493\Debug\Hummingbird(Continuous Output).a(I2C_CharLCD_MASTER.o)
                0x1fffa024                I2C_CharLCD_mstrRdBufSize
                0x1fffa028                I2C_CharLCD_mstrRdBufPtr
                0x1fffa02c                I2C_CharLCD_mstrControl
                0x1fffa02d                I2C_CharLCD_mstrWrBufIndex
                0x1fffa02e                I2C_CharLCD_mstrStatus
                0x1fffa030                I2C_CharLCD_mstrWrBufPtr
                0x1fffa034                I2C_CharLCD_mstrWrBufSize
                0x1fffa035                I2C_CharLCD_mstrRdBufIndex
 *fill*         0x1fffa036        0x2 
 COMMON         0x1fffa038        0xa .\CortexM3\ARM_GCC_493\Debug\Hummingbird(Continuous Output).a(ADC_MIC.o)
                0x1fffa038                ADC_MIC_countsPerVolt
                0x1fffa03a                ADC_MIC_shift
                0x1fffa03c                ADC_MIC_countsPer10Volt
                0x1fffa040                ADC_MIC_offset
 *fill*         0x1fffa042        0x2 
 COMMON         0x1fffa044        0x8 .\CortexM3\ARM_GCC_493\Debug\Hummingbird(Continuous Output).a(ADC_UI.o)
                0x1fffa044                ADC_UI_finalArray
 COMMON         0x1fffa04c        0xa .\CortexM3\ARM_GCC_493\Debug\Hummingbird(Continuous Output).a(ADC_UI_SAR.o)
                0x1fffa04c                ADC_UI_SAR_shift
                0x1fffa04e                ADC_UI_SAR_countsPerVolt
                0x1fffa050                ADC_UI_SAR_countsPer10Volt
                0x1fffa054                ADC_UI_SAR_offset
 *fill*         0x1fffa056        0x2 
 COMMON         0x1fffa058       0x22 .\CortexM3\ARM_GCC_493\Debug\Hummingbird(Continuous Output).a(USB_descr.o)
                0x1fffa058                USB_idSerialNumberStringDescriptor
 *fill*         0x1fffa07a        0x2 
 COMMON         0x1fffa07c        0x4 c:/program files (x86)/cypress/psoc creator/4.0/psoc creator/import/gnu/arm/4.9.3/bin/../lib/gcc/arm-none-eabi/4.9.3/../../../../arm-none-eabi/lib/armv7-m\libg_nano.a(lib_a-reent.o)
                0x1fffa07c                errno
                0x1fffa080                . = ALIGN (0x8)
 *(.ram.b)
                0x1fffa080                _end = .
                0x1fffa080                __end = .
                0x1fffa080                PROVIDE (end, .)
                0x1fffa080                PROVIDE (__bss_end__, .)
                0x00008c58                __cy_region_init_ram = LOADADDR (.data)
                0x00000180                __cy_region_init_size_ram = (_edata - ADDR (.data))
                0x00001df8                __cy_region_zero_size_ram = (_end - _edata)

.heap           0x1fffa080       0x80 load address 0x00008dd8
                0x1fffa080                . = _end
                0x1fffa100                . = (. + 0x80)
 *fill*         0x1fffa080       0x80 
                0x1fffa100                __cy_heap_limit = .

.stack          0x20007800      0x800
                0x20007800                __cy_stack_limit = .
                0x20008000                . = (. + 0x800)
 *fill*         0x20007800      0x800 
                0x00000001                ASSERT ((__cy_stack_limit >= __cy_heap_limit), region RAM overflowed with stack)

.cyloadermeta
 *(.cyloadermeta)

.cyloadablemeta
 *(.cyloadablemeta)

.cyconfigecc    0x80000000      0xeec
 *(.cyconfigecc)
 .cyconfigecc   0x80000000      0xeec .\CortexM3\ARM_GCC_493\Debug\cymetadata.o
                0x80000000                cy_meta_configecc

.cycustnvl      0x90000000        0x4
 *(.cycustnvl)
 .cycustnvl     0x90000000        0x4 .\CortexM3\ARM_GCC_493\Debug\cymetadata.o
                0x90000000                cy_meta_custnvl

.cywolatch      0x90100000        0x4
 *(.cywolatch)
 .cywolatch     0x90100000        0x4 .\CortexM3\ARM_GCC_493\Debug\cymetadata.o
                0x90100000                cy_meta_wonvl

.cyeeprom       0x90200000        0x0
 *(.cyeeprom)
                0x00000001                ASSERT ((. <= ((0x90200000 + ee_offset) + ee_size)), .cyeeprom data will not fit in EEPROM)

.cyflashprotect
                0x90400000      0x100
 *(.cyflashprotect)
 .cyflashprotect
                0x90400000      0x100 .\CortexM3\ARM_GCC_493\Debug\cymetadata.o
                0x90400000                cy_meta_flashprotect

.cymeta         0x90500000        0xc
 *(.cymeta)
 .cymeta        0x90500000        0xc .\CortexM3\ARM_GCC_493\Debug\cymetadata.o
                0x90500000                cy_metadata

.rel.dyn        0x00008dd8        0x0 load address 0x9050000c
 .rel.iplt      0x00000000        0x0 c:/program files (x86)/cypress/psoc creator/4.0/psoc creator/import/gnu/arm/4.9.3/bin/../lib/gcc/arm-none-eabi/4.9.3/armv7-m/crtbegin.o

.stab
 *(.stab)

.stabstr
 *(.stabstr)

.debug
 *(.debug)

.line
 *(.line)

.debug_srcinfo
 *(.debug_srcinfo)

.debug_sfnames
 *(.debug_sfnames)

.debug_aranges  0x00000000     0x1398
 *(.debug_aranges)
 .debug_aranges
                0x00000000       0x38 .\CortexM3\ARM_GCC_493\Debug\main.o
 .debug_aranges
                0x00000038       0x68 .\CortexM3\ARM_GCC_493\Debug\fft.o
 .debug_aranges
                0x000000a0       0x60 .\CortexM3\ARM_GCC_493\Debug\midi.o
 .debug_aranges
                0x00000100       0x40 .\CortexM3\ARM_GCC_493\Debug\pitch.o
 .debug_aranges
                0x00000140       0x50 .\CortexM3\ARM_GCC_493\Debug\hbird.o
 .debug_aranges
                0x00000190       0x18 .\CortexM3\ARM_GCC_493\Debug\cymetadata.o
 .debug_aranges
                0x000001a8       0x40 .\CortexM3\ARM_GCC_493\Debug\Cm3Start.o
 .debug_aranges
                0x000001e8       0x28 .\CortexM3\ARM_GCC_493\Debug\Hummingbird(Continuous Output).a(cyfitter_cfg.o)
 .debug_aranges
                0x00000210       0xb0 .\CortexM3\ARM_GCC_493\Debug\Hummingbird(Continuous Output).a(USB.o)
 .debug_aranges
                0x000002c0       0x98 .\CortexM3\ARM_GCC_493\Debug\Hummingbird(Continuous Output).a(USB_drv.o)
 .debug_aranges
                0x00000358       0x38 .\CortexM3\ARM_GCC_493\Debug\Hummingbird(Continuous Output).a(USB_episr.o)
 .debug_aranges
                0x00000390       0x80 .\CortexM3\ARM_GCC_493\Debug\Hummingbird(Continuous Output).a(USB_std.o)
 .debug_aranges
                0x00000410       0x20 .\CortexM3\ARM_GCC_493\Debug\Hummingbird(Continuous Output).a(USB_vnd.o)
 .debug_aranges
                0x00000430       0x78 .\CortexM3\ARM_GCC_493\Debug\Hummingbird(Continuous Output).a(USB_midi.o)
 .debug_aranges
                0x000004a8       0xd8 .\CortexM3\ARM_GCC_493\Debug\Hummingbird(Continuous Output).a(CyDmac.o)
 .debug_aranges
                0x00000580      0x208 .\CortexM3\ARM_GCC_493\Debug\Hummingbird(Continuous Output).a(CyLib.o)
 .debug_aranges
                0x00000788       0x70 .\CortexM3\ARM_GCC_493\Debug\Hummingbird(Continuous Output).a(cyPm.o)
 .debug_aranges
                0x000007f8       0x80 .\CortexM3\ARM_GCC_493\Debug\Hummingbird(Continuous Output).a(isr_1.o)
 .debug_aranges
                0x00000878       0x80 .\CortexM3\ARM_GCC_493\Debug\Hummingbird(Continuous Output).a(UI_isr.o)
 .debug_aranges
                0x000008f8       0x38 .\CortexM3\ARM_GCC_493\Debug\Hummingbird(Continuous Output).a(I2C_CharLCD.o)
 .debug_aranges
                0x00000930       0x20 .\CortexM3\ARM_GCC_493\Debug\Hummingbird(Continuous Output).a(I2C_CharLCD_INT.o)
 .debug_aranges
                0x00000950       0x38 .\CortexM3\ARM_GCC_493\Debug\Hummingbird(Continuous Output).a(I2C_CharLCD_PM.o)
 .debug_aranges
                0x00000988       0x80 .\CortexM3\ARM_GCC_493\Debug\Hummingbird(Continuous Output).a(I2C_CharLCD_MASTER.o)
 .debug_aranges
                0x00000a08       0x88 .\CortexM3\ARM_GCC_493\Debug\Hummingbird(Continuous Output).a(CharLCD_I2C.o)
 .debug_aranges
                0x00000a90       0xa0 .\CortexM3\ARM_GCC_493\Debug\Hummingbird(Continuous Output).a(ADC_MIC.o)
 .debug_aranges
                0x00000b30       0x20 .\CortexM3\ARM_GCC_493\Debug\Hummingbird(Continuous Output).a(ADC_MIC_INT.o)
 .debug_aranges
                0x00000b50       0x90 .\CortexM3\ARM_GCC_493\Debug\Hummingbird(Continuous Output).a(TIMER_SAMPLERATE.o)
 .debug_aranges
                0x00000be0       0xa0 .\CortexM3\ARM_GCC_493\Debug\Hummingbird(Continuous Output).a(ADC_UI.o)
 .debug_aranges
                0x00000c80       0x20 .\CortexM3\ARM_GCC_493\Debug\Hummingbird(Continuous Output).a(ADC_UI_INT.o)
 .debug_aranges
                0x00000ca0       0x90 .\CortexM3\ARM_GCC_493\Debug\Hummingbird(Continuous Output).a(TIMER_UI.o)
 .debug_aranges
                0x00000d30       0x70 .\CortexM3\ARM_GCC_493\Debug\Hummingbird(Continuous Output).a(ADC_MIC_theACLK.o)
 .debug_aranges
                0x00000da0       0xa0 .\CortexM3\ARM_GCC_493\Debug\Hummingbird(Continuous Output).a(ADC_UI_SAR.o)
 .debug_aranges
                0x00000e40       0x28 .\CortexM3\ARM_GCC_493\Debug\Hummingbird(Continuous Output).a(ADC_UI_TempBuf_dma.o)
 .debug_aranges
                0x00000e68       0x28 .\CortexM3\ARM_GCC_493\Debug\Hummingbird(Continuous Output).a(ADC_UI_FinalBuf_dma.o)
 .debug_aranges
                0x00000e90       0x80 .\CortexM3\ARM_GCC_493\Debug\Hummingbird(Continuous Output).a(ADC_UI_IRQ.o)
 .debug_aranges
                0x00000f10       0xa0 .\CortexM3\ARM_GCC_493\Debug\Hummingbird(Continuous Output).a(UART_MIDITX.o)
 .debug_aranges
                0x00000fb0       0x20 .\CortexM3\ARM_GCC_493\Debug\Hummingbird(Continuous Output).a(CyBootAsmGnu.o)
 .debug_aranges
                0x00000fd0      0x110 .\CortexM3\ARM_GCC_493\Debug\Hummingbird(Continuous Output).a(MIDI1_UART.o)
 .debug_aranges
                0x000010e0      0x110 .\CortexM3\ARM_GCC_493\Debug\Hummingbird(Continuous Output).a(MIDI2_UART.o)
 .debug_aranges
                0x000011f0       0x20 .\CortexM3\ARM_GCC_493\Debug\Hummingbird(Continuous Output).a(USB_cls.o)
 .debug_aranges
                0x00001210       0x18 .\CortexM3\ARM_GCC_493\Debug\Hummingbird(Continuous Output).a(USB_descr.o)
 .debug_aranges
                0x00001228       0x78 .\CortexM3\ARM_GCC_493\Debug\Hummingbird(Continuous Output).a(CyFlash.o)
 .debug_aranges
                0x000012a0       0x68 .\CortexM3\ARM_GCC_493\Debug\Hummingbird(Continuous Output).a(CySpc.o)
 .debug_aranges
                0x00001308       0x20 .\CortexM3\ARM_GCC_493\Debug\Hummingbird(Continuous Output).a(cyutils.o)
 .debug_aranges
                0x00001328       0x28 .\CortexM3\ARM_GCC_493\Debug\Hummingbird(Continuous Output).a(MIDI1_UART_INT.o)
 .debug_aranges
                0x00001350       0x28 .\CortexM3\ARM_GCC_493\Debug\Hummingbird(Continuous Output).a(MIDI2_UART_INT.o)
 .debug_aranges
                0x00001378       0x20 .\CortexM3\ARM_GCC_493\Debug\Hummingbird(Continuous Output).a(USB_audio.o)

.debug_pubnames
 *(.debug_pubnames)

.debug_info     0x00000000     0xf1dc
 *(.debug_info .gnu.linkonce.wi.*)
 .debug_info    0x00000000      0xc6f .\CortexM3\ARM_GCC_493\Debug\main.o
 .debug_info    0x00000c6f      0xee7 .\CortexM3\ARM_GCC_493\Debug\fft.o
 .debug_info    0x00001b56      0x6ec .\CortexM3\ARM_GCC_493\Debug\midi.o
 .debug_info    0x00002242      0x43a .\CortexM3\ARM_GCC_493\Debug\pitch.o
 .debug_info    0x0000267c      0xbb1 .\CortexM3\ARM_GCC_493\Debug\hbird.o
 .debug_info    0x0000322d      0x13e .\CortexM3\ARM_GCC_493\Debug\cymetadata.o
 .debug_info    0x0000336b      0x315 .\CortexM3\ARM_GCC_493\Debug\Cm3Start.o
 .debug_info    0x00003680      0x691 .\CortexM3\ARM_GCC_493\Debug\Hummingbird(Continuous Output).a(cyfitter_cfg.o)
 .debug_info    0x00003d11      0x855 .\CortexM3\ARM_GCC_493\Debug\Hummingbird(Continuous Output).a(USB.o)
 .debug_info    0x00004566      0x6a7 .\CortexM3\ARM_GCC_493\Debug\Hummingbird(Continuous Output).a(USB_drv.o)
 .debug_info    0x00004c0d      0x1a9 .\CortexM3\ARM_GCC_493\Debug\Hummingbird(Continuous Output).a(USB_episr.o)
 .debug_info    0x00004db6      0xb2f .\CortexM3\ARM_GCC_493\Debug\Hummingbird(Continuous Output).a(USB_std.o)
 .debug_info    0x000058e5      0x18b .\CortexM3\ARM_GCC_493\Debug\Hummingbird(Continuous Output).a(USB_vnd.o)
 .debug_info    0x00005a70      0x96e .\CortexM3\ARM_GCC_493\Debug\Hummingbird(Continuous Output).a(USB_midi.o)
 .debug_info    0x000063de      0x94e .\CortexM3\ARM_GCC_493\Debug\Hummingbird(Continuous Output).a(CyDmac.o)
 .debug_info    0x00006d2c     0x1125 .\CortexM3\ARM_GCC_493\Debug\Hummingbird(Continuous Output).a(CyLib.o)
 .debug_info    0x00007e51      0x9c6 .\CortexM3\ARM_GCC_493\Debug\Hummingbird(Continuous Output).a(cyPm.o)
 .debug_info    0x00008817      0x36f .\CortexM3\ARM_GCC_493\Debug\Hummingbird(Continuous Output).a(isr_1.o)
 .debug_info    0x00008b86      0x36f .\CortexM3\ARM_GCC_493\Debug\Hummingbird(Continuous Output).a(UI_isr.o)
 .debug_info    0x00008ef5      0x2d0 .\CortexM3\ARM_GCC_493\Debug\Hummingbird(Continuous Output).a(I2C_CharLCD.o)
 .debug_info    0x000091c5      0x166 .\CortexM3\ARM_GCC_493\Debug\Hummingbird(Continuous Output).a(I2C_CharLCD_INT.o)
 .debug_info    0x0000932b      0x224 .\CortexM3\ARM_GCC_493\Debug\Hummingbird(Continuous Output).a(I2C_CharLCD_PM.o)
 .debug_info    0x0000954f      0x400 .\CortexM3\ARM_GCC_493\Debug\Hummingbird(Continuous Output).a(I2C_CharLCD_MASTER.o)
 .debug_info    0x0000994f      0x77d .\CortexM3\ARM_GCC_493\Debug\Hummingbird(Continuous Output).a(CharLCD_I2C.o)
 .debug_info    0x0000a0cc      0x60c .\CortexM3\ARM_GCC_493\Debug\Hummingbird(Continuous Output).a(ADC_MIC.o)
 .debug_info    0x0000a6d8       0x92 .\CortexM3\ARM_GCC_493\Debug\Hummingbird(Continuous Output).a(ADC_MIC_INT.o)
 .debug_info    0x0000a76a      0x40d .\CortexM3\ARM_GCC_493\Debug\Hummingbird(Continuous Output).a(TIMER_SAMPLERATE.o)
 .debug_info    0x0000ab77      0x7b9 .\CortexM3\ARM_GCC_493\Debug\Hummingbird(Continuous Output).a(ADC_UI.o)
 .debug_info    0x0000b330       0x99 .\CortexM3\ARM_GCC_493\Debug\Hummingbird(Continuous Output).a(ADC_UI_INT.o)
 .debug_info    0x0000b3c9      0x415 .\CortexM3\ARM_GCC_493\Debug\Hummingbird(Continuous Output).a(TIMER_UI.o)
 .debug_info    0x0000b7de      0x297 .\CortexM3\ARM_GCC_493\Debug\Hummingbird(Continuous Output).a(ADC_MIC_theACLK.o)
 .debug_info    0x0000ba75      0x56a .\CortexM3\ARM_GCC_493\Debug\Hummingbird(Continuous Output).a(ADC_UI_SAR.o)
 .debug_info    0x0000bfdf      0x1f8 .\CortexM3\ARM_GCC_493\Debug\Hummingbird(Continuous Output).a(ADC_UI_TempBuf_dma.o)
 .debug_info    0x0000c1d7      0x1f8 .\CortexM3\ARM_GCC_493\Debug\Hummingbird(Continuous Output).a(ADC_UI_FinalBuf_dma.o)
 .debug_info    0x0000c3cf      0x36f .\CortexM3\ARM_GCC_493\Debug\Hummingbird(Continuous Output).a(ADC_UI_IRQ.o)
 .debug_info    0x0000c73e      0x47f .\CortexM3\ARM_GCC_493\Debug\Hummingbird(Continuous Output).a(UART_MIDITX.o)
 .debug_info    0x0000cbbd       0x99 .\CortexM3\ARM_GCC_493\Debug\Hummingbird(Continuous Output).a(CyBootAsmGnu.o)
 .debug_info    0x0000cc56      0x910 .\CortexM3\ARM_GCC_493\Debug\Hummingbird(Continuous Output).a(MIDI1_UART.o)
 .debug_info    0x0000d566      0x910 .\CortexM3\ARM_GCC_493\Debug\Hummingbird(Continuous Output).a(MIDI2_UART.o)
 .debug_info    0x0000de76      0x1ad .\CortexM3\ARM_GCC_493\Debug\Hummingbird(Continuous Output).a(USB_cls.o)
 .debug_info    0x0000e023      0x2cf .\CortexM3\ARM_GCC_493\Debug\Hummingbird(Continuous Output).a(USB_descr.o)
 .debug_info    0x0000e2f2      0x624 .\CortexM3\ARM_GCC_493\Debug\Hummingbird(Continuous Output).a(CyFlash.o)
 .debug_info    0x0000e916      0x442 .\CortexM3\ARM_GCC_493\Debug\Hummingbird(Continuous Output).a(CySpc.o)
 .debug_info    0x0000ed58       0xec .\CortexM3\ARM_GCC_493\Debug\Hummingbird(Continuous Output).a(cyutils.o)
 .debug_info    0x0000ee44      0x162 .\CortexM3\ARM_GCC_493\Debug\Hummingbird(Continuous Output).a(MIDI1_UART_INT.o)
 .debug_info    0x0000efa6      0x162 .\CortexM3\ARM_GCC_493\Debug\Hummingbird(Continuous Output).a(MIDI2_UART_INT.o)
 .debug_info    0x0000f108       0xd4 .\CortexM3\ARM_GCC_493\Debug\Hummingbird(Continuous Output).a(USB_audio.o)

.debug_abbrev   0x00000000     0x4e7c
 *(.debug_abbrev)
 .debug_abbrev  0x00000000      0x25a .\CortexM3\ARM_GCC_493\Debug\main.o
 .debug_abbrev  0x0000025a      0x31f .\CortexM3\ARM_GCC_493\Debug\fft.o
 .debug_abbrev  0x00000579      0x27d .\CortexM3\ARM_GCC_493\Debug\midi.o
 .debug_abbrev  0x000007f6      0x16b .\CortexM3\ARM_GCC_493\Debug\pitch.o
 .debug_abbrev  0x00000961      0x235 .\CortexM3\ARM_GCC_493\Debug\hbird.o
 .debug_abbrev  0x00000b96       0x77 .\CortexM3\ARM_GCC_493\Debug\cymetadata.o
 .debug_abbrev  0x00000c0d      0x199 .\CortexM3\ARM_GCC_493\Debug\Cm3Start.o
 .debug_abbrev  0x00000da6      0x26d .\CortexM3\ARM_GCC_493\Debug\Hummingbird(Continuous Output).a(cyfitter_cfg.o)
 .debug_abbrev  0x00001013      0x2e7 .\CortexM3\ARM_GCC_493\Debug\Hummingbird(Continuous Output).a(USB.o)
 .debug_abbrev  0x000012fa      0x24d .\CortexM3\ARM_GCC_493\Debug\Hummingbird(Continuous Output).a(USB_drv.o)
 .debug_abbrev  0x00001547       0xe6 .\CortexM3\ARM_GCC_493\Debug\Hummingbird(Continuous Output).a(USB_episr.o)
 .debug_abbrev  0x0000162d      0x2bd .\CortexM3\ARM_GCC_493\Debug\Hummingbird(Continuous Output).a(USB_std.o)
 .debug_abbrev  0x000018ea       0xd9 .\CortexM3\ARM_GCC_493\Debug\Hummingbird(Continuous Output).a(USB_vnd.o)
 .debug_abbrev  0x000019c3      0x243 .\CortexM3\ARM_GCC_493\Debug\Hummingbird(Continuous Output).a(USB_midi.o)
 .debug_abbrev  0x00001c06      0x1d4 .\CortexM3\ARM_GCC_493\Debug\Hummingbird(Continuous Output).a(CyDmac.o)
 .debug_abbrev  0x00001dda      0x3cb .\CortexM3\ARM_GCC_493\Debug\Hummingbird(Continuous Output).a(CyLib.o)
 .debug_abbrev  0x000021a5      0x210 .\CortexM3\ARM_GCC_493\Debug\Hummingbird(Continuous Output).a(cyPm.o)
 .debug_abbrev  0x000023b5      0x1ff .\CortexM3\ARM_GCC_493\Debug\Hummingbird(Continuous Output).a(isr_1.o)
 .debug_abbrev  0x000025b4      0x1ff .\CortexM3\ARM_GCC_493\Debug\Hummingbird(Continuous Output).a(UI_isr.o)
 .debug_abbrev  0x000027b3      0x168 .\CortexM3\ARM_GCC_493\Debug\Hummingbird(Continuous Output).a(I2C_CharLCD.o)
 .debug_abbrev  0x0000291b       0xb0 .\CortexM3\ARM_GCC_493\Debug\Hummingbird(Continuous Output).a(I2C_CharLCD_INT.o)
 .debug_abbrev  0x000029cb      0x172 .\CortexM3\ARM_GCC_493\Debug\Hummingbird(Continuous Output).a(I2C_CharLCD_PM.o)
 .debug_abbrev  0x00002b3d      0x12d .\CortexM3\ARM_GCC_493\Debug\Hummingbird(Continuous Output).a(I2C_CharLCD_MASTER.o)
 .debug_abbrev  0x00002c6a      0x216 .\CortexM3\ARM_GCC_493\Debug\Hummingbird(Continuous Output).a(CharLCD_I2C.o)
 .debug_abbrev  0x00002e80      0x227 .\CortexM3\ARM_GCC_493\Debug\Hummingbird(Continuous Output).a(ADC_MIC.o)
 .debug_abbrev  0x000030a7       0x42 .\CortexM3\ARM_GCC_493\Debug\Hummingbird(Continuous Output).a(ADC_MIC_INT.o)
 .debug_abbrev  0x000030e9      0x23b .\CortexM3\ARM_GCC_493\Debug\Hummingbird(Continuous Output).a(TIMER_SAMPLERATE.o)
 .debug_abbrev  0x00003324      0x1d9 .\CortexM3\ARM_GCC_493\Debug\Hummingbird(Continuous Output).a(ADC_UI.o)
 .debug_abbrev  0x000034fd       0x42 .\CortexM3\ARM_GCC_493\Debug\Hummingbird(Continuous Output).a(ADC_UI_INT.o)
 .debug_abbrev  0x0000353f      0x23b .\CortexM3\ARM_GCC_493\Debug\Hummingbird(Continuous Output).a(TIMER_UI.o)
 .debug_abbrev  0x0000377a      0x142 .\CortexM3\ARM_GCC_493\Debug\Hummingbird(Continuous Output).a(ADC_MIC_theACLK.o)
 .debug_abbrev  0x000038bc      0x23c .\CortexM3\ARM_GCC_493\Debug\Hummingbird(Continuous Output).a(ADC_UI_SAR.o)
 .debug_abbrev  0x00003af8       0xee .\CortexM3\ARM_GCC_493\Debug\Hummingbird(Continuous Output).a(ADC_UI_TempBuf_dma.o)
 .debug_abbrev  0x00003be6       0xee .\CortexM3\ARM_GCC_493\Debug\Hummingbird(Continuous Output).a(ADC_UI_FinalBuf_dma.o)
 .debug_abbrev  0x00003cd4      0x1ff .\CortexM3\ARM_GCC_493\Debug\Hummingbird(Continuous Output).a(ADC_UI_IRQ.o)
 .debug_abbrev  0x00003ed3      0x1fa .\CortexM3\ARM_GCC_493\Debug\Hummingbird(Continuous Output).a(UART_MIDITX.o)
 .debug_abbrev  0x000040cd       0x14 .\CortexM3\ARM_GCC_493\Debug\Hummingbird(Continuous Output).a(CyBootAsmGnu.o)
 .debug_abbrev  0x000040e1      0x28d .\CortexM3\ARM_GCC_493\Debug\Hummingbird(Continuous Output).a(MIDI1_UART.o)
 .debug_abbrev  0x0000436e      0x28d .\CortexM3\ARM_GCC_493\Debug\Hummingbird(Continuous Output).a(MIDI2_UART.o)
 .debug_abbrev  0x000045fb       0xe8 .\CortexM3\ARM_GCC_493\Debug\Hummingbird(Continuous Output).a(USB_cls.o)
 .debug_abbrev  0x000046e3       0xa7 .\CortexM3\ARM_GCC_493\Debug\Hummingbird(Continuous Output).a(USB_descr.o)
 .debug_abbrev  0x0000478a      0x2f9 .\CortexM3\ARM_GCC_493\Debug\Hummingbird(Continuous Output).a(CyFlash.o)
 .debug_abbrev  0x00004a83      0x1b1 .\CortexM3\ARM_GCC_493\Debug\Hummingbird(Continuous Output).a(CySpc.o)
 .debug_abbrev  0x00004c34       0x8e .\CortexM3\ARM_GCC_493\Debug\Hummingbird(Continuous Output).a(cyutils.o)
 .debug_abbrev  0x00004cc2       0xa2 .\CortexM3\ARM_GCC_493\Debug\Hummingbird(Continuous Output).a(MIDI1_UART_INT.o)
 .debug_abbrev  0x00004d64       0xa2 .\CortexM3\ARM_GCC_493\Debug\Hummingbird(Continuous Output).a(MIDI2_UART_INT.o)
 .debug_abbrev  0x00004e06       0x76 .\CortexM3\ARM_GCC_493\Debug\Hummingbird(Continuous Output).a(USB_audio.o)

.debug_line     0x00000000     0x6564
 *(.debug_line)
 .debug_line    0x00000000      0x371 .\CortexM3\ARM_GCC_493\Debug\main.o
 .debug_line    0x00000371      0x409 .\CortexM3\ARM_GCC_493\Debug\fft.o
 .debug_line    0x0000077a      0x3d4 .\CortexM3\ARM_GCC_493\Debug\midi.o
 .debug_line    0x00000b4e      0x2cc .\CortexM3\ARM_GCC_493\Debug\pitch.o
 .debug_line    0x00000e1a      0x2eb .\CortexM3\ARM_GCC_493\Debug\hbird.o
 .debug_line    0x00001105       0x51 .\CortexM3\ARM_GCC_493\Debug\cymetadata.o
 .debug_line    0x00001156      0x1b5 .\CortexM3\ARM_GCC_493\Debug\Cm3Start.o
 .debug_line    0x0000130b      0x24a .\CortexM3\ARM_GCC_493\Debug\Hummingbird(Continuous Output).a(cyfitter_cfg.o)
 .debug_line    0x00001555      0x322 .\CortexM3\ARM_GCC_493\Debug\Hummingbird(Continuous Output).a(USB.o)
 .debug_line    0x00001877      0x323 .\CortexM3\ARM_GCC_493\Debug\Hummingbird(Continuous Output).a(USB_drv.o)
 .debug_line    0x00001b9a       0xba .\CortexM3\ARM_GCC_493\Debug\Hummingbird(Continuous Output).a(USB_episr.o)
 .debug_line    0x00001c54      0x570 .\CortexM3\ARM_GCC_493\Debug\Hummingbird(Continuous Output).a(USB_std.o)
 .debug_line    0x000021c4       0x7f .\CortexM3\ARM_GCC_493\Debug\Hummingbird(Continuous Output).a(USB_vnd.o)
 .debug_line    0x00002243      0x4c8 .\CortexM3\ARM_GCC_493\Debug\Hummingbird(Continuous Output).a(USB_midi.o)
 .debug_line    0x0000270b      0x31f .\CortexM3\ARM_GCC_493\Debug\Hummingbird(Continuous Output).a(CyDmac.o)
 .debug_line    0x00002a2a      0x830 .\CortexM3\ARM_GCC_493\Debug\Hummingbird(Continuous Output).a(CyLib.o)
 .debug_line    0x0000325a      0x4fe .\CortexM3\ARM_GCC_493\Debug\Hummingbird(Continuous Output).a(cyPm.o)
 .debug_line    0x00003758      0x1a0 .\CortexM3\ARM_GCC_493\Debug\Hummingbird(Continuous Output).a(isr_1.o)
 .debug_line    0x000038f8      0x1a1 .\CortexM3\ARM_GCC_493\Debug\Hummingbird(Continuous Output).a(UI_isr.o)
 .debug_line    0x00003a99      0x140 .\CortexM3\ARM_GCC_493\Debug\Hummingbird(Continuous Output).a(I2C_CharLCD.o)
 .debug_line    0x00003bd9      0x147 .\CortexM3\ARM_GCC_493\Debug\Hummingbird(Continuous Output).a(I2C_CharLCD_INT.o)
 .debug_line    0x00003d20       0xf7 .\CortexM3\ARM_GCC_493\Debug\Hummingbird(Continuous Output).a(I2C_CharLCD_PM.o)
 .debug_line    0x00003e17      0x29e .\CortexM3\ARM_GCC_493\Debug\Hummingbird(Continuous Output).a(I2C_CharLCD_MASTER.o)
 .debug_line    0x000040b5      0x200 .\CortexM3\ARM_GCC_493\Debug\Hummingbird(Continuous Output).a(CharLCD_I2C.o)
 .debug_line    0x000042b5      0x258 .\CortexM3\ARM_GCC_493\Debug\Hummingbird(Continuous Output).a(ADC_MIC.o)
 .debug_line    0x0000450d       0x54 .\CortexM3\ARM_GCC_493\Debug\Hummingbird(Continuous Output).a(ADC_MIC_INT.o)
 .debug_line    0x00004561      0x1aa .\CortexM3\ARM_GCC_493\Debug\Hummingbird(Continuous Output).a(TIMER_SAMPLERATE.o)
 .debug_line    0x0000470b      0x232 .\CortexM3\ARM_GCC_493\Debug\Hummingbird(Continuous Output).a(ADC_UI.o)
 .debug_line    0x0000493d       0x53 .\CortexM3\ARM_GCC_493\Debug\Hummingbird(Continuous Output).a(ADC_UI_INT.o)
 .debug_line    0x00004990      0x1a3 .\CortexM3\ARM_GCC_493\Debug\Hummingbird(Continuous Output).a(TIMER_UI.o)
 .debug_line    0x00004b33      0x1e8 .\CortexM3\ARM_GCC_493\Debug\Hummingbird(Continuous Output).a(ADC_MIC_theACLK.o)
 .debug_line    0x00004d1b      0x254 .\CortexM3\ARM_GCC_493\Debug\Hummingbird(Continuous Output).a(ADC_UI_SAR.o)
 .debug_line    0x00004f6f       0x8d .\CortexM3\ARM_GCC_493\Debug\Hummingbird(Continuous Output).a(ADC_UI_TempBuf_dma.o)
 .debug_line    0x00004ffc       0x8e .\CortexM3\ARM_GCC_493\Debug\Hummingbird(Continuous Output).a(ADC_UI_FinalBuf_dma.o)
 .debug_line    0x0000508a      0x1a5 .\CortexM3\ARM_GCC_493\Debug\Hummingbird(Continuous Output).a(ADC_UI_IRQ.o)
 .debug_line    0x0000522f      0x25e .\CortexM3\ARM_GCC_493\Debug\Hummingbird(Continuous Output).a(UART_MIDITX.o)
 .debug_line    0x0000548d       0x66 .\CortexM3\ARM_GCC_493\Debug\Hummingbird(Continuous Output).a(CyBootAsmGnu.o)
 .debug_line    0x000054f3      0x495 .\CortexM3\ARM_GCC_493\Debug\Hummingbird(Continuous Output).a(MIDI1_UART.o)
 .debug_line    0x00005988      0x495 .\CortexM3\ARM_GCC_493\Debug\Hummingbird(Continuous Output).a(MIDI2_UART.o)
 .debug_line    0x00005e1d       0x8d .\CortexM3\ARM_GCC_493\Debug\Hummingbird(Continuous Output).a(USB_cls.o)
 .debug_line    0x00005eaa       0x59 .\CortexM3\ARM_GCC_493\Debug\Hummingbird(Continuous Output).a(USB_descr.o)
 .debug_line    0x00005f03      0x1dc .\CortexM3\ARM_GCC_493\Debug\Hummingbird(Continuous Output).a(CyFlash.o)
 .debug_line    0x000060df      0x200 .\CortexM3\ARM_GCC_493\Debug\Hummingbird(Continuous Output).a(CySpc.o)
 .debug_line    0x000062df       0x63 .\CortexM3\ARM_GCC_493\Debug\Hummingbird(Continuous Output).a(cyutils.o)
 .debug_line    0x00006342       0xcf .\CortexM3\ARM_GCC_493\Debug\Hummingbird(Continuous Output).a(MIDI1_UART_INT.o)
 .debug_line    0x00006411       0xcf .\CortexM3\ARM_GCC_493\Debug\Hummingbird(Continuous Output).a(MIDI2_UART_INT.o)
 .debug_line    0x000064e0       0x84 .\CortexM3\ARM_GCC_493\Debug\Hummingbird(Continuous Output).a(USB_audio.o)

.debug_frame    0x00000000     0x4240
 *(.debug_frame)
 .debug_frame   0x00000000       0xac .\CortexM3\ARM_GCC_493\Debug\main.o
 .debug_frame   0x000000ac      0x21c .\CortexM3\ARM_GCC_493\Debug\fft.o
 .debug_frame   0x000002c8      0x174 .\CortexM3\ARM_GCC_493\Debug\midi.o
 .debug_frame   0x0000043c       0xdc .\CortexM3\ARM_GCC_493\Debug\pitch.o
 .debug_frame   0x00000518      0x11c .\CortexM3\ARM_GCC_493\Debug\hbird.o
 .debug_frame   0x00000634       0x84 .\CortexM3\ARM_GCC_493\Debug\Cm3Start.o
 .debug_frame   0x000006b8       0x54 .\CortexM3\ARM_GCC_493\Debug\Hummingbird(Continuous Output).a(cyfitter_cfg.o)
 .debug_frame   0x0000070c      0x21c .\CortexM3\ARM_GCC_493\Debug\Hummingbird(Continuous Output).a(USB.o)
 .debug_frame   0x00000928      0x1f0 .\CortexM3\ARM_GCC_493\Debug\Hummingbird(Continuous Output).a(USB_drv.o)
 .debug_frame   0x00000b18       0x50 .\CortexM3\ARM_GCC_493\Debug\Hummingbird(Continuous Output).a(USB_episr.o)
 .debug_frame   0x00000b68      0x2e0 .\CortexM3\ARM_GCC_493\Debug\Hummingbird(Continuous Output).a(USB_std.o)
 .debug_frame   0x00000e48       0x20 .\CortexM3\ARM_GCC_493\Debug\Hummingbird(Continuous Output).a(USB_vnd.o)
 .debug_frame   0x00000e68      0x254 .\CortexM3\ARM_GCC_493\Debug\Hummingbird(Continuous Output).a(USB_midi.o)
 .debug_frame   0x000010bc      0x264 .\CortexM3\ARM_GCC_493\Debug\Hummingbird(Continuous Output).a(CyDmac.o)
 .debug_frame   0x00001320      0x570 .\CortexM3\ARM_GCC_493\Debug\Hummingbird(Continuous Output).a(CyLib.o)
 .debug_frame   0x00001890      0x1e8 .\CortexM3\ARM_GCC_493\Debug\Hummingbird(Continuous Output).a(cyPm.o)
 .debug_frame   0x00001a78      0x110 .\CortexM3\ARM_GCC_493\Debug\Hummingbird(Continuous Output).a(isr_1.o)
 .debug_frame   0x00001b88      0x110 .\CortexM3\ARM_GCC_493\Debug\Hummingbird(Continuous Output).a(UI_isr.o)