Archive member included because of file (symbol)

.\CortexM3\ARM_GCC_493\Debug\Hummingbird(Continuous Output).a(cyfitter_cfg.o)
                              .\CortexM3\ARM_GCC_493\Debug\Cm3Start.o (cyfitter_cfg)
.\CortexM3\ARM_GCC_493\Debug\Hummingbird(Continuous Output).a(USB.o)
                              .\CortexM3\ARM_GCC_493\Debug\main.o (USB_Start)
.\CortexM3\ARM_GCC_493\Debug\Hummingbird(Continuous Output).a(USB_drv.o)
                              .\CortexM3\ARM_GCC_493\Debug\Hummingbird(Continuous Output).a(USB.o) (USB_lastPacketSize)
.\CortexM3\ARM_GCC_493\Debug\Hummingbird(Continuous Output).a(USB_episr.o)
                              .\CortexM3\ARM_GCC_493\Debug\Hummingbird(Continuous Output).a(USB.o) (USB_EP_1_ISR)
.\CortexM3\ARM_GCC_493\Debug\Hummingbird(Continuous Output).a(USB_std.o)
                              .\CortexM3\ARM_GCC_493\Debug\Hummingbird(Continuous Output).a(USB_drv.o) (USB_HandleStandardRqst)
.\CortexM3\ARM_GCC_493\Debug\Hummingbird(Continuous Output).a(USB_vnd.o)
                              .\CortexM3\ARM_GCC_493\Debug\Hummingbird(Continuous Output).a(USB_drv.o) (USB_HandleVendorRqst)
.\CortexM3\ARM_GCC_493\Debug\Hummingbird(Continuous Output).a(USB_midi.o)
                              .\CortexM3\ARM_GCC_493\Debug\Hummingbird(Continuous Output).a(USB_std.o) (USB_midi_in_ep)
.\CortexM3\ARM_GCC_493\Debug\Hummingbird(Continuous Output).a(CyDmac.o)
                              .\CortexM3\ARM_GCC_493\Debug\Cm3Start.o (CyDmacConfigure)
.\CortexM3\ARM_GCC_493\Debug\Hummingbird(Continuous Output).a(CyLib.o)
                              .\CortexM3\ARM_GCC_493\Debug\main.o (CyDelay)
.\CortexM3\ARM_GCC_493\Debug\Hummingbird(Continuous Output).a(cyPm.o)
                              .\CortexM3\ARM_GCC_493\Debug\Hummingbird(Continuous Output).a(CyLib.o) (CyPmReadStatus)
.\CortexM3\ARM_GCC_493\Debug\Hummingbird(Continuous Output).a(isr_1.o)
                              .\CortexM3\ARM_GCC_493\Debug\main.o (isr_1_StartEx)
.\CortexM3\ARM_GCC_493\Debug\Hummingbird(Continuous Output).a(UI_isr.o)
                              .\CortexM3\ARM_GCC_493\Debug\main.o (UI_isr_StartEx)
.\CortexM3\ARM_GCC_493\Debug\Hummingbird(Continuous Output).a(I2C_CharLCD.o)
                              .\CortexM3\ARM_GCC_493\Debug\main.o (I2C_CharLCD_Start)
.\CortexM3\ARM_GCC_493\Debug\Hummingbird(Continuous Output).a(I2C_CharLCD_INT.o)
                              .\CortexM3\ARM_GCC_493\Debug\Hummingbird(Continuous Output).a(I2C_CharLCD.o) (I2C_CharLCD_ISR)
.\CortexM3\ARM_GCC_493\Debug\Hummingbird(Continuous Output).a(I2C_CharLCD_PM.o)
                              .\CortexM3\ARM_GCC_493\Debug\Hummingbird(Continuous Output).a(I2C_CharLCD.o) (I2C_CharLCD_backup)
.\CortexM3\ARM_GCC_493\Debug\Hummingbird(Continuous Output).a(I2C_CharLCD_MASTER.o)
                              .\CortexM3\ARM_GCC_493\Debug\Hummingbird(Continuous Output).a(I2C_CharLCD.o) (I2C_CharLCD_mstrStatus)
.\CortexM3\ARM_GCC_493\Debug\Hummingbird(Continuous Output).a(CharLCD_I2C.o)
                              .\CortexM3\ARM_GCC_493\Debug\main.o (CharLCD_PrintString)
.\CortexM3\ARM_GCC_493\Debug\Hummingbird(Continuous Output).a(ADC_MIC.o)
                              .\CortexM3\ARM_GCC_493\Debug\main.o (ADC_MIC_Start)
.\CortexM3\ARM_GCC_493\Debug\Hummingbird(Continuous Output).a(ADC_MIC_INT.o)
                              .\CortexM3\ARM_GCC_493\Debug\Hummingbird(Continuous Output).a(ADC_MIC.o) (ADC_MIC_ISR)
.\CortexM3\ARM_GCC_493\Debug\Hummingbird(Continuous Output).a(TIMER_SAMPLERATE.o)
                              .\CortexM3\ARM_GCC_493\Debug\main.o (TIMER_SAMPLERATE_Start)
.\CortexM3\ARM_GCC_493\Debug\Hummingbird(Continuous Output).a(ADC_UI.o)
                              .\CortexM3\ARM_GCC_493\Debug\main.o (ADC_UI_Start)
.\CortexM3\ARM_GCC_493\Debug\Hummingbird(Continuous Output).a(ADC_UI_INT.o)
                              .\CortexM3\ARM_GCC_493\Debug\Hummingbird(Continuous Output).a(ADC_UI.o) (ADC_UI_ISR)
.\CortexM3\ARM_GCC_493\Debug\Hummingbird(Continuous Output).a(TIMER_UI.o)
                              .\CortexM3\ARM_GCC_493\Debug\main.o (TIMER_UI_Start)
.\CortexM3\ARM_GCC_493\Debug\Hummingbird(Continuous Output).a(ADC_MIC_theACLK.o)
                              .\CortexM3\ARM_GCC_493\Debug\Hummingbird(Continuous Output).a(ADC_MIC.o) (ADC_MIC_theACLK_SetModeRegister)
.\CortexM3\ARM_GCC_493\Debug\Hummingbird(Continuous Output).a(ADC_UI_SAR.o)
                              .\CortexM3\ARM_GCC_493\Debug\Hummingbird(Continuous Output).a(ADC_UI.o) (ADC_UI_SAR_Stop)
.\CortexM3\ARM_GCC_493\Debug\Hummingbird(Continuous Output).a(ADC_UI_TempBuf_dma.o)
                              .\CortexM3\ARM_GCC_493\Debug\Hummingbird(Continuous Output).a(ADC_UI.o) (ADC_UI_TempBuf_DmaInitialize)
.\CortexM3\ARM_GCC_493\Debug\Hummingbird(Continuous Output).a(ADC_UI_FinalBuf_dma.o)
                              .\CortexM3\ARM_GCC_493\Debug\Hummingbird(Continuous Output).a(ADC_UI.o) (ADC_UI_FinalBuf_DmaInitialize)
[...]
Memory Configuration

Name             Origin             Length             Attributes
rom              0x00000000         0x00040000         xr
ram              0x1fff8000         0x00010000         xrw
*default*        0x00000000         0xffffffff

Linker script and memory map

LOAD c:/program files (x86)/cypress/psoc creator/4.0/psoc creator/import/gnu/arm/4.9.3/bin/../lib/gcc/arm-none-eabi/4.9.3/armv7-m/crti.o
LOAD c:/program files (x86)/cypress/psoc creator/4.0/psoc creator/import/gnu/arm/4.9.3/bin/../lib/gcc/arm-none-eabi/4.9.3/armv7-m/crtbegin.o
LOAD c:/program files (x86)/cypress/psoc creator/4.0/psoc creator/import/gnu/arm/4.9.3/bin/../lib/gcc/arm-none-eabi/4.9.3/../../../../arm-none-eabi/lib/armv7-m/crt0.o
START GROUP
LOAD .\CortexM3\ARM_GCC_493\Debug\main.o
LOAD .\CortexM3\ARM_GCC_493\Debug\fft.o
LOAD .\CortexM3\ARM_GCC_493\Debug\midi.o
LOAD .\CortexM3\ARM_GCC_493\Debug\pitch.o
LOAD .\CortexM3\ARM_GCC_493\Debug\hbird.o
LOAD .\CortexM3\ARM_GCC_493\Debug\cymetadata.o
LOAD .\CortexM3\ARM_GCC_493\Debug\Cm3Start.o
LOAD .\CortexM3\ARM_GCC_493\Debug\Hummingbird(Continuous Output).a
LOAD C:\Program Files (x86)\Cypress\PSoC Creator\4.0\PSoC Creator\psoc\content\cycomponentlibrary\CyComponentLibrary.cylib\CortexM3\ARM_GCC_493\Debug\CyComponentLibrary.a
LOAD c:/program files (x86)/cypress/psoc creator/4.0/psoc creator/import/gnu/arm/4.9.3/bin/../lib/gcc/arm-none-eabi/4.9.3/../../../../arm-none-eabi/lib/armv7-m\libm.a
END GROUP
START GROUP
LOAD c:/program files (x86)/cypress/psoc creator/4.0/psoc creator/import/gnu/arm/4.9.3/bin/../lib/gcc/arm-none-eabi/4.9.3/armv7-m\libgcc.a
LOAD c:/program files (x86)/cypress/psoc creator/4.0/psoc creator/import/gnu/arm/4.9.3/bin/../lib/gcc/arm-none-eabi/4.9.3/../../../../arm-none-eabi/lib/armv7-m\libg_nano.a
LOAD c:/program files (x86)/cypress/psoc creator/4.0/psoc creator/import/gnu/arm/4.9.3/bin/../lib/gcc/arm-none-eabi/4.9.3/../../../../arm-none-eabi/lib/armv7-m\libc_nano.a
END GROUP
START GROUP
LOAD c:/program files (x86)/cypress/psoc creator/4.0/psoc creator/import/gnu/arm/4.9.3/bin/../lib/gcc/arm-none-eabi/4.9.3/armv7-m\libgcc.a
LOAD c:/program files (x86)/cypress/psoc creator/4.0/psoc creator/import/gnu/arm/4.9.3/bin/../lib/gcc/arm-none-eabi/4.9.3/../../../../arm-none-eabi/lib/armv7-m\libc_nano.a
END GROUP
LOAD c:/program files (x86)/cypress/psoc creator/4.0/psoc creator/import/gnu/arm/4.9.3/bin/../lib/gcc/arm-none-eabi/4.9.3/armv7-m/crtend.o
LOAD c:/program files (x86)/cypress/psoc creator/4.0/psoc creator/import/gnu/arm/4.9.3/bin/../lib/gcc/arm-none-eabi/4.9.3/armv7-m/crtn.o
START GROUP
LOAD c:/program files (x86)/cypress/psoc creator/4.0/psoc creator/import/gnu/arm/4.9.3/bin/../lib/gcc/arm-none-eabi/4.9.3/armv7-m\libgcc.a
LOAD c:/program files (x86)/cypress/psoc creator/4.0/psoc creator/import/gnu/arm/4.9.3/bin/../lib/gcc/arm-none-eabi/4.9.3/../../../../arm-none-eabi/lib/armv7-m\libc.a
LOAD c:/program files (x86)/cypress/psoc creator/4.0/psoc creator/import/gnu/arm/4.9.3/bin/../lib/gcc/arm-none-eabi/4.9.3/../../../../arm-none-eabi/lib/armv7-m\libnosys.a
END GROUP
                0x00000000                CY_APPL_ORIGIN = 0x0
                0x00000100                CY_FLASH_ROW_SIZE = 0x100
                0x00000020                CY_ECC_ROW_SIZE = 0x20
                0x00000000                CY_EE_IN_BTLDR = 0x0
                0x00000000                CY_APPL_LOADABLE = 0x0
                0x00000800                CY_EE_SIZE = 0x800
                0x00000001                CY_APPL_NUM = 0x1
                0x00000001                CY_APPL_MAX = 0x1
                0x00000040                CY_METADATA_SIZE = 0x40
                0x1fffa078                PROVIDE (__cy_heap_start, _end)
                0x00000001                PROVIDE (__cy_region_num, ((__cy_regions_end - __cy_regions) / 0x10))
                0x20008000                PROVIDE (__cy_stack, (ORIGIN (ram) + 0x10000))
                0x20007800                PROVIDE (__cy_heap_end, (__cy_stack - 0x800))

.cybootloader   0x00000000        0x0
 *(.cybootloader)
                0x00000000                appl1_start = CY_APPL_ORIGIN?CY_APPL_ORIGIN:ALIGN (CY_FLASH_ROW_SIZE)
                0x0001ff00                appl2_start = (appl1_start + ALIGN ((((0x40000 - appl1_start) - (0x2 * CY_FLASH_ROW_SIZE)) / 0x2), CY_FLASH_ROW_SIZE))
                0x00000000                appl_start = (CY_APPL_NUM == 0x1)?appl1_start:appl2_start
                0x00000000                ecc_offset = ((appl_start / CY_FLASH_ROW_SIZE) * CY_ECC_ROW_SIZE)
                0x00000000                ee_offset = (CY_APPL_LOADABLE && ! (CY_EE_IN_BTLDR))?((CY_EE_SIZE / CY_APPL_MAX) * (CY_APPL_NUM - 0x1)):0x0
                0x00000800                ee_size = (CY_APPL_LOADABLE && ! (CY_EE_IN_BTLDR))?(CY_EE_SIZE / CY_APPL_MAX):CY_EE_SIZE
                0x00000000                PROVIDE (CY_ECC_OFFSET, ecc_offset)

.text           0x00000000     0x740c
 CREATE_OBJECT_SYMBOLS
                0x00000000                PROVIDE (__cy_interrupt_vector, RomVectors)
 *(.romvectors)
 .romvectors    0x00000000       0x10 .\CortexM3\ARM_GCC_493\Debug\Cm3Start.o
                0x00000000                RomVectors
                0x00000001                ASSERT ((. != __cy_interrupt_vector), No interrupt vector)
                0x00000001                ASSERT (CY_APPL_ORIGIN?(SIZEOF (.cybootloader) <= CY_APPL_ORIGIN):0x1, Wrong image location)
                0x00000010                PROVIDE (__cy_reset, Reset)
 *(.text.Reset)
 .text.Reset    0x00000010       0x18 .\CortexM3\ARM_GCC_493\Debug\Cm3Start.o
                0x00000010                Reset
                0x00000001                ASSERT ((. != __cy_reset), No reset code)
 *(.dma_init)
                0x00000001                ASSERT ((((appl_start + .) <= 0x10000) || 0x1), DMA Init must be within the first 64k of flash)
 *(.text .text.* .gnu.linkonce.t.*)
 .text          0x00000028       0x5c c:/program files (x86)/cypress/psoc creator/4.0/psoc creator/import/gnu/arm/4.9.3/bin/../lib/gcc/arm-none-eabi/4.9.3/armv7-m/crtbegin.o
 .text.UserInterfaceISR
                0x00000084      0x140 .\CortexM3\ARM_GCC_493\Debug\main.o
                0x00000084                UserInterfaceISR
 .text.GetSample
                0x000001c4       0x80 .\CortexM3\ARM_GCC_493\Debug\main.o
                0x000001c4                GetSample
 .text.startup.main
                0x00000244      0x398 .\CortexM3\ARM_GCC_493\Debug\main.o
                0x00000244                main
 .text.memdup   0x000005dc       0x1c .\CortexM3\ARM_GCC_493\Debug\fft.o
 .text.fft_init
                0x000005f8       0x78 .\CortexM3\ARM_GCC_493\Debug\fft.o
                0x000005f8                fft_init
 .text.transform_radix2
                0x00000670      0x1b4 .\CortexM3\ARM_GCC_493\Debug\fft.o
                0x00000670                transform_radix2
 .text.transform_bluestein
                0x00000824      0x2c4 .\CortexM3\ARM_GCC_493\Debug\fft.o
                0x00000824                transform_bluestein
 .text.transform.part.1
                0x00000ae8       0x18 .\CortexM3\ARM_GCC_493\Debug\fft.o
 .text.transform
                0x00000b00       0x18 .\CortexM3\ARM_GCC_493\Debug\fft.o
                0x00000b00                transform
 .text.inverse_transform
                0x00000b18       0x18 .\CortexM3\ARM_GCC_493\Debug\fft.o
                0x00000b18                inverse_transform
 .text.convolve_complex.part.0
                0x00000b30      0x184 .\CortexM3\ARM_GCC_493\Debug\fft.o
 .text.populate_midi_array
                0x00000cb4       0x48 .\CortexM3\ARM_GCC_493\Debug\midi.o
                0x00000cb4                populate_midi_array
 .text.midi_note_changed
                0x00000cfc       0xc4 .\CortexM3\ARM_GCC_493\Debug\midi.o
                0x00000cfc                midi_note_changed
 .text.midi_note_basename
                0x00000dc0      0x190 .\CortexM3\ARM_GCC_493\Debug\midi.o
                0x00000dc0                midi_note_basename
 .text.NoteSnap
                0x00000f50      0x6a8 .\CortexM3\ARM_GCC_493\Debug\midi.o
                0x00000f50                NoteSnap
 .text.pitch_init
                0x000015f8       0x14 .\CortexM3\ARM_GCC_493\Debug\pitch.o
                0x000015f8                pitch_init
 .text.pitch_auto_fft
                0x0000160c       0xe0 .\CortexM3\ARM_GCC_493\Debug\pitch.o
                0x0000160c                pitch_auto_fft
 .text.map      0x000016ec       0x1c .\CortexM3\ARM_GCC_493\Debug\hbird.o
                0x000016ec                map
 .text.UpdateScaleLCD
                0x00001708       0xac .\CortexM3\ARM_GCC_493\Debug\hbird.o
                0x00001708                UpdateScaleLCD
 .text.UpdateKeyLCD
                0x000017b4       0x48 .\CortexM3\ARM_GCC_493\Debug\hbird.o
                0x000017b4                UpdateKeyLCD
 .text.initDisplay
                0x000017fc       0xc0 .\CortexM3\ARM_GCC_493\Debug\hbird.o
                0x000017fc                initDisplay
 .text.IntDefaultHandler
                0x000018bc        0x4 .\CortexM3\ARM_GCC_493\Debug\Cm3Start.o
                0x000018bc                IntDefaultHandler
 .text.Start_c  0x000018c0       0x60 .\CortexM3\ARM_GCC_493\Debug\Cm3Start.o
                0x000018c0                Start_c
 .text.startup.initialize_psoc
                0x00001920       0x78 .\CortexM3\ARM_GCC_493\Debug\Cm3Start.o
                0x00001920                initialize_psoc
 .text.cyfitter_cfg
                0x00001998      0x364 .\CortexM3\ARM_GCC_493\Debug\Hummingbird(Continuous Output).a(cyfitter_cfg.o)
                0x00001998                cyfitter_cfg
 .text.USB_Init
                0x00001cfc      0x124 .\CortexM3\ARM_GCC_493\Debug\Hummingbird(Continuous Output).a(USB.o)
                0x00001cfc                USB_Init
 .text.USB_InitComponent
                0x00001e20       0xb8 .\CortexM3\ARM_GCC_493\Debug\Hummingbird(Continuous Output).a(USB.o)
                0x00001e20                USB_InitComponent
 .text.USB_Start
                0x00001ed8       0x28 .\CortexM3\ARM_GCC_493\Debug\Hummingbird(Continuous Output).a(USB.o)
                0x00001ed8                USB_Start
 .text.USB_ReInitComponent
                0x00001f00       0x68 .\CortexM3\ARM_GCC_493\Debug\Hummingbird(Continuous Output).a(USB.o)
                0x00001f00                USB_ReInitComponent
 .text.USB_HandleSetup
                0x00001f68       0x7c .\CortexM3\ARM_GCC_493\Debug\Hummingbird(Continuous Output).a(USB_drv.o)
                0x00001f68                USB_HandleSetup
 .text.USB_LoadEP0
                0x00001fe4       0xa8 .\CortexM3\ARM_GCC_493\Debug\Hummingbird(Continuous Output).a(USB_drv.o)
                0x00001fe4                USB_LoadEP0
 .text.USB_InitControlRead
                0x0000208c       0x8c .\CortexM3\ARM_GCC_493\Debug\Hummingbird(Continuous Output).a(USB_drv.o)
                0x0000208c                USB_InitControlRead
 .text.USB_ControlReadStatusStage
                0x00002118       0x4c .\CortexM3\ARM_GCC_493\Debug\Hummingbird(Continuous Output).a(USB_drv.o)
                0x00002118                USB_ControlReadStatusStage
 .text.USB_ControlWriteDataStage
                0x00002164       0x8c .\CortexM3\ARM_GCC_493\Debug\Hummingbird(Continuous Output).a(USB_drv.o)
                0x00002164                USB_ControlWriteDataStage
 .text.USB_HandleOUT
                0x000021f0       0x4c .\CortexM3\ARM_GCC_493\Debug\Hummingbird(Continuous Output).a(USB_drv.o)
                0x000021f0                USB_HandleOUT
 .text.USB_InitNoDataControlTransfer
                0x0000223c       0x30 .\CortexM3\ARM_GCC_493\Debug\Hummingbird(Continuous Output).a(USB_drv.o)
                0x0000223c                USB_InitNoDataControlTransfer
 .text.USB_NoDataControlStatusStage
                0x0000226c       0x60 .\CortexM3\ARM_GCC_493\Debug\Hummingbird(Continuous Output).a(USB_drv.o)
                0x0000226c                USB_NoDataControlStatusStage
 .text.USB_HandleIN
                0x000022cc       0x5c .\CortexM3\ARM_GCC_493\Debug\Hummingbird(Continuous Output).a(USB_drv.o)
                0x000022cc                USB_HandleIN
 .text.USB_EP_0_ISR
                0x00002328       0x8c .\CortexM3\ARM_GCC_493\Debug\Hummingbird(Continuous Output).a(USB_drv.o)
                0x00002328                USB_EP_0_ISR
 .text.USB_EP_1_ISR
                0x000023b4       0x34 .\CortexM3\ARM_GCC_493\Debug\Hummingbird(Continuous Output).a(USB_episr.o)
                0x000023b4                USB_EP_1_ISR
 .text.USB_EP_2_ISR
                0x000023e8       0x34 .\CortexM3\ARM_GCC_493\Debug\Hummingbird(Continuous Output).a(USB_episr.o)
                0x000023e8                USB_EP_2_ISR
 .text.USB_SOF_ISR
                0x0000241c        0x4 .\CortexM3\ARM_GCC_493\Debug\Hummingbird(Continuous Output).a(USB_episr.o)
                0x0000241c                USB_SOF_ISR
 .text.USB_BUS_RESET_ISR
                0x00002420        0x4 .\CortexM3\ARM_GCC_493\Debug\Hummingbird(Continuous Output).a(USB_episr.o)
                0x00002420                USB_BUS_RESET_ISR
 .text.USB_ConfigAltChanged.part.0
                0x00002424      0x1bc .\CortexM3\ARM_GCC_493\Debug\Hummingbird(Continuous Output).a(USB_std.o)
 .text.USB_ReadDieID
                0x000025e0       0x54 .\CortexM3\ARM_GCC_493\Debug\Hummingbird(Continuous Output).a(USB_std.o)
                0x000025e0                USB_ReadDieID
 .text.USB_ConfigReg
                0x00002634       0x98 .\CortexM3\ARM_GCC_493\Debug\Hummingbird(Continuous Output).a(USB_std.o)
                0x00002634                USB_ConfigReg
 .text.USB_GetInterfaceClassTablePtr
                0x000026cc       0x44 .\CortexM3\ARM_GCC_493\Debug\Hummingbird(Continuous Output).a(USB_std.o)
                0x000026cc                USB_GetInterfaceClassTablePtr
 .text.USB_Config
                0x00002710      0x1e4 .\CortexM3\ARM_GCC_493\Debug\Hummingbird(Continuous Output).a(USB_std.o)
                0x00002710                USB_Config
 .text.USB_SetEndpointHalt
                0x000028f4       0x58 .\CortexM3\ARM_GCC_493\Debug\Hummingbird(Continuous Output).a(USB_std.o)
                0x000028f4                USB_SetEndpointHalt
 .text.USB_ClearEndpointHalt
                0x0000294c       0x84 .\CortexM3\ARM_GCC_493\Debug\Hummingbird(Continuous Output).a(USB_std.o)
                0x0000294c                USB_ClearEndpointHalt
 .text.USB_ValidateAlternateSetting
                0x000029d0       0x74 .\CortexM3\ARM_GCC_493\Debug\Hummingbird(Continuous Output).a(USB_std.o)
                0x000029d0                USB_ValidateAlternateSetting
 .text.USB_HandleStandardRqst
                0x00002a44      0x364 .\CortexM3\ARM_GCC_493\Debug\Hummingbird(Continuous Output).a(USB_std.o)
                0x00002a44                USB_HandleStandardRqst
 .text.USB_HandleVendorRqst
                0x00002da8       0x34 .\CortexM3\ARM_GCC_493\Debug\Hummingbird(Continuous Output).a(USB_vnd.o)
                0x00002da8                USB_HandleVendorRqst
 .text.CyDmacConfigure
                0x00002ddc       0x34 .\CortexM3\ARM_GCC_493\Debug\Hummingbird(Continuous Output).a(CyDmac.o)
                0x00002ddc                CyDmacConfigure
 .text.CyDmaChEnable
                0x00002e10       0x3c .\CortexM3\ARM_GCC_493\Debug\Hummingbird(Continuous Output).a(CyDmac.o)
                0x00002e10                CyDmaChEnable
 .text.CyDmaClearPendingDrq
                0x00002e4c       0x30 .\CortexM3\ARM_GCC_493\Debug\Hummingbird(Continuous Output).a(CyDmac.o)
                0x00002e4c                CyDmaClearPendingDrq
 .text.CyDmaChPriority
                0x00002e7c       0x24 .\CortexM3\ARM_GCC_493\Debug\Hummingbird(Continuous Output).a(CyDmac.o)
                0x00002e7c                CyDmaChPriority
 .text.CyDmaChSetExtendedAddress
                0x00002ea0       0x30 .\CortexM3\ARM_GCC_493\Debug\Hummingbird(Continuous Output).a(CyDmac.o)
                0x00002ea0                CyDmaChSetExtendedAddress
 .text.CyDmaChSetInitialTd
                0x00002ed0       0x18 .\CortexM3\ARM_GCC_493\Debug\Hummingbird(Continuous Output).a(CyDmac.o)
                0x00002ed0                CyDmaChSetInitialTd
 .text.CyDmaChSetConfiguration
                0x00002ee8       0x48 .\CortexM3\ARM_GCC_493\Debug\Hummingbird(Continuous Output).a(CyDmac.o)
                0x00002ee8                CyDmaChSetConfiguration
 .text.CyDmaTdAllocate
                0x00002f30       0x38 .\CortexM3\ARM_GCC_493\Debug\Hummingbird(Continuous Output).a(CyDmac.o)
                0x00002f30                CyDmaTdAllocate
 .text.CyDmaTdSetConfiguration
                0x00002f68       0x30 .\CortexM3\ARM_GCC_493\Debug\Hummingbird(Continuous Output).a(CyDmac.o)
                0x00002f68                CyDmaTdSetConfiguration
 .text.CyDmaTdSetAddress
                0x00002f98       0x1c .\CortexM3\ARM_GCC_493\Debug\Hummingbird(Continuous Output).a(CyDmac.o)
                0x00002f98                CyDmaTdSetAddress
 .text.CyHalt   0x00002fb4        0x4 .\CortexM3\ARM_GCC_493\Debug\Hummingbird(Continuous Output).a(CyLib.o)
                0x00002fb4                CyHalt
 .text.CyDelay  0x00002fb8       0x48 .\CortexM3\ARM_GCC_493\Debug\Hummingbird(Continuous Output).a(CyLib.o)
                0x00002fb8                CyDelay
 .text.CyDelayUs
                0x00003000       0x10 .\CortexM3\ARM_GCC_493\Debug\Hummingbird(Continuous Output).a(CyLib.o)
                0x00003000                CyDelayUs
 .text.CyIntSetVector
                0x00003010       0x20 .\CortexM3\ARM_GCC_493\Debug\Hummingbird(Continuous Output).a(CyLib.o)
                0x00003010                CyIntSetVector
 .text.CyIntSetPriority
                0x00003030       0x20 .\CortexM3\ARM_GCC_493\Debug\Hummingbird(Continuous Output).a(CyLib.o)
                0x00003030                CyIntSetPriority
 .text.isr_1_StartEx
                0x00003050       0x30 .\CortexM3\ARM_GCC_493\Debug\Hummingbird(Continuous Output).a(isr_1.o)
                0x00003050                isr_1_StartEx
 .text.UI_isr_StartEx
                0x00003080       0x2c .\CortexM3\ARM_GCC_493\Debug\Hummingbird(Continuous Output).a(UI_isr.o)
                0x00003080                UI_isr_StartEx
 .text.I2C_CharLCD_Init
                0x000030ac       0x8c .\CortexM3\ARM_GCC_493\Debug\Hummingbird(Continuous Output).a(I2C_CharLCD.o)
                0x000030ac                I2C_CharLCD_Init
 .text.I2C_CharLCD_Enable
                0x00003138       0x2c .\CortexM3\ARM_GCC_493\Debug\Hummingbird(Continuous Output).a(I2C_CharLCD.o)
                0x00003138                I2C_CharLCD_Enable
 .text.I2C_CharLCD_Start
                0x00003164       0x28 .\CortexM3\ARM_GCC_493\Debug\Hummingbird(Continuous Output).a(I2C_CharLCD.o)
                0x00003164                I2C_CharLCD_Start
 .text.I2C_CharLCD_ISR
                0x0000318c      0x250 .\CortexM3\ARM_GCC_493\Debug\Hummingbird(Continuous Output).a(I2C_CharLCD_INT.o)
                0x0000318c                I2C_CharLCD_ISR
 .text.I2C_CharLCD_MasterWriteBuf
                0x000033dc       0xc4 .\CortexM3\ARM_GCC_493\Debug\Hummingbird(Continuous Output).a(I2C_CharLCD_MASTER.o)
                0x000033dc                I2C_CharLCD_MasterWriteBuf
 .text.CharLCD_WriteData
                0x000034a0       0x44 .\CortexM3\ARM_GCC_493\Debug\Hummingbird(Continuous Output).a(CharLCD_I2C.o)
                0x000034a0                CharLCD_WriteData
 .text.CharLCD_PrintString
                0x000034e4       0x1c .\CortexM3\ARM_GCC_493\Debug\Hummingbird(Continuous Output).a(CharLCD_I2C.o)
                0x000034e4                CharLCD_PrintString
 .text.CharLCD_WriteControl
                0x00003500       0x44 .\CortexM3\ARM_GCC_493\Debug\Hummingbird(Continuous Output).a(CharLCD_I2C.o)
                0x00003500                CharLCD_WriteControl
 .text.CharLCD_Position
                0x00003544       0x34 .\CortexM3\ARM_GCC_493\Debug\Hummingbird(Continuous Output).a(CharLCD_I2C.o)
                0x00003544                CharLCD_Position
 .text.CharLCD_WrtCntrlUpNib
                0x00003578       0x30 .\CortexM3\ARM_GCC_493\Debug\Hummingbird(Continuous Output).a(CharLCD_I2C.o)
                0x00003578                CharLCD_WrtCntrlUpNib
 .text.CharLCD_Init
                0x000035a8       0x6c .\CortexM3\ARM_GCC_493\Debug\Hummingbird(Continuous Output).a(CharLCD_I2C.o)
                0x000035a8                CharLCD_Init
 .text.CharLCD_Start
                0x00003614       0x20 .\CortexM3\ARM_GCC_493\Debug\Hummingbird(Continuous Output).a(CharLCD_I2C.o)
                0x00003614                CharLCD_Start
 .text.CharLCD_PrintNumber
                0x00003634       0xb8 .\CortexM3\ARM_GCC_493\Debug\Hummingbird(Continuous Output).a(CharLCD_I2C.o)
                0x00003634                CharLCD_PrintNumber
 .text.ADC_MIC_Enable
                0x000036ec       0xa0 .\CortexM3\ARM_GCC_493\Debug\Hummingbird(Continuous Output).a(ADC_MIC.o)
                0x000036ec                ADC_MIC_Enable
 .text.ADC_MIC_SetResolution
                0x0000378c       0x88 .\CortexM3\ARM_GCC_493\Debug\Hummingbird(Continuous Output).a(ADC_MIC.o)
                0x0000378c                ADC_MIC_SetResolution
 .text.ADC_MIC_Init
                0x00003814       0x3c .\CortexM3\ARM_GCC_493\Debug\Hummingbird(Continuous Output).a(ADC_MIC.o)
                0x00003814                ADC_MIC_Init
 .text.ADC_MIC_Start
                0x00003850       0x1c .\CortexM3\ARM_GCC_493\Debug\Hummingbird(Continuous Output).a(ADC_MIC.o)
                0x00003850                ADC_MIC_Start
 .text.ADC_MIC_StartConvert
                0x0000386c       0x10 .\CortexM3\ARM_GCC_493\Debug\Hummingbird(Continuous Output).a(ADC_MIC.o)
                0x0000386c                ADC_MIC_StartConvert
 .text.ADC_MIC_IsEndConversion
                0x0000387c       0x28 .\CortexM3\ARM_GCC_493\Debug\Hummingbird(Continuous Output).a(ADC_MIC.o)
                0x0000387c                ADC_MIC_IsEndConversion
 .text.ADC_MIC_GetResult16
                0x000038a4       0x18 .\CortexM3\ARM_GCC_493\Debug\Hummingbird(Continuous Output).a(ADC_MIC.o)
                0x000038a4                ADC_MIC_GetResult16
 .text.ADC_MIC_ISR
                0x000038bc        0x4 .\CortexM3\ARM_GCC_493\Debug\Hummingbird(Continuous Output).a(ADC_MIC_INT.o)
                0x000038bc                ADC_MIC_ISR
 .text.TIMER_SAMPLERATE_Init
                0x000038c0       0x5c .\CortexM3\ARM_GCC_493\Debug\Hummingbird(Continuous Output).a(TIMER_SAMPLERATE.o)
                0x000038c0                TIMER_SAMPLERATE_Init
 .text.TIMER_SAMPLERATE_Start
                0x0000391c       0x24 .\CortexM3\ARM_GCC_493\Debug\Hummingbird(Continuous Output).a(TIMER_SAMPLERATE.o)
                0x0000391c                TIMER_SAMPLERATE_Start
 .text.ADC_UI_Init
                0x00003940       0x40 .\CortexM3\ARM_GCC_493\Debug\Hummingbird(Continuous Output).a(ADC_UI.o)
                0x00003940                ADC_UI_Init
 .text.ADC_UI_Enable
                0x00003980       0xc8 .\CortexM3\ARM_GCC_493\Debug\Hummingbird(Continuous Output).a(ADC_UI.o)
                0x00003980                ADC_UI_Enable
 .text.ADC_UI_Start
                0x00003a48       0x28 .\CortexM3\ARM_GCC_493\Debug\Hummingbird(Continuous Output).a(ADC_UI.o)
                0x00003a48                ADC_UI_Start
 .text.ADC_UI_StartConvert
                0x00003a70       0x10 .\CortexM3\ARM_GCC_493\Debug\Hummingbird(Continuous Output).a(ADC_UI.o)
                0x00003a70                ADC_UI_StartConvert
 .text.ADC_UI_StopConvert
                0x00003a80        0x4 .\CortexM3\ARM_GCC_493\Debug\Hummingbird(Continuous Output).a(ADC_UI.o)
                0x00003a80                ADC_UI_StopConvert
 .text.ADC_UI_IsEndConversion
                0x00003a84       0x18 .\CortexM3\ARM_GCC_493\Debug\Hummingbird(Continuous Output).a(ADC_UI.o)
                0x00003a84                ADC_UI_IsEndConversion
 .text.ADC_UI_GetResult16
                0x00003a9c       0x1c .\CortexM3\ARM_GCC_493\Debug\Hummingbird(Continuous Output).a(ADC_UI.o)
                0x00003a9c                ADC_UI_GetResult16
 .text.ADC_UI_ISR
                0x00003ab8        0x4 .\CortexM3\ARM_GCC_493\Debug\Hummingbird(Continuous Output).a(ADC_UI_INT.o)
                0x00003ab8                ADC_UI_ISR
 .text.TIMER_UI_Init
                0x00003abc       0x5c .\CortexM3\ARM_GCC_493\Debug\Hummingbird(Continuous Output).a(TIMER_UI.o)
                0x00003abc                TIMER_UI_Init
 .text.TIMER_UI_Start
                0x00003b18       0x24 .\CortexM3\ARM_GCC_493\Debug\Hummingbird(Continuous Output).a(TIMER_UI.o)
                0x00003b18                TIMER_UI_Start
 .text.ADC_MIC_theACLK_SetModeRegister
                0x00003b3c       0x14 .\CortexM3\ARM_GCC_493\Debug\Hummingbird(Continuous Output).a(ADC_MIC_theACLK.o)
                0x00003b3c                ADC_MIC_theACLK_SetModeRegister
 .text.ADC_UI_SAR_Enable
                0x00003b50       0x84 .\CortexM3\ARM_GCC_493\Debug\Hummingbird(Continuous Output).a(ADC_UI_SAR.o)
                0x00003b50                ADC_UI_SAR_Enable
 .text.ADC_UI_SAR_SetResolution
                0x00003bd4       0x78 .\CortexM3\ARM_GCC_493\Debug\Hummingbird(Continuous Output).a(ADC_UI_SAR.o)
                0x00003bd4                ADC_UI_SAR_SetResolution
 .text.ADC_UI_SAR_Start
                0x00003c4c       0x34 .\CortexM3\ARM_GCC_493\Debug\Hummingbird(Continuous Output).a(ADC_UI_SAR.o)
                0x00003c4c                ADC_UI_SAR_Start
 .text.ADC_UI_SAR_StopConvert
                0x00003c80       0x18 .\CortexM3\ARM_GCC_493\Debug\Hummingbird(Continuous Output).a(ADC_UI_SAR.o)
                0x00003c80                ADC_UI_SAR_StopConvert
 .text.ADC_UI_TempBuf_DmaInitialize
                0x00003c98       0x44 .\CortexM3\ARM_GCC_493\Debug\Hummingbird(Continuous Output).a(ADC_UI_TempBuf_dma.o)
                0x00003c98                ADC_UI_TempBuf_DmaInitialize
 .text.ADC_UI_FinalBuf_DmaInitialize
                0x00003cdc       0x3c .\CortexM3\ARM_GCC_493\Debug\Hummingbird(Continuous Output).a(ADC_UI_FinalBuf_dma.o)
                0x00003cdc                ADC_UI_FinalBuf_DmaInitialize
 .text.ADC_UI_IRQ_SetVector
                0x00003d18        0xc .\CortexM3\ARM_GCC_493\Debug\Hummingbird(Continuous Output).a(ADC_UI_IRQ.o)
                0x00003d18                ADC_UI_IRQ_SetVector
 .text.ADC_UI_IRQ_SetPriority
                0x00003d24       0x10 .\CortexM3\ARM_GCC_493\Debug\Hummingbird(Continuous Output).a(ADC_UI_IRQ.o)
                0x00003d24                ADC_UI_IRQ_SetPriority
 .text.UART_MIDITX_Enable
                0x00003d34       0x1c .\CortexM3\ARM_GCC_493\Debug\Hummingbird(Continuous Output).a(UART_MIDITX.o)
                0x00003d34                UART_MIDITX_Enable
 .text.UART_MIDITX_Start
                0x00003d50       0x38 .\CortexM3\ARM_GCC_493\Debug\Hummingbird(Continuous Output).a(UART_MIDITX.o)
                0x00003d50                UART_MIDITX_Start
 .text.UART_MIDITX_PutChar
                0x00003d88       0x18 .\CortexM3\ARM_GCC_493\Debug\Hummingbird(Continuous Output).a(UART_MIDITX.o)
                0x00003d88                UART_MIDITX_PutChar
 .text          0x00003da0       0x20 .\CortexM3\ARM_GCC_493\Debug\Hummingbird(Continuous Output).a(CyBootAsmGnu.o)
                0x00003da0                CyDelayCycles
                0x00003db0                CyEnterCriticalSection
                0x00003db8                CyExitCriticalSection
 .text.USB_DispatchClassRqst
                0x00003dc0       0x60 .\CortexM3\ARM_GCC_493\Debug\Hummingbird(Continuous Output).a(USB_cls.o)
                0x00003dc0                USB_DispatchClassRqst
 .text.CySetReg24
                0x00003e20       0x14 .\CortexM3\ARM_GCC_493\Debug\Hummingbird(Continuous Output).a(cyutils.o)
                0x00003e20                CySetReg24
 .text.USB_DispatchAUDIOClassRqst
                0x00003e34       0x34 .\CortexM3\ARM_GCC_493\Debug\Hummingbird(Continuous Output).a(USB_audio.o)
                0x00003e34                USB_DispatchAUDIOClassRqst
 .text.cos      0x00003e68       0x90 c:/program files (x86)/cypress/psoc creator/4.0/psoc creator/import/gnu/arm/4.9.3/bin/../lib/gcc/arm-none-eabi/4.9.3/../../../../arm-none-eabi/lib/armv7-m\libm.a(lib_a-s_cos.o)
                0x00003e68                cos
 .text.sin      0x00003ef8       0x94 c:/program files (x86)/cypress/psoc creator/4.0/psoc creator/import/gnu/arm/4.9.3/bin/../lib/gcc/arm-none-eabi/4.9.3/../../../../arm-none-eabi/lib/armv7-m\libm.a(lib_a-s_sin.o)
                0x00003ef8                sin
 .text.pow      0x00003f8c      0x2f0 c:/program files (x86)/cypress/psoc creator/4.0/psoc creator/import/gnu/arm/4.9.3/bin/../lib/gcc/arm-none-eabi/4.9.3/../../../../arm-none-eabi/lib/armv7-m\libm.a(lib_a-w_pow.o)
                0x00003f8c                pow
 *fill*         0x0000427c        0x4 
 .text.__ieee754_pow
                0x00004280      0xaa0 c:/program files (x86)/cypress/psoc creator/4.0/psoc creator/import/gnu/arm/4.9.3/bin/../lib/gcc/arm-none-eabi/4.9.3/../../../../arm-none-eabi/lib/armv7-m\libm.a(lib_a-e_pow.o)
                0x00004280                __ieee754_pow
 .text.__ieee754_rem_pio2
                0x00004d20      0x428 c:/program files (x86)/cypress/psoc creator/4.0/psoc creator/import/gnu/arm/4.9.3/bin/../lib/gcc/arm-none-eabi/4.9.3/../../../../arm-none-eabi/lib/armv7-m\libm.a(lib_a-e_rem_pio2.o)
                0x00004d20                __ieee754_rem_pio2
 .text.__ieee754_sqrt
                0x00005148      0x18c c:/program files (x86)/cypress/psoc creator/4.0/psoc creator/import/gnu/arm/4.9.3/bin/../lib/gcc/arm-none-eabi/4.9.3/../../../../arm-none-eabi/lib/armv7-m\libm.a(lib_a-e_sqrt.o)
                0x00005148                __ieee754_sqrt
 *fill*         0x000052d4        0x4 
 .text.__kernel_cos
                0x000052d8      0x248 c:/program files (x86)/cypress/psoc creator/4.0/psoc creator/import/gnu/arm/4.9.3/bin/../lib/gcc/arm-none-eabi/4.9.3/../../../../arm-none-eabi/lib/armv7-m\libm.a(lib_a-k_cos.o)
                0x000052d8                __kernel_cos
 .text.__kernel_rem_pio2
                0x00005520      0x808 c:/program files (x86)/cypress/psoc creator/4.0/psoc creator/import/gnu/arm/4.9.3/bin/../lib/gcc/arm-none-eabi/4.9.3/../../../../arm-none-eabi/lib/armv7-m\libm.a(lib_a-k_rem_pio2.o)
                0x00005520                __kernel_rem_pio2
 .text.__kernel_sin
                0x00005d28      0x170 c:/program files (x86)/cypress/psoc creator/4.0/psoc creator/import/gnu/arm/4.9.3/bin/../lib/gcc/arm-none-eabi/4.9.3/../../../../arm-none-eabi/lib/armv7-m\libm.a(lib_a-k_sin.o)
                0x00005d28                __kernel_sin
 .text.fabs     0x00005e98        0x8 c:/program files (x86)/cypress/psoc creator/4.0/psoc creator/import/gnu/arm/4.9.3/bin/../lib/gcc/arm-none-eabi/4.9.3/../../../../arm-none-eabi/lib/armv7-m\libm.a(lib_a-s_fabs.o)
                0x00005e98                fabs
 .text.finite   0x00005ea0        0xc c:/program files (x86)/cypress/psoc creator/4.0/psoc creator/import/gnu/arm/4.9.3/bin/../lib/gcc/arm-none-eabi/4.9.3/../../../../arm-none-eabi/lib/armv7-m\libm.a(lib_a-s_finite.o)
                0x00005ea0                finite
 *fill*         0x00005eac        0x4 
 .text.floor    0x00005eb0      0x118 c:/program files (x86)/cypress/psoc creator/4.0/psoc creator/import/gnu/arm/4.9.3/bin/../lib/gcc/arm-none-eabi/4.9.3/../../../../arm-none-eabi/lib/armv7-m\libm.a(lib_a-s_floor.o)
                0x00005eb0                floor
 .text.__fpclassifyd
                0x00005fc8       0x58 c:/program files (x86)/cypress/psoc creator/4.0/psoc creator/import/gnu/arm/4.9.3/bin/../lib/gcc/arm-none-eabi/4.9.3/../../../../arm-none-eabi/lib/armv7-m\libm.a(lib_a-s_fpclassify.o)
                0x00005fc8                __fpclassifyd
 .text.matherr  0x00006020        0x4 c:/program files (x86)/cypress/psoc creator/4.0/psoc creator/import/gnu/arm/4.9.3/bin/../lib/gcc/arm-none-eabi/4.9.3/../../../../arm-none-eabi/lib/armv7-m\libm.a(lib_a-s_matherr.o)
                0x00006020                matherr
 .text.nan      0x00006024        0xc c:/program files (x86)/cypress/psoc creator/4.0/psoc creator/import/gnu/arm/4.9.3/bin/../lib/gcc/arm-none-eabi/4.9.3/../../../../arm-none-eabi/lib/armv7-m\libm.a(lib_a-s_nan.o)
                0x00006024                nan
 .text.rint     0x00006030      0x11c c:/program files (x86)/cypress/psoc creator/4.0/psoc creator/import/gnu/arm/4.9.3/bin/../lib/gcc/arm-none-eabi/4.9.3/../../../../arm-none-eabi/lib/armv7-m\libm.a(lib_a-s_rint.o)
                0x00006030                rint
 *fill*         0x0000614c        0x4 
 .text.scalbn   0x00006150       0xf0 c:/program files (x86)/cypress/psoc creator/4.0/psoc creator/import/gnu/arm/4.9.3/bin/../lib/gcc/arm-none-eabi/4.9.3/../../../../arm-none-eabi/lib/armv7-m\libm.a(lib_a-s_scalbn.o)
                0x00006150                scalbn
 .text.copysign
                0x00006240       0x10 c:/program files (x86)/cypress/psoc creator/4.0/psoc creator/import/gnu/arm/4.9.3/bin/../lib/gcc/arm-none-eabi/4.9.3/../../../../arm-none-eabi/lib/armv7-m\libm.a(lib_a-s_copysign.o)
                0x00006240                copysign
 .text          0x00006250      0x370 c:/program files (x86)/cypress/psoc creator/4.0/psoc creator/import/gnu/arm/4.9.3/bin/../lib/gcc/arm-none-eabi/4.9.3/armv7-m\libgcc.a(_arm_addsubdf3.o)
                0x00006250                __aeabi_drsub
                0x00006258                __aeabi_dsub
                0x00006258                __subdf3
                0x0000625c                __aeabi_dadd
                0x0000625c                __adddf3
                0x000064d4                __floatunsidf
                0x000064d4                __aeabi_ui2d
                0x000064f4                __floatsidf
                0x000064f4                __aeabi_i2d
                0x00006518                __aeabi_f2d
                0x00006518                __extendsfdf2
                0x00006554                __floatundidf
                0x00006554                __aeabi_ul2d
                0x00006564                __floatdidf
                0x00006564                __aeabi_l2d
 .text          0x000065c0      0x424 c:/program files (x86)/cypress/psoc creator/4.0/psoc creator/import/gnu/arm/4.9.3/bin/../lib/gcc/arm-none-eabi/4.9.3/armv7-m\libgcc.a(_arm_muldivdf3.o)
                0x000065c0                __aeabi_dmul
                0x000065c0                __muldf3
                0x00006814                __divdf3
                0x00006814                __aeabi_ddiv
 .text          0x000069e4      0x110 c:/program files (x86)/cypress/psoc creator/4.0/psoc creator/import/gnu/arm/4.9.3/bin/../lib/gcc/arm-none-eabi/4.9.3/armv7-m\libgcc.a(_arm_cmpdf2.o)
                0x000069e4                __gtdf2
                0x000069e4                __gedf2
                0x000069ec                __ltdf2
                0x000069ec                __ledf2
                0x000069f4                __nedf2
                0x000069f4                __eqdf2
                0x000069f4                __cmpdf2
                0x00006a70                __aeabi_cdrcmple
                0x00006a80                __aeabi_cdcmpeq
                0x00006a80                __aeabi_cdcmple
                0x00006a90                __aeabi_dcmpeq
                0x00006aa4                __aeabi_dcmplt
                0x00006ab8                __aeabi_dcmple
                0x00006acc                __aeabi_dcmpge
                0x00006ae0                __aeabi_dcmpgt
 .text          0x00006af4       0x50 c:/program files (x86)/cypress/psoc creator/4.0/psoc creator/import/gnu/arm/4.9.3/bin/../lib/gcc/arm-none-eabi/4.9.3/armv7-m\libgcc.a(_arm_fixdfsi.o)
                0x00006af4                __aeabi_d2iz
                0x00006af4                __fixdfsi
 .text          0x00006b44       0xa0 c:/program files (x86)/cypress/psoc creator/4.0/psoc creator/import/gnu/arm/4.9.3/bin/../lib/gcc/arm-none-eabi/4.9.3/armv7-m\libgcc.a(_arm_truncdfsf2.o)
                0x00006b44                __truncdfsf2
                0x00006b44                __aeabi_d2f
 .text          0x00006be4      0x21c c:/program files (x86)/cypress/psoc creator/4.0/psoc creator/import/gnu/arm/4.9.3/bin/../lib/gcc/arm-none-eabi/4.9.3/armv7-m\libgcc.a(_arm_addsubsf3.o)
                0x00006be4                __aeabi_frsub
                0x00006bec                __subsf3
                0x00006bec                __aeabi_fsub
                0x00006bf0                __aeabi_fadd
                0x00006bf0                __addsf3
                0x00006d50                __aeabi_ui2f
                0x00006d50                __floatunsisf
                0x00006d58                __aeabi_i2f
                0x00006d58                __floatsisf
                0x00006d74                __aeabi_ul2f
                0x00006d74                __floatundisf
                0x00006d84                __aeabi_l2f
                0x00006d84                __floatdisf
 .text          0x00006e00      0x2a0 c:/program files (x86)/cypress/psoc creator/4.0/psoc creator/import/gnu/arm/4.9.3/bin/../lib/gcc/arm-none-eabi/4.9.3/armv7-m\libgcc.a(_arm_muldivsf3.o)
                0x00006e00                __mulsf3
                0x00006e00                __aeabi_fmul
                0x00006f68                __aeabi_fdiv
                0x00006f68                __divsf3
 .text          0x000070a0       0xec c:/program files (x86)/cypress/psoc creator/4.0/psoc creator/import/gnu/arm/4.9.3/bin/../lib/gcc/arm-none-eabi/4.9.3/armv7-m\libgcc.a(_arm_cmpsf2.o)
                0x000070a0                __gesf2
                0x000070a0                __gtsf2
                0x000070a8                __lesf2
                0x000070a8                __ltsf2
                0x000070b0                __nesf2
                0x000070b0                __eqsf2
                0x000070b0                __cmpsf2
                0x00007110                __aeabi_cfrcmple
                0x00007118                __aeabi_cfcmpeq
                0x00007118                __aeabi_cfcmple
                0x00007128                __aeabi_fcmpeq
                0x0000713c                __aeabi_fcmplt
                0x00007150                __aeabi_fcmple
                0x00007164                __aeabi_fcmpge
                0x00007178                __aeabi_fcmpgt
 .text          0x0000718c       0x40 c:/program files (x86)/cypress/psoc creator/4.0/psoc creator/import/gnu/arm/4.9.3/bin/../lib/gcc/arm-none-eabi/4.9.3/armv7-m\libgcc.a(_arm_fixunssfsi.o)
                0x0000718c                __fixunssfsi
                0x0000718c                __aeabi_f2uiz
 .text.calloc   0x000071cc       0x14 c:/program files (x86)/cypress/psoc creator/4.0/psoc creator/import/gnu/arm/4.9.3/bin/../lib/gcc/arm-none-eabi/4.9.3/../../../../arm-none-eabi/lib/armv7-m\libg_nano.a(lib_a-calloc.o)
                0x000071cc                calloc
 .text.__errno  0x000071e0        0xc c:/program files (x86)/cypress/psoc creator/4.0/psoc creator/import/gnu/arm/4.9.3/bin/../lib/gcc/arm-none-eabi/4.9.3/../../../../arm-none-eabi/lib/armv7-m\libg_nano.a(lib_a-errno.o)
                0x000071e0                __errno
 .text.__libc_init_array
                0x000071ec       0x4c c:/program files (x86)/cypress/psoc creator/4.0/psoc creator/import/gnu/arm/4.9.3/bin/../lib/gcc/arm-none-eabi/4.9.3/../../../../arm-none-eabi/lib/armv7-m\libg_nano.a(lib_a-init.o)
                0x000071ec                __libc_init_array
 .text.malloc   0x00007238       0x10 c:/program files (x86)/cypress/psoc creator/4.0/psoc creator/import/gnu/arm/4.9.3/bin/../lib/gcc/arm-none-eabi/4.9.3/../../../../arm-none-eabi/lib/armv7-m\libg_nano.a(lib_a-malloc.o)
                0x00007238                malloc
 .text.free     0x00007248       0x10 c:/program files (x86)/cypress/psoc creator/4.0/psoc creator/import/gnu/arm/4.9.3/bin/../lib/gcc/arm-none-eabi/4.9.3/../../../../arm-none-eabi/lib/armv7-m\libg_nano.a(lib_a-malloc.o)
                0x00007248                free
 .text.memcpy   0x00007258       0x16 c:/program files (x86)/cypress/psoc creator/4.0/psoc creator/import/gnu/arm/4.9.3/bin/../lib/gcc/arm-none-eabi/4.9.3/../../../../arm-none-eabi/lib/armv7-m\libg_nano.a(lib_a-memcpy.o)
                0x00007258                memcpy
 .text.memset   0x0000726e       0x10 c:/program files (x86)/cypress/psoc creator/4.0/psoc creator/import/gnu/arm/4.9.3/bin/../lib/gcc/arm-none-eabi/4.9.3/../../../../arm-none-eabi/lib/armv7-m\libg_nano.a(lib_a-memset.o)
                0x0000726e                memset
 .text._calloc_r
                0x0000727e       0x1c c:/program files (x86)/cypress/psoc creator/4.0/psoc creator/import/gnu/arm/4.9.3/bin/../lib/gcc/arm-none-eabi/4.9.3/../../../../arm-none-eabi/lib/armv7-m\libg_nano.a(lib_a-nano-callocr.o)
                0x0000727e                _calloc_r
 *fill*         0x0000729a        0x2 
 .text._free_r  0x0000729c       0x88 c:/program files (x86)/cypress/psoc creator/4.0/psoc creator/import/gnu/arm/4.9.3/bin/../lib/gcc/arm-none-eabi/4.9.3/../../../../arm-none-eabi/lib/armv7-m\libg_nano.a(lib_a-nano-freer.o)
                0x0000729c                _free_r
 .text._malloc_r
                0x00007324       0xac c:/program files (x86)/cypress/psoc creator/4.0/psoc creator/import/gnu/arm/4.9.3/bin/../lib/gcc/arm-none-eabi/4.9.3/../../../../arm-none-eabi/lib/armv7-m\libg_nano.a(lib_a-nano-mallocr.o)
                0x00007324                _malloc_r
 .text._sbrk_r  0x000073d0       0x20 c:/program files (x86)/cypress/psoc creator/4.0/psoc creator/import/gnu/arm/4.9.3/bin/../lib/gcc/arm-none-eabi/4.9.3/../../../../arm-none-eabi/lib/armv7-m\libg_nano.a(lib_a-sbrkr.o)
                0x000073d0                _sbrk_r
 .text._sbrk    0x000073f0       0x1c c:/program files (x86)/cypress/psoc creator/4.0/psoc creator/import/gnu/arm/4.9.3/bin/../lib/gcc/arm-none-eabi/4.9.3/../../../../arm-none-eabi/lib/armv7-m\libnosys.a(sbrk.o)
                0x000073f0                _sbrk
 *(.plt)
 *(.gnu.warning)
 *(.glue_7t)
 .glue_7t       0x00000000        0x0 linker stubs
 *(.glue_7)
 .glue_7        0x00000000        0x0 linker stubs
 *(.vfp11_veneer)
 .vfp11_veneer  0x00000000        0x0 linker stubs
 *(.bootloader)
 *(.ARM.extab* .gnu.linkonce.armextab.*)
 *(.gcc_except_table)

.v4_bx          0x0000740c        0x0
 .v4_bx         0x00000000        0x0 linker stubs

.iplt           0x0000740c        0x0
 .iplt          0x00000000        0x0 c:/program files (x86)/cypress/psoc creator/4.0/psoc creator/import/gnu/arm/4.9.3/bin/../lib/gcc/arm-none-eabi/4.9.3/armv7-m/crtbegin.o

.eh_frame_hdr
 *(.eh_frame_hdr)

.eh_frame       0x0000740c        0x4
 *(.eh_frame)
 .eh_frame      0x0000740c        0x0 c:/program files (x86)/cypress/psoc creator/4.0/psoc creator/import/gnu/arm/4.9.3/bin/../lib/gcc/arm-none-eabi/4.9.3/armv7-m/crtbegin.o
 .eh_frame      0x0000740c        0x4 c:/program files (x86)/cypress/psoc creator/4.0/psoc creator/import/gnu/arm/4.9.3/bin/../lib/gcc/arm-none-eabi/4.9.3/armv7-m/crtend.o
                0x00007410                PROVIDE (__exidx_start, .)

.ARM.exidx
 *(.ARM.exidx* .gnu.linkonce.armexidx.*)
                0x00007410                __exidx_end = .

.rodata         0x00007410      0x5f0
 *(.rodata .rodata.* .gnu.linkonce.r.*)
 .rodata.str1.4
                0x00007410       0x5f .\CortexM3\ARM_GCC_493\Debug\main.o
                                 0x68 (size before relaxing)
 *fill*         0x0000746f        0x1 
 .rodata.str1.4
                0x00007470       0x8d .\CortexM3\ARM_GCC_493\Debug\midi.o
                                 0x94 (size before relaxing)
 *fill*         0x000074fd        0x3 
 .rodata.str1.4
                0x00007500       0x7c .\CortexM3\ARM_GCC_493\Debug\hbird.o
                                 0xa8 (size before relaxing)
 .rodata        0x0000757c       0x30 .\CortexM3\ARM_GCC_493\Debug\Hummingbird(Continuous Output).a(cyfitter_cfg.o)
 .rodata        0x000075ac       0x14 .\CortexM3\ARM_GCC_493\Debug\Hummingbird(Continuous Output).a(USB_std.o)
 .rodata        0x000075c0      0x1ec .\CortexM3\ARM_GCC_493\Debug\Hummingbird(Continuous Output).a(USB_descr.o)
                0x000075c0                USB_MSOS_CONFIGURATION_DESCR
                0x000075e8                USB_MSOS_DESCRIPTOR
                0x000075fc                USB_TABLE
                0x00007604                USB_DEVICE0_TABLE
                0x00007614                USB_DEVICE0_CONFIGURATION0_TABLE
                0x0000763c                USB_DEVICE0_CONFIGURATION0_INTERFACE_CLASS
                0x00007640                USB_DEVICE0_CONFIGURATION0_EP_SETTINGS_TABLE
                0x00007650                USB_SN_STRING_DESCRIPTOR
                0x00007654                USB_STRING_DESCRIPTORS
                0x00007710                USB_DEVICE0_CONFIGURATION0_DESCR
                0x00007798                USB_DEVICE0_DESCR
 .rodata.str1.4
                0x000077ac        0x4 c:/program files (x86)/cypress/psoc creator/4.0/psoc creator/import/gnu/arm/4.9.3/bin/../lib/gcc/arm-none-eabi/4.9.3/../../../../arm-none-eabi/lib/armv7-m\libm.a(lib_a-w_pow.o)
 .rodata.dp_h   0x000077b0       0x10 c:/program files (x86)/cypress/psoc creator/4.0/psoc creator/import/gnu/arm/4.9.3/bin/../lib/gcc/arm-none-eabi/4.9.3/../../../../arm-none-eabi/lib/armv7-m\libm.a(lib_a-e_pow.o)
 .rodata.dp_l   0x000077c0       0x10 c:/program files (x86)/cypress/psoc creator/4.0/psoc creator/import/gnu/arm/4.9.3/bin/../lib/gcc/arm-none-eabi/4.9.3/../../../../arm-none-eabi/lib/armv7-m\libm.a(lib_a-e_pow.o)
 .rodata.bp     0x000077d0       0x10 c:/program files (x86)/cypress/psoc creator/4.0/psoc creator/import/gnu/arm/4.9.3/bin/../lib/gcc/arm-none-eabi/4.9.3/../../../../arm-none-eabi/lib/armv7-m\libm.a(lib_a-e_pow.o)
 .rodata.str1.4
                0x00000000        0x4 c:/program files (x86)/cypress/psoc creator/4.0/psoc creator/import/gnu/arm/4.9.3/bin/../lib/gcc/arm-none-eabi/4.9.3/../../../../arm-none-eabi/lib/armv7-m\libm.a(lib_a-e_pow.o)
 .rodata.npio2_hw
                0x000077e0       0x80 c:/program files (x86)/cypress/psoc creator/4.0/psoc creator/import/gnu/arm/4.9.3/bin/../lib/gcc/arm-none-eabi/4.9.3/../../../../arm-none-eabi/lib/armv7-m\libm.a(lib_a-e_rem_pio2.o)
 .rodata.two_over_pi
                0x00007860      0x108 c:/program files (x86)/cypress/psoc creator/4.0/psoc creator/import/gnu/arm/4.9.3/bin/../lib/gcc/arm-none-eabi/4.9.3/../../../../arm-none-eabi/lib/armv7-m\libm.a(lib_a-e_rem_pio2.o)
 .rodata.init_jk
                0x00007968       0x10 c:/program files (x86)/cypress/psoc creator/4.0/psoc creator/import/gnu/arm/4.9.3/bin/../lib/gcc/arm-none-eabi/4.9.3/../../../../arm-none-eabi/lib/armv7-m\libm.a(lib_a-k_rem_pio2.o)
 .rodata.PIo2   0x00007978       0x40 c:/program files (x86)/cypress/psoc creator/4.0/psoc creator/import/gnu/arm/4.9.3/bin/../lib/gcc/arm-none-eabi/4.9.3/../../../../arm-none-eabi/lib/armv7-m\libm.a(lib_a-k_rem_pio2.o)
 .rodata.TWO52  0x000079b8       0x10 c:/program files (x86)/cypress/psoc creator/4.0/psoc creator/import/gnu/arm/4.9.3/bin/../lib/gcc/arm-none-eabi/4.9.3/../../../../arm-none-eabi/lib/armv7-m\libm.a(lib_a-s_rint.o)
 .rodata.str1.1
                0x000079c8        0x2 c:/program files (x86)/cypress/psoc creator/4.0/psoc creator/import/gnu/arm/4.9.3/bin/../lib/gcc/arm-none-eabi/4.9.3/../../../../arm-none-eabi/lib/armv7-m\libg_nano.a(lib_a-impure.o)
                0x000079cc                . = ALIGN (0x4)
 *fill*         0x000079ca        0x2 
 *(.init)
 .init          0x000079cc        0x4 c:/program files (x86)/cypress/psoc creator/4.0/psoc creator/import/gnu/arm/4.9.3/bin/../lib/gcc/arm-none-eabi/4.9.3/armv7-m/crti.o
                0x000079cc                _init
 .init          0x000079d0        0x8 c:/program files (x86)/cypress/psoc creator/4.0/psoc creator/import/gnu/arm/4.9.3/bin/../lib/gcc/arm-none-eabi/4.9.3/armv7-m/crtn.o
                0x000079d8                . = ALIGN (0x4)
                0x000079d8                __preinit_array_start = .
 *(.preinit_array)
                0x000079d8                __preinit_array_end = .
                0x000079d8                . = ALIGN (0x4)
                0x000079d8                __init_array_start = .
 *(SORT(.init_array.*))
 *(.init_array)
 .init_array    0x000079d8        0x4 c:/program files (x86)/cypress/psoc creator/4.0/psoc creator/import/gnu/arm/4.9.3/bin/../lib/gcc/arm-none-eabi/4.9.3/armv7-m/crtbegin.o
 .init_array    0x000079dc        0x4 .\CortexM3\ARM_GCC_493\Debug\Cm3Start.o
                0x000079e0                __init_array_end = .
                0x000079e0                . = ALIGN (0x4)
 *(.fini)
 .fini          0x000079e0        0x4 c:/program files (x86)/cypress/psoc creator/4.0/psoc creator/import/gnu/arm/4.9.3/bin/../lib/gcc/arm-none-eabi/4.9.3/armv7-m/crti.o
                0x000079e0                _fini
 .fini          0x000079e4        0x8 c:/program files (x86)/cypress/psoc creator/4.0/psoc creator/import/gnu/arm/4.9.3/bin/../lib/gcc/arm-none-eabi/4.9.3/armv7-m/crtn.o
                0x000079ec                . = ALIGN (0x4)
                0x000079ec                __fini_array_start = .
 *(.fini_array)
 .fini_array    0x000079ec        0x4 c:/program files (x86)/cypress/psoc creator/4.0/psoc creator/import/gnu/arm/4.9.3/bin/../lib/gcc/arm-none-eabi/4.9.3/armv7-m/crtbegin.o
 *(SORT(.fini_array.*))
                0x000079f0                __fini_array_end = .
                0x000079f0                . = ALIGN (0x4)
 *crtbegin.o(.ctors)
 *(EXCLUDE_FILE(*crtend.o) .ctors)
 *(SORT(.ctors.*))
 *crtend.o(.ctors)
                0x000079f0                . = ALIGN (0x4)
 *crtbegin.o(.dtors)
 *(EXCLUDE_FILE(*crtend.o) .dtors)
 *(SORT(.dtors.*))
 *crtend.o(.dtors)
                0x000079f0                . = ALIGN (0x4)
                0x000079f0                __cy_regions = .
                0x000079f0        0x4 LONG 0x7a00 __cy_region_init_ram
                0x000079f4        0x4 LONG 0x1fff8108 __cy_region_start_data
                0x000079f8        0x4 LONG 0x180 __cy_region_init_size_ram
                0x000079fc        0x4 LONG 0x1df0 __cy_region_zero_size_ram
                0x00007a00                __cy_regions_end = .
                0x00007a00                . = ALIGN (0x8)
                0x00007a00                _etext = .

.ramvectors     0x1fff8000      0x100
                0x1fff8000                __cy_region_start_ram = .
 *(.ramvectors)
 .ramvectors    0x1fff8000      0x100 .\CortexM3\ARM_GCC_493\Debug\Cm3Start.o
                0x1fff8000                CyRamVectors

.noinit         0x1fff8100        0x5
 *(.noinit)
 .noinit        0x1fff8100        0x4 .\CortexM3\ARM_GCC_493\Debug\Cm3Start.o
 .noinit        0x1fff8104        0x1 .\CortexM3\ARM_GCC_493\Debug\Hummingbird(Continuous Output).a(CyLib.o)
                0x1fff8104                CyResetStatus

.data           0x1fff8108      0x180 load address 0x00007a00
                0x1fff8108                __cy_region_start_data = .
 *(.jcr)
 .jcr           0x1fff8108        0x0 c:/program files (x86)/cypress/psoc creator/4.0/psoc creator/import/gnu/arm/4.9.3/bin/../lib/gcc/arm-none-eabi/4.9.3/armv7-m/crtbegin.o
 .jcr           0x1fff8108        0x4 c:/program files (x86)/cypress/psoc creator/4.0/psoc creator/import/gnu/arm/4.9.3/bin/../lib/gcc/arm-none-eabi/4.9.3/armv7-m/crtend.o
 *(.got.plt)
 *(.got)
 *(.shdata)
 *(.data .data.* .gnu.linkonce.d.*)
 .data          0x1fff810c        0xc .\CortexM3\ARM_GCC_493\Debug\main.o
                0x1fff810c                lastHyst
                0x1fff810e                lastVelo
                0x1fff8110                start
                0x1fff8114                lastNote
 .data          0x1fff8118       0xe8 .\CortexM3\ARM_GCC_493\Debug\midi.o
                0x1fff8118                scaleMajor
                0x1fff818c                scaleNatMinor
 .data          0x1fff8200        0x8 .\CortexM3\ARM_GCC_493\Debug\Hummingbird(Continuous Output).a(CyDmac.o)
 .data          0x1fff8208       0x10 .\CortexM3\ARM_GCC_493\Debug\Hummingbird(Continuous Output).a(CyLib.o)
                0x1fff8208                cydelay_freq_mhz
                0x1fff820c                cydelay_32k_ms
                0x1fff8210                cydelay_freq_khz
                0x1fff8214                cydelay_freq_hz
 .data          0x1fff8218        0x2 .\CortexM3\ARM_GCC_493\Debug\Hummingbird(Continuous Output).a(ADC_UI.o)
 .data          0x1fff821a        0x1 .\CortexM3\ARM_GCC_493\Debug\Hummingbird(Continuous Output).a(ADC_UI_TempBuf_dma.o)
                0x1fff821a                ADC_UI_TempBuf_DmaHandle
 .data          0x1fff821b        0x1 .\CortexM3\ARM_GCC_493\Debug\Hummingbird(Continuous Output).a(ADC_UI_FinalBuf_dma.o)
                0x1fff821b                ADC_UI_FinalBuf_DmaHandle
 .data.__fdlib_version
                0x1fff821c        0x1 c:/program files (x86)/cypress/psoc creator/4.0/psoc creator/import/gnu/arm/4.9.3/bin/../lib/gcc/arm-none-eabi/4.9.3/../../../../arm-none-eabi/lib/armv7-m\libm.a(lib_a-s_lib_ver.o)
                0x1fff821c                __fdlib_version
 *fill*         0x1fff821d        0x3 
 .data.impure_data
                0x1fff8220       0x60 c:/program files (x86)/cypress/psoc creator/4.0/psoc creator/import/gnu/arm/4.9.3/bin/../lib/gcc/arm-none-eabi/4.9.3/../../../../arm-none-eabi/lib/armv7-m\libg_nano.a(lib_a-impure.o)
 .data._impure_ptr
                0x1fff8280        0x4 c:/program files (x86)/cypress/psoc creator/4.0/psoc creator/import/gnu/arm/4.9.3/bin/../lib/gcc/arm-none-eabi/4.9.3/../../../../arm-none-eabi/lib/armv7-m\libg_nano.a(lib_a-impure.o)
                0x1fff8280                _impure_ptr
                0x1fff8288                . = ALIGN (0x8)
 *fill*         0x1fff8284        0x4 
 *(.ram)
                0x1fff8288                _edata = .

.igot.plt       0x1fff8288        0x0 load address 0x00007b80
 .igot.plt      0x00000000        0x0 c:/program files (x86)/cypress/psoc creator/4.0/psoc creator/import/gnu/arm/4.9.3/bin/../lib/gcc/arm-none-eabi/4.9.3/armv7-m/crtbegin.o

.bss            0x1fff8288     0x1df0 load address 0x00007b80
                0x1fff8288                PROVIDE (__bss_start__, .)
 *(.shbss)
 *(.bss .bss.* .gnu.linkonce.b.*)
 .bss           0x1fff8288       0x1c c:/program files (x86)/cypress/psoc creator/4.0/psoc creator/import/gnu/arm/4.9.3/bin/../lib/gcc/arm-none-eabi/4.9.3/armv7-m/crtbegin.o
 .bss           0x1fff82a4       0x40 .\CortexM3\ARM_GCC_493\Debug\main.o
                0x1fff82a4                lastKey
                0x1fff82a6                UI_Update_Mask
                0x1fff82a8                lastScale
                0x1fff82aa                currFrame
                0x1fff82ac                frameLocked
                0x1fff82b0                max_value
                0x1fff82b4                frameIndex
                0x1fff82b8                frameReady
                0x1fff82ba                frameProcessed
                0x1fff82bb                curKey
                0x1fff82bc                curScale
                0x1fff82bd                sampleFrame
                0x1fff82c0                numFrames
                0x1fff82c4                inqFlags_old
                0x1fff82c5                usbActivityCounter
                0x1fff82c6                frame2InUse
                0x1fff82c7                frame1InUse
                0x1fff82c8                i
                0x1fff82cc                sustain
                0x1fff82cd                csButtChange
                0x1fff82ce                csButtStates_old
                0x1fff82cf                csButtStates
                0x1fff82d0                noteHistory
 .bss           0x1fff82e4     0x1000 .\CortexM3\ARM_GCC_493\Debug\pitch.o
 .bss           0x1fff92e4        0x1 .\CortexM3\ARM_GCC_493\Debug\Hummingbird(Continuous Output).a(USB.o)
                0x1fff92e4                USB_initVar
 *fill*         0x1fff92e5        0x3 
 .bss           0x1fff92e8        0x4 .\CortexM3\ARM_GCC_493\Debug\Hummingbird(Continuous Output).a(USB_std.o)
 .bss           0x1fff92ec        0x1 .\CortexM3\ARM_GCC_493\Debug\Hummingbird(Continuous Output).a(I2C_CharLCD.o)
                0x1fff92ec                I2C_CharLCD_initVar
 .bss           0x1fff92ed        0x2 .\CortexM3\ARM_GCC_493\Debug\Hummingbird(Continuous Output).a(CharLCD_I2C.o)
                0x1fff92ed                CharLCD_enableState
                0x1fff92ee                CharLCD_initVar
 .bss           0x1fff92ef        0x1 .\CortexM3\ARM_GCC_493\Debug\Hummingbird(Continuous Output).a(ADC_MIC.o)
                0x1fff92ef                ADC_MIC_initVar
 .bss           0x1fff92f0        0x1 .\CortexM3\ARM_GCC_493\Debug\Hummingbird(Continuous Output).a(TIMER_SAMPLERATE.o)
                0x1fff92f0                TIMER_SAMPLERATE_initVar
 *fill*         0x1fff92f1        0x3 
 .bss           0x1fff92f4       0x10 .\CortexM3\ARM_GCC_493\Debug\Hummingbird(Continuous Output).a(ADC_UI.o)
                0x1fff9300                ADC_UI_initVar
 .bss           0x1fff9304        0x1 .\CortexM3\ARM_GCC_493\Debug\Hummingbird(Continuous Output).a(TIMER_UI.o)
                0x1fff9304                TIMER_UI_initVar
 .bss           0x1fff9305        0x1 .\CortexM3\ARM_GCC_493\Debug\Hummingbird(Continuous Output).a(ADC_UI_SAR.o)
                0x1fff9305                ADC_UI_SAR_initVar
 .bss           0x1fff9306        0x2 .\CortexM3\ARM_GCC_493\Debug\Hummingbird(Continuous Output).a(UART_MIDITX.o)
                0x1fff9306                UART_MIDITX_initVar
 .bss.__malloc_sbrk_start
                0x1fff9308        0x4 c:/program files (x86)/cypress/psoc creator/4.0/psoc creator/import/gnu/arm/4.9.3/bin/../lib/gcc/arm-none-eabi/4.9.3/../../../../arm-none-eabi/lib/armv7-m\libg_nano.a(lib_a-nano-mallocr.o)
                0x1fff9308                __malloc_sbrk_start
 .bss.__malloc_free_list
                0x1fff930c        0x4 c:/program files (x86)/cypress/psoc creator/4.0/psoc creator/import/gnu/arm/4.9.3/bin/../lib/gcc/arm-none-eabi/4.9.3/../../../../arm-none-eabi/lib/armv7-m\libg_nano.a(lib_a-nano-mallocr.o)
                0x1fff930c                __malloc_free_list
 .bss.heap_end.4079
                0x1fff9310        0x4 c:/program files (x86)/cypress/psoc creator/4.0/psoc creator/import/gnu/arm/4.9.3/bin/../lib/gcc/arm-none-eabi/4.9.3/../../../../arm-none-eabi/lib/armv7-m\libnosys.a(sbrk.o)
 *(COMMON)
 *fill*         0x1fff9314        0x4 
 COMMON         0x1fff9318      0xc20 .\CortexM3\ARM_GCC_493\Debug\main.o
                0x1fff9318                midiMsg
                0x1fff931c                ADCoutput
                0x1fff9320                LCDstr
                0x1fff9330                noteTable
                0x1fff9730                pitchHz
                0x1fff9734                tempHyst
                0x1fff9738                dataFrames
 COMMON         0x1fff9f38       0x98 .\CortexM3\ARM_GCC_493\Debug\Hummingbird(Continuous Output).a(USB_drv.o)
                0x1fff9f38                USB_transferState
                0x1fff9f39                USB_interfaceNumber
                0x1fff9f3a                USB_lastPacketSize
                0x1fff9f3c                USB_interfaceClass
                0x1fff9f40                USB_interfaceSetting
                0x1fff9f42                USB_ep0Mode
                0x1fff9f43                USB_device
                0x1fff9f44                USB_deviceAddress
                0x1fff9f45                USB_ep0Toggle
                0x1fff9f46                USB_configurationChanged
                0x1fff9f48                USB_interfaceStatus
                0x1fff9f4a                USB_transferByteCount
                0x1fff9f4c                USB_configuration
                0x1fff9f50                USB_interfaceSetting_last
                0x1fff9f54                USB_currentTD
                0x1fff9f60                USB_ep0Count
                0x1fff9f61                USB_deviceStatus
                0x1fff9f64                USB_EP
 COMMON         0x1fff9fd0       0x48 .\CortexM3\ARM_GCC_493\Debug\Hummingbird(Continuous Output).a(USB_midi.o)
                0x1fff9fd0                USB_midiOutBuffer
                0x1fff9ff0                USB_MIDI1_InqFlags
                0x1fff9ff1                USB_midi_in_ep
                0x1fff9ff2                USB_midiInPointer
                0x1fff9ff3                USB_MIDI2_InqFlags
                0x1fff9ff4                USB_midi_out_ep
                0x1fff9ff8                USB_midiInBuffer
 COMMON         0x1fffa018        0x1 .\CortexM3\ARM_GCC_493\Debug\Hummingbird(Continuous Output).a(I2C_CharLCD.o)
                0x1fffa018                I2C_CharLCD_state
 *fill*         0x1fffa019        0x3 
 COMMON         0x1fffa01c       0x12 .\CortexM3\ARM_GCC_493\Debug\Hummingbird(Continuous Output).a(I2C_CharLCD_MASTER.o)
                0x1fffa01c                I2C_CharLCD_mstrRdBufSize
                0x1fffa020                I2C_CharLCD_mstrRdBufPtr
                0x1fffa024                I2C_CharLCD_mstrControl
                0x1fffa025                I2C_CharLCD_mstrWrBufIndex
                0x1fffa026                I2C_CharLCD_mstrStatus
                0x1fffa028                I2C_CharLCD_mstrWrBufPtr
                0x1fffa02c                I2C_CharLCD_mstrWrBufSize
                0x1fffa02d                I2C_CharLCD_mstrRdBufIndex
 *fill*         0x1fffa02e        0x2 
 COMMON         0x1fffa030        0xa .\CortexM3\ARM_GCC_493\Debug\Hummingbird(Continuous Output).a(ADC_MIC.o)
                0x1fffa030                ADC_MIC_countsPerVolt
                0x1fffa032                ADC_MIC_shift
                0x1fffa034                ADC_MIC_countsPer10Volt
                0x1fffa038                ADC_MIC_offset
 *fill*         0x1fffa03a        0x2 
 COMMON         0x1fffa03c        0x8 .\CortexM3\ARM_GCC_493\Debug\Hummingbird(Continuous Output).a(ADC_UI.o)
                0x1fffa03c                ADC_UI_finalArray
 COMMON         0x1fffa044        0xa .\CortexM3\ARM_GCC_493\Debug\Hummingbird(Continuous Output).a(ADC_UI_SAR.o)
                0x1fffa044                ADC_UI_SAR_shift
                0x1fffa046                ADC_UI_SAR_countsPerVolt
                0x1fffa048                ADC_UI_SAR_countsPer10Volt
                0x1fffa04c                ADC_UI_SAR_offset
 *fill*         0x1fffa04e        0x2 
 COMMON         0x1fffa050       0x22 .\CortexM3\ARM_GCC_493\Debug\Hummingbird(Continuous Output).a(USB_descr.o)
                0x1fffa050                USB_idSerialNumberStringDescriptor
 *fill*         0x1fffa072        0x2 
 COMMON         0x1fffa074        0x4 c:/program files (x86)/cypress/psoc creator/4.0/psoc creator/import/gnu/arm/4.9.3/bin/../lib/gcc/arm-none-eabi/4.9.3/../../../../arm-none-eabi/lib/armv7-m\libg_nano.a(lib_a-reent.o)
                0x1fffa074                errno
                0x1fffa078                . = ALIGN (0x8)
 *(.ram.b)
                0x1fffa078                _end = .
                0x1fffa078                __end = .
                0x1fffa078                PROVIDE (end, .)
                0x1fffa078                PROVIDE (__bss_end__, .)
                0x00007a00                __cy_region_init_ram = LOADADDR (.data)
                0x00000180                __cy_region_init_size_ram = (_edata - ADDR (.data))
                0x00001df0                __cy_region_zero_size_ram = (_end - _edata)

.heap           0x1fffa078       0x80 load address 0x00007b80
                0x1fffa078                . = _end
                0x1fffa0f8                . = (. + 0x80)
 *fill*         0x1fffa078       0x80 
                0x1fffa0f8                __cy_heap_limit = .

.stack          0x20007800      0x800
                0x20007800                __cy_stack_limit = .
                0x20008000                . = (. + 0x800)
 *fill*         0x20007800      0x800 
                0x00000001                ASSERT ((__cy_stack_limit >= __cy_heap_limit), region RAM overflowed with stack)

.cyloadermeta
 *(.cyloadermeta)

.cyloadablemeta
 *(.cyloadablemeta)

.cyconfigecc    0x80000000      0xeec
 *(.cyconfigecc)
 .cyconfigecc   0x80000000      0xeec .\CortexM3\ARM_GCC_493\Debug\cymetadata.o
                0x80000000                cy_meta_configecc

.cycustnvl      0x90000000        0x4
 *(.cycustnvl)
 .cycustnvl     0x90000000        0x4 .\CortexM3\ARM_GCC_493\Debug\cymetadata.o
                0x90000000                cy_meta_custnvl

.cywolatch      0x90100000        0x4
 *(.cywolatch)
 .cywolatch     0x90100000        0x4 .\CortexM3\ARM_GCC_493\Debug\cymetadata.o
                0x90100000                cy_meta_wonvl

.cyeeprom       0x90200000        0x0
 *(.cyeeprom)
                0x00000001                ASSERT ((. <= ((0x90200000 + ee_offset) + ee_size)), .cyeeprom data will not fit in EEPROM)

.cyflashprotect
                0x90400000      0x100
 *(.cyflashprotect)
 .cyflashprotect
                0x90400000      0x100 .\CortexM3\ARM_GCC_493\Debug\cymetadata.o
                0x90400000                cy_meta_flashprotect

.cymeta         0x90500000        0xc
 *(.cymeta)
 .cymeta        0x90500000        0xc .\CortexM3\ARM_GCC_493\Debug\cymetadata.o
                0x90500000                cy_metadata

.rel.dyn        0x00007b80        0x0 load address 0x9050000c
 .rel.iplt      0x00000000        0x0 c:/program files (x86)/cypress/psoc creator/4.0/psoc creator/import/gnu/arm/4.9.3/bin/../lib/gcc/arm-none-eabi/4.9.3/armv7-m/crtbegin.o

.stab
 *(.stab)

.stabstr
 *(.stabstr)

.debug
 *(.debug)

.line
 *(.line)

.debug_srcinfo
 *(.debug_srcinfo)

.debug_sfnames
 *(.debug_sfnames)

.debug_aranges  0x00000000     0x1398
 *(.debug_aranges)
 .debug_aranges
                0x00000000       0x38 .\CortexM3\ARM_GCC_493\Debug\main.o
 .debug_aranges
                0x00000038       0x68 .\CortexM3\ARM_GCC_493\Debug\fft.o
 .debug_aranges
                0x000000a0       0x60 .\CortexM3\ARM_GCC_493\Debug\midi.o
 .debug_aranges
                0x00000100       0x40 .\CortexM3\ARM_GCC_493\Debug\pitch.o
 .debug_aranges
                0x00000140       0x50 .\CortexM3\ARM_GCC_493\Debug\hbird.o
 .debug_aranges
                0x00000190       0x18 .\CortexM3\ARM_GCC_493\Debug\cymetadata.o
 .debug_aranges
                0x000001a8       0x40 .\CortexM3\ARM_GCC_493\Debug\Cm3Start.o
 .debug_aranges
                0x000001e8       0x28 .\CortexM3\ARM_GCC_493\Debug\Hummingbird(Continuous Output).a(cyfitter_cfg.o)
 .debug_aranges
                0x00000210       0xb0 .\CortexM3\ARM_GCC_493\Debug\Hummingbird(Continuous Output).a(USB.o)
 .debug_aranges
                0x000002c0       0x98 .\CortexM3\ARM_GCC_493\Debug\Hummingbird(Continuous Output).a(USB_drv.o)
 .debug_aranges
                0x00000358       0x38 .\CortexM3\ARM_GCC_493\Debug\Hummingbird(Continuous Output).a(USB_episr.o)
 .debug_aranges
                0x00000390       0x80 .\CortexM3\ARM_GCC_493\Debug\Hummingbird(Continuous Output).a(USB_std.o)
 .debug_aranges
                0x00000410       0x20 .\CortexM3\ARM_GCC_493\Debug\Hummingbird(Continuous Output).a(USB_vnd.o)
 .debug_aranges
                0x00000430       0x78 .\CortexM3\ARM_GCC_493\Debug\Hummingbird(Continuous Output).a(USB_midi.o)
 .debug_aranges
                0x000004a8       0xd8 .\CortexM3\ARM_GCC_493\Debug\Hummingbird(Continuous Output).a(CyDmac.o)
 .debug_aranges
                0x00000580      0x208 .\CortexM3\ARM_GCC_493\Debug\Hummingbird(Continuous Output).a(CyLib.o)
 .debug_aranges
                0x00000788       0x70 .\CortexM3\ARM_GCC_493\Debug\Hummingbird(Continuous Output).a(cyPm.o)
 .debug_aranges
                0x000007f8       0x80 .\CortexM3\ARM_GCC_493\Debug\Hummingbird(Continuous Output).a(isr_1.o)
 .debug_aranges
                0x00000878       0x80 .\CortexM3\ARM_GCC_493\Debug\Hummingbird(Continuous Output).a(UI_isr.o)
 .debug_aranges
                0x000008f8       0x38 .\CortexM3\ARM_GCC_493\Debug\Hummingbird(Continuous Output).a(I2C_CharLCD.o)
 .debug_aranges
                0x00000930       0x20 .\CortexM3\ARM_GCC_493\Debug\Hummingbird(Continuous Output).a(I2C_CharLCD_INT.o)
 .debug_aranges
                0x00000950       0x38 .\CortexM3\ARM_GCC_493\Debug\Hummingbird(Continuous Output).a(I2C_CharLCD_PM.o)
 .debug_aranges
                0x00000988       0x80 .\CortexM3\ARM_GCC_493\Debug\Hummingbird(Continuous Output).a(I2C_CharLCD_MASTER.o)
 .debug_aranges
                0x00000a08       0x88 .\CortexM3\ARM_GCC_493\Debug\Hummingbird(Continuous Output).a(CharLCD_I2C.o)
 .debug_aranges
                0x00000a90       0xa0 .\CortexM3\ARM_GCC_493\Debug\Hummingbird(Continuous Output).a(ADC_MIC.o)
 .debug_aranges
                0x00000b30       0x20 .\CortexM3\ARM_GCC_493\Debug\Hummingbird(Continuous Output).a(ADC_MIC_INT.o)
 .debug_aranges
                0x00000b50       0x90 .\CortexM3\ARM_GCC_493\Debug\Hummingbird(Continuous Output).a(TIMER_SAMPLERATE.o)
 .debug_aranges
                0x00000be0       0xa0 .\CortexM3\ARM_GCC_493\Debug\Hummingbird(Continuous Output).a(ADC_UI.o)
 .debug_aranges
                0x00000c80       0x20 .\CortexM3\ARM_GCC_493\Debug\Hummingbird(Continuous Output).a(ADC_UI_INT.o)
 .debug_aranges
                0x00000ca0       0x90 .\CortexM3\ARM_GCC_493\Debug\Hummingbird(Continuous Output).a(TIMER_UI.o)
 .debug_aranges
                0x00000d30       0x70 .\CortexM3\ARM_GCC_493\Debug\Hummingbird(Continuous Output).a(ADC_MIC_theACLK.o)
 .debug_aranges
                0x00000da0       0xa0 .\CortexM3\ARM_GCC_493\Debug\Hummingbird(Continuous Output).a(ADC_UI_SAR.o)
 .debug_aranges
                0x00000e40       0x28 .\CortexM3\ARM_GCC_493\Debug\Hummingbird(Continuous Output).a(ADC_UI_TempBuf_dma.o)
 .debug_aranges
                0x00000e68       0x28 .\CortexM3\ARM_GCC_493\Debug\Hummingbird(Continuous Output).a(ADC_UI_FinalBuf_dma.o)
 .debug_aranges
                0x00000e90       0x80 .\CortexM3\ARM_GCC_493\Debug\Hummingbird(Continuous Output).a(ADC_UI_IRQ.o)
 .debug_aranges
                0x00000f10       0xa0 .\CortexM3\ARM_GCC_493\Debug\Hummingbird(Continuous Output).a(UART_MIDITX.o)
 .debug_aranges
                0x00000fb0       0x20 .\CortexM3\ARM_GCC_493\Debug\Hummingbird(Continuous Output).a(CyBootAsmGnu.o)
 .debug_aranges
                0x00000fd0      0x110 .\CortexM3\ARM_GCC_493\Debug\Hummingbird(Continuous Output).a(MIDI1_UART.o)
 .debug_aranges
                0x000010e0      0x110 .\CortexM3\ARM_GCC_493\Debug\Hummingbird(Continuous Output).a(MIDI2_UART.o)
 .debug_aranges
                0x000011f0       0x20 .\CortexM3\ARM_GCC_493\Debug\Hummingbird(Continuous Output).a(USB_cls.o)
 .debug_aranges
                0x00001210       0x18 .\CortexM3\ARM_GCC_493\Debug\Hummingbird(Continuous Output).a(USB_descr.o)
 .debug_aranges
                0x00001228       0x78 .\CortexM3\ARM_GCC_493\Debug\Hummingbird(Continuous Output).a(CyFlash.o)
 .debug_aranges
                0x000012a0       0x68 .\CortexM3\ARM_GCC_493\Debug\Hummingbird(Continuous Output).a(CySpc.o)
 .debug_aranges
                0x00001308       0x20 .\CortexM3\ARM_GCC_493\Debug\Hummingbird(Continuous Output).a(cyutils.o)
 .debug_aranges
                0x00001328       0x28 .\CortexM3\ARM_GCC_493\Debug\Hummingbird(Continuous Output).a(MIDI1_UART_INT.o)
 .debug_aranges
                0x00001350       0x28 .\CortexM3\ARM_GCC_493\Debug\Hummingbird(Continuous Output).a(MIDI2_UART_INT.o)
 .debug_aranges
                0x00001378       0x20 .\CortexM3\ARM_GCC_493\Debug\Hummingbird(Continuous Output).a(USB_audio.o)

.debug_pubnames
 *(.debug_pubnames)

.debug_info     0x00000000     0xf1a9
 *(.debug_info .gnu.linkonce.wi.*)
 .debug_info    0x00000000      0xc64 .\CortexM3\ARM_GCC_493\Debug\main.o
 .debug_info    0x00000c64      0xee7 .\CortexM3\ARM_GCC_493\Debug\fft.o
 .debug_info    0x00001b4b      0x6d4 .\CortexM3\ARM_GCC_493\Debug\midi.o
 .debug_info    0x0000221f      0x43a .\CortexM3\ARM_GCC_493\Debug\pitch.o
 .debug_info    0x00002659      0xba1 .\CortexM3\ARM_GCC_493\Debug\hbird.o
 .debug_info    0x000031fa      0x13e .\CortexM3\ARM_GCC_493\Debug\cymetadata.o
 .debug_info    0x00003338      0x315 .\CortexM3\ARM_GCC_493\Debug\Cm3Start.o
 .debug_info    0x0000364d      0x691 .\CortexM3\ARM_GCC_493\Debug\Hummingbird(Continuous Output).a(cyfitter_cfg.o)
 .debug_info    0x00003cde      0x855 .\CortexM3\ARM_GCC_493\Debug\Hummingbird(Continuous Output).a(USB.o)
 .debug_info    0x00004533      0x6a7 .\CortexM3\ARM_GCC_493\Debug\Hummingbird(Continuous Output).a(USB_drv.o)
 .debug_info    0x00004bda      0x1a9 .\CortexM3\ARM_GCC_493\Debug\Hummingbird(Continuous Output).a(USB_episr.o)
 .debug_info    0x00004d83      0xb2f .\CortexM3\ARM_GCC_493\Debug\Hummingbird(Continuous Output).a(USB_std.o)
 .debug_info    0x000058b2      0x18b .\CortexM3\ARM_GCC_493\Debug\Hummingbird(Continuous Output).a(USB_vnd.o)
 .debug_info    0x00005a3d      0x96e .\CortexM3\ARM_GCC_493\Debug\Hummingbird(Continuous Output).a(USB_midi.o)
 .debug_info    0x000063ab      0x94e .\CortexM3\ARM_GCC_493\Debug\Hummingbird(Continuous Output).a(CyDmac.o)
 .debug_info    0x00006cf9     0x1125 .\CortexM3\ARM_GCC_493\Debug\Hummingbird(Continuous Output).a(CyLib.o)
 .debug_info    0x00007e1e      0x9c6 .\CortexM3\ARM_GCC_493\Debug\Hummingbird(Continuous Output).a(cyPm.o)
 .debug_info    0x000087e4      0x36f .\CortexM3\ARM_GCC_493\Debug\Hummingbird(Continuous Output).a(isr_1.o)
 .debug_info    0x00008b53      0x36f .\CortexM3\ARM_GCC_493\Debug\Hummingbird(Continuous Output).a(UI_isr.o)
 .debug_info    0x00008ec2      0x2d0 .\CortexM3\ARM_GCC_493\Debug\Hummingbird(Continuous Output).a(I2C_CharLCD.o)
 .debug_info    0x00009192      0x166 .\CortexM3\ARM_GCC_493\Debug\Hummingbird(Continuous Output).a(I2C_CharLCD_INT.o)
 .debug_info    0x000092f8      0x224 .\CortexM3\ARM_GCC_493\Debug\Hummingbird(Continuous Output).a(I2C_CharLCD_PM.o)
 .debug_info    0x0000951c      0x400 .\CortexM3\ARM_GCC_493\Debug\Hummingbird(Continuous Output).a(I2C_CharLCD_MASTER.o)
 .debug_info    0x0000991c      0x77d .\CortexM3\ARM_GCC_493\Debug\Hummingbird(Continuous Output).a(CharLCD_I2C.o)
 .debug_info    0x0000a099      0x60c .\CortexM3\ARM_GCC_493\Debug\Hummingbird(Continuous Output).a(ADC_MIC.o)
 .debug_info    0x0000a6a5       0x92 .\CortexM3\ARM_GCC_493\Debug\Hummingbird(Continuous Output).a(ADC_MIC_INT.o)
 .debug_info    0x0000a737      0x40d .\CortexM3\ARM_GCC_493\Debug\Hummingbird(Continuous Output).a(TIMER_SAMPLERATE.o)
 .debug_info    0x0000ab44      0x7b9 .\CortexM3\ARM_GCC_493\Debug\Hummingbird(Continuous Output).a(ADC_UI.o)
 .debug_info    0x0000b2fd       0x99 .\CortexM3\ARM_GCC_493\Debug\Hummingbird(Continuous Output).a(ADC_UI_INT.o)
 .debug_info    0x0000b396      0x415 .\CortexM3\ARM_GCC_493\Debug\Hummingbird(Continuous Output).a(TIMER_UI.o)
 .debug_info    0x0000b7ab      0x297 .\CortexM3\ARM_GCC_493\Debug\Hummingbird(Continuous Output).a(ADC_MIC_theACLK.o)
 .debug_info    0x0000ba42      0x56a .\CortexM3\ARM_GCC_493\Debug\Hummingbird(Continuous Output).a(ADC_UI_SAR.o)
 .debug_info    0x0000bfac      0x1f8 .\CortexM3\ARM_GCC_493\Debug\Hummingbird(Continuous Output).a(ADC_UI_TempBuf_dma.o)
 .debug_info    0x0000c1a4      0x1f8 .\CortexM3\ARM_GCC_493\Debug\Hummingbird(Continuous Output).a(ADC_UI_FinalBuf_dma.o)
 .debug_info    0x0000c39c      0x36f .\CortexM3\ARM_GCC_493\Debug\Hummingbird(Continuous Output).a(ADC_UI_IRQ.o)
 .debug_info    0x0000c70b      0x47f .\CortexM3\ARM_GCC_493\Debug\Hummingbird(Continuous Output).a(UART_MIDITX.o)
 .debug_info    0x0000cb8a       0x99 .\CortexM3\ARM_GCC_493\Debug\Hummingbird(Continuous Output).a(CyBootAsmGnu.o)
 .debug_info    0x0000cc23      0x910 .\CortexM3\ARM_GCC_493\Debug\Hummingbird(Continuous Output).a(MIDI1_UART.o)
 .debug_info    0x0000d533      0x910 .\CortexM3\ARM_GCC_493\Debug\Hummingbird(Continuous Output).a(MIDI2_UART.o)
 .debug_info    0x0000de43      0x1ad .\CortexM3\ARM_GCC_493\Debug\Hummingbird(Continuous Output).a(USB_cls.o)
 .debug_info    0x0000dff0      0x2cf .\CortexM3\ARM_GCC_493\Debug\Hummingbird(Continuous Output).a(USB_descr.o)
 .debug_info    0x0000e2bf      0x624 .\CortexM3\ARM_GCC_493\Debug\Hummingbird(Continuous Output).a(CyFlash.o)
 .debug_info    0x0000e8e3      0x442 .\CortexM3\ARM_GCC_493\Debug\Hummingbird(Continuous Output).a(CySpc.o)
 .debug_info    0x0000ed25       0xec .\CortexM3\ARM_GCC_493\Debug\Hummingbird(Continuous Output).a(cyutils.o)
 .debug_info    0x0000ee11      0x162 .\CortexM3\ARM_GCC_493\Debug\Hummingbird(Continuous Output).a(MIDI1_UART_INT.o)
 .debug_info    0x0000ef73      0x162 .\CortexM3\ARM_GCC_493\Debug\Hummingbird(Continuous Output).a(MIDI2_UART_INT.o)
 .debug_info    0x0000f0d5       0xd4 .\CortexM3\ARM_GCC_493\Debug\Hummingbird(Continuous Output).a(USB_audio.o)

.debug_abbrev   0x00000000     0x4e7b
 *(.debug_abbrev)
 .debug_abbrev  0x00000000      0x267 .\CortexM3\ARM_GCC_493\Debug\main.o
 .debug_abbrev  0x00000267      0x31f .\CortexM3\ARM_GCC_493\Debug\fft.o
 .debug_abbrev  0x00000586      0x26f .\CortexM3\ARM_GCC_493\Debug\midi.o
 .debug_abbrev  0x000007f5      0x16b .\CortexM3\ARM_GCC_493\Debug\pitch.o
 .debug_abbrev  0x00000960      0x235 .\CortexM3\ARM_GCC_493\Debug\hbird.o
 .debug_abbrev  0x00000b95       0x77 .\CortexM3\ARM_GCC_493\Debug\cymetadata.o
 .debug_abbrev  0x00000c0c      0x199 .\CortexM3\ARM_GCC_493\Debug\Cm3Start.o
 .debug_abbrev  0x00000da5      0x26d .\CortexM3\ARM_GCC_493\Debug\Hummingbird(Continuous Output).a(cyfitter_cfg.o)
 .debug_abbrev  0x00001012      0x2e7 .\CortexM3\ARM_GCC_493\Debug\Hummingbird(Continuous Output).a(USB.o)
 .debug_abbrev  0x000012f9      0x24d .\CortexM3\ARM_GCC_493\Debug\Hummingbird(Continuous Output).a(USB_drv.o)
 .debug_abbrev  0x00001546       0xe6 .\CortexM3\ARM_GCC_493\Debug\Hummingbird(Continuous Output).a(USB_episr.o)
 .debug_abbrev  0x0000162c      0x2bd .\CortexM3\ARM_GCC_493\Debug\Hummingbird(Continuous Output).a(USB_std.o)
 .debug_abbrev  0x000018e9       0xd9 .\CortexM3\ARM_GCC_493\Debug\Hummingbird(Continuous Output).a(USB_vnd.o)
 .debug_abbrev  0x000019c2      0x243 .\CortexM3\ARM_GCC_493\Debug\Hummingbird(Continuous Output).a(USB_midi.o)
 .debug_abbrev  0x00001c05      0x1d4 .\CortexM3\ARM_GCC_493\Debug\Hummingbird(Continuous Output).a(CyDmac.o)
 .debug_abbrev  0x00001dd9      0x3cb .\CortexM3\ARM_GCC_493\Debug\Hummingbird(Continuous Output).a(CyLib.o)
 .debug_abbrev  0x000021a4      0x210 .\CortexM3\ARM_GCC_493\Debug\Hummingbird(Continuous Output).a(cyPm.o)
 .debug_abbrev  0x000023b4      0x1ff .\CortexM3\ARM_GCC_493\Debug\Hummingbird(Continuous Output).a(isr_1.o)
 .debug_abbrev  0x000025b3      0x1ff .\CortexM3\ARM_GCC_493\Debug\Hummingbird(Continuous Output).a(UI_isr.o)
 .debug_abbrev  0x000027b2      0x168 .\CortexM3\ARM_GCC_493\Debug\Hummingbird(Continuous Output).a(I2C_CharLCD.o)
 .debug_abbrev  0x0000291a       0xb0 .\CortexM3\ARM_GCC_493\Debug\Hummingbird(Continuous Output).a(I2C_CharLCD_INT.o)
 .debug_abbrev  0x000029ca      0x172 .\CortexM3\ARM_GCC_493\Debug\Hummingbird(Continuous Output).a(I2C_CharLCD_PM.o)
 .debug_abbrev  0x00002b3c      0x12d .\CortexM3\ARM_GCC_493\Debug\Hummingbird(Continuous Output).a(I2C_CharLCD_MASTER.o)
 .debug_abbrev  0x00002c69      0x216 .\CortexM3\ARM_GCC_493\Debug\Hummingbird(Continuous Output).a(CharLCD_I2C.o)
 .debug_abbrev  0x00002e7f      0x227 .\CortexM3\ARM_GCC_493\Debug\Hummingbird(Continuous Output).a(ADC_MIC.o)
 .debug_abbrev  0x000030a6       0x42 .\CortexM3\ARM_GCC_493\Debug\Hummingbird(Continuous Output).a(ADC_MIC_INT.o)
 .debug_abbrev  0x000030e8      0x23b .\CortexM3\ARM_GCC_493\Debug\Hummingbird(Continuous Output).a(TIMER_SAMPLERATE.o)
 .debug_abbrev  0x00003323      0x1d9 .\CortexM3\ARM_GCC_493\Debug\Hummingbird(Continuous Output).a(ADC_UI.o)
 .debug_abbrev  0x000034fc       0x42 .\CortexM3\ARM_GCC_493\Debug\Hummingbird(Continuous Output).a(ADC_UI_INT.o)
 .debug_abbrev  0x0000353e      0x23b .\CortexM3\ARM_GCC_493\Debug\Hummingbird(Continuous Output).a(TIMER_UI.o)
 .debug_abbrev  0x00003779      0x142 .\CortexM3\ARM_GCC_493\Debug\Hummingbird(Continuous Output).a(ADC_MIC_theACLK.o)
 .debug_abbrev  0x000038bb      0x23c .\CortexM3\ARM_GCC_493\Debug\Hummingbird(Continuous Output).a(ADC_UI_SAR.o)
 .debug_abbrev  0x00003af7       0xee .\CortexM3\ARM_GCC_493\Debug\Hummingbird(Continuous Output).a(ADC_UI_TempBuf_dma.o)
 .debug_abbrev  0x00003be5       0xee .\CortexM3\ARM_GCC_493\Debug\Hummingbird(Continuous Output).a(ADC_UI_FinalBuf_dma.o)
 .debug_abbrev  0x00003cd3      0x1ff .\CortexM3\ARM_GCC_493\Debug\Hummingbird(Continuous Output).a(ADC_UI_IRQ.o)
 .debug_abbrev  0x00003ed2      0x1fa .\CortexM3\ARM_GCC_493\Debug\Hummingbird(Continuous Output).a(UART_MIDITX.o)
 .debug_abbrev  0x000040cc       0x14 .\CortexM3\ARM_GCC_493\Debug\Hummingbird(Continuous Output).a(CyBootAsmGnu.o)
 .debug_abbrev  0x000040e0      0x28d .\CortexM3\ARM_GCC_493\Debug\Hummingbird(Continuous Output).a(MIDI1_UART.o)
 .debug_abbrev  0x0000436d      0x28d .\CortexM3\ARM_GCC_493\Debug\Hummingbird(Continuous Output).a(MIDI2_UART.o)
 .debug_abbrev  0x000045fa       0xe8 .\CortexM3\ARM_GCC_493\Debug\Hummingbird(Continuous Output).a(USB_cls.o)
 .debug_abbrev  0x000046e2       0xa7 .\CortexM3\ARM_GCC_493\Debug\Hummingbird(Continuous Output).a(USB_descr.o)
 .debug_abbrev  0x00004789      0x2f9 .\CortexM3\ARM_GCC_493\Debug\Hummingbird(Continuous Output).a(CyFlash.o)
 .debug_abbrev  0x00004a82      0x1b1 .\CortexM3\ARM_GCC_493\Debug\Hummingbird(Continuous Output).a(CySpc.o)
 .debug_abbrev  0x00004c33       0x8e .\CortexM3\ARM_GCC_493\Debug\Hummingbird(Continuous Output).a(cyutils.o)
 .debug_abbrev  0x00004cc1       0xa2 .\CortexM3\ARM_GCC_493\Debug\Hummingbird(Continuous Output).a(MIDI1_UART_INT.o)
 .debug_abbrev  0x00004d63       0xa2 .\CortexM3\ARM_GCC_493\Debug\Hummingbird(Continuous Output).a(MIDI2_UART_INT.o)
 .debug_abbrev  0x00004e05       0x76 .\CortexM3\ARM_GCC_493\Debug\Hummingbird(Continuous Output).a(USB_audio.o)

.debug_line     0x00000000     0x653f
 *(.debug_line)
 .debug_line    0x00000000      0x368 .\CortexM3\ARM_GCC_493\Debug\main.o
 .debug_line    0x00000368      0x409 .\CortexM3\ARM_GCC_493\Debug\fft.o
 .debug_line    0x00000771      0x3b8 .\CortexM3\ARM_GCC_493\Debug\midi.o
 .debug_line    0x00000b29      0x2cc .\CortexM3\ARM_GCC_493\Debug\pitch.o
 .debug_line    0x00000df5      0x2eb .\CortexM3\ARM_GCC_493\Debug\hbird.o
 .debug_line    0x000010e0       0x51 .\CortexM3\ARM_GCC_493\Debug\cymetadata.o
 .debug_line    0x00001131      0x1b5 .\CortexM3\ARM_GCC_493\Debug\Cm3Start.o
 .debug_line    0x000012e6      0x24a .\CortexM3\ARM_GCC_493\Debug\Hummingbird(Continuous Output).a(cyfitter_cfg.o)
 .debug_line    0x00001530      0x322 .\CortexM3\ARM_GCC_493\Debug\Hummingbird(Continuous Output).a(USB.o)
 .debug_line    0x00001852      0x323 .\CortexM3\ARM_GCC_493\Debug\Hummingbird(Continuous Output).a(USB_drv.o)
 .debug_line    0x00001b75       0xba .\CortexM3\ARM_GCC_493\Debug\Hummingbird(Continuous Output).a(USB_episr.o)
 .debug_line    0x00001c2f      0x570 .\CortexM3\ARM_GCC_493\Debug\Hummingbird(Continuous Output).a(USB_std.o)
 .debug_line    0x0000219f       0x7f .\CortexM3\ARM_GCC_493\Debug\Hummingbird(Continuous Output).a(USB_vnd.o)
 .debug_line    0x0000221e      0x4c8 .\CortexM3\ARM_GCC_493\Debug\Hummingbird(Continuous Output).a(USB_midi.o)
 .debug_line    0x000026e6      0x31f .\CortexM3\ARM_GCC_493\Debug\Hummingbird(Continuous Output).a(CyDmac.o)
 .debug_line    0x00002a05      0x830 .\CortexM3\ARM_GCC_493\Debug\Hummingbird(Continuous Output).a(CyLib.o)
 .debug_line    0x00003235      0x4fe .\CortexM3\ARM_GCC_493\Debug\Hummingbird(Continuous Output).a(cyPm.o)
 .debug_line    0x00003733      0x1a0 .\CortexM3\ARM_GCC_493\Debug\Hummingbird(Continuous Output).a(isr_1.o)
 .debug_line    0x000038d3      0x1a1 .\CortexM3\ARM_GCC_493\Debug\Hummingbird(Continuous Output).a(UI_isr.o)
 .debug_line    0x00003a74      0x140 .\CortexM3\ARM_GCC_493\Debug\Hummingbird(Continuous Output).a(I2C_CharLCD.o)
 .debug_line    0x00003bb4      0x147 .\CortexM3\ARM_GCC_493\Debug\Hummingbird(Continuous Output).a(I2C_CharLCD_INT.o)
 .debug_line    0x00003cfb       0xf7 .\CortexM3\ARM_GCC_493\Debug\Hummingbird(Continuous Output).a(I2C_CharLCD_PM.o)
 .debug_line    0x00003df2      0x29e .\CortexM3\ARM_GCC_493\Debug\Hummingbird(Continuous Output).a(I2C_CharLCD_MASTER.o)
 .debug_line    0x00004090      0x200 .\CortexM3\ARM_GCC_493\Debug\Hummingbird(Continuous Output).a(CharLCD_I2C.o)
 .debug_line    0x00004290      0x258 .\CortexM3\ARM_GCC_493\Debug\Hummingbird(Continuous Output).a(ADC_MIC.o)
 .debug_line    0x000044e8       0x54 .\CortexM3\ARM_GCC_493\Debug\Hummingbird(Continuous Output).a(ADC_MIC_INT.o)
 .debug_line    0x0000453c      0x1aa .\CortexM3\ARM_GCC_493\Debug\Hummingbird(Continuous Output).a(TIMER_SAMPLERATE.o)
 .debug_line    0x000046e6      0x232 .\CortexM3\ARM_GCC_493\Debug\Hummingbird(Continuous Output).a(ADC_UI.o)
 .debug_line    0x00004918       0x53 .\CortexM3\ARM_GCC_493\Debug\Hummingbird(Continuous Output).a(ADC_UI_INT.o)
 .debug_line    0x0000496b      0x1a3 .\CortexM3\ARM_GCC_493\Debug\Hummingbird(Continuous Output).a(TIMER_UI.o)
 .debug_line    0x00004b0e      0x1e8 .\CortexM3\ARM_GCC_493\Debug\Hummingbird(Continuous Output).a(ADC_MIC_theACLK.o)
 .debug_line    0x00004cf6      0x254 .\CortexM3\ARM_GCC_493\Debug\Hummingbird(Continuous Output).a(ADC_UI_SAR.o)
 .debug_line    0x00004f4a       0x8d .\CortexM3\ARM_GCC_493\Debug\Hummingbird(Continuous Output).a(ADC_UI_TempBuf_dma.o)
 .debug_line    0x00004fd7       0x8e .\CortexM3\ARM_GCC_493\Debug\Hummingbird(Continuous Output).a(ADC_UI_FinalBuf_dma.o)
 .debug_line    0x00005065      0x1a5 .\CortexM3\ARM_GCC_493\Debug\Hummingbird(Continuous Output).a(ADC_UI_IRQ.o)
 .debug_line    0x0000520a      0x25e .\CortexM3\ARM_GCC_493\Debug\Hummingbird(Continuous Output).a(UART_MIDITX.o)
 .debug_line    0x00005468       0x66 .\CortexM3\ARM_GCC_493\Debug\Hummingbird(Continuous Output).a(CyBootAsmGnu.o)
 .debug_line    0x000054ce      0x495 .\CortexM3\ARM_GCC_493\Debug\Hummingbird(Continuous Output).a(MIDI1_UART.o)
 .debug_line    0x00005963      0x495 .\CortexM3\ARM_GCC_493\Debug\Hummingbird(Continuous Output).a(MIDI2_UART.o)
 .debug_line    0x00005df8       0x8d .\CortexM3\ARM_GCC_493\Debug\Hummingbird(Continuous Output).a(USB_cls.o)
 .debug_line    0x00005e85       0x59 .\CortexM3\ARM_GCC_493\Debug\Hummingbird(Continuous Output).a(USB_descr.o)
 .debug_line    0x00005ede      0x1dc .\CortexM3\ARM_GCC_493\Debug\Hummingbird(Continuous Output).a(CyFlash.o)
 .debug_line    0x000060ba      0x200 .\CortexM3\ARM_GCC_493\Debug\Hummingbird(Continuous Output).a(CySpc.o)
 .debug_line    0x000062ba       0x63 .\CortexM3\ARM_GCC_493\Debug\Hummingbird(Continuous Output).a(cyutils.o)
 .debug_line    0x0000631d       0xcf .\CortexM3\ARM_GCC_493\Debug\Hummingbird(Continuous Output).a(MIDI1_UART_INT.o)
 .debug_line    0x000063ec       0xcf .\CortexM3\ARM_GCC_493\Debug\Hummingbird(Continuous Output).a(MIDI2_UART_INT.o)
 .debug_line    0x000064bb       0x84 .\CortexM3\ARM_GCC_493\Debug\Hummingbird(Continuous Output).a(USB_audio.o)

.debug_frame    0x00000000     0x4224
 *(.debug_frame)
 .debug_frame   0x00000000       0xac .\CortexM3\ARM_GCC_493\Debug\main.o
 .debug_frame   0x000000ac      0x21c .\CortexM3\ARM_GCC_493\Debug\fft.o
 .debug_frame   0x000002c8      0x158 .\CortexM3\ARM_GCC_493\Debug\midi.o
 .debug_frame   0x00000420       0xdc .\CortexM3\ARM_GCC_493\Debug\pitch.o
 .debug_frame   0x000004fc      0x11c .\CortexM3\ARM_GCC_493\Debug\hbird.o
 .debug_frame   0x00000618       0x84 .\CortexM3\ARM_GCC_493\Debug\Cm3Start.o
 .debug_frame   0x0000069c       0x54 .\CortexM3\ARM_GCC_493\Debug\Hummingbird(Continuous Output).a(cyfitter_cfg.o)
 .debug_frame   0x000006f0      0x21c .\CortexM3\ARM_GCC_493\Debug\Hummingbird(Continuous Output).a(USB.o)
 .debug_frame   0x0000090c      0x1f0 .\CortexM3\ARM_GCC_493\Debug\Hummingbird(Continuous Output).a(USB_drv.o)
 .debug_frame   0x00000afc       0x50 .\CortexM3\ARM_GCC_493\Debug\Hummingbird(Continuous Output).a(USB_episr.o)
 .debug_frame   0x00000b4c      0x2e0 .\CortexM3\ARM_GCC_493\Debug\Hummingbird(Continuous Output).a(USB_std.o)
 .debug_frame   0x00000e2c       0x20 .\CortexM3\ARM_GCC_493\Debug\Hummingbird(Continuous Output).a(USB_vnd.o)
 .debug_frame   0x00000e4c      0x254 .\CortexM3\ARM_GCC_493\Debug\Hummingbird(Continuous Output).a(USB_midi.o)
 .debug_frame   0x000010a0      0x264 .\CortexM3\ARM_GCC_493\Debug\Hummingbird(Continuous Output).a(CyDmac.o)
 .debug_frame   0x00001304      0x570 .\CortexM3\ARM_GCC_493\Debug\Hummingbird(Continuous Output).a(CyLib.o)
 .debug_frame   0x00001874      0x1e8 .\CortexM3\ARM_GCC_493\Debug\Hummingbird(Continuous Output).a(cyPm.o)
 .debug_frame   0x00001a5c      0x110 .\CortexM3\ARM_GCC_493\Debug\Hummingbird(Continuous Output).a(isr_1.o)
 .debug_frame   0x00001b6c      0x110 .\CortexM3\ARM_GCC_493\Debug\Hummingbird(Continuous Output).a(UI_isr.o)
 .debug_frame   0x00001c7c       0xa4 .\CortexM3\ARM_GCC_493\Debug\Hummingbird(Continuous Output).a(I2C_CharLCD.o)
 .debug_frame   0x00001d20       0x38 .\CortexM3\ARM_GCC_493\Debug\Hummingbird(Continuous Output).a(I2C_CharLCD_INT.o)
 .debug_frame   0x00001d58       0x94 .\CortexM3\ARM_GCC_493\Debug\Hummingbird(Continuous Output).a(I2C_CharLCD_PM.o)
 .debug_frame   0x00001dec      0x21c .\CortexM3\ARM_GCC_493\Debug\Hummingbird(Continuous Output).a(I2C_CharLCD_MASTER.o)
 .debug_frame   0x00002008      0x1b8 .\CortexM3\ARM_GCC_493\Debug\Hummingbird(Continuous Output).a(CharLCD_I2C.o)
 .debug_frame   0x000021c0      0x1b4 .\CortexM3\ARM_GCC_493\Debug\Hummingbird(Continuous Output).a(ADC_MIC.o)
 .debug_frame   0x00002374       0x20 .\CortexM3\ARM_GCC_493\Debug\Hummingbird(Continuous Output).a(ADC_MIC_INT.o)
 .debug_frame   0x00002394      0x118 .\CortexM3\ARM_GCC_493\Debug\Hummingbird(Continuous Output).a(TIMER_SAMPLERATE.o)
 .debug_frame   0x000024ac      0x180 .\CortexM3\ARM_GCC_493\Debug\Hummingbird(Continuous Output).a(ADC_UI.o)
 .debug_frame   0x0000262c       0x20 .\CortexM3\ARM_GCC_493\Debug\Hummingbird(Continuous Output).a(ADC_UI_INT.o)
 .debug_frame   0x0000264c      0x118 .\CortexM3\ARM_GCC_493\Debug\Hummingbird(Continuous Output).a(TIMER_UI.o)
 .debug_frame   0x00002764       0xec .\CortexM3\ARM_GCC_493\Debug\Hummingbird(Continuous Output).a(ADC_MIC_theACLK.o)
 .debug_frame   0x00002850      0x1b8 .\CortexM3\ARM_GCC_493\Debug\Hummingbird(Continuous Output).a(ADC_UI_SAR.o)
 .debug_frame   0x00002a08       0x4c .\CortexM3\ARM_GCC_493\Debug\Hummingbird(Continuous Output).a(ADC_UI_TempBuf_dma.o)
 .debug_frame   0x00002a54       0x48 .\CortexM3\ARM_GCC_493\Debug\Hummingbird(Continuous Output).a(ADC_UI_FinalBuf_dma.o)
 .debug_frame   0x00002a9c      0x110 .\CortexM3\ARM_GCC_493\Debug\Hummingbird(Continuous Output).a(ADC_UI_IRQ.o)
 .debug_frame   0x00002bac      0x1c8 .\CortexM3\ARM_GCC_493\Debug\Hummingbird(Continuous Output).a(UART_MIDITX.o)
 .debug_frame   0x00002d74      0x330 .\CortexM3\ARM_GCC_493\Debug\Hummingbird(Continuous Output).a(MIDI1_UART.o)
 .debug_frame   0x000030a4      0x330 .\CortexM3\ARM_GCC_493\Debug\Hummingbird(Continuous Output).a(MIDI2_UART.o)
 .debug_frame   0x000033d4       0x20 .\CortexM3\ARM_GCC_493\Debug\Hummingbird(Continuous Output).a(USB_cls.o)
 .debug_frame   0x000033f4      0x184 .\CortexM3\ARM_GCC_493\Debug\Hummingbird(Continuous Output).a(CyFlash.o)
 .debug_frame   0x00003578      0x1a8 .\CortexM3\ARM_GCC_493\Debug\Hummingbird(Continuous Output).a(CySpc.o)
 .debug_frame   0x00003720       0x20 .\CortexM3\ARM_GCC_493\Debug\Hummingbird(Continuous Output).a(cyutils.o)
 .debug_frame   0x00003740       0x7c .\CortexM3\ARM_GCC_493\Debug\Hummingbird(Continuous Output).a(MIDI1_UART_INT.o)
 .debug_frame   0x000037bc       0x7c .\CortexM3\ARM_GCC_493\Debug\Hummingbird(Continuous Output).a(MIDI2_UART_INT.o)
 .debug_frame   0x00003838       0x20 .\CortexM3\ARM_GCC_493\Debug\Hummingbird(Continuous Output).a(USB_audio.o)
 .debug_frame   0x00003858       0x38 c:/program files (x86)/cypress/psoc creator/4.0/psoc creator/import/gnu/arm/4.9.3/bin/../lib/gcc/arm-none-eabi/4.9.3/../../../../arm-none-eabi/lib/armv7-m\libm.a(lib_a-s_cos.o)
 .debug_frame   0x00003890       0x30 c:/program files (x86)/cypress/psoc creator/4.0/psoc creator/import/gnu/arm/4.9.3/bin/../lib/gcc/arm-none-eabi/4.9.3/../../../../arm-none-eabi/lib/armv7-m\libm.a(lib_a-s_round.o)
 .debug_frame   0x000038c0       0x38 c:/program files (x86)/cypress/psoc creator/4.0/psoc creator/import/gnu/arm/4.9.3/bin/../lib/gcc/arm-none-eabi/4.9.3/../../../../arm-none-eabi/lib/armv7-m\libm.a(lib_a-s_sin.o)
 .debug_frame   0x000038f8       0x40 c:/program files (x86)/cypress/psoc creator/4.0/psoc creator/import/gnu/arm/4.9.3/bin/../lib/gcc/arm-none-eabi/4.9.3/../../../../arm-none-eabi/lib/armv7-m\libm.a(lib_a-w_log.o)
 .debug_frame   0x00003938       0x44 c:/program files (x86)/cypress/psoc creator/4.0/psoc creator/import/gnu/arm/4.9.3/bin/../lib/gcc/arm-none-eabi/4.9.3/../../../../arm-none-eabi/lib/armv7-m\libm.a(lib_a-w_pow.o)
 .debug_frame   0x0000397c       0x54 c:/program files (x86)/cypress/psoc creator/4.0/psoc creator/import/gnu/arm/4.9.3/bin/../lib/gcc/arm-none-eabi/4.9.3/../../../../arm-none-eabi/lib/armv7-m\libm.a(lib_a-e_log.o)
 .debug_frame   0x000039d0       0x64 c:/program files (x86)/cypress/psoc creator/4.0/psoc creator/import/gnu/arm/4.9.3/bin/../lib/gcc/arm-none-eabi/4.9.3/../../../../arm-none-eabi/lib/armv7-m\libm.a(lib_a-e_pow.o)
 .debug_frame   0x00003a34       0x48 c:/program files (x86)/cypress/psoc creator/4.0/psoc creator/import/gnu/arm/4.9.3/bin/../lib/gcc/arm-none-eabi/4.9.3/../../../../arm-none-eabi/lib/armv7-m\libm.a(lib_a-e_rem_pio2.o)
 .debug_frame   0x00003a7c       0x30 c:/program files (x86)/cypress/psoc creator/4.0/psoc creator/import/gnu/arm/4.9.3/bin/../lib/gcc/arm-none-eabi/4.9.3/../../../../arm-none-eabi/lib/armv7-m\libm.a(lib_a-e_sqrt.o)
 .debug_frame   0x00003aac       0x4c c:/program files (x86)/cypress/psoc creator/4.0/psoc creator/import/gnu/arm/4.9.3/bin/../lib/gcc/arm-none-eabi/4.9.3/../../../../arm-none-eabi/lib/armv7-m\libm.a(lib_a-k_cos.o)
 .debug_frame   0x00003af8       0x54 c:/program files (x86)/cypress/psoc creator/4.0/psoc creator/import/gnu/arm/4.9.3/bin/../lib/gcc/arm-none-eabi/4.9.3/../../../../arm-none-eabi/lib/armv7-m\libm.a(lib_a-k_rem_pio2.o)