Archive member included because of file (symbol)

.\CortexM3\ARM_GCC_493\Debug\Hummingbird(Audio+PDA+MIDI)(3-2-17).a(MIDI1_UART_PM.o)
                              .\CortexM3\ARM_GCC_493\Debug\main.o (MIDI1_UART_Sleep)
.\CortexM3\ARM_GCC_493\Debug\Hummingbird(Audio+PDA+MIDI)(3-2-17).a(MIDI2_UART_PM.o)
                              .\CortexM3\ARM_GCC_493\Debug\main.o (MIDI2_UART_Sleep)
.\CortexM3\ARM_GCC_493\Debug\Hummingbird(Audio+PDA+MIDI)(3-2-17).a(cyfitter_cfg.o)
                              .\CortexM3\ARM_GCC_493\Debug\Cm3Start.o (cyfitter_cfg)
.\CortexM3\ARM_GCC_493\Debug\Hummingbird(Audio+PDA+MIDI)(3-2-17).a(SleepTimer.o)
                              .\CortexM3\ARM_GCC_493\Debug\main.o (SleepTimer_Start)
.\CortexM3\ARM_GCC_493\Debug\Hummingbird(Audio+PDA+MIDI)(3-2-17).a(MIDI_PWR.o)
                              .\CortexM3\ARM_GCC_493\Debug\main.o (MIDI_PWR_Write)
.\CortexM3\ARM_GCC_493\Debug\Hummingbird(Audio+PDA+MIDI)(3-2-17).a(USB.o)
                              .\CortexM3\ARM_GCC_493\Debug\main.o (USB_Start)
.\CortexM3\ARM_GCC_493\Debug\Hummingbird(Audio+PDA+MIDI)(3-2-17).a(USB_drv.o)
                              .\CortexM3\ARM_GCC_493\Debug\Hummingbird(Audio+PDA+MIDI)(3-2-17).a(USB.o) (USB_EP)
.\CortexM3\ARM_GCC_493\Debug\Hummingbird(Audio+PDA+MIDI)(3-2-17).a(USB_episr.o)
                              .\CortexM3\ARM_GCC_493\Debug\Hummingbird(Audio+PDA+MIDI)(3-2-17).a(USB.o) (USB_EP_1_ISR)
.\CortexM3\ARM_GCC_493\Debug\Hummingbird(Audio+PDA+MIDI)(3-2-17).a(USB_pm.o)
                              .\CortexM3\ARM_GCC_493\Debug\main.o (USB_Suspend)
.\CortexM3\ARM_GCC_493\Debug\Hummingbird(Audio+PDA+MIDI)(3-2-17).a(USB_std.o)
                              .\CortexM3\ARM_GCC_493\Debug\Hummingbird(Audio+PDA+MIDI)(3-2-17).a(USB_drv.o) (USB_HandleStandardRqst)
.\CortexM3\ARM_GCC_493\Debug\Hummingbird(Audio+PDA+MIDI)(3-2-17).a(USB_vnd.o)
                              .\CortexM3\ARM_GCC_493\Debug\Hummingbird(Audio+PDA+MIDI)(3-2-17).a(USB_drv.o) (USB_HandleVendorRqst)
.\CortexM3\ARM_GCC_493\Debug\Hummingbird(Audio+PDA+MIDI)(3-2-17).a(USB_midi.o)
                              .\CortexM3\ARM_GCC_493\Debug\Hummingbird(Audio+PDA+MIDI)(3-2-17).a(USB_std.o) (USB_midi_in_ep)
.\CortexM3\ARM_GCC_493\Debug\Hummingbird(Audio+PDA+MIDI)(3-2-17).a(Sleep_isr.o)
                              .\CortexM3\ARM_GCC_493\Debug\main.o (Sleep_isr_StartEx)
.\CortexM3\ARM_GCC_493\Debug\Hummingbird(Audio+PDA+MIDI)(3-2-17).a(CyDmac.o)
                              .\CortexM3\ARM_GCC_493\Debug\Cm3Start.o (CyDmacConfigure)
.\CortexM3\ARM_GCC_493\Debug\Hummingbird(Audio+PDA+MIDI)(3-2-17).a(CyLib.o)
                              .\CortexM3\ARM_GCC_493\Debug\Cm3Start.o (CyResetStatus)
.\CortexM3\ARM_GCC_493\Debug\Hummingbird(Audio+PDA+MIDI)(3-2-17).a(cyPm.o)
                              .\CortexM3\ARM_GCC_493\Debug\main.o (CyPmSaveClocks)
.\CortexM3\ARM_GCC_493\Debug\Hummingbird(Audio+PDA+MIDI)(3-2-17).a(LCD_Char_1.o)
                              .\CortexM3\ARM_GCC_493\Debug\main.o (LCD_Char_1_WriteControl)
.\CortexM3\ARM_GCC_493\Debug\Hummingbird(Audio+PDA+MIDI)(3-2-17).a(ADC_SAR_1.o)
                              .\CortexM3\ARM_GCC_493\Debug\main.o (ADC_SAR_1_Start)
.\CortexM3\ARM_GCC_493\Debug\Hummingbird(Audio+PDA+MIDI)(3-2-17).a(ADC_SAR_1_INT.o)
                              .\CortexM3\ARM_GCC_493\Debug\Hummingbird(Audio+PDA+MIDI)(3-2-17).a(ADC_SAR_1.o) (ADC_SAR_1_ISR)
.\CortexM3\ARM_GCC_493\Debug\Hummingbird(Audio+PDA+MIDI)(3-2-17).a(Timer_1.o)
                              .\CortexM3\ARM_GCC_493\Debug\main.o (Timer_1_Start)
.\CortexM3\ARM_GCC_493\Debug\Hummingbird(Audio+PDA+MIDI)(3-2-17).a(isr_1.o)
                              .\CortexM3\ARM_GCC_493\Debug\main.o (isr_1_StartEx)
.\CortexM3\ARM_GCC_493\Debug\Hummingbird(Audio+PDA+MIDI)(3-2-17).a(ADC_SAR_1_theACLK.o)
                              .\CortexM3\ARM_GCC_493\Debug\Hummingbird(Audio+PDA+MIDI)(3-2-17).a(ADC_SAR_1.o) (ADC_SAR_1_theACLK_SetModeRegister)
.\CortexM3\ARM_GCC_493\Debug\Hummingbird(Audio+PDA+MIDI)(3-2-17).a(UI_ADC.o)
                              .\CortexM3\ARM_GCC_493\Debug\main.o (UI_ADC_Start)
.\CortexM3\ARM_GCC_493\Debug\Hummingbird(Audio+PDA+MIDI)(3-2-17).a(UI_ADC_INT.o)
                              .\CortexM3\ARM_GCC_493\Debug\Hummingbird(Audio+PDA+MIDI)(3-2-17).a(UI_ADC.o) (UI_ADC_ISR)
.\CortexM3\ARM_GCC_493\Debug\Hummingbird(Audio+PDA+MIDI)(3-2-17).a(UI_ADC_SAR.o)
                              .\CortexM3\ARM_GCC_493\Debug\Hummingbird(Audio+PDA+MIDI)(3-2-17).a(UI_ADC.o) (UI_ADC_SAR_shift)
.\CortexM3\ARM_GCC_493\Debug\Hummingbird(Audio+PDA+MIDI)(3-2-17).a(UI_ADC_TempBuf_dma.o)
                              .\CortexM3\ARM_GCC_493\Debug\Hummingbird(Audio+PDA+MIDI)(3-2-17).a(UI_ADC.o) (UI_ADC_TempBuf_DmaInitialize)
.\CortexM3\ARM_GCC_493\Debug\Hummingbird(Audio+PDA+MIDI)(3-2-17).a(UI_ADC_FinalBuf_dma.o)
                              .\CortexM3\ARM_GCC_493\Debug\Hummingbird(Audio+PDA+MIDI)(3-2-17).a(UI_ADC.o) (UI_ADC_FinalBuf_DmaInitialize)
[...]
Memory Configuration

Name             Origin             Length             Attributes
rom              0x00000000         0x00040000         xr
ram              0x1fff8000         0x00010000         xrw
*default*        0x00000000         0xffffffff

Linker script and memory map

LOAD c:/program files (x86)/cypress/psoc creator/4.0/psoc creator/import/gnu/arm/4.9.3/bin/../lib/gcc/arm-none-eabi/4.9.3/armv7-m/crti.o
LOAD c:/program files (x86)/cypress/psoc creator/4.0/psoc creator/import/gnu/arm/4.9.3/bin/../lib/gcc/arm-none-eabi/4.9.3/armv7-m/crtbegin.o
LOAD c:/program files (x86)/cypress/psoc creator/4.0/psoc creator/import/gnu/arm/4.9.3/bin/../lib/gcc/arm-none-eabi/4.9.3/../../../../arm-none-eabi/lib/armv7-m/crt0.o
START GROUP
LOAD .\CortexM3\ARM_GCC_493\Debug\main.o
LOAD .\CortexM3\ARM_GCC_493\Debug\fft.o
LOAD .\CortexM3\ARM_GCC_493\Debug\midi.o
LOAD .\CortexM3\ARM_GCC_493\Debug\pitch.o
LOAD .\CortexM3\ARM_GCC_493\Debug\hbird.o
LOAD .\CortexM3\ARM_GCC_493\Debug\cymetadata.o
LOAD .\CortexM3\ARM_GCC_493\Debug\Cm3Start.o
LOAD .\CortexM3\ARM_GCC_493\Debug\Hummingbird(Audio+PDA+MIDI)(3-2-17).a
LOAD C:\Program Files (x86)\Cypress\PSoC Creator\4.0\PSoC Creator\psoc\content\cycomponentlibrary\CyComponentLibrary.cylib\CortexM3\ARM_GCC_493\Debug\CyComponentLibrary.a
LOAD c:/program files (x86)/cypress/psoc creator/4.0/psoc creator/import/gnu/arm/4.9.3/bin/../lib/gcc/arm-none-eabi/4.9.3/../../../../arm-none-eabi/lib/armv7-m\libm.a
END GROUP
START GROUP
LOAD c:/program files (x86)/cypress/psoc creator/4.0/psoc creator/import/gnu/arm/4.9.3/bin/../lib/gcc/arm-none-eabi/4.9.3/armv7-m\libgcc.a
LOAD c:/program files (x86)/cypress/psoc creator/4.0/psoc creator/import/gnu/arm/4.9.3/bin/../lib/gcc/arm-none-eabi/4.9.3/../../../../arm-none-eabi/lib/armv7-m\libg_nano.a
LOAD c:/program files (x86)/cypress/psoc creator/4.0/psoc creator/import/gnu/arm/4.9.3/bin/../lib/gcc/arm-none-eabi/4.9.3/../../../../arm-none-eabi/lib/armv7-m\libc_nano.a
END GROUP
START GROUP
LOAD c:/program files (x86)/cypress/psoc creator/4.0/psoc creator/import/gnu/arm/4.9.3/bin/../lib/gcc/arm-none-eabi/4.9.3/armv7-m\libgcc.a
LOAD c:/program files (x86)/cypress/psoc creator/4.0/psoc creator/import/gnu/arm/4.9.3/bin/../lib/gcc/arm-none-eabi/4.9.3/../../../../arm-none-eabi/lib/armv7-m\libc_nano.a
END GROUP
LOAD c:/program files (x86)/cypress/psoc creator/4.0/psoc creator/import/gnu/arm/4.9.3/bin/../lib/gcc/arm-none-eabi/4.9.3/armv7-m/crtend.o
LOAD c:/program files (x86)/cypress/psoc creator/4.0/psoc creator/import/gnu/arm/4.9.3/bin/../lib/gcc/arm-none-eabi/4.9.3/armv7-m/crtn.o
START GROUP
LOAD c:/program files (x86)/cypress/psoc creator/4.0/psoc creator/import/gnu/arm/4.9.3/bin/../lib/gcc/arm-none-eabi/4.9.3/armv7-m\libgcc.a
LOAD c:/program files (x86)/cypress/psoc creator/4.0/psoc creator/import/gnu/arm/4.9.3/bin/../lib/gcc/arm-none-eabi/4.9.3/../../../../arm-none-eabi/lib/armv7-m\libc.a
LOAD c:/program files (x86)/cypress/psoc creator/4.0/psoc creator/import/gnu/arm/4.9.3/bin/../lib/gcc/arm-none-eabi/4.9.3/../../../../arm-none-eabi/lib/armv7-m\libnosys.a
END GROUP
                0x00000000                CY_APPL_ORIGIN = 0x0
                0x00000100                CY_FLASH_ROW_SIZE = 0x100
                0x00000020                CY_ECC_ROW_SIZE = 0x20
                0x00000000                CY_EE_IN_BTLDR = 0x0
                0x00000000                CY_APPL_LOADABLE = 0x0
                0x00000800                CY_EE_SIZE = 0x800
                0x00000001                CY_APPL_NUM = 0x1
                0x00000001                CY_APPL_MAX = 0x1
                0x00000040                CY_METADATA_SIZE = 0x40
                0x20002ca0                PROVIDE (__cy_heap_start, _end)
                0x00000001                PROVIDE (__cy_region_num, ((__cy_regions_end - __cy_regions) / 0x10))
                0x20008000                PROVIDE (__cy_stack, (ORIGIN (ram) + 0x10000))
                0x20007800                PROVIDE (__cy_heap_end, (__cy_stack - 0x800))

.cybootloader   0x00000000        0x0
 *(.cybootloader)
                0x00000000                appl1_start = CY_APPL_ORIGIN?CY_APPL_ORIGIN:ALIGN (CY_FLASH_ROW_SIZE)
                0x0001ff00                appl2_start = (appl1_start + ALIGN ((((0x40000 - appl1_start) - (0x2 * CY_FLASH_ROW_SIZE)) / 0x2), CY_FLASH_ROW_SIZE))
                0x00000000                appl_start = (CY_APPL_NUM == 0x1)?appl1_start:appl2_start
                0x00000000                ecc_offset = ((appl_start / CY_FLASH_ROW_SIZE) * CY_ECC_ROW_SIZE)
                0x00000000                ee_offset = (CY_APPL_LOADABLE && ! (CY_EE_IN_BTLDR))?((CY_EE_SIZE / CY_APPL_MAX) * (CY_APPL_NUM - 0x1)):0x0
                0x00000800                ee_size = (CY_APPL_LOADABLE && ! (CY_EE_IN_BTLDR))?(CY_EE_SIZE / CY_APPL_MAX):CY_EE_SIZE
                0x00000000                PROVIDE (CY_ECC_OFFSET, ecc_offset)

.text           0x00000000     0xb25e
 CREATE_OBJECT_SYMBOLS
                0x00000000                PROVIDE (__cy_interrupt_vector, RomVectors)
 *(.romvectors)
 .romvectors    0x00000000       0x10 .\CortexM3\ARM_GCC_493\Debug\Cm3Start.o
                0x00000000                RomVectors
                0x00000001                ASSERT ((. != __cy_interrupt_vector), No interrupt vector)
                0x00000001                ASSERT (CY_APPL_ORIGIN?(SIZEOF (.cybootloader) <= CY_APPL_ORIGIN):0x1, Wrong image location)
                0x00000010                PROVIDE (__cy_reset, Reset)
 *(.text.Reset)
 .text.Reset    0x00000010       0x18 .\CortexM3\ARM_GCC_493\Debug\Cm3Start.o
                0x00000010                Reset
                0x00000001                ASSERT ((. != __cy_reset), No reset code)
 *(.dma_init)
                0x00000001                ASSERT ((((appl_start + .) <= 0x10000) || 0x1), DMA Init must be within the first 64k of flash)
 *(.text .text.* .gnu.linkonce.t.*)
 .text          0x00000028       0x5c c:/program files (x86)/cypress/psoc creator/4.0/psoc creator/import/gnu/arm/4.9.3/bin/../lib/gcc/arm-none-eabi/4.9.3/armv7-m/crtbegin.o
 .text.SleepIsr
                0x00000084       0x30 .\CortexM3\ARM_GCC_493\Debug\main.o
                0x00000084                SleepIsr
 .text.main     0x000000b4      0x30c .\CortexM3\ARM_GCC_493\Debug\main.o
                0x000000b4                main
 .text.USB_callbackLocalMidiEvent
                0x000003c0       0x68 .\CortexM3\ARM_GCC_493\Debug\main.o
                0x000003c0                USB_callbackLocalMidiEvent
 .text.GetSample
                0x00000428      0x164 .\CortexM3\ARM_GCC_493\Debug\main.o
                0x00000428                GetSample
 *fill*         0x0000058c        0x4 
 .text.fft_init
                0x00000590       0xe0 .\CortexM3\ARM_GCC_493\Debug\fft.o
                0x00000590                fft_init
 .text.populate_midi_array
                0x00000670       0x8c .\CortexM3\ARM_GCC_493\Debug\midi.o
                0x00000670                populate_midi_array
 .text.midi_note_basename
                0x000006fc      0x1ec .\CortexM3\ARM_GCC_493\Debug\midi.o
                0x000006fc                midi_note_basename
 .text.NoteSnap
                0x000008e8      0xf70 .\CortexM3\ARM_GCC_493\Debug\midi.o
                0x000008e8                NoteSnap
 .text.pitch_init
                0x00001858       0x1c .\CortexM3\ARM_GCC_493\Debug\pitch.o
                0x00001858                pitch_init
 *fill*         0x00001874        0x4 
 .text.pitch_zero_cross
                0x00001878       0xa8 .\CortexM3\ARM_GCC_493\Debug\pitch.o
                0x00001878                pitch_zero_cross
 .text.map      0x00001920       0x38 .\CortexM3\ARM_GCC_493\Debug\hbird.o
                0x00001920                map
 .text.UpdateScaleLCD
                0x00001958       0xac .\CortexM3\ARM_GCC_493\Debug\hbird.o
                0x00001958                UpdateScaleLCD
 .text.UpdateKeyLCD
                0x00001a04       0x4c .\CortexM3\ARM_GCC_493\Debug\hbird.o
                0x00001a04                UpdateKeyLCD
 .text.IntDefaultHandler
                0x00001a50        0x8 .\CortexM3\ARM_GCC_493\Debug\Cm3Start.o
                0x00001a50                IntDefaultHandler
 .text.Start_c  0x00001a58       0x94 .\CortexM3\ARM_GCC_493\Debug\Cm3Start.o
                0x00001a58                Start_c
 .text.initialize_psoc
                0x00001aec       0x90 .\CortexM3\ARM_GCC_493\Debug\Cm3Start.o
                0x00001aec                initialize_psoc
 .text.MIDI1_UART_SaveConfig
                0x00001b7c        0xc .\CortexM3\ARM_GCC_493\Debug\Hummingbird(Audio+PDA+MIDI)(3-2-17).a(MIDI1_UART_PM.o)
                0x00001b7c                MIDI1_UART_SaveConfig
 .text.MIDI1_UART_RestoreConfig
                0x00001b88        0xc .\CortexM3\ARM_GCC_493\Debug\Hummingbird(Audio+PDA+MIDI)(3-2-17).a(MIDI1_UART_PM.o)
                0x00001b88                MIDI1_UART_RestoreConfig
 .text.MIDI1_UART_Sleep
                0x00001b94       0x34 .\CortexM3\ARM_GCC_493\Debug\Hummingbird(Audio+PDA+MIDI)(3-2-17).a(MIDI1_UART_PM.o)
                0x00001b94                MIDI1_UART_Sleep
 .text.MIDI1_UART_Wakeup
                0x00001bc8       0x24 .\CortexM3\ARM_GCC_493\Debug\Hummingbird(Audio+PDA+MIDI)(3-2-17).a(MIDI1_UART_PM.o)
                0x00001bc8                MIDI1_UART_Wakeup
 .text.MIDI2_UART_SaveConfig
                0x00001bec        0xc .\CortexM3\ARM_GCC_493\Debug\Hummingbird(Audio+PDA+MIDI)(3-2-17).a(MIDI2_UART_PM.o)
                0x00001bec                MIDI2_UART_SaveConfig
 .text.MIDI2_UART_RestoreConfig
                0x00001bf8        0xc .\CortexM3\ARM_GCC_493\Debug\Hummingbird(Audio+PDA+MIDI)(3-2-17).a(MIDI2_UART_PM.o)
                0x00001bf8                MIDI2_UART_RestoreConfig
 .text.MIDI2_UART_Sleep
                0x00001c04       0x34 .\CortexM3\ARM_GCC_493\Debug\Hummingbird(Audio+PDA+MIDI)(3-2-17).a(MIDI2_UART_PM.o)
                0x00001c04                MIDI2_UART_Sleep
 .text.MIDI2_UART_Wakeup
                0x00001c38       0x24 .\CortexM3\ARM_GCC_493\Debug\Hummingbird(Audio+PDA+MIDI)(3-2-17).a(MIDI2_UART_PM.o)
                0x00001c38                MIDI2_UART_Wakeup
 .text.CYMEMZERO
                0x00001c5c       0x1c .\CortexM3\ARM_GCC_493\Debug\Hummingbird(Audio+PDA+MIDI)(3-2-17).a(cyfitter_cfg.o)
 .text.CYCONFIGCPY
                0x00001c78       0x1c .\CortexM3\ARM_GCC_493\Debug\Hummingbird(Audio+PDA+MIDI)(3-2-17).a(cyfitter_cfg.o)
 .text.CyClockStartupError
                0x00001c94        0xc .\CortexM3\ARM_GCC_493\Debug\Hummingbird(Audio+PDA+MIDI)(3-2-17).a(cyfitter_cfg.o)
 .text.cfg_write_bytes32
                0x00001ca0       0x74 .\CortexM3\ARM_GCC_493\Debug\Hummingbird(Audio+PDA+MIDI)(3-2-17).a(cyfitter_cfg.o)
 .text.ClockSetup
                0x00001d14      0x128 .\CortexM3\ARM_GCC_493\Debug\Hummingbird(Audio+PDA+MIDI)(3-2-17).a(cyfitter_cfg.o)
 .text.AnalogSetDefault
                0x00001e3c       0xd8 .\CortexM3\ARM_GCC_493\Debug\Hummingbird(Audio+PDA+MIDI)(3-2-17).a(cyfitter_cfg.o)
 .text.cyfitter_cfg
                0x00001f14      0x1c0 .\CortexM3\ARM_GCC_493\Debug\Hummingbird(Audio+PDA+MIDI)(3-2-17).a(cyfitter_cfg.o)
                0x00001f14                cyfitter_cfg
 .text.SleepTimer_Start
                0x000020d4       0x20 .\CortexM3\ARM_GCC_493\Debug\Hummingbird(Audio+PDA+MIDI)(3-2-17).a(SleepTimer.o)
                0x000020d4                SleepTimer_Start
 .text.SleepTimer_Init
                0x000020f4       0x10 .\CortexM3\ARM_GCC_493\Debug\Hummingbird(Audio+PDA+MIDI)(3-2-17).a(SleepTimer.o)
                0x000020f4                SleepTimer_Init
 .text.SleepTimer_Enable
                0x00002104       0x74 .\CortexM3\ARM_GCC_493\Debug\Hummingbird(Audio+PDA+MIDI)(3-2-17).a(SleepTimer.o)
                0x00002104                SleepTimer_Enable
 .text.SleepTimer_Stop
                0x00002178       0x30 .\CortexM3\ARM_GCC_493\Debug\Hummingbird(Audio+PDA+MIDI)(3-2-17).a(SleepTimer.o)
                0x00002178                SleepTimer_Stop
 .text.SleepTimer_EnableInt
                0x000021a8       0x30 .\CortexM3\ARM_GCC_493\Debug\Hummingbird(Audio+PDA+MIDI)(3-2-17).a(SleepTimer.o)
                0x000021a8                SleepTimer_EnableInt
 .text.SleepTimer_SetInterval
                0x000021d8       0x48 .\CortexM3\ARM_GCC_493\Debug\Hummingbird(Audio+PDA+MIDI)(3-2-17).a(SleepTimer.o)
                0x000021d8                SleepTimer_SetInterval
 .text.SleepTimer_GetStatus
                0x00002220       0x10 .\CortexM3\ARM_GCC_493\Debug\Hummingbird(Audio+PDA+MIDI)(3-2-17).a(SleepTimer.o)
                0x00002220                SleepTimer_GetStatus
 .text.MIDI_PWR_Write
                0x00002230       0x3c .\CortexM3\ARM_GCC_493\Debug\Hummingbird(Audio+PDA+MIDI)(3-2-17).a(MIDI_PWR.o)
                0x00002230                MIDI_PWR_Write
 .text.USB_Start
                0x0000226c       0x38 .\CortexM3\ARM_GCC_493\Debug\Hummingbird(Audio+PDA+MIDI)(3-2-17).a(USB.o)
                0x0000226c                USB_Start
 .text.USB_Init
                0x000022a4      0x178 .\CortexM3\ARM_GCC_493\Debug\Hummingbird(Audio+PDA+MIDI)(3-2-17).a(USB.o)
                0x000022a4                USB_Init
 .text.USB_InitComponent
                0x0000241c       0xd8 .\CortexM3\ARM_GCC_493\Debug\Hummingbird(Audio+PDA+MIDI)(3-2-17).a(USB.o)
                0x0000241c                USB_InitComponent
 .text.USB_ReInitComponent
                0x000024f4       0x68 .\CortexM3\ARM_GCC_493\Debug\Hummingbird(Audio+PDA+MIDI)(3-2-17).a(USB.o)
                0x000024f4                USB_ReInitComponent
 .text.USB_CheckActivity
                0x0000255c       0x34 .\CortexM3\ARM_GCC_493\Debug\Hummingbird(Audio+PDA+MIDI)(3-2-17).a(USB.o)
                0x0000255c                USB_CheckActivity
 .text.USB_GetConfiguration
                0x00002590       0x18 .\CortexM3\ARM_GCC_493\Debug\Hummingbird(Audio+PDA+MIDI)(3-2-17).a(USB.o)
                0x00002590                USB_GetConfiguration
 .text.USB_IsConfigurationChanged
                0x000025a8       0x34 .\CortexM3\ARM_GCC_493\Debug\Hummingbird(Audio+PDA+MIDI)(3-2-17).a(USB.o)
                0x000025a8                USB_IsConfigurationChanged
 .text.USB_GetEPState
                0x000025dc       0x2c .\CortexM3\ARM_GCC_493\Debug\Hummingbird(Audio+PDA+MIDI)(3-2-17).a(USB.o)
                0x000025dc                USB_GetEPState
 .text.USB_GetEPCount
                0x00002608       0x6c .\CortexM3\ARM_GCC_493\Debug\Hummingbird(Audio+PDA+MIDI)(3-2-17).a(USB.o)
                0x00002608                USB_GetEPCount
 .text.USB_LoadInEP
                0x00002674      0x108 .\CortexM3\ARM_GCC_493\Debug\Hummingbird(Audio+PDA+MIDI)(3-2-17).a(USB.o)
                0x00002674                USB_LoadInEP
 .text.USB_ReadOutEP
                0x0000277c       0x8c .\CortexM3\ARM_GCC_493\Debug\Hummingbird(Audio+PDA+MIDI)(3-2-17).a(USB.o)
                0x0000277c                USB_ReadOutEP
 .text.USB_EnableOutEP
                0x00002808       0x60 .\CortexM3\ARM_GCC_493\Debug\Hummingbird(Audio+PDA+MIDI)(3-2-17).a(USB.o)
                0x00002808                USB_EnableOutEP
 .text.USB_EP_0_ISR
                0x00002868       0xf8 .\CortexM3\ARM_GCC_493\Debug\Hummingbird(Audio+PDA+MIDI)(3-2-17).a(USB_drv.o)
                0x00002868                USB_EP_0_ISR
 .text.USB_HandleSetup
                0x00002960       0x88 .\CortexM3\ARM_GCC_493\Debug\Hummingbird(Audio+PDA+MIDI)(3-2-17).a(USB_drv.o)
                0x00002960                USB_HandleSetup
 .text.USB_HandleIN
                0x000029e8       0x4c .\CortexM3\ARM_GCC_493\Debug\Hummingbird(Audio+PDA+MIDI)(3-2-17).a(USB_drv.o)
                0x000029e8                USB_HandleIN
 .text.USB_HandleOUT
                0x00002a34       0x58 .\CortexM3\ARM_GCC_493\Debug\Hummingbird(Audio+PDA+MIDI)(3-2-17).a(USB_drv.o)
                0x00002a34                USB_HandleOUT
 .text.USB_LoadEP0
                0x00002a8c       0xd4 .\CortexM3\ARM_GCC_493\Debug\Hummingbird(Audio+PDA+MIDI)(3-2-17).a(USB_drv.o)
                0x00002a8c                USB_LoadEP0
 .text.USB_InitControlRead
                0x00002b60       0x74 .\CortexM3\ARM_GCC_493\Debug\Hummingbird(Audio+PDA+MIDI)(3-2-17).a(USB_drv.o)
                0x00002b60                USB_InitControlRead
 .text.USB_InitZeroLengthControlTransfer
                0x00002bd4       0x44 .\CortexM3\ARM_GCC_493\Debug\Hummingbird(Audio+PDA+MIDI)(3-2-17).a(USB_drv.o)
                0x00002bd4                USB_InitZeroLengthControlTransfer
 .text.USB_ControlReadDataStage
                0x00002c18        0xc .\CortexM3\ARM_GCC_493\Debug\Hummingbird(Audio+PDA+MIDI)(3-2-17).a(USB_drv.o)
                0x00002c18                USB_ControlReadDataStage
 .text.USB_ControlReadStatusStage
                0x00002c24       0x40 .\CortexM3\ARM_GCC_493\Debug\Hummingbird(Audio+PDA+MIDI)(3-2-17).a(USB_drv.o)
                0x00002c24                USB_ControlReadStatusStage
 .text.USB_ControlWriteDataStage
                0x00002c64       0xb8 .\CortexM3\ARM_GCC_493\Debug\Hummingbird(Audio+PDA+MIDI)(3-2-17).a(USB_drv.o)
                0x00002c64                USB_ControlWriteDataStage
 .text.USB_ControlWriteStatusStage
                0x00002d1c       0x20 .\CortexM3\ARM_GCC_493\Debug\Hummingbird(Audio+PDA+MIDI)(3-2-17).a(USB_drv.o)
                0x00002d1c                USB_ControlWriteStatusStage
 .text.USB_InitNoDataControlTransfer
                0x00002d3c       0x38 .\CortexM3\ARM_GCC_493\Debug\Hummingbird(Audio+PDA+MIDI)(3-2-17).a(USB_drv.o)
                0x00002d3c                USB_InitNoDataControlTransfer
 .text.USB_NoDataControlStatusStage
                0x00002d74       0x48 .\CortexM3\ARM_GCC_493\Debug\Hummingbird(Audio+PDA+MIDI)(3-2-17).a(USB_drv.o)
                0x00002d74                USB_NoDataControlStatusStage
 .text.USB_UpdateStatusBlock
                0x00002dbc       0x40 .\CortexM3\ARM_GCC_493\Debug\Hummingbird(Audio+PDA+MIDI)(3-2-17).a(USB_drv.o)
                0x00002dbc                USB_UpdateStatusBlock
 .text.USB_InitializeStatusBlock
                0x00002dfc       0x34 .\CortexM3\ARM_GCC_493\Debug\Hummingbird(Audio+PDA+MIDI)(3-2-17).a(USB_drv.o)
                0x00002dfc                USB_InitializeStatusBlock
 .text.USB_EP_1_ISR
                0x00002e30       0x54 .\CortexM3\ARM_GCC_493\Debug\Hummingbird(Audio+PDA+MIDI)(3-2-17).a(USB_episr.o)
                0x00002e30                USB_EP_1_ISR
 .text.USB_EP_2_ISR
                0x00002e84       0x54 .\CortexM3\ARM_GCC_493\Debug\Hummingbird(Audio+PDA+MIDI)(3-2-17).a(USB_episr.o)
                0x00002e84                USB_EP_2_ISR
 .text.USB_SOF_ISR
                0x00002ed8        0xc .\CortexM3\ARM_GCC_493\Debug\Hummingbird(Audio+PDA+MIDI)(3-2-17).a(USB_episr.o)
                0x00002ed8                USB_SOF_ISR
 .text.USB_BUS_RESET_ISR
                0x00002ee4        0xc .\CortexM3\ARM_GCC_493\Debug\Hummingbird(Audio+PDA+MIDI)(3-2-17).a(USB_episr.o)
                0x00002ee4                USB_BUS_RESET_ISR
 .text.USB_DP_ISR
                0x00002ef0       0x14 .\CortexM3\ARM_GCC_493\Debug\Hummingbird(Audio+PDA+MIDI)(3-2-17).a(USB_pm.o)
                0x00002ef0                USB_DP_ISR
 .text.USB_RestoreConfig
                0x00002f04       0x18 .\CortexM3\ARM_GCC_493\Debug\Hummingbird(Audio+PDA+MIDI)(3-2-17).a(USB_pm.o)
                0x00002f04                USB_RestoreConfig
 .text.USB_Suspend
                0x00002f1c      0x12c .\CortexM3\ARM_GCC_493\Debug\Hummingbird(Audio+PDA+MIDI)(3-2-17).a(USB_pm.o)
                0x00002f1c                USB_Suspend
 .text.USB_Resume
                0x00003048      0x100 .\CortexM3\ARM_GCC_493\Debug\Hummingbird(Audio+PDA+MIDI)(3-2-17).a(USB_pm.o)
                0x00003048                USB_Resume
 .text.USB_HandleStandardRqst
                0x00003148      0x4a4 .\CortexM3\ARM_GCC_493\Debug\Hummingbird(Audio+PDA+MIDI)(3-2-17).a(USB_std.o)
                0x00003148                USB_HandleStandardRqst
 .text.USB_ReadDieID
                0x000035ec       0x90 .\CortexM3\ARM_GCC_493\Debug\Hummingbird(Audio+PDA+MIDI)(3-2-17).a(USB_std.o)
                0x000035ec                USB_ReadDieID
 .text.USB_ConfigReg
                0x0000367c      0x180 .\CortexM3\ARM_GCC_493\Debug\Hummingbird(Audio+PDA+MIDI)(3-2-17).a(USB_std.o)
                0x0000367c                USB_ConfigReg
 .text.USB_Config
                0x000037fc      0x33c .\CortexM3\ARM_GCC_493\Debug\Hummingbird(Audio+PDA+MIDI)(3-2-17).a(USB_std.o)
                0x000037fc                USB_Config
 .text.USB_ConfigAltChanged
                0x00003b38      0x27c .\CortexM3\ARM_GCC_493\Debug\Hummingbird(Audio+PDA+MIDI)(3-2-17).a(USB_std.o)
                0x00003b38                USB_ConfigAltChanged
 .text.USB_GetConfigTablePtr
                0x00003db4       0x54 .\CortexM3\ARM_GCC_493\Debug\Hummingbird(Audio+PDA+MIDI)(3-2-17).a(USB_std.o)
                0x00003db4                USB_GetConfigTablePtr
 .text.USB_GetDeviceTablePtr
                0x00003e08       0x24 .\CortexM3\ARM_GCC_493\Debug\Hummingbird(Audio+PDA+MIDI)(3-2-17).a(USB_std.o)
                0x00003e08                USB_GetDeviceTablePtr
 .text.USB_GetInterfaceClassTablePtr
                0x00003e2c       0x4c .\CortexM3\ARM_GCC_493\Debug\Hummingbird(Audio+PDA+MIDI)(3-2-17).a(USB_std.o)
                0x00003e2c                USB_GetInterfaceClassTablePtr
 .text.USB_SetEndpointHalt
                0x00003e78       0xe0 .\CortexM3\ARM_GCC_493\Debug\Hummingbird(Audio+PDA+MIDI)(3-2-17).a(USB_std.o)
                0x00003e78                USB_SetEndpointHalt
 .text.USB_ClearEndpointHalt
                0x00003f58      0x144 .\CortexM3\ARM_GCC_493\Debug\Hummingbird(Audio+PDA+MIDI)(3-2-17).a(USB_std.o)
                0x00003f58                USB_ClearEndpointHalt
 .text.USB_ValidateAlternateSetting
                0x0000409c       0x78 .\CortexM3\ARM_GCC_493\Debug\Hummingbird(Audio+PDA+MIDI)(3-2-17).a(USB_std.o)
                0x0000409c                USB_ValidateAlternateSetting
 .text.USB_HandleVendorRqst
                0x00004114       0x58 .\CortexM3\ARM_GCC_493\Debug\Hummingbird(Audio+PDA+MIDI)(3-2-17).a(USB_vnd.o)
                0x00004114                USB_HandleVendorRqst
 .text.USB_MIDI_EP_Init
                0x0000416c       0x24 .\CortexM3\ARM_GCC_493\Debug\Hummingbird(Audio+PDA+MIDI)(3-2-17).a(USB_midi.o)
                0x0000416c                USB_MIDI_EP_Init
 .text.USB_MIDI_OUT_EP_Service
                0x00004190       0xcc .\CortexM3\ARM_GCC_493\Debug\Hummingbird(Audio+PDA+MIDI)(3-2-17).a(USB_midi.o)
                0x00004190                USB_MIDI_OUT_EP_Service
 .text.USB_MIDI_IN_EP_Service
                0x0000425c       0x4c .\CortexM3\ARM_GCC_493\Debug\Hummingbird(Audio+PDA+MIDI)(3-2-17).a(USB_midi.o)
                0x0000425c                USB_MIDI_IN_EP_Service
 .text.USB_MIDI_IN_Service
                0x000042a8       0x98 .\CortexM3\ARM_GCC_493\Debug\Hummingbird(Audio+PDA+MIDI)(3-2-17).a(USB_midi.o)
                0x000042a8                USB_MIDI_IN_Service
 .text.USB_PutUsbMidiIn
                0x00004340      0x144 .\CortexM3\ARM_GCC_493\Debug\Hummingbird(Audio+PDA+MIDI)(3-2-17).a(USB_midi.o)
                0x00004340                USB_PutUsbMidiIn
 .text.USB_PrepareInBuffer
                0x00004484      0x380 .\CortexM3\ARM_GCC_493\Debug\Hummingbird(Audio+PDA+MIDI)(3-2-17).a(USB_midi.o)
                0x00004484                USB_PrepareInBuffer
 .text.USB_MIDI_Init
                0x00004804       0x90 .\CortexM3\ARM_GCC_493\Debug\Hummingbird(Audio+PDA+MIDI)(3-2-17).a(USB_midi.o)
                0x00004804                USB_MIDI_Init
 .text.USB_ProcessMidiIn
                0x00004894      0x268 .\CortexM3\ARM_GCC_493\Debug\Hummingbird(Audio+PDA+MIDI)(3-2-17).a(USB_midi.o)
                0x00004894                USB_ProcessMidiIn
 .text.USB_MIDI1_GetEvent
                0x00004afc       0xa8 .\CortexM3\ARM_GCC_493\Debug\Hummingbird(Audio+PDA+MIDI)(3-2-17).a(USB_midi.o)
                0x00004afc                USB_MIDI1_GetEvent
 .text.USB_MIDI1_ProcessUsbOut
                0x00004ba4      0x154 .\CortexM3\ARM_GCC_493\Debug\Hummingbird(Audio+PDA+MIDI)(3-2-17).a(USB_midi.o)
                0x00004ba4                USB_MIDI1_ProcessUsbOut
 .text.USB_MIDI2_GetEvent
                0x00004cf8       0xa8 .\CortexM3\ARM_GCC_493\Debug\Hummingbird(Audio+PDA+MIDI)(3-2-17).a(USB_midi.o)
                0x00004cf8                USB_MIDI2_GetEvent
 .text.USB_MIDI2_ProcessUsbOut
                0x00004da0      0x154 .\CortexM3\ARM_GCC_493\Debug\Hummingbird(Audio+PDA+MIDI)(3-2-17).a(USB_midi.o)
                0x00004da0                USB_MIDI2_ProcessUsbOut
 .text.Sleep_isr_StartEx
                0x00004ef4       0x24 .\CortexM3\ARM_GCC_493\Debug\Hummingbird(Audio+PDA+MIDI)(3-2-17).a(Sleep_isr.o)
                0x00004ef4                Sleep_isr_StartEx
 .text.Sleep_isr_SetVector
                0x00004f18       0x24 .\CortexM3\ARM_GCC_493\Debug\Hummingbird(Audio+PDA+MIDI)(3-2-17).a(Sleep_isr.o)
                0x00004f18                Sleep_isr_SetVector
 .text.Sleep_isr_SetPriority
                0x00004f3c       0x24 .\CortexM3\ARM_GCC_493\Debug\Hummingbird(Audio+PDA+MIDI)(3-2-17).a(Sleep_isr.o)
                0x00004f3c                Sleep_isr_SetPriority
 .text.Sleep_isr_Enable
                0x00004f60       0x18 .\CortexM3\ARM_GCC_493\Debug\Hummingbird(Audio+PDA+MIDI)(3-2-17).a(Sleep_isr.o)
                0x00004f60                Sleep_isr_Enable
 .text.Sleep_isr_Disable
                0x00004f78       0x18 .\CortexM3\ARM_GCC_493\Debug\Hummingbird(Audio+PDA+MIDI)(3-2-17).a(Sleep_isr.o)
                0x00004f78                Sleep_isr_Disable
 .text.CyDmacConfigure
                0x00004f90       0x5c .\CortexM3\ARM_GCC_493\Debug\Hummingbird(Audio+PDA+MIDI)(3-2-17).a(CyDmac.o)
                0x00004f90                CyDmacConfigure
 .text.CyDmaChEnable
                0x00004fec       0x8c .\CortexM3\ARM_GCC_493\Debug\Hummingbird(Audio+PDA+MIDI)(3-2-17).a(CyDmac.o)
                0x00004fec                CyDmaChEnable
 .text.CyDmaClearPendingDrq
                0x00005078       0x64 .\CortexM3\ARM_GCC_493\Debug\Hummingbird(Audio+PDA+MIDI)(3-2-17).a(CyDmac.o)
                0x00005078                CyDmaClearPendingDrq
 .text.CyDmaChPriority
                0x000050dc       0x60 .\CortexM3\ARM_GCC_493\Debug\Hummingbird(Audio+PDA+MIDI)(3-2-17).a(CyDmac.o)
                0x000050dc                CyDmaChPriority
 .text.CyDmaChSetExtendedAddress
                0x0000513c       0x7c .\CortexM3\ARM_GCC_493\Debug\Hummingbird(Audio+PDA+MIDI)(3-2-17).a(CyDmac.o)
                0x0000513c                CyDmaChSetExtendedAddress
 .text.CyDmaChSetInitialTd
                0x000051b8       0x3c .\CortexM3\ARM_GCC_493\Debug\Hummingbird(Audio+PDA+MIDI)(3-2-17).a(CyDmac.o)
                0x000051b8                CyDmaChSetInitialTd
 .text.CyDmaChSetConfiguration
                0x000051f4       0xa0 .\CortexM3\ARM_GCC_493\Debug\Hummingbird(Audio+PDA+MIDI)(3-2-17).a(CyDmac.o)
                0x000051f4                CyDmaChSetConfiguration
 .text.CyDmaTdAllocate
                0x00005294       0x5c .\CortexM3\ARM_GCC_493\Debug\Hummingbird(Audio+PDA+MIDI)(3-2-17).a(CyDmac.o)
                0x00005294                CyDmaTdAllocate
 .text.CyDmaTdSetConfiguration
                0x000052f0       0x80 .\CortexM3\ARM_GCC_493\Debug\Hummingbird(Audio+PDA+MIDI)(3-2-17).a(CyDmac.o)
                0x000052f0                CyDmaTdSetConfiguration
 .text.CyDmaTdSetAddress
                0x00005370       0x5c .\CortexM3\ARM_GCC_493\Debug\Hummingbird(Audio+PDA+MIDI)(3-2-17).a(CyDmac.o)
                0x00005370                CyDmaTdSetAddress
 .text.CyPLL_OUT_Start
                0x000053cc       0xb0 .\CortexM3\ARM_GCC_493\Debug\Hummingbird(Audio+PDA+MIDI)(3-2-17).a(CyLib.o)
                0x000053cc                CyPLL_OUT_Start
 .text.CyPLL_OUT_Stop
                0x0000547c       0x20 .\CortexM3\ARM_GCC_493\Debug\Hummingbird(Audio+PDA+MIDI)(3-2-17).a(CyLib.o)
                0x0000547c                CyPLL_OUT_Stop
 .text.CyIMO_Start
                0x0000549c       0x94 .\CortexM3\ARM_GCC_493\Debug\Hummingbird(Audio+PDA+MIDI)(3-2-17).a(CyLib.o)
                0x0000549c                CyIMO_Start
 .text.CyIMO_Stop
                0x00005530       0x34 .\CortexM3\ARM_GCC_493\Debug\Hummingbird(Audio+PDA+MIDI)(3-2-17).a(CyLib.o)
                0x00005530                CyIMO_Stop
 .text.CyUSB_PowerOnCheck
                0x00005564       0x60 .\CortexM3\ARM_GCC_493\Debug\Hummingbird(Audio+PDA+MIDI)(3-2-17).a(CyLib.o)
 .text.CyIMO_SetTrimValue
                0x000055c4      0x108 .\CortexM3\ARM_GCC_493\Debug\Hummingbird(Audio+PDA+MIDI)(3-2-17).a(CyLib.o)
 .text.CyIMO_SetFreq
                0x000056cc      0x1ac .\CortexM3\ARM_GCC_493\Debug\Hummingbird(Audio+PDA+MIDI)(3-2-17).a(CyLib.o)
                0x000056cc                CyIMO_SetFreq
 .text.CyIMO_SetSource
                0x00005878       0x8c .\CortexM3\ARM_GCC_493\Debug\Hummingbird(Audio+PDA+MIDI)(3-2-17).a(CyLib.o)
                0x00005878                CyIMO_SetSource
 .text.CyIMO_EnableDoubler
                0x00005904       0x20 .\CortexM3\ARM_GCC_493\Debug\Hummingbird(Audio+PDA+MIDI)(3-2-17).a(CyLib.o)
                0x00005904                CyIMO_EnableDoubler
 .text.CyIMO_DisableDoubler
                0x00005924       0x20 .\CortexM3\ARM_GCC_493\Debug\Hummingbird(Audio+PDA+MIDI)(3-2-17).a(CyLib.o)
                0x00005924                CyIMO_DisableDoubler
 .text.CyMasterClk_SetSource
                0x00005944       0x34 .\CortexM3\ARM_GCC_493\Debug\Hummingbird(Audio+PDA+MIDI)(3-2-17).a(CyLib.o)
                0x00005944                CyMasterClk_SetSource
 .text.CyMasterClk_SetDivider
                0x00005978       0x20 .\CortexM3\ARM_GCC_493\Debug\Hummingbird(Audio+PDA+MIDI)(3-2-17).a(CyLib.o)
                0x00005978                CyMasterClk_SetDivider
 .text.CyBusClk_Internal_SetDivider
                0x00005998       0x78 .\CortexM3\ARM_GCC_493\Debug\Hummingbird(Audio+PDA+MIDI)(3-2-17).a(CyLib.o)
 .text.CyBusClk_SetDivider
                0x00005a10       0xb4 .\CortexM3\ARM_GCC_493\Debug\Hummingbird(Audio+PDA+MIDI)(3-2-17).a(CyLib.o)
                0x00005a10                CyBusClk_SetDivider
 .text.CyILO_Start100K
                0x00005ac4       0x20 .\CortexM3\ARM_GCC_493\Debug\Hummingbird(Audio+PDA+MIDI)(3-2-17).a(CyLib.o)
                0x00005ac4                CyILO_Start100K
 .text.CyILO_Stop100K
                0x00005ae4       0x20 .\CortexM3\ARM_GCC_493\Debug\Hummingbird(Audio+PDA+MIDI)(3-2-17).a(CyLib.o)
                0x00005ae4                CyILO_Stop100K
 .text.CyXTAL_Start
                0x00005b04       0xd0 .\CortexM3\ARM_GCC_493\Debug\Hummingbird(Audio+PDA+MIDI)(3-2-17).a(CyLib.o)
                0x00005b04                CyXTAL_Start
 .text.CyXTAL_Stop
                0x00005bd4       0x20 .\CortexM3\ARM_GCC_493\Debug\Hummingbird(Audio+PDA+MIDI)(3-2-17).a(CyLib.o)
                0x00005bd4                CyXTAL_Stop
 .text.CyHalt   0x00005bf4       0x18 .\CortexM3\ARM_GCC_493\Debug\Hummingbird(Audio+PDA+MIDI)(3-2-17).a(CyLib.o)
                0x00005bf4                CyHalt
 .text.CyDelay  0x00005c0c       0x44 .\CortexM3\ARM_GCC_493\Debug\Hummingbird(Audio+PDA+MIDI)(3-2-17).a(CyLib.o)
                0x00005c0c                CyDelay
 .text.CyDelayUs
                0x00005c50       0x24 .\CortexM3\ARM_GCC_493\Debug\Hummingbird(Audio+PDA+MIDI)(3-2-17).a(CyLib.o)
                0x00005c50                CyDelayUs
 .text.CyIntSetVector
                0x00005c74       0x50 .\CortexM3\ARM_GCC_493\Debug\Hummingbird(Audio+PDA+MIDI)(3-2-17).a(CyLib.o)
                0x00005c74                CyIntSetVector
 .text.CyIntSetPriority
                0x00005cc4       0x44 .\CortexM3\ARM_GCC_493\Debug\Hummingbird(Audio+PDA+MIDI)(3-2-17).a(CyLib.o)
                0x00005cc4                CyIntSetPriority
 .text.CyPmSaveClocks
                0x00005d08      0x284 .\CortexM3\ARM_GCC_493\Debug\Hummingbird(Audio+PDA+MIDI)(3-2-17).a(cyPm.o)
                0x00005d08                CyPmSaveClocks
 .text.CyPmRestoreClocks
                0x00005f8c      0x300 .\CortexM3\ARM_GCC_493\Debug\Hummingbird(Audio+PDA+MIDI)(3-2-17).a(cyPm.o)
                0x00005f8c                CyPmRestoreClocks
 .text.CyPmSleep
                0x0000628c      0x170 .\CortexM3\ARM_GCC_493\Debug\Hummingbird(Audio+PDA+MIDI)(3-2-17).a(cyPm.o)
                0x0000628c                CyPmSleep
 .text.CyPmReadStatus
                0x000063fc       0x58 .\CortexM3\ARM_GCC_493\Debug\Hummingbird(Audio+PDA+MIDI)(3-2-17).a(cyPm.o)
                0x000063fc                CyPmReadStatus
 .text.CyPmFtwSetInterval
                0x00006454       0x90 .\CortexM3\ARM_GCC_493\Debug\Hummingbird(Audio+PDA+MIDI)(3-2-17).a(cyPm.o)
                0x00006454                CyPmFtwSetInterval
 .text.CyPmHibSlpSaveSet
                0x000064e4      0x280 .\CortexM3\ARM_GCC_493\Debug\Hummingbird(Audio+PDA+MIDI)(3-2-17).a(cyPm.o)
 .text.CyPmHibSlpRestore
                0x00006764      0x188 .\CortexM3\ARM_GCC_493\Debug\Hummingbird(Audio+PDA+MIDI)(3-2-17).a(cyPm.o)
 .text.LCD_Char_1_Init
                0x000068ec       0x6c .\CortexM3\ARM_GCC_493\Debug\Hummingbird(Audio+PDA+MIDI)(3-2-17).a(LCD_Char_1.o)
                0x000068ec                LCD_Char_1_Init
 .text.LCD_Char_1_Enable
                0x00006958       0x18 .\CortexM3\ARM_GCC_493\Debug\Hummingbird(Audio+PDA+MIDI)(3-2-17).a(LCD_Char_1.o)
                0x00006958                LCD_Char_1_Enable
 .text.LCD_Char_1_Start
                0x00006970       0x20 .\CortexM3\ARM_GCC_493\Debug\Hummingbird(Audio+PDA+MIDI)(3-2-17).a(LCD_Char_1.o)
                0x00006970                LCD_Char_1_Start
 .text.LCD_Char_1_Position
                0x00006990       0x6c .\CortexM3\ARM_GCC_493\Debug\Hummingbird(Audio+PDA+MIDI)(3-2-17).a(LCD_Char_1.o)
                0x00006990                LCD_Char_1_Position
 .text.LCD_Char_1_PrintString
                0x000069fc       0x38 .\CortexM3\ARM_GCC_493\Debug\Hummingbird(Audio+PDA+MIDI)(3-2-17).a(LCD_Char_1.o)
                0x000069fc                LCD_Char_1_PrintString
 .text.LCD_Char_1_WriteData
                0x00006a34       0x34 .\CortexM3\ARM_GCC_493\Debug\Hummingbird(Audio+PDA+MIDI)(3-2-17).a(LCD_Char_1.o)
                0x00006a34                LCD_Char_1_WriteData
 .text.LCD_Char_1_WriteControl
                0x00006a68       0x34 .\CortexM3\ARM_GCC_493\Debug\Hummingbird(Audio+PDA+MIDI)(3-2-17).a(LCD_Char_1.o)
                0x00006a68                LCD_Char_1_WriteControl
 .text.LCD_Char_1_IsReady
                0x00006a9c      0x178 .\CortexM3\ARM_GCC_493\Debug\Hummingbird(Audio+PDA+MIDI)(3-2-17).a(LCD_Char_1.o)
                0x00006a9c                LCD_Char_1_IsReady
 .text.LCD_Char_1_WrDatNib
                0x00006c14       0x78 .\CortexM3\ARM_GCC_493\Debug\Hummingbird(Audio+PDA+MIDI)(3-2-17).a(LCD_Char_1.o)
 .text.LCD_Char_1_WrCntrlNib
                0x00006c8c       0x60 .\CortexM3\ARM_GCC_493\Debug\Hummingbird(Audio+PDA+MIDI)(3-2-17).a(LCD_Char_1.o)
 .text.LCD_Char_1_PrintU32Number
                0x00006cec       0xa4 .\CortexM3\ARM_GCC_493\Debug\Hummingbird(Audio+PDA+MIDI)(3-2-17).a(LCD_Char_1.o)
                0x00006cec                LCD_Char_1_PrintU32Number
 .text.ADC_SAR_1_Start
                0x00006d90       0x20 .\CortexM3\ARM_GCC_493\Debug\Hummingbird(Audio+PDA+MIDI)(3-2-17).a(ADC_SAR_1.o)
                0x00006d90                ADC_SAR_1_Start
 .text.ADC_SAR_1_Init
                0x00006db0       0x44 .\CortexM3\ARM_GCC_493\Debug\Hummingbird(Audio+PDA+MIDI)(3-2-17).a(ADC_SAR_1.o)
                0x00006db0                ADC_SAR_1_Init
 .text.ADC_SAR_1_Enable
                0x00006df4       0xf4 .\CortexM3\ARM_GCC_493\Debug\Hummingbird(Audio+PDA+MIDI)(3-2-17).a(ADC_SAR_1.o)
                0x00006df4                ADC_SAR_1_Enable
 .text.ADC_SAR_1_SetResolution
                0x00006ee8       0x50 .\CortexM3\ARM_GCC_493\Debug\Hummingbird(Audio+PDA+MIDI)(3-2-17).a(ADC_SAR_1.o)
                0x00006ee8                ADC_SAR_1_SetResolution
 .text.ADC_SAR_1_StartConvert
                0x00006f38       0x20 .\CortexM3\ARM_GCC_493\Debug\Hummingbird(Audio+PDA+MIDI)(3-2-17).a(ADC_SAR_1.o)
                0x00006f38                ADC_SAR_1_StartConvert
 .text.ADC_SAR_1_IsEndConversion
                0x00006f58       0x40 .\CortexM3\ARM_GCC_493\Debug\Hummingbird(Audio+PDA+MIDI)(3-2-17).a(ADC_SAR_1.o)
                0x00006f58                ADC_SAR_1_IsEndConversion
 .text.ADC_SAR_1_GetResult16
                0x00006f98       0x34 .\CortexM3\ARM_GCC_493\Debug\Hummingbird(Audio+PDA+MIDI)(3-2-17).a(ADC_SAR_1.o)
                0x00006f98                ADC_SAR_1_GetResult16
 .text.ADC_SAR_1_CalcGain
                0x00006fcc       0x90 .\CortexM3\ARM_GCC_493\Debug\Hummingbird(Audio+PDA+MIDI)(3-2-17).a(ADC_SAR_1.o)
 .text.ADC_SAR_1_ISR
                0x0000705c        0xc .\CortexM3\ARM_GCC_493\Debug\Hummingbird(Audio+PDA+MIDI)(3-2-17).a(ADC_SAR_1_INT.o)
                0x0000705c                ADC_SAR_1_ISR
 .text.Timer_1_Init
                0x00007068       0x4c .\CortexM3\ARM_GCC_493\Debug\Hummingbird(Audio+PDA+MIDI)(3-2-17).a(Timer_1.o)
                0x00007068                Timer_1_Init
 .text.Timer_1_Enable
                0x000070b4       0x20 .\CortexM3\ARM_GCC_493\Debug\Hummingbird(Audio+PDA+MIDI)(3-2-17).a(Timer_1.o)
                0x000070b4                Timer_1_Enable
 .text.Timer_1_Start
                0x000070d4       0x20 .\CortexM3\ARM_GCC_493\Debug\Hummingbird(Audio+PDA+MIDI)(3-2-17).a(Timer_1.o)
                0x000070d4                Timer_1_Start
 .text.Timer_1_SetInterruptMode
                0x000070f4       0x20 .\CortexM3\ARM_GCC_493\Debug\Hummingbird(Audio+PDA+MIDI)(3-2-17).a(Timer_1.o)
                0x000070f4                Timer_1_SetInterruptMode
 .text.Timer_1_ReadStatusRegister
                0x00007114       0x18 .\CortexM3\ARM_GCC_493\Debug\Hummingbird(Audio+PDA+MIDI)(3-2-17).a(Timer_1.o)
                0x00007114                Timer_1_ReadStatusRegister
 .text.Timer_1_WritePeriod
                0x0000712c       0x1c .\CortexM3\ARM_GCC_493\Debug\Hummingbird(Audio+PDA+MIDI)(3-2-17).a(Timer_1.o)
                0x0000712c                Timer_1_WritePeriod
 .text.Timer_1_ReadCapture
                0x00007148       0x1c .\CortexM3\ARM_GCC_493\Debug\Hummingbird(Audio+PDA+MIDI)(3-2-17).a(Timer_1.o)
                0x00007148                Timer_1_ReadCapture
 .text.Timer_1_WriteCounter
                0x00007164       0x1c .\CortexM3\ARM_GCC_493\Debug\Hummingbird(Audio+PDA+MIDI)(3-2-17).a(Timer_1.o)
                0x00007164                Timer_1_WriteCounter
 .text.Timer_1_ClearFIFO
                0x00007180       0x1c .\CortexM3\ARM_GCC_493\Debug\Hummingbird(Audio+PDA+MIDI)(3-2-17).a(Timer_1.o)
                0x00007180                Timer_1_ClearFIFO
 .text.isr_1_StartEx
                0x0000719c       0x24 .\CortexM3\ARM_GCC_493\Debug\Hummingbird(Audio+PDA+MIDI)(3-2-17).a(isr_1.o)
                0x0000719c                isr_1_StartEx
 .text.isr_1_SetVector
                0x000071c0       0x24 .\CortexM3\ARM_GCC_493\Debug\Hummingbird(Audio+PDA+MIDI)(3-2-17).a(isr_1.o)
                0x000071c0                isr_1_SetVector
 .text.isr_1_SetPriority
                0x000071e4       0x24 .\CortexM3\ARM_GCC_493\Debug\Hummingbird(Audio+PDA+MIDI)(3-2-17).a(isr_1.o)
                0x000071e4                isr_1_SetPriority
 .text.isr_1_Enable
                0x00007208       0x18 .\CortexM3\ARM_GCC_493\Debug\Hummingbird(Audio+PDA+MIDI)(3-2-17).a(isr_1.o)
                0x00007208                isr_1_Enable
 .text.isr_1_Disable
                0x00007220       0x18 .\CortexM3\ARM_GCC_493\Debug\Hummingbird(Audio+PDA+MIDI)(3-2-17).a(isr_1.o)
                0x00007220                isr_1_Disable
 .text.isr_1_ClearPending
                0x00007238       0x18 .\CortexM3\ARM_GCC_493\Debug\Hummingbird(Audio+PDA+MIDI)(3-2-17).a(isr_1.o)
                0x00007238                isr_1_ClearPending
 .text.ADC_SAR_1_theACLK_SetModeRegister
                0x00007250       0x34 .\CortexM3\ARM_GCC_493\Debug\Hummingbird(Audio+PDA+MIDI)(3-2-17).a(ADC_SAR_1_theACLK.o)
                0x00007250                ADC_SAR_1_theACLK_SetModeRegister
 .text.UI_ADC_Init
                0x00007284       0x50 .\CortexM3\ARM_GCC_493\Debug\Hummingbird(Audio+PDA+MIDI)(3-2-17).a(UI_ADC.o)
                0x00007284                UI_ADC_Init
 .text.UI_ADC_Enable
                0x000072d4      0x13c .\CortexM3\ARM_GCC_493\Debug\Hummingbird(Audio+PDA+MIDI)(3-2-17).a(UI_ADC.o)
                0x000072d4                UI_ADC_Enable
 .text.UI_ADC_Start
                0x00007410       0x2c .\CortexM3\ARM_GCC_493\Debug\Hummingbird(Audio+PDA+MIDI)(3-2-17).a(UI_ADC.o)
                0x00007410                UI_ADC_Start
 .text.UI_ADC_StartConvert
                0x0000743c        0xc .\CortexM3\ARM_GCC_493\Debug\Hummingbird(Audio+PDA+MIDI)(3-2-17).a(UI_ADC.o)
                0x0000743c                UI_ADC_StartConvert
 .text.UI_ADC_IsEndConversion
                0x00007448       0x30 .\CortexM3\ARM_GCC_493\Debug\Hummingbird(Audio+PDA+MIDI)(3-2-17).a(UI_ADC.o)
                0x00007448                UI_ADC_IsEndConversion
 .text.UI_ADC_GetResult16
                0x00007478       0x3c .\CortexM3\ARM_GCC_493\Debug\Hummingbird(Audio+PDA+MIDI)(3-2-17).a(UI_ADC.o)
                0x00007478                UI_ADC_GetResult16
 .text.UI_ADC_ISR
                0x000074b4        0xc .\CortexM3\ARM_GCC_493\Debug\Hummingbird(Audio+PDA+MIDI)(3-2-17).a(UI_ADC_INT.o)
                0x000074b4                UI_ADC_ISR
 .text.UI_ADC_SAR_Start
                0x000074c0       0x20 .\CortexM3\ARM_GCC_493\Debug\Hummingbird(Audio+PDA+MIDI)(3-2-17).a(UI_ADC_SAR.o)
                0x000074c0                UI_ADC_SAR_Start
 .text.UI_ADC_SAR_Init
                0x000074e0       0x2c .\CortexM3\ARM_GCC_493\Debug\Hummingbird(Audio+PDA+MIDI)(3-2-17).a(UI_ADC_SAR.o)
                0x000074e0                UI_ADC_SAR_Init
 .text.UI_ADC_SAR_Enable
                0x0000750c       0xc0 .\CortexM3\ARM_GCC_493\Debug\Hummingbird(Audio+PDA+MIDI)(3-2-17).a(UI_ADC_SAR.o)
                0x0000750c                UI_ADC_SAR_Enable
 .text.UI_ADC_SAR_SetResolution
                0x000075cc       0x50 .\CortexM3\ARM_GCC_493\Debug\Hummingbird(Audio+PDA+MIDI)(3-2-17).a(UI_ADC_SAR.o)
                0x000075cc                UI_ADC_SAR_SetResolution
 .text.UI_ADC_SAR_StartConvert
                0x0000761c       0x20 .\CortexM3\ARM_GCC_493\Debug\Hummingbird(Audio+PDA+MIDI)(3-2-17).a(UI_ADC_SAR.o)
                0x0000761c                UI_ADC_SAR_StartConvert
 .text.UI_ADC_SAR_CalcGain
                0x0000763c       0x80 .\CortexM3\ARM_GCC_493\Debug\Hummingbird(Audio+PDA+MIDI)(3-2-17).a(UI_ADC_SAR.o)
 .text.UI_ADC_TempBuf_DmaInitialize
                0x000076bc       0x68 .\CortexM3\ARM_GCC_493\Debug\Hummingbird(Audio+PDA+MIDI)(3-2-17).a(UI_ADC_TempBuf_dma.o)
                0x000076bc                UI_ADC_TempBuf_DmaInitialize
 .text.UI_ADC_FinalBuf_DmaInitialize
                0x00007724       0x68 .\CortexM3\ARM_GCC_493\Debug\Hummingbird(Audio+PDA+MIDI)(3-2-17).a(UI_ADC_FinalBuf_dma.o)
                0x00007724                UI_ADC_FinalBuf_DmaInitialize
 .text.UI_ADC_IRQ_SetVector
                0x0000778c       0x24 .\CortexM3\ARM_GCC_493\Debug\Hummingbird(Audio+PDA+MIDI)(3-2-17).a(UI_ADC_IRQ.o)
                0x0000778c                UI_ADC_IRQ_SetVector
 .text.UI_ADC_IRQ_SetPriority
                0x000077b0       0x24 .\CortexM3\ARM_GCC_493\Debug\Hummingbird(Audio+PDA+MIDI)(3-2-17).a(UI_ADC_IRQ.o)
                0x000077b0                UI_ADC_IRQ_SetPriority
 *fill*         0x000077d4        0x4 
 .text          0x000077d8       0x20 .\CortexM3\ARM_GCC_493\Debug\Hummingbird(Audio+PDA+MIDI)(3-2-17).a(CyBootAsmGnu.o)
                0x000077d8                CyDelayCycles
                0x000077e8                CyEnterCriticalSection
                0x000077f0                CyExitCriticalSection
 .text.MIDI1_UART_Start
                0x000077f8       0x20 .\CortexM3\ARM_GCC_493\Debug\Hummingbird(Audio+PDA+MIDI)(3-2-17).a(MIDI1_UART.o)
                0x000077f8                MIDI1_UART_Start
 .text.MIDI1_UART_Init
                0x00007818       0x60 .\CortexM3\ARM_GCC_493\Debug\Hummingbird(Audio+PDA+MIDI)(3-2-17).a(MIDI1_UART.o)
                0x00007818                MIDI1_UART_Init
 .text.MIDI1_UART_Enable
                0x00007878       0x68 .\CortexM3\ARM_GCC_493\Debug\Hummingbird(Audio+PDA+MIDI)(3-2-17).a(MIDI1_UART.o)
                0x00007878                MIDI1_UART_Enable
 .text.MIDI1_UART_Stop
                0x000078e0       0x60 .\CortexM3\ARM_GCC_493\Debug\Hummingbird(Audio+PDA+MIDI)(3-2-17).a(MIDI1_UART.o)
                0x000078e0                MIDI1_UART_Stop
 .text.MIDI1_UART_EnableRxInt
                0x00007940       0x18 .\CortexM3\ARM_GCC_493\Debug\Hummingbird(Audio+PDA+MIDI)(3-2-17).a(MIDI1_UART.o)
                0x00007940                MIDI1_UART_EnableRxInt
 .text.MIDI1_UART_DisableRxInt
                0x00007958       0x18 .\CortexM3\ARM_GCC_493\Debug\Hummingbird(Audio+PDA+MIDI)(3-2-17).a(MIDI1_UART.o)
                0x00007958                MIDI1_UART_DisableRxInt
 .text.MIDI1_UART_ClearRxBuffer
                0x00007970       0x70 .\CortexM3\ARM_GCC_493\Debug\Hummingbird(Audio+PDA+MIDI)(3-2-17).a(MIDI1_UART.o)
                0x00007970                MIDI1_UART_ClearRxBuffer
 .text.MIDI1_UART_EnableTxInt
                0x000079e0       0x18 .\CortexM3\ARM_GCC_493\Debug\Hummingbird(Audio+PDA+MIDI)(3-2-17).a(MIDI1_UART.o)
                0x000079e0                MIDI1_UART_EnableTxInt
 .text.MIDI1_UART_DisableTxInt
                0x000079f8       0x18 .\CortexM3\ARM_GCC_493\Debug\Hummingbird(Audio+PDA+MIDI)(3-2-17).a(MIDI1_UART.o)
                0x000079f8                MIDI1_UART_DisableTxInt
 .text.MIDI1_UART_PutChar
                0x00007a10       0xa0 .\CortexM3\ARM_GCC_493\Debug\Hummingbird(Audio+PDA+MIDI)(3-2-17).a(MIDI1_UART.o)
                0x00007a10                MIDI1_UART_PutChar
 .text.MIDI1_UART_ClearTxBuffer
                0x00007ab0       0x5c .\CortexM3\ARM_GCC_493\Debug\Hummingbird(Audio+PDA+MIDI)(3-2-17).a(MIDI1_UART.o)
                0x00007ab0                MIDI1_UART_ClearTxBuffer
 .text.MIDI2_UART_Start
                0x00007b0c       0x20 .\CortexM3\ARM_GCC_493\Debug\Hummingbird(Audio+PDA+MIDI)(3-2-17).a(MIDI2_UART.o)
                0x00007b0c                MIDI2_UART_Start
 .text.MIDI2_UART_Init
                0x00007b2c       0x60 .\CortexM3\ARM_GCC_493\Debug\Hummingbird(Audio+PDA+MIDI)(3-2-17).a(MIDI2_UART.o)
                0x00007b2c                MIDI2_UART_Init
 .text.MIDI2_UART_Enable
                0x00007b8c       0x68 .\CortexM3\ARM_GCC_493\Debug\Hummingbird(Audio+PDA+MIDI)(3-2-17).a(MIDI2_UART.o)
                0x00007b8c                MIDI2_UART_Enable
 .text.MIDI2_UART_Stop
                0x00007bf4       0x60 .\CortexM3\ARM_GCC_493\Debug\Hummingbird(Audio+PDA+MIDI)(3-2-17).a(MIDI2_UART.o)
                0x00007bf4                MIDI2_UART_Stop
 .text.MIDI2_UART_EnableRxInt
                0x00007c54       0x18 .\CortexM3\ARM_GCC_493\Debug\Hummingbird(Audio+PDA+MIDI)(3-2-17).a(MIDI2_UART.o)
                0x00007c54                MIDI2_UART_EnableRxInt
 .text.MIDI2_UART_DisableRxInt
                0x00007c6c       0x18 .\CortexM3\ARM_GCC_493\Debug\Hummingbird(Audio+PDA+MIDI)(3-2-17).a(MIDI2_UART.o)
                0x00007c6c                MIDI2_UART_DisableRxInt
 .text.MIDI2_UART_ClearRxBuffer
                0x00007c84       0x70 .\CortexM3\ARM_GCC_493\Debug\Hummingbird(Audio+PDA+MIDI)(3-2-17).a(MIDI2_UART.o)
                0x00007c84                MIDI2_UART_ClearRxBuffer
 .text.MIDI2_UART_EnableTxInt
                0x00007cf4       0x18 .\CortexM3\ARM_GCC_493\Debug\Hummingbird(Audio+PDA+MIDI)(3-2-17).a(MIDI2_UART.o)
                0x00007cf4                MIDI2_UART_EnableTxInt
 .text.MIDI2_UART_DisableTxInt
                0x00007d0c       0x18 .\CortexM3\ARM_GCC_493\Debug\Hummingbird(Audio+PDA+MIDI)(3-2-17).a(MIDI2_UART.o)
                0x00007d0c                MIDI2_UART_DisableTxInt
 .text.MIDI2_UART_PutChar
                0x00007d24       0xa0 .\CortexM3\ARM_GCC_493\Debug\Hummingbird(Audio+PDA+MIDI)(3-2-17).a(MIDI2_UART.o)
                0x00007d24                MIDI2_UART_PutChar
 .text.MIDI2_UART_ClearTxBuffer
                0x00007dc4       0x5c .\CortexM3\ARM_GCC_493\Debug\Hummingbird(Audio+PDA+MIDI)(3-2-17).a(MIDI2_UART.o)
                0x00007dc4                MIDI2_UART_ClearTxBuffer
 .text.LED_OutB_Write
                0x00007e20       0x34 .\CortexM3\ARM_GCC_493\Debug\Hummingbird(Audio+PDA+MIDI)(3-2-17).a(LED_OutB.o)
                0x00007e20                LED_OutB_Write
 .text.LED_OutA_Write
                0x00007e54       0x3c .\CortexM3\ARM_GCC_493\Debug\Hummingbird(Audio+PDA+MIDI)(3-2-17).a(LED_OutA.o)
                0x00007e54                LED_OutA_Write
 .text.USB_DispatchClassRqst
                0x00007e90       0x8c .\CortexM3\ARM_GCC_493\Debug\Hummingbird(Audio+PDA+MIDI)(3-2-17).a(USB_cls.o)
                0x00007e90                USB_DispatchClassRqst
 .text.CyFlash_SetWaitCycles
                0x00007f1c       0x90 .\CortexM3\ARM_GCC_493\Debug\Hummingbird(Audio+PDA+MIDI)(3-2-17).a(CyFlash.o)
                0x00007f1c                CyFlash_SetWaitCycles
 .text.CySetReg24
                0x00007fac       0x38 .\CortexM3\ARM_GCC_493\Debug\Hummingbird(Audio+PDA+MIDI)(3-2-17).a(cyutils.o)
                0x00007fac                CySetReg24
 .text.MIDI1_UART_RXISR
                0x00007fe4       0xb0 .\CortexM3\ARM_GCC_493\Debug\Hummingbird(Audio+PDA+MIDI)(3-2-17).a(MIDI1_UART_INT.o)
                0x00007fe4                MIDI1_UART_RXISR
 .text.MIDI1_UART_TXISR
                0x00008094       0x70 .\CortexM3\ARM_GCC_493\Debug\Hummingbird(Audio+PDA+MIDI)(3-2-17).a(MIDI1_UART_INT.o)
                0x00008094                MIDI1_UART_TXISR
 .text.MIDI2_UART_RXISR
                0x00008104       0xb0 .\CortexM3\ARM_GCC_493\Debug\Hummingbird(Audio+PDA+MIDI)(3-2-17).a(MIDI2_UART_INT.o)
                0x00008104                MIDI2_UART_RXISR
 .text.MIDI2_UART_TXISR
                0x000081b4       0x70 .\CortexM3\ARM_GCC_493\Debug\Hummingbird(Audio+PDA+MIDI)(3-2-17).a(MIDI2_UART_INT.o)
                0x000081b4                MIDI2_UART_TXISR
 .text.LED_InB_Write
                0x00008224       0x3c .\CortexM3\ARM_GCC_493\Debug\Hummingbird(Audio+PDA+MIDI)(3-2-17).a(LED_InB.o)
                0x00008224                LED_InB_Write
 .text.LED_InA_Write
                0x00008260       0x3c .\CortexM3\ARM_GCC_493\Debug\Hummingbird(Audio+PDA+MIDI)(3-2-17).a(LED_InA.o)
                0x00008260                LED_InA_Write
 .text.USB_DispatchAUDIOClassRqst
                0x0000829c       0x9c .\CortexM3\ARM_GCC_493\Debug\Hummingbird(Audio+PDA+MIDI)(3-2-17).a(USB_audio.o)
                0x0000829c                USB_DispatchAUDIOClassRqst
 .text.cos      0x00008338       0x90 c:/program files (x86)/cypress/psoc creator/4.0/psoc creator/import/gnu/arm/4.9.3/bin/../lib/gcc/arm-none-eabi/4.9.3/../../../../arm-none-eabi/lib/armv7-m\libm.a(lib_a-s_cos.o)
                0x00008338                cos
 .text.sin      0x000083c8       0x94 c:/program files (x86)/cypress/psoc creator/4.0/psoc creator/import/gnu/arm/4.9.3/bin/../lib/gcc/arm-none-eabi/4.9.3/../../../../arm-none-eabi/lib/armv7-m\libm.a(lib_a-s_sin.o)
                0x000083c8                sin
 .text.pow      0x0000845c      0x2f0 c:/program files (x86)/cypress/psoc creator/4.0/psoc creator/import/gnu/arm/4.9.3/bin/../lib/gcc/arm-none-eabi/4.9.3/../../../../arm-none-eabi/lib/armv7-m\libm.a(lib_a-w_pow.o)
                0x0000845c                pow
 *fill*         0x0000874c        0x4 
 .text.__ieee754_pow
                0x00008750      0xaa0 c:/program files (x86)/cypress/psoc creator/4.0/psoc creator/import/gnu/arm/4.9.3/bin/../lib/gcc/arm-none-eabi/4.9.3/../../../../arm-none-eabi/lib/armv7-m\libm.a(lib_a-e_pow.o)
                0x00008750                __ieee754_pow
 .text.__ieee754_rem_pio2
                0x000091f0      0x428 c:/program files (x86)/cypress/psoc creator/4.0/psoc creator/import/gnu/arm/4.9.3/bin/../lib/gcc/arm-none-eabi/4.9.3/../../../../arm-none-eabi/lib/armv7-m\libm.a(lib_a-e_rem_pio2.o)
                0x000091f0                __ieee754_rem_pio2
 .text.__ieee754_sqrt
                0x00009618      0x18c c:/program files (x86)/cypress/psoc creator/4.0/psoc creator/import/gnu/arm/4.9.3/bin/../lib/gcc/arm-none-eabi/4.9.3/../../../../arm-none-eabi/lib/armv7-m\libm.a(lib_a-e_sqrt.o)
                0x00009618                __ieee754_sqrt
 *fill*         0x000097a4        0x4 
 .text.__kernel_cos
                0x000097a8      0x248 c:/program files (x86)/cypress/psoc creator/4.0/psoc creator/import/gnu/arm/4.9.3/bin/../lib/gcc/arm-none-eabi/4.9.3/../../../../arm-none-eabi/lib/armv7-m\libm.a(lib_a-k_cos.o)
                0x000097a8                __kernel_cos
 .text.__kernel_rem_pio2
                0x000099f0      0x808 c:/program files (x86)/cypress/psoc creator/4.0/psoc creator/import/gnu/arm/4.9.3/bin/../lib/gcc/arm-none-eabi/4.9.3/../../../../arm-none-eabi/lib/armv7-m\libm.a(lib_a-k_rem_pio2.o)
                0x000099f0                __kernel_rem_pio2
 .text.__kernel_sin
                0x0000a1f8      0x170 c:/program files (x86)/cypress/psoc creator/4.0/psoc creator/import/gnu/arm/4.9.3/bin/../lib/gcc/arm-none-eabi/4.9.3/../../../../arm-none-eabi/lib/armv7-m\libm.a(lib_a-k_sin.o)
                0x0000a1f8                __kernel_sin
 .text.fabs     0x0000a368        0x8 c:/program files (x86)/cypress/psoc creator/4.0/psoc creator/import/gnu/arm/4.9.3/bin/../lib/gcc/arm-none-eabi/4.9.3/../../../../arm-none-eabi/lib/armv7-m\libm.a(lib_a-s_fabs.o)
                0x0000a368                fabs
 .text.finite   0x0000a370        0xc c:/program files (x86)/cypress/psoc creator/4.0/psoc creator/import/gnu/arm/4.9.3/bin/../lib/gcc/arm-none-eabi/4.9.3/../../../../arm-none-eabi/lib/armv7-m\libm.a(lib_a-s_finite.o)
                0x0000a370                finite
 *fill*         0x0000a37c        0x4 
 .text.floor    0x0000a380      0x118 c:/program files (x86)/cypress/psoc creator/4.0/psoc creator/import/gnu/arm/4.9.3/bin/../lib/gcc/arm-none-eabi/4.9.3/../../../../arm-none-eabi/lib/armv7-m\libm.a(lib_a-s_floor.o)
                0x0000a380                floor
 .text.__fpclassifyd
                0x0000a498       0x58 c:/program files (x86)/cypress/psoc creator/4.0/psoc creator/import/gnu/arm/4.9.3/bin/../lib/gcc/arm-none-eabi/4.9.3/../../../../arm-none-eabi/lib/armv7-m\libm.a(lib_a-s_fpclassify.o)
                0x0000a498                __fpclassifyd
 .text.matherr  0x0000a4f0        0x4 c:/program files (x86)/cypress/psoc creator/4.0/psoc creator/import/gnu/arm/4.9.3/bin/../lib/gcc/arm-none-eabi/4.9.3/../../../../arm-none-eabi/lib/armv7-m\libm.a(lib_a-s_matherr.o)
                0x0000a4f0                matherr
 .text.nan      0x0000a4f4        0xc c:/program files (x86)/cypress/psoc creator/4.0/psoc creator/import/gnu/arm/4.9.3/bin/../lib/gcc/arm-none-eabi/4.9.3/../../../../arm-none-eabi/lib/armv7-m\libm.a(lib_a-s_nan.o)
                0x0000a4f4                nan
 .text.rint     0x0000a500      0x11c c:/program files (x86)/cypress/psoc creator/4.0/psoc creator/import/gnu/arm/4.9.3/bin/../lib/gcc/arm-none-eabi/4.9.3/../../../../arm-none-eabi/lib/armv7-m\libm.a(lib_a-s_rint.o)
                0x0000a500                rint
 *fill*         0x0000a61c        0x4 
 .text.scalbn   0x0000a620       0xf0 c:/program files (x86)/cypress/psoc creator/4.0/psoc creator/import/gnu/arm/4.9.3/bin/../lib/gcc/arm-none-eabi/4.9.3/../../../../arm-none-eabi/lib/armv7-m\libm.a(lib_a-s_scalbn.o)
                0x0000a620                scalbn
 .text.copysign
                0x0000a710       0x10 c:/program files (x86)/cypress/psoc creator/4.0/psoc creator/import/gnu/arm/4.9.3/bin/../lib/gcc/arm-none-eabi/4.9.3/../../../../arm-none-eabi/lib/armv7-m\libm.a(lib_a-s_copysign.o)
                0x0000a710                copysign
 .text          0x0000a720      0x370 c:/program files (x86)/cypress/psoc creator/4.0/psoc creator/import/gnu/arm/4.9.3/bin/../lib/gcc/arm-none-eabi/4.9.3/armv7-m\libgcc.a(_arm_addsubdf3.o)
                0x0000a720                __aeabi_drsub
                0x0000a728                __aeabi_dsub
                0x0000a728                __subdf3
                0x0000a72c                __aeabi_dadd
                0x0000a72c                __adddf3
                0x0000a9a4                __floatunsidf
                0x0000a9a4                __aeabi_ui2d
                0x0000a9c4                __floatsidf
                0x0000a9c4                __aeabi_i2d
                0x0000a9e8                __aeabi_f2d
                0x0000a9e8                __extendsfdf2
                0x0000aa24                __floatundidf
                0x0000aa24                __aeabi_ul2d
                0x0000aa34                __floatdidf
                0x0000aa34                __aeabi_l2d
 .text          0x0000aa90      0x424 c:/program files (x86)/cypress/psoc creator/4.0/psoc creator/import/gnu/arm/4.9.3/bin/../lib/gcc/arm-none-eabi/4.9.3/armv7-m\libgcc.a(_arm_muldivdf3.o)
                0x0000aa90                __aeabi_dmul
                0x0000aa90                __muldf3
                0x0000ace4                __divdf3
                0x0000ace4                __aeabi_ddiv
 .text          0x0000aeb4      0x110 c:/program files (x86)/cypress/psoc creator/4.0/psoc creator/import/gnu/arm/4.9.3/bin/../lib/gcc/arm-none-eabi/4.9.3/armv7-m\libgcc.a(_arm_cmpdf2.o)
                0x0000aeb4                __gtdf2
                0x0000aeb4                __gedf2
                0x0000aebc                __ltdf2
                0x0000aebc                __ledf2
                0x0000aec4                __nedf2
                0x0000aec4                __eqdf2
                0x0000aec4                __cmpdf2
                0x0000af40                __aeabi_cdrcmple
                0x0000af50                __aeabi_cdcmpeq
                0x0000af50                __aeabi_cdcmple
                0x0000af60                __aeabi_dcmpeq
                0x0000af74                __aeabi_dcmplt
                0x0000af88                __aeabi_dcmple
                0x0000af9c                __aeabi_dcmpge
                0x0000afb0                __aeabi_dcmpgt
 .text          0x0000afc4       0x50 c:/program files (x86)/cypress/psoc creator/4.0/psoc creator/import/gnu/arm/4.9.3/bin/../lib/gcc/arm-none-eabi/4.9.3/armv7-m\libgcc.a(_arm_fixdfsi.o)
                0x0000afc4                __aeabi_d2iz
                0x0000afc4                __fixdfsi
 .text          0x0000b014       0x40 c:/program files (x86)/cypress/psoc creator/4.0/psoc creator/import/gnu/arm/4.9.3/bin/../lib/gcc/arm-none-eabi/4.9.3/armv7-m\libgcc.a(_arm_fixunsdfsi.o)
                0x0000b014                __aeabi_d2uiz
                0x0000b014                __fixunsdfsi
 .text          0x0000b054       0xa0 c:/program files (x86)/cypress/psoc creator/4.0/psoc creator/import/gnu/arm/4.9.3/bin/../lib/gcc/arm-none-eabi/4.9.3/armv7-m\libgcc.a(_arm_truncdfsf2.o)
                0x0000b054                __truncdfsf2
                0x0000b054                __aeabi_d2f
 .text          0x0000b0f4       0xec c:/program files (x86)/cypress/psoc creator/4.0/psoc creator/import/gnu/arm/4.9.3/bin/../lib/gcc/arm-none-eabi/4.9.3/armv7-m\libgcc.a(_arm_cmpsf2.o)
                0x0000b0f4                __gesf2
                0x0000b0f4                __gtsf2
                0x0000b0fc                __lesf2
                0x0000b0fc                __ltsf2
                0x0000b104                __nesf2
                0x0000b104                __eqsf2
                0x0000b104                __cmpsf2
                0x0000b164                __aeabi_cfrcmple
                0x0000b16c                __aeabi_cfcmpeq
                0x0000b16c                __aeabi_cfcmple
                0x0000b17c                __aeabi_fcmpeq
                0x0000b190                __aeabi_fcmplt
                0x0000b1a4                __aeabi_fcmple
                0x0000b1b8                __aeabi_fcmpge
                0x0000b1cc                __aeabi_fcmpgt
 .text.__errno  0x0000b1e0        0xc c:/program files (x86)/cypress/psoc creator/4.0/psoc creator/import/gnu/arm/4.9.3/bin/../lib/gcc/arm-none-eabi/4.9.3/../../../../arm-none-eabi/lib/armv7-m\libg_nano.a(lib_a-errno.o)
                0x0000b1e0                __errno
 .text.__libc_init_array
                0x0000b1ec       0x4c c:/program files (x86)/cypress/psoc creator/4.0/psoc creator/import/gnu/arm/4.9.3/bin/../lib/gcc/arm-none-eabi/4.9.3/../../../../arm-none-eabi/lib/armv7-m\libg_nano.a(lib_a-init.o)
                0x0000b1ec                __libc_init_array
 .text.memcpy   0x0000b238       0x16 c:/program files (x86)/cypress/psoc creator/4.0/psoc creator/import/gnu/arm/4.9.3/bin/../lib/gcc/arm-none-eabi/4.9.3/../../../../arm-none-eabi/lib/armv7-m\libg_nano.a(lib_a-memcpy.o)
                0x0000b238                memcpy
 .text.memset   0x0000b24e       0x10 c:/program files (x86)/cypress/psoc creator/4.0/psoc creator/import/gnu/arm/4.9.3/bin/../lib/gcc/arm-none-eabi/4.9.3/../../../../arm-none-eabi/lib/armv7-m\libg_nano.a(lib_a-memset.o)
                0x0000b24e                memset
 *(.plt)
 *(.gnu.warning)
 *(.glue_7t)
 .glue_7t       0x00000000        0x0 linker stubs
 *(.glue_7)
 .glue_7        0x00000000        0x0 linker stubs
 *(.vfp11_veneer)
 .vfp11_veneer  0x00000000        0x0 linker stubs
 *(.bootloader)
 *(.ARM.extab* .gnu.linkonce.armextab.*)
 *(.gcc_except_table)

.v4_bx          0x0000b260        0x0
 .v4_bx         0x00000000        0x0 linker stubs

.iplt           0x0000b260        0x0
 .iplt          0x00000000        0x0 c:/program files (x86)/cypress/psoc creator/4.0/psoc creator/import/gnu/arm/4.9.3/bin/../lib/gcc/arm-none-eabi/4.9.3/armv7-m/crtbegin.o

.eh_frame_hdr
 *(.eh_frame_hdr)

.eh_frame       0x0000b260        0x4
 *(.eh_frame)
 .eh_frame      0x0000b260        0x0 c:/program files (x86)/cypress/psoc creator/4.0/psoc creator/import/gnu/arm/4.9.3/bin/../lib/gcc/arm-none-eabi/4.9.3/armv7-m/crtbegin.o
 .eh_frame      0x0000b260        0x4 c:/program files (x86)/cypress/psoc creator/4.0/psoc creator/import/gnu/arm/4.9.3/bin/../lib/gcc/arm-none-eabi/4.9.3/armv7-m/crtend.o
                0x0000b264                PROVIDE (__exidx_start, .)

.ARM.exidx
 *(.ARM.exidx* .gnu.linkonce.armexidx.*)
                0x0000b264                __exidx_end = .

.rodata         0x0000b268      0x530
 *(.rodata .rodata.* .gnu.linkonce.r.*)
 .rodata        0x0000b268       0x10 .\CortexM3\ARM_GCC_493\Debug\main.o
                0x0000b268                MIDI_IDENTITY_REPLY
 .rodata        0x0000b278       0x34 .\CortexM3\ARM_GCC_493\Debug\midi.o
 .rodata        0x0000b2ac       0x2c .\CortexM3\ARM_GCC_493\Debug\hbird.o
 .rodata        0x0000b2d8       0x44 .\CortexM3\ARM_GCC_493\Debug\Hummingbird(Audio+PDA+MIDI)(3-2-17).a(cyfitter_cfg.o)
 .rodata        0x0000b31c       0x14 .\CortexM3\ARM_GCC_493\Debug\Hummingbird(Audio+PDA+MIDI)(3-2-17).a(USB_std.o)
 .rodata        0x0000b330       0x10 .\CortexM3\ARM_GCC_493\Debug\Hummingbird(Audio+PDA+MIDI)(3-2-17).a(USB_midi.o)
 .rodata        0x0000b340       0x10 .\CortexM3\ARM_GCC_493\Debug\Hummingbird(Audio+PDA+MIDI)(3-2-17).a(cyPm.o)
 .rodata        0x0000b350      0x1ec .\CortexM3\ARM_GCC_493\Debug\Hummingbird(Audio+PDA+MIDI)(3-2-17).a(USB_descr.o)
                0x0000b350                USB_DEVICE0_DESCR
                0x0000b364                USB_DEVICE0_CONFIGURATION0_DESCR
                0x0000b3ec                USB_STRING_DESCRIPTORS
                0x0000b4a8                USB_SN_STRING_DESCRIPTOR
                0x0000b4ac                USB_DEVICE0_CONFIGURATION0_EP_SETTINGS_TABLE
                0x0000b4bc                USB_DEVICE0_CONFIGURATION0_INTERFACE_CLASS
                0x0000b4c0                USB_DEVICE0_CONFIGURATION0_TABLE
                0x0000b4e8                USB_DEVICE0_TABLE
                0x0000b4f8                USB_TABLE
                0x0000b500                USB_MSOS_DESCRIPTOR
                0x0000b514                USB_MSOS_CONFIGURATION_DESCR
 .rodata.str1.4
                0x0000b53c        0x4 c:/program files (x86)/cypress/psoc creator/4.0/psoc creator/import/gnu/arm/4.9.3/bin/../lib/gcc/arm-none-eabi/4.9.3/../../../../arm-none-eabi/lib/armv7-m\libm.a(lib_a-w_pow.o)
 .rodata.dp_h   0x0000b540       0x10 c:/program files (x86)/cypress/psoc creator/4.0/psoc creator/import/gnu/arm/4.9.3/bin/../lib/gcc/arm-none-eabi/4.9.3/../../../../arm-none-eabi/lib/armv7-m\libm.a(lib_a-e_pow.o)
 .rodata.dp_l   0x0000b550       0x10 c:/program files (x86)/cypress/psoc creator/4.0/psoc creator/import/gnu/arm/4.9.3/bin/../lib/gcc/arm-none-eabi/4.9.3/../../../../arm-none-eabi/lib/armv7-m\libm.a(lib_a-e_pow.o)
 .rodata.bp     0x0000b560       0x10 c:/program files (x86)/cypress/psoc creator/4.0/psoc creator/import/gnu/arm/4.9.3/bin/../lib/gcc/arm-none-eabi/4.9.3/../../../../arm-none-eabi/lib/armv7-m\libm.a(lib_a-e_pow.o)
 .rodata.str1.4
                0x0000b570        0x4 c:/program files (x86)/cypress/psoc creator/4.0/psoc creator/import/gnu/arm/4.9.3/bin/../lib/gcc/arm-none-eabi/4.9.3/../../../../arm-none-eabi/lib/armv7-m\libm.a(lib_a-e_pow.o)
 .rodata.npio2_hw
                0x0000b574       0x80 c:/program files (x86)/cypress/psoc creator/4.0/psoc creator/import/gnu/arm/4.9.3/bin/../lib/gcc/arm-none-eabi/4.9.3/../../../../arm-none-eabi/lib/armv7-m\libm.a(lib_a-e_rem_pio2.o)
 .rodata.two_over_pi
                0x0000b5f4      0x108 c:/program files (x86)/cypress/psoc creator/4.0/psoc creator/import/gnu/arm/4.9.3/bin/../lib/gcc/arm-none-eabi/4.9.3/../../../../arm-none-eabi/lib/armv7-m\libm.a(lib_a-e_rem_pio2.o)
 .rodata.init_jk
                0x0000b6fc       0x10 c:/program files (x86)/cypress/psoc creator/4.0/psoc creator/import/gnu/arm/4.9.3/bin/../lib/gcc/arm-none-eabi/4.9.3/../../../../arm-none-eabi/lib/armv7-m\libm.a(lib_a-k_rem_pio2.o)
 *fill*         0x0000b70c        0x4 
 .rodata.PIo2   0x0000b710       0x40 c:/program files (x86)/cypress/psoc creator/4.0/psoc creator/import/gnu/arm/4.9.3/bin/../lib/gcc/arm-none-eabi/4.9.3/../../../../arm-none-eabi/lib/armv7-m\libm.a(lib_a-k_rem_pio2.o)
 .rodata.TWO52  0x0000b750       0x10 c:/program files (x86)/cypress/psoc creator/4.0/psoc creator/import/gnu/arm/4.9.3/bin/../lib/gcc/arm-none-eabi/4.9.3/../../../../arm-none-eabi/lib/armv7-m\libm.a(lib_a-s_rint.o)
 .rodata.str1.1
                0x0000b760        0x2 c:/program files (x86)/cypress/psoc creator/4.0/psoc creator/import/gnu/arm/4.9.3/bin/../lib/gcc/arm-none-eabi/4.9.3/../../../../arm-none-eabi/lib/armv7-m\libg_nano.a(lib_a-impure.o)
                0x0000b764                . = ALIGN (0x4)
 *fill*         0x0000b762        0x2 
 *(.init)
 .init          0x0000b764        0x4 c:/program files (x86)/cypress/psoc creator/4.0/psoc creator/import/gnu/arm/4.9.3/bin/../lib/gcc/arm-none-eabi/4.9.3/armv7-m/crti.o
                0x0000b764                _init
 .init          0x0000b768        0x8 c:/program files (x86)/cypress/psoc creator/4.0/psoc creator/import/gnu/arm/4.9.3/bin/../lib/gcc/arm-none-eabi/4.9.3/armv7-m/crtn.o
                0x0000b770                . = ALIGN (0x4)
                0x0000b770                __preinit_array_start = .
 *(.preinit_array)
                0x0000b770                __preinit_array_end = .
                0x0000b770                . = ALIGN (0x4)
                0x0000b770                __init_array_start = .
 *(SORT(.init_array.*))
 *(.init_array)
 .init_array    0x0000b770        0x4 c:/program files (x86)/cypress/psoc creator/4.0/psoc creator/import/gnu/arm/4.9.3/bin/../lib/gcc/arm-none-eabi/4.9.3/armv7-m/crtbegin.o
 .init_array    0x0000b774        0x4 .\CortexM3\ARM_GCC_493\Debug\Cm3Start.o
                0x0000b778                __init_array_end = .
                0x0000b778                . = ALIGN (0x4)
 *(.fini)
 .fini          0x0000b778        0x4 c:/program files (x86)/cypress/psoc creator/4.0/psoc creator/import/gnu/arm/4.9.3/bin/../lib/gcc/arm-none-eabi/4.9.3/armv7-m/crti.o
                0x0000b778                _fini
 .fini          0x0000b77c        0x8 c:/program files (x86)/cypress/psoc creator/4.0/psoc creator/import/gnu/arm/4.9.3/bin/../lib/gcc/arm-none-eabi/4.9.3/armv7-m/crtn.o
                0x0000b784                . = ALIGN (0x4)
                0x0000b784                __fini_array_start = .
 *(.fini_array)
 .fini_array    0x0000b784        0x4 c:/program files (x86)/cypress/psoc creator/4.0/psoc creator/import/gnu/arm/4.9.3/bin/../lib/gcc/arm-none-eabi/4.9.3/armv7-m/crtbegin.o
 *(SORT(.fini_array.*))
                0x0000b788                __fini_array_end = .
                0x0000b788                . = ALIGN (0x4)
 *crtbegin.o(.ctors)
 *(EXCLUDE_FILE(*crtend.o) .ctors)
 *(SORT(.ctors.*))
 *crtend.o(.ctors)
                0x0000b788                . = ALIGN (0x4)
 *crtbegin.o(.dtors)
 *(EXCLUDE_FILE(*crtend.o) .dtors)
 *(SORT(.dtors.*))
 *crtend.o(.dtors)
                0x0000b788                . = ALIGN (0x4)
                0x0000b788                __cy_regions = .
                0x0000b788        0x4 LONG 0xb798 __cy_region_init_ram
                0x0000b78c        0x4 LONG 0x1fff8108 __cy_region_start_data
                0x0000b790        0x4 LONG 0x178 __cy_region_init_size_ram
                0x0000b794        0x4 LONG 0xaa20 __cy_region_zero_size_ram
                0x0000b798                __cy_regions_end = .
                0x0000b798                . = ALIGN (0x8)
                0x0000b798                _etext = .

.ramvectors     0x1fff8000      0x100
                0x1fff8000                __cy_region_start_ram = .
 *(.ramvectors)
 .ramvectors    0x1fff8000      0x100 .\CortexM3\ARM_GCC_493\Debug\Cm3Start.o
                0x1fff8000                CyRamVectors

.noinit         0x1fff8100        0x5
 *(.noinit)
 .noinit        0x1fff8100        0x4 .\CortexM3\ARM_GCC_493\Debug\Cm3Start.o
 .noinit        0x1fff8104        0x1 .\CortexM3\ARM_GCC_493\Debug\Hummingbird(Audio+PDA+MIDI)(3-2-17).a(CyLib.o)
                0x1fff8104                CyResetStatus

.data           0x1fff8108      0x178 load address 0x0000b798
                0x1fff8108                __cy_region_start_data = .
 *(.jcr)
 .jcr           0x1fff8108        0x0 c:/program files (x86)/cypress/psoc creator/4.0/psoc creator/import/gnu/arm/4.9.3/bin/../lib/gcc/arm-none-eabi/4.9.3/armv7-m/crtbegin.o
 .jcr           0x1fff8108        0x4 c:/program files (x86)/cypress/psoc creator/4.0/psoc creator/import/gnu/arm/4.9.3/bin/../lib/gcc/arm-none-eabi/4.9.3/armv7-m/crtend.o
 *(.got.plt)
 *(.got)
 *(.shdata)
 *(.data .data.* .gnu.linkonce.d.*)
 .data          0x1fff810c        0x4 .\CortexM3\ARM_GCC_493\Debug\main.o
                0x1fff810c                lastNote
 .data          0x1fff8110       0xe8 .\CortexM3\ARM_GCC_493\Debug\midi.o
                0x1fff8110                scaleMajor
                0x1fff8184                scaleNatMinor
 .data          0x1fff81f8        0x8 .\CortexM3\ARM_GCC_493\Debug\Hummingbird(Audio+PDA+MIDI)(3-2-17).a(CyDmac.o)
 .data          0x1fff8200       0x10 .\CortexM3\ARM_GCC_493\Debug\Hummingbird(Audio+PDA+MIDI)(3-2-17).a(CyLib.o)
                0x1fff8200                cydelay_freq_hz
                0x1fff8204                cydelay_freq_khz
                0x1fff8208                cydelay_freq_mhz
                0x1fff820c                cydelay_32k_ms
 .data          0x1fff8210        0x2 .\CortexM3\ARM_GCC_493\Debug\Hummingbird(Audio+PDA+MIDI)(3-2-17).a(UI_ADC.o)
 .data          0x1fff8212        0x1 .\CortexM3\ARM_GCC_493\Debug\Hummingbird(Audio+PDA+MIDI)(3-2-17).a(UI_ADC_TempBuf_dma.o)
                0x1fff8212                UI_ADC_TempBuf_DmaHandle
 .data          0x1fff8213        0x1 .\CortexM3\ARM_GCC_493\Debug\Hummingbird(Audio+PDA+MIDI)(3-2-17).a(UI_ADC_FinalBuf_dma.o)
                0x1fff8213                UI_ADC_FinalBuf_DmaHandle
 .data.__fdlib_version
                0x1fff8214        0x1 c:/program files (x86)/cypress/psoc creator/4.0/psoc creator/import/gnu/arm/4.9.3/bin/../lib/gcc/arm-none-eabi/4.9.3/../../../../arm-none-eabi/lib/armv7-m\libm.a(lib_a-s_lib_ver.o)
                0x1fff8214                __fdlib_version
 *fill*         0x1fff8215        0x3 
 .data.impure_data
                0x1fff8218       0x60 c:/program files (x86)/cypress/psoc creator/4.0/psoc creator/import/gnu/arm/4.9.3/bin/../lib/gcc/arm-none-eabi/4.9.3/../../../../arm-none-eabi/lib/armv7-m\libg_nano.a(lib_a-impure.o)
 .data._impure_ptr
                0x1fff8278        0x4 c:/program files (x86)/cypress/psoc creator/4.0/psoc creator/import/gnu/arm/4.9.3/bin/../lib/gcc/arm-none-eabi/4.9.3/../../../../arm-none-eabi/lib/armv7-m\libg_nano.a(lib_a-impure.o)
                0x1fff8278                _impure_ptr
                0x1fff8280                . = ALIGN (0x8)
 *fill*         0x1fff827c        0x4 
 *(.ram)
                0x1fff8280                _edata = .

.igot.plt       0x1fff8280        0x0 load address 0x0000b910
 .igot.plt      0x00000000        0x0 c:/program files (x86)/cypress/psoc creator/4.0/psoc creator/import/gnu/arm/4.9.3/bin/../lib/gcc/arm-none-eabi/4.9.3/armv7-m/crtbegin.o

.bss            0x1fff8280     0xaa20 load address 0x0000b910
                0x1fff8280                PROVIDE (__bss_start__, .)
 *(.shbss)
 *(.bss .bss.* .gnu.linkonce.b.*)
 .bss           0x1fff8280       0x1c c:/program files (x86)/cypress/psoc creator/4.0/psoc creator/import/gnu/arm/4.9.3/bin/../lib/gcc/arm-none-eabi/4.9.3/armv7-m/crtbegin.o
 *fill*         0x1fff829c        0x4 
 .bss           0x1fff82a0     0x2028 .\CortexM3\ARM_GCC_493\Debug\main.o
                0x1fff82a0                csButtStates
                0x1fff82a1                csButtStates_old
                0x1fff82a2                csButtChange
                0x1fff82a3                inqFlags_old
                0x1fff82a4                frameIndex
                0x1fff82a6                currFrame
                0x1fff82a7                sampleFrame
                0x1fff82a8                max_value
                0x1fff82b0                frameReady
                0x1fff82b4                frameLocked
                0x1fff82b6                sustain
                0x1fff82b7                frameProcessed
                0x1fff82b8                i
                0x1fff82c0                sampImg
                0x1fffa2c0                frame1InUse
                0x1fffa2c1                frame2InUse
                0x1fffa2c2                curScale
                0x1fffa2c3                curKey
                0x1fffa2c4                usbActivityCounter
 .bss           0x1fffa2c8     0x4000 .\CortexM3\ARM_GCC_493\Debug\pitch.o
 .bss           0x1fffe2c8        0x4 .\CortexM3\ARM_GCC_493\Debug\Hummingbird(Audio+PDA+MIDI)(3-2-17).a(MIDI1_UART_PM.o)
 .bss           0x1fffe2cc        0x4 .\CortexM3\ARM_GCC_493\Debug\Hummingbird(Audio+PDA+MIDI)(3-2-17).a(MIDI2_UART_PM.o)
 .bss           0x1fffe2d0        0x1 .\CortexM3\ARM_GCC_493\Debug\Hummingbird(Audio+PDA+MIDI)(3-2-17).a(SleepTimer.o)
                0x1fffe2d0                SleepTimer_initVar
 .bss           0x1fffe2d1        0x1 .\CortexM3\ARM_GCC_493\Debug\Hummingbird(Audio+PDA+MIDI)(3-2-17).a(USB.o)
                0x1fffe2d1                USB_initVar
 *fill*         0x1fffe2d2        0x2 
 .bss           0x1fffe2d4        0x4 .\CortexM3\ARM_GCC_493\Debug\Hummingbird(Audio+PDA+MIDI)(3-2-17).a(USB_pm.o)
 .bss           0x1fffe2d8        0x4 .\CortexM3\ARM_GCC_493\Debug\Hummingbird(Audio+PDA+MIDI)(3-2-17).a(USB_std.o)
 .bss           0x1fffe2dc       0x18 .\CortexM3\ARM_GCC_493\Debug\Hummingbird(Audio+PDA+MIDI)(3-2-17).a(USB_midi.o)
 .bss           0x1fffe2f4       0x44 .\CortexM3\ARM_GCC_493\Debug\Hummingbird(Audio+PDA+MIDI)(3-2-17).a(cyPm.o)
 .bss           0x1fffe338        0x2 .\CortexM3\ARM_GCC_493\Debug\Hummingbird(Audio+PDA+MIDI)(3-2-17).a(LCD_Char_1.o)
                0x1fffe338                LCD_Char_1_enableState
                0x1fffe339                LCD_Char_1_initVar
 .bss           0x1fffe33a        0x1 .\CortexM3\ARM_GCC_493\Debug\Hummingbird(Audio+PDA+MIDI)(3-2-17).a(ADC_SAR_1.o)
                0x1fffe33a                ADC_SAR_1_initVar
 .bss           0x1fffe33b        0x1 .\CortexM3\ARM_GCC_493\Debug\Hummingbird(Audio+PDA+MIDI)(3-2-17).a(Timer_1.o)
                0x1fffe33b                Timer_1_initVar
 .bss           0x1fffe33c        0xc .\CortexM3\ARM_GCC_493\Debug\Hummingbird(Audio+PDA+MIDI)(3-2-17).a(UI_ADC.o)
                0x1fffe33c                UI_ADC_initVar
 .bss           0x1fffe348        0x1 .\CortexM3\ARM_GCC_493\Debug\Hummingbird(Audio+PDA+MIDI)(3-2-17).a(UI_ADC_SAR.o)
                0x1fffe348                UI_ADC_SAR_initVar
 .bss           0x1fffe349        0x8 .\CortexM3\ARM_GCC_493\Debug\Hummingbird(Audio+PDA+MIDI)(3-2-17).a(MIDI1_UART.o)
                0x1fffe349                MIDI1_UART_initVar
                0x1fffe34a                MIDI1_UART_txBufferRead
                0x1fffe34b                MIDI1_UART_txBufferWrite
                0x1fffe34c                MIDI1_UART_rxBufferRead
                0x1fffe34d                MIDI1_UART_rxBufferWrite
                0x1fffe34e                MIDI1_UART_rxBufferLoopDetect
                0x1fffe34f                MIDI1_UART_rxBufferOverflow
 .bss           0x1fffe351        0x8 .\CortexM3\ARM_GCC_493\Debug\Hummingbird(Audio+PDA+MIDI)(3-2-17).a(MIDI2_UART.o)
                0x1fffe351                MIDI2_UART_initVar
                0x1fffe352                MIDI2_UART_txBufferRead
                0x1fffe353                MIDI2_UART_txBufferWrite
                0x1fffe354                MIDI2_UART_rxBufferRead
                0x1fffe355                MIDI2_UART_rxBufferWrite
                0x1fffe356                MIDI2_UART_rxBufferLoopDetect
                0x1fffe357                MIDI2_UART_rxBufferOverflow
 *(COMMON)
 *fill*         0x1fffe359        0x7 
 COMMON         0x1fffe360     0x4420 .\CortexM3\ARM_GCC_493\Debug\main.o
                0x1fffe360                midiMsg
                0x1fffe364                ADCoutput
                0x1fffe368                LCDstr
                0x1fffe378                noteTable
                0x1fffe778                pitchHz
                0x1fffe780                dataFrames
 COMMON         0x20002780       0x98 .\CortexM3\ARM_GCC_493\Debug\Hummingbird(Audio+PDA+MIDI)(3-2-17).a(USB_drv.o)
                0x20002780                USB_transferState
                0x20002781                USB_interfaceNumber
                0x20002782                USB_lastPacketSize
                0x20002784                USB_interfaceClass
                0x20002788                USB_interfaceSetting
                0x2000278a                USB_ep0Mode
                0x2000278b                USB_device
                0x2000278c                USB_deviceAddress
                0x2000278d                USB_ep0Toggle
                0x2000278e                USB_configurationChanged
                0x20002790                USB_interfaceStatus
                0x20002792                USB_transferByteCount
                0x20002794                USB_configuration
                0x20002798                USB_interfaceSetting_last
                0x2000279c                USB_currentTD
                0x200027a8                USB_ep0Count
                0x200027a9                USB_deviceStatus
                0x200027ac                USB_EP
 COMMON         0x20002818       0x48 .\CortexM3\ARM_GCC_493\Debug\Hummingbird(Audio+PDA+MIDI)(3-2-17).a(USB_midi.o)
                0x20002818                USB_midiOutBuffer
                0x20002838                USB_MIDI1_InqFlags
                0x20002839                USB_midi_in_ep
                0x2000283a                USB_midiInPointer
                0x2000283b                USB_MIDI2_InqFlags
                0x2000283c                USB_midi_out_ep
                0x20002840                USB_midiInBuffer
 COMMON         0x20002860        0xa .\CortexM3\ARM_GCC_493\Debug\Hummingbird(Audio+PDA+MIDI)(3-2-17).a(ADC_SAR_1.o)
                0x20002860                ADC_SAR_1_countsPerVolt
                0x20002862                ADC_SAR_1_shift
                0x20002864                ADC_SAR_1_countsPer10Volt
                0x20002868                ADC_SAR_1_offset
 *fill*         0x2000286a        0x2 
 COMMON         0x2000286c        0x4 .\CortexM3\ARM_GCC_493\Debug\Hummingbird(Audio+PDA+MIDI)(3-2-17).a(UI_ADC.o)
                0x2000286c                UI_ADC_finalArray
 COMMON         0x20002870        0xa .\CortexM3\ARM_GCC_493\Debug\Hummingbird(Audio+PDA+MIDI)(3-2-17).a(UI_ADC_SAR.o)
                0x20002870                UI_ADC_SAR_countsPer10Volt
                0x20002874                UI_ADC_SAR_offset
                0x20002876                UI_ADC_SAR_shift
                0x20002878                UI_ADC_SAR_countsPerVolt
 *fill*         0x2000287a        0x2 
 COMMON         0x2000287c      0x1ff .\CortexM3\ARM_GCC_493\Debug\Hummingbird(Audio+PDA+MIDI)(3-2-17).a(MIDI1_UART.o)
                0x2000287c                MIDI1_UART_txBuffer
                0x2000297c                MIDI1_UART_rxBuffer
 *fill*         0x20002a7b        0x1 
 COMMON         0x20002a7c      0x1ff .\CortexM3\ARM_GCC_493\Debug\Hummingbird(Audio+PDA+MIDI)(3-2-17).a(MIDI2_UART.o)
                0x20002a7c                MIDI2_UART_rxBuffer
                0x20002b7c                MIDI2_UART_txBuffer
 *fill*         0x20002c7b        0x1 
 COMMON         0x20002c7c       0x22 .\CortexM3\ARM_GCC_493\Debug\Hummingbird(Audio+PDA+MIDI)(3-2-17).a(USB_descr.o)
                0x20002c7c                USB_idSerialNumberStringDescriptor
                0x20002ca0                . = ALIGN (0x8)
 *fill*         0x20002c9e        0x2 
 *(.ram.b)
                0x20002ca0                _end = .
                0x20002ca0                __end = .
                0x20002ca0                PROVIDE (end, .)
                0x20002ca0                PROVIDE (__bss_end__, .)
                0x0000b798                __cy_region_init_ram = LOADADDR (.data)
                0x00000178                __cy_region_init_size_ram = (_edata - ADDR (.data))
                0x0000aa20                __cy_region_zero_size_ram = (_end - _edata)

.heap           0x20002ca0       0x80 load address 0x0000b910
                0x20002ca0                . = _end
                0x20002d20                . = (. + 0x80)
 *fill*         0x20002ca0       0x80 
                0x20002d20                __cy_heap_limit = .

.stack          0x20007800      0x800
                0x20007800                __cy_stack_limit = .
                0x20008000                . = (. + 0x800)
 *fill*         0x20007800      0x800 
                0x00000001                ASSERT ((__cy_stack_limit >= __cy_heap_limit), region RAM overflowed with stack)

.cyloadermeta
 *(.cyloadermeta)

.cyloadablemeta
 *(.cyloadablemeta)

.cyconfigecc    0x80000000      0xc38
 *(.cyconfigecc)
 .cyconfigecc   0x80000000      0xc38 .\CortexM3\ARM_GCC_493\Debug\cymetadata.o
                0x80000000                cy_meta_configecc

.cycustnvl      0x90000000        0x4
 *(.cycustnvl)
 .cycustnvl     0x90000000        0x4 .\CortexM3\ARM_GCC_493\Debug\cymetadata.o
                0x90000000                cy_meta_custnvl

.cywolatch      0x90100000        0x4
 *(.cywolatch)
 .cywolatch     0x90100000        0x4 .\CortexM3\ARM_GCC_493\Debug\cymetadata.o
                0x90100000                cy_meta_wonvl

.cyeeprom       0x90200000        0x0
 *(.cyeeprom)
                0x00000001                ASSERT ((. <= ((0x90200000 + ee_offset) + ee_size)), .cyeeprom data will not fit in EEPROM)

.cyflashprotect
                0x90400000      0x100
 *(.cyflashprotect)
 .cyflashprotect
                0x90400000      0x100 .\CortexM3\ARM_GCC_493\Debug\cymetadata.o
                0x90400000                cy_meta_flashprotect

.cymeta         0x90500000        0xc
 *(.cymeta)
 .cymeta        0x90500000        0xc .\CortexM3\ARM_GCC_493\Debug\cymetadata.o
                0x90500000                cy_metadata

.rel.dyn        0x0000b910        0x0 load address 0x9050000c
 .rel.iplt      0x00000000        0x0 c:/program files (x86)/cypress/psoc creator/4.0/psoc creator/import/gnu/arm/4.9.3/bin/../lib/gcc/arm-none-eabi/4.9.3/armv7-m/crtbegin.o

.stab
 *(.stab)

.stabstr
 *(.stabstr)

.debug
 *(.debug)

.line
 *(.line)

.debug_srcinfo
 *(.debug_srcinfo)

.debug_sfnames
 *(.debug_sfnames)

.debug_aranges  0x00000000     0x13b8
 *(.debug_aranges)
 .debug_aranges
                0x00000000       0x40 .\CortexM3\ARM_GCC_493\Debug\main.o
 .debug_aranges
                0x00000040       0x60 .\CortexM3\ARM_GCC_493\Debug\fft.o
 .debug_aranges
                0x000000a0       0x48 .\CortexM3\ARM_GCC_493\Debug\midi.o
 .debug_aranges
                0x000000e8       0x38 .\CortexM3\ARM_GCC_493\Debug\pitch.o
 .debug_aranges
                0x00000120       0x30 .\CortexM3\ARM_GCC_493\Debug\hbird.o
 .debug_aranges
                0x00000150       0x18 .\CortexM3\ARM_GCC_493\Debug\cymetadata.o
 .debug_aranges
                0x00000168       0x40 .\CortexM3\ARM_GCC_493\Debug\Cm3Start.o
 .debug_aranges
                0x000001a8       0x38 .\CortexM3\ARM_GCC_493\Debug\Hummingbird(Audio+PDA+MIDI)(3-2-17).a(MIDI1_UART_PM.o)
 .debug_aranges
                0x000001e0       0x38 .\CortexM3\ARM_GCC_493\Debug\Hummingbird(Audio+PDA+MIDI)(3-2-17).a(MIDI2_UART_PM.o)
 .debug_aranges
                0x00000218       0x60 .\CortexM3\ARM_GCC_493\Debug\Hummingbird(Audio+PDA+MIDI)(3-2-17).a(cyfitter_cfg.o)
 .debug_aranges
                0x00000278       0x58 .\CortexM3\ARM_GCC_493\Debug\Hummingbird(Audio+PDA+MIDI)(3-2-17).a(SleepTimer.o)
 .debug_aranges
                0x000002d0       0x38 .\CortexM3\ARM_GCC_493\Debug\Hummingbird(Audio+PDA+MIDI)(3-2-17).a(MIDI_PWR.o)
 .debug_aranges
                0x00000308       0xb0 .\CortexM3\ARM_GCC_493\Debug\Hummingbird(Audio+PDA+MIDI)(3-2-17).a(USB.o)
 .debug_aranges
                0x000003b8       0x98 .\CortexM3\ARM_GCC_493\Debug\Hummingbird(Audio+PDA+MIDI)(3-2-17).a(USB_drv.o)
 .debug_aranges
                0x00000450       0x38 .\CortexM3\ARM_GCC_493\Debug\Hummingbird(Audio+PDA+MIDI)(3-2-17).a(USB_episr.o)
 .debug_aranges
                0x00000488       0x40 .\CortexM3\ARM_GCC_493\Debug\Hummingbird(Audio+PDA+MIDI)(3-2-17).a(USB_pm.o)
 .debug_aranges
                0x000004c8       0x78 .\CortexM3\ARM_GCC_493\Debug\Hummingbird(Audio+PDA+MIDI)(3-2-17).a(USB_std.o)
 .debug_aranges
                0x00000540       0x20 .\CortexM3\ARM_GCC_493\Debug\Hummingbird(Audio+PDA+MIDI)(3-2-17).a(USB_vnd.o)
 .debug_aranges
                0x00000560       0x78 .\CortexM3\ARM_GCC_493\Debug\Hummingbird(Audio+PDA+MIDI)(3-2-17).a(USB_midi.o)
 .debug_aranges
                0x000005d8       0x80 .\CortexM3\ARM_GCC_493\Debug\Hummingbird(Audio+PDA+MIDI)(3-2-17).a(Sleep_isr.o)
 .debug_aranges
                0x00000658       0xd8 .\CortexM3\ARM_GCC_493\Debug\Hummingbird(Audio+PDA+MIDI)(3-2-17).a(CyDmac.o)
 .debug_aranges
                0x00000730      0x218 .\CortexM3\ARM_GCC_493\Debug\Hummingbird(Audio+PDA+MIDI)(3-2-17).a(CyLib.o)
 .debug_aranges
                0x00000948       0x90 .\CortexM3\ARM_GCC_493\Debug\Hummingbird(Audio+PDA+MIDI)(3-2-17).a(cyPm.o)
 .debug_aranges
                0x000009d8       0x98 .\CortexM3\ARM_GCC_493\Debug\Hummingbird(Audio+PDA+MIDI)(3-2-17).a(LCD_Char_1.o)
 .debug_aranges
                0x00000a70       0xa8 .\CortexM3\ARM_GCC_493\Debug\Hummingbird(Audio+PDA+MIDI)(3-2-17).a(ADC_SAR_1.o)
 .debug_aranges
                0x00000b18       0x20 .\CortexM3\ARM_GCC_493\Debug\Hummingbird(Audio+PDA+MIDI)(3-2-17).a(ADC_SAR_1_INT.o)
 .debug_aranges
                0x00000b38       0x90 .\CortexM3\ARM_GCC_493\Debug\Hummingbird(Audio+PDA+MIDI)(3-2-17).a(Timer_1.o)
 .debug_aranges
                0x00000bc8       0x80 .\CortexM3\ARM_GCC_493\Debug\Hummingbird(Audio+PDA+MIDI)(3-2-17).a(isr_1.o)
 .debug_aranges
                0x00000c48       0x70 .\CortexM3\ARM_GCC_493\Debug\Hummingbird(Audio+PDA+MIDI)(3-2-17).a(ADC_SAR_1_theACLK.o)
 .debug_aranges
                0x00000cb8       0xa0 .\CortexM3\ARM_GCC_493\Debug\Hummingbird(Audio+PDA+MIDI)(3-2-17).a(UI_ADC.o)
 .debug_aranges
                0x00000d58       0x20 .\CortexM3\ARM_GCC_493\Debug\Hummingbird(Audio+PDA+MIDI)(3-2-17).a(UI_ADC_INT.o)
 .debug_aranges
                0x00000d78       0xa8 .\CortexM3\ARM_GCC_493\Debug\Hummingbird(Audio+PDA+MIDI)(3-2-17).a(UI_ADC_SAR.o)
 .debug_aranges
                0x00000e20       0x28 .\CortexM3\ARM_GCC_493\Debug\Hummingbird(Audio+PDA+MIDI)(3-2-17).a(UI_ADC_TempBuf_dma.o)
 .debug_aranges
                0x00000e48       0x28 .\CortexM3\ARM_GCC_493\Debug\Hummingbird(Audio+PDA+MIDI)(3-2-17).a(UI_ADC_FinalBuf_dma.o)
 .debug_aranges
                0x00000e70       0x80 .\CortexM3\ARM_GCC_493\Debug\Hummingbird(Audio+PDA+MIDI)(3-2-17).a(UI_ADC_IRQ.o)
 .debug_aranges
                0x00000ef0       0x20 .\CortexM3\ARM_GCC_493\Debug\Hummingbird(Audio+PDA+MIDI)(3-2-17).a(CyBootAsmGnu.o)
 .debug_aranges
                0x00000f10      0x110 .\CortexM3\ARM_GCC_493\Debug\Hummingbird(Audio+PDA+MIDI)(3-2-17).a(MIDI1_UART.o)
 .debug_aranges
                0x00001020      0x110 .\CortexM3\ARM_GCC_493\Debug\Hummingbird(Audio+PDA+MIDI)(3-2-17).a(MIDI2_UART.o)
 .debug_aranges
                0x00001130       0x38 .\CortexM3\ARM_GCC_493\Debug\Hummingbird(Audio+PDA+MIDI)(3-2-17).a(LED_OutB.o)
 .debug_aranges
                0x00001168       0x38 .\CortexM3\ARM_GCC_493\Debug\Hummingbird(Audio+PDA+MIDI)(3-2-17).a(LED_OutA.o)
 .debug_aranges
                0x000011a0       0x20 .\CortexM3\ARM_GCC_493\Debug\Hummingbird(Audio+PDA+MIDI)(3-2-17).a(USB_cls.o)
 .debug_aranges
                0x000011c0       0x18 .\CortexM3\ARM_GCC_493\Debug\Hummingbird(Audio+PDA+MIDI)(3-2-17).a(USB_descr.o)
 .debug_aranges
                0x000011d8       0x78 .\CortexM3\ARM_GCC_493\Debug\Hummingbird(Audio+PDA+MIDI)(3-2-17).a(CyFlash.o)
 .debug_aranges
                0x00001250       0x68 .\CortexM3\ARM_GCC_493\Debug\Hummingbird(Audio+PDA+MIDI)(3-2-17).a(CySpc.o)
 .debug_aranges
                0x000012b8       0x20 .\CortexM3\ARM_GCC_493\Debug\Hummingbird(Audio+PDA+MIDI)(3-2-17).a(cyutils.o)
 .debug_aranges
                0x000012d8       0x28 .\CortexM3\ARM_GCC_493\Debug\Hummingbird(Audio+PDA+MIDI)(3-2-17).a(MIDI1_UART_INT.o)
 .debug_aranges
                0x00001300       0x28 .\CortexM3\ARM_GCC_493\Debug\Hummingbird(Audio+PDA+MIDI)(3-2-17).a(MIDI2_UART_INT.o)
 .debug_aranges
                0x00001328       0x38 .\CortexM3\ARM_GCC_493\Debug\Hummingbird(Audio+PDA+MIDI)(3-2-17).a(LED_InB.o)
 .debug_aranges
                0x00001360       0x38 .\CortexM3\ARM_GCC_493\Debug\Hummingbird(Audio+PDA+MIDI)(3-2-17).a(LED_InA.o)
 .debug_aranges
                0x00001398       0x20 .\CortexM3\ARM_GCC_493\Debug\Hummingbird(Audio+PDA+MIDI)(3-2-17).a(USB_audio.o)

.debug_pubnames
 *(.debug_pubnames)

.debug_info     0x00000000     0x965a
 *(.debug_info .gnu.linkonce.wi.*)
 .debug_info    0x00000000      0x4af .\CortexM3\ARM_GCC_493\Debug\main.o
 .debug_info    0x000004af      0x697 .\CortexM3\ARM_GCC_493\Debug\fft.o
 .debug_info    0x00000b46      0x2e1 .\CortexM3\ARM_GCC_493\Debug\midi.o
 .debug_info    0x00000e27      0x19e .\CortexM3\ARM_GCC_493\Debug\pitch.o
 .debug_info    0x00000fc5      0x1e3 .\CortexM3\ARM_GCC_493\Debug\hbird.o
 .debug_info    0x000011a8      0x13e .\CortexM3\ARM_GCC_493\Debug\cymetadata.o
 .debug_info    0x000012e6      0x2bc .\CortexM3\ARM_GCC_493\Debug\Cm3Start.o
 .debug_info    0x000015a2      0x134 .\CortexM3\ARM_GCC_493\Debug\Hummingbird(Audio+PDA+MIDI)(3-2-17).a(MIDI1_UART_PM.o)
 .debug_info    0x000016d6      0x134 .\CortexM3\ARM_GCC_493\Debug\Hummingbird(Audio+PDA+MIDI)(3-2-17).a(MIDI2_UART_PM.o)
 .debug_info    0x0000180a      0x464 .\CortexM3\ARM_GCC_493\Debug\Hummingbird(Audio+PDA+MIDI)(3-2-17).a(cyfitter_cfg.o)
 .debug_info    0x00001c6e      0x1a2 .\CortexM3\ARM_GCC_493\Debug\Hummingbird(Audio+PDA+MIDI)(3-2-17).a(SleepTimer.o)
 .debug_info    0x00001e10      0x11c .\CortexM3\ARM_GCC_493\Debug\Hummingbird(Audio+PDA+MIDI)(3-2-17).a(MIDI_PWR.o)
 .debug_info    0x00001f2c      0x5cf .\CortexM3\ARM_GCC_493\Debug\Hummingbird(Audio+PDA+MIDI)(3-2-17).a(USB.o)
 .debug_info    0x000024fb      0x4ec .\CortexM3\ARM_GCC_493\Debug\Hummingbird(Audio+PDA+MIDI)(3-2-17).a(USB_drv.o)
 .debug_info    0x000029e7      0x194 .\CortexM3\ARM_GCC_493\Debug\Hummingbird(Audio+PDA+MIDI)(3-2-17).a(USB_episr.o)
 .debug_info    0x00002b7b      0x1a9 .\CortexM3\ARM_GCC_493\Debug\Hummingbird(Audio+PDA+MIDI)(3-2-17).a(USB_pm.o)
 .debug_info    0x00002d24      0x7ba .\CortexM3\ARM_GCC_493\Debug\Hummingbird(Audio+PDA+MIDI)(3-2-17).a(USB_std.o)
 .debug_info    0x000034de      0x176 .\CortexM3\ARM_GCC_493\Debug\Hummingbird(Audio+PDA+MIDI)(3-2-17).a(USB_vnd.o)
 .debug_info    0x00003654      0x634 .\CortexM3\ARM_GCC_493\Debug\Hummingbird(Audio+PDA+MIDI)(3-2-17).a(USB_midi.o)
 .debug_info    0x00003c88      0x236 .\CortexM3\ARM_GCC_493\Debug\Hummingbird(Audio+PDA+MIDI)(3-2-17).a(Sleep_isr.o)
 .debug_info    0x00003ebe      0x8ae .\CortexM3\ARM_GCC_493\Debug\Hummingbird(Audio+PDA+MIDI)(3-2-17).a(CyDmac.o)
 .debug_info    0x0000476c      0xb90 .\CortexM3\ARM_GCC_493\Debug\Hummingbird(Audio+PDA+MIDI)(3-2-17).a(CyLib.o)
 .debug_info    0x000052fc      0x534 .\CortexM3\ARM_GCC_493\Debug\Hummingbird(Audio+PDA+MIDI)(3-2-17).a(cyPm.o)
 .debug_info    0x00005830      0x3c3 .\CortexM3\ARM_GCC_493\Debug\Hummingbird(Audio+PDA+MIDI)(3-2-17).a(LCD_Char_1.o)
 .debug_info    0x00005bf3      0x47c .\CortexM3\ARM_GCC_493\Debug\Hummingbird(Audio+PDA+MIDI)(3-2-17).a(ADC_SAR_1.o)
 .debug_info    0x0000606f       0x92 .\CortexM3\ARM_GCC_493\Debug\Hummingbird(Audio+PDA+MIDI)(3-2-17).a(ADC_SAR_1_INT.o)