ARM GAS  C:\Users\mgronber\AppData\Local\Temp\ccTPx6pt.s 			page 1


   1              		.syntax unified
   2              		.cpu cortex-m3
   3              		.fpu softvfp
   4              		.eabi_attribute 20, 1
   5              		.eabi_attribute 21, 1
   6              		.eabi_attribute 23, 3
   7              		.eabi_attribute 24, 1
   8              		.eabi_attribute 25, 1
   9              		.eabi_attribute 26, 1
  10              		.eabi_attribute 30, 2
  11              		.eabi_attribute 34, 1
  12              		.eabi_attribute 18, 4
  13              		.thumb
  14              		.file	"MIDI2_UART_PM.c"
  15              		.text
  16              	.Ltext0:
  17              		.cfi_sections	.debug_frame
  18              		.section	.text.MIDI2_UART_SaveConfig,"ax",%progbits
  19              		.align	2
  20              		.global	MIDI2_UART_SaveConfig
  21              		.thumb
  22              		.thumb_func
  23              		.type	MIDI2_UART_SaveConfig, %function
  24              	MIDI2_UART_SaveConfig:
  25              	.LFB0:
  26              		.file 1 "Generated_Source\\PSoC5\\MIDI2_UART_PM.c"
   1:Generated_Source\PSoC5/MIDI2_UART_PM.c **** /*******************************************************************************
   2:Generated_Source\PSoC5/MIDI2_UART_PM.c **** * File Name: MIDI2_UART_PM.c
   3:Generated_Source\PSoC5/MIDI2_UART_PM.c **** * Version 2.30
   4:Generated_Source\PSoC5/MIDI2_UART_PM.c **** *
   5:Generated_Source\PSoC5/MIDI2_UART_PM.c **** * Description:
   6:Generated_Source\PSoC5/MIDI2_UART_PM.c **** *  This file provides Sleep/WakeUp APIs functionality.
   7:Generated_Source\PSoC5/MIDI2_UART_PM.c **** *
   8:Generated_Source\PSoC5/MIDI2_UART_PM.c **** * Note:
   9:Generated_Source\PSoC5/MIDI2_UART_PM.c **** *
  10:Generated_Source\PSoC5/MIDI2_UART_PM.c **** ********************************************************************************
  11:Generated_Source\PSoC5/MIDI2_UART_PM.c **** * Copyright 2008-2012, Cypress Semiconductor Corporation.  All rights reserved.
  12:Generated_Source\PSoC5/MIDI2_UART_PM.c **** * You may use this file only in accordance with the license, terms, conditions,
  13:Generated_Source\PSoC5/MIDI2_UART_PM.c **** * disclaimers, and limitations in the end user license agreement accompanying
  14:Generated_Source\PSoC5/MIDI2_UART_PM.c **** * the software package with which this file was provided.
  15:Generated_Source\PSoC5/MIDI2_UART_PM.c **** *******************************************************************************/
  16:Generated_Source\PSoC5/MIDI2_UART_PM.c **** 
  17:Generated_Source\PSoC5/MIDI2_UART_PM.c **** #include "MIDI2_UART.h"
  18:Generated_Source\PSoC5/MIDI2_UART_PM.c **** 
  19:Generated_Source\PSoC5/MIDI2_UART_PM.c **** 
  20:Generated_Source\PSoC5/MIDI2_UART_PM.c **** /***************************************
  21:Generated_Source\PSoC5/MIDI2_UART_PM.c **** * Local data allocation
  22:Generated_Source\PSoC5/MIDI2_UART_PM.c **** ***************************************/
  23:Generated_Source\PSoC5/MIDI2_UART_PM.c **** 
  24:Generated_Source\PSoC5/MIDI2_UART_PM.c **** static MIDI2_UART_BACKUP_STRUCT  MIDI2_UART_backup =
  25:Generated_Source\PSoC5/MIDI2_UART_PM.c **** {
  26:Generated_Source\PSoC5/MIDI2_UART_PM.c ****     /* enableState - disabled */
  27:Generated_Source\PSoC5/MIDI2_UART_PM.c ****     0u,
  28:Generated_Source\PSoC5/MIDI2_UART_PM.c **** };
  29:Generated_Source\PSoC5/MIDI2_UART_PM.c **** 
  30:Generated_Source\PSoC5/MIDI2_UART_PM.c **** 
  31:Generated_Source\PSoC5/MIDI2_UART_PM.c **** 
ARM GAS  C:\Users\mgronber\AppData\Local\Temp\ccTPx6pt.s 			page 2


  32:Generated_Source\PSoC5/MIDI2_UART_PM.c **** /*******************************************************************************
  33:Generated_Source\PSoC5/MIDI2_UART_PM.c **** * Function Name: MIDI2_UART_SaveConfig
  34:Generated_Source\PSoC5/MIDI2_UART_PM.c **** ********************************************************************************
  35:Generated_Source\PSoC5/MIDI2_UART_PM.c **** *
  36:Generated_Source\PSoC5/MIDI2_UART_PM.c **** * Summary:
  37:Generated_Source\PSoC5/MIDI2_UART_PM.c **** *  Saves the current user configuration.
  38:Generated_Source\PSoC5/MIDI2_UART_PM.c **** *
  39:Generated_Source\PSoC5/MIDI2_UART_PM.c **** * Parameters:
  40:Generated_Source\PSoC5/MIDI2_UART_PM.c **** *  None.
  41:Generated_Source\PSoC5/MIDI2_UART_PM.c **** *
  42:Generated_Source\PSoC5/MIDI2_UART_PM.c **** * Return:
  43:Generated_Source\PSoC5/MIDI2_UART_PM.c **** *  None.
  44:Generated_Source\PSoC5/MIDI2_UART_PM.c **** *
  45:Generated_Source\PSoC5/MIDI2_UART_PM.c **** * Global Variables:
  46:Generated_Source\PSoC5/MIDI2_UART_PM.c **** *  MIDI2_UART_backup - modified when non-retention registers are saved.
  47:Generated_Source\PSoC5/MIDI2_UART_PM.c **** *
  48:Generated_Source\PSoC5/MIDI2_UART_PM.c **** * Reentrant:
  49:Generated_Source\PSoC5/MIDI2_UART_PM.c **** *  No.
  50:Generated_Source\PSoC5/MIDI2_UART_PM.c **** *
  51:Generated_Source\PSoC5/MIDI2_UART_PM.c **** *******************************************************************************/
  52:Generated_Source\PSoC5/MIDI2_UART_PM.c **** void MIDI2_UART_SaveConfig(void)
  53:Generated_Source\PSoC5/MIDI2_UART_PM.c **** {
  27              		.loc 1 53 0
  28              		.cfi_startproc
  29              		@ args = 0, pretend = 0, frame = 0
  30              		@ frame_needed = 0, uses_anonymous_args = 0
  31              		@ link register save eliminated.
  32 0000 7047     		bx	lr
  33              		.cfi_endproc
  34              	.LFE0:
  35              		.size	MIDI2_UART_SaveConfig, .-MIDI2_UART_SaveConfig
  36 0002 00BF     		.section	.text.MIDI2_UART_RestoreConfig,"ax",%progbits
  37              		.align	2
  38              		.global	MIDI2_UART_RestoreConfig
  39              		.thumb
  40              		.thumb_func
  41              		.type	MIDI2_UART_RestoreConfig, %function
  42              	MIDI2_UART_RestoreConfig:
  43              	.LFB1:
  54:Generated_Source\PSoC5/MIDI2_UART_PM.c ****     #if (CY_UDB_V0)
  55:Generated_Source\PSoC5/MIDI2_UART_PM.c **** 
  56:Generated_Source\PSoC5/MIDI2_UART_PM.c ****         #if(MIDI2_UART_CONTROL_REG_REMOVED == 0u)
  57:Generated_Source\PSoC5/MIDI2_UART_PM.c ****             MIDI2_UART_backup.cr = MIDI2_UART_CONTROL_REG;
  58:Generated_Source\PSoC5/MIDI2_UART_PM.c ****         #endif /* End MIDI2_UART_CONTROL_REG_REMOVED */
  59:Generated_Source\PSoC5/MIDI2_UART_PM.c **** 
  60:Generated_Source\PSoC5/MIDI2_UART_PM.c ****         #if( (MIDI2_UART_RX_ENABLED) || (MIDI2_UART_HD_ENABLED) )
  61:Generated_Source\PSoC5/MIDI2_UART_PM.c ****             MIDI2_UART_backup.rx_period = MIDI2_UART_RXBITCTR_PERIOD_REG;
  62:Generated_Source\PSoC5/MIDI2_UART_PM.c ****             MIDI2_UART_backup.rx_mask = MIDI2_UART_RXSTATUS_MASK_REG;
  63:Generated_Source\PSoC5/MIDI2_UART_PM.c ****             #if (MIDI2_UART_RXHW_ADDRESS_ENABLED)
  64:Generated_Source\PSoC5/MIDI2_UART_PM.c ****                 MIDI2_UART_backup.rx_addr1 = MIDI2_UART_RXADDRESS1_REG;
  65:Generated_Source\PSoC5/MIDI2_UART_PM.c ****                 MIDI2_UART_backup.rx_addr2 = MIDI2_UART_RXADDRESS2_REG;
  66:Generated_Source\PSoC5/MIDI2_UART_PM.c ****             #endif /* End MIDI2_UART_RXHW_ADDRESS_ENABLED */
  67:Generated_Source\PSoC5/MIDI2_UART_PM.c ****         #endif /* End MIDI2_UART_RX_ENABLED | MIDI2_UART_HD_ENABLED*/
  68:Generated_Source\PSoC5/MIDI2_UART_PM.c **** 
  69:Generated_Source\PSoC5/MIDI2_UART_PM.c ****         #if(MIDI2_UART_TX_ENABLED)
  70:Generated_Source\PSoC5/MIDI2_UART_PM.c ****             #if(MIDI2_UART_TXCLKGEN_DP)
  71:Generated_Source\PSoC5/MIDI2_UART_PM.c ****                 MIDI2_UART_backup.tx_clk_ctr = MIDI2_UART_TXBITCLKGEN_CTR_REG;
ARM GAS  C:\Users\mgronber\AppData\Local\Temp\ccTPx6pt.s 			page 3


  72:Generated_Source\PSoC5/MIDI2_UART_PM.c ****                 MIDI2_UART_backup.tx_clk_compl = MIDI2_UART_TXBITCLKTX_COMPLETE_REG;
  73:Generated_Source\PSoC5/MIDI2_UART_PM.c ****             #else
  74:Generated_Source\PSoC5/MIDI2_UART_PM.c ****                 MIDI2_UART_backup.tx_period = MIDI2_UART_TXBITCTR_PERIOD_REG;
  75:Generated_Source\PSoC5/MIDI2_UART_PM.c ****             #endif /*End MIDI2_UART_TXCLKGEN_DP */
  76:Generated_Source\PSoC5/MIDI2_UART_PM.c ****             MIDI2_UART_backup.tx_mask = MIDI2_UART_TXSTATUS_MASK_REG;
  77:Generated_Source\PSoC5/MIDI2_UART_PM.c ****         #endif /*End MIDI2_UART_TX_ENABLED */
  78:Generated_Source\PSoC5/MIDI2_UART_PM.c **** 
  79:Generated_Source\PSoC5/MIDI2_UART_PM.c **** 
  80:Generated_Source\PSoC5/MIDI2_UART_PM.c ****     #else /* CY_UDB_V1 */
  81:Generated_Source\PSoC5/MIDI2_UART_PM.c **** 
  82:Generated_Source\PSoC5/MIDI2_UART_PM.c ****         #if(MIDI2_UART_CONTROL_REG_REMOVED == 0u)
  83:Generated_Source\PSoC5/MIDI2_UART_PM.c ****             MIDI2_UART_backup.cr = MIDI2_UART_CONTROL_REG;
  84:Generated_Source\PSoC5/MIDI2_UART_PM.c ****         #endif /* End MIDI2_UART_CONTROL_REG_REMOVED */
  85:Generated_Source\PSoC5/MIDI2_UART_PM.c **** 
  86:Generated_Source\PSoC5/MIDI2_UART_PM.c ****     #endif  /* End CY_UDB_V0 */
  87:Generated_Source\PSoC5/MIDI2_UART_PM.c **** }
  88:Generated_Source\PSoC5/MIDI2_UART_PM.c **** 
  89:Generated_Source\PSoC5/MIDI2_UART_PM.c **** 
  90:Generated_Source\PSoC5/MIDI2_UART_PM.c **** /*******************************************************************************
  91:Generated_Source\PSoC5/MIDI2_UART_PM.c **** * Function Name: MIDI2_UART_RestoreConfig
  92:Generated_Source\PSoC5/MIDI2_UART_PM.c **** ********************************************************************************
  93:Generated_Source\PSoC5/MIDI2_UART_PM.c **** *
  94:Generated_Source\PSoC5/MIDI2_UART_PM.c **** * Summary:
  95:Generated_Source\PSoC5/MIDI2_UART_PM.c **** *  Restores the current user configuration.
  96:Generated_Source\PSoC5/MIDI2_UART_PM.c **** *
  97:Generated_Source\PSoC5/MIDI2_UART_PM.c **** * Parameters:
  98:Generated_Source\PSoC5/MIDI2_UART_PM.c **** *  None.
  99:Generated_Source\PSoC5/MIDI2_UART_PM.c **** *
 100:Generated_Source\PSoC5/MIDI2_UART_PM.c **** * Return:
 101:Generated_Source\PSoC5/MIDI2_UART_PM.c **** *  None.
 102:Generated_Source\PSoC5/MIDI2_UART_PM.c **** *
 103:Generated_Source\PSoC5/MIDI2_UART_PM.c **** * Global Variables:
 104:Generated_Source\PSoC5/MIDI2_UART_PM.c **** *  MIDI2_UART_backup - used when non-retention registers are restored.
 105:Generated_Source\PSoC5/MIDI2_UART_PM.c **** *
 106:Generated_Source\PSoC5/MIDI2_UART_PM.c **** * Reentrant:
 107:Generated_Source\PSoC5/MIDI2_UART_PM.c **** *  No.
 108:Generated_Source\PSoC5/MIDI2_UART_PM.c **** *
 109:Generated_Source\PSoC5/MIDI2_UART_PM.c **** *******************************************************************************/
 110:Generated_Source\PSoC5/MIDI2_UART_PM.c **** void MIDI2_UART_RestoreConfig(void)
 111:Generated_Source\PSoC5/MIDI2_UART_PM.c **** {
  44              		.loc 1 111 0
  45              		.cfi_startproc
  46              		@ args = 0, pretend = 0, frame = 0
  47              		@ frame_needed = 0, uses_anonymous_args = 0
  48              		@ link register save eliminated.
  49 0000 7047     		bx	lr
  50              		.cfi_endproc
  51              	.LFE1:
  52              		.size	MIDI2_UART_RestoreConfig, .-MIDI2_UART_RestoreConfig
  53 0002 00BF     		.section	.text.MIDI2_UART_Sleep,"ax",%progbits
  54              		.align	2
  55              		.global	MIDI2_UART_Sleep
  56              		.thumb
  57              		.thumb_func
  58              		.type	MIDI2_UART_Sleep, %function
  59              	MIDI2_UART_Sleep:
  60              	.LFB2:
ARM GAS  C:\Users\mgronber\AppData\Local\Temp\ccTPx6pt.s 			page 4


 112:Generated_Source\PSoC5/MIDI2_UART_PM.c **** 
 113:Generated_Source\PSoC5/MIDI2_UART_PM.c ****     #if (CY_UDB_V0)
 114:Generated_Source\PSoC5/MIDI2_UART_PM.c **** 
 115:Generated_Source\PSoC5/MIDI2_UART_PM.c ****         #if(MIDI2_UART_CONTROL_REG_REMOVED == 0u)
 116:Generated_Source\PSoC5/MIDI2_UART_PM.c ****             MIDI2_UART_CONTROL_REG = MIDI2_UART_backup.cr;
 117:Generated_Source\PSoC5/MIDI2_UART_PM.c ****         #endif /* End MIDI2_UART_CONTROL_REG_REMOVED */
 118:Generated_Source\PSoC5/MIDI2_UART_PM.c **** 
 119:Generated_Source\PSoC5/MIDI2_UART_PM.c ****         #if( (MIDI2_UART_RX_ENABLED) || (MIDI2_UART_HD_ENABLED) )
 120:Generated_Source\PSoC5/MIDI2_UART_PM.c ****             MIDI2_UART_RXBITCTR_PERIOD_REG = MIDI2_UART_backup.rx_period;
 121:Generated_Source\PSoC5/MIDI2_UART_PM.c ****             MIDI2_UART_RXSTATUS_MASK_REG = MIDI2_UART_backup.rx_mask;
 122:Generated_Source\PSoC5/MIDI2_UART_PM.c ****             #if (MIDI2_UART_RXHW_ADDRESS_ENABLED)
 123:Generated_Source\PSoC5/MIDI2_UART_PM.c ****                 MIDI2_UART_RXADDRESS1_REG = MIDI2_UART_backup.rx_addr1;
 124:Generated_Source\PSoC5/MIDI2_UART_PM.c ****                 MIDI2_UART_RXADDRESS2_REG = MIDI2_UART_backup.rx_addr2;
 125:Generated_Source\PSoC5/MIDI2_UART_PM.c ****             #endif /* End MIDI2_UART_RXHW_ADDRESS_ENABLED */
 126:Generated_Source\PSoC5/MIDI2_UART_PM.c ****         #endif  /* End (MIDI2_UART_RX_ENABLED) || (MIDI2_UART_HD_ENABLED) */
 127:Generated_Source\PSoC5/MIDI2_UART_PM.c **** 
 128:Generated_Source\PSoC5/MIDI2_UART_PM.c ****         #if(MIDI2_UART_TX_ENABLED)
 129:Generated_Source\PSoC5/MIDI2_UART_PM.c ****             #if(MIDI2_UART_TXCLKGEN_DP)
 130:Generated_Source\PSoC5/MIDI2_UART_PM.c ****                 MIDI2_UART_TXBITCLKGEN_CTR_REG = MIDI2_UART_backup.tx_clk_ctr;
 131:Generated_Source\PSoC5/MIDI2_UART_PM.c ****                 MIDI2_UART_TXBITCLKTX_COMPLETE_REG = MIDI2_UART_backup.tx_clk_compl;
 132:Generated_Source\PSoC5/MIDI2_UART_PM.c ****             #else
 133:Generated_Source\PSoC5/MIDI2_UART_PM.c ****                 MIDI2_UART_TXBITCTR_PERIOD_REG = MIDI2_UART_backup.tx_period;
 134:Generated_Source\PSoC5/MIDI2_UART_PM.c ****             #endif /*End MIDI2_UART_TXCLKGEN_DP */
 135:Generated_Source\PSoC5/MIDI2_UART_PM.c ****             MIDI2_UART_TXSTATUS_MASK_REG = MIDI2_UART_backup.tx_mask;
 136:Generated_Source\PSoC5/MIDI2_UART_PM.c ****         #endif /*End MIDI2_UART_TX_ENABLED */
 137:Generated_Source\PSoC5/MIDI2_UART_PM.c **** 
 138:Generated_Source\PSoC5/MIDI2_UART_PM.c ****     #else /* CY_UDB_V1 */
 139:Generated_Source\PSoC5/MIDI2_UART_PM.c **** 
 140:Generated_Source\PSoC5/MIDI2_UART_PM.c ****         #if(MIDI2_UART_CONTROL_REG_REMOVED == 0u)
 141:Generated_Source\PSoC5/MIDI2_UART_PM.c ****             MIDI2_UART_CONTROL_REG = MIDI2_UART_backup.cr;
 142:Generated_Source\PSoC5/MIDI2_UART_PM.c ****         #endif /* End MIDI2_UART_CONTROL_REG_REMOVED */
 143:Generated_Source\PSoC5/MIDI2_UART_PM.c **** 
 144:Generated_Source\PSoC5/MIDI2_UART_PM.c ****     #endif  /* End CY_UDB_V0 */
 145:Generated_Source\PSoC5/MIDI2_UART_PM.c **** }
 146:Generated_Source\PSoC5/MIDI2_UART_PM.c **** 
 147:Generated_Source\PSoC5/MIDI2_UART_PM.c **** 
 148:Generated_Source\PSoC5/MIDI2_UART_PM.c **** /*******************************************************************************
 149:Generated_Source\PSoC5/MIDI2_UART_PM.c **** * Function Name: MIDI2_UART_Sleep
 150:Generated_Source\PSoC5/MIDI2_UART_PM.c **** ********************************************************************************
 151:Generated_Source\PSoC5/MIDI2_UART_PM.c **** *
 152:Generated_Source\PSoC5/MIDI2_UART_PM.c **** * Summary:
 153:Generated_Source\PSoC5/MIDI2_UART_PM.c **** *  Stops and saves the user configuration. Should be called
 154:Generated_Source\PSoC5/MIDI2_UART_PM.c **** *  just prior to entering sleep.
 155:Generated_Source\PSoC5/MIDI2_UART_PM.c **** *
 156:Generated_Source\PSoC5/MIDI2_UART_PM.c **** *
 157:Generated_Source\PSoC5/MIDI2_UART_PM.c **** * Parameters:
 158:Generated_Source\PSoC5/MIDI2_UART_PM.c **** *  None.
 159:Generated_Source\PSoC5/MIDI2_UART_PM.c **** *
 160:Generated_Source\PSoC5/MIDI2_UART_PM.c **** * Return:
 161:Generated_Source\PSoC5/MIDI2_UART_PM.c **** *  None.
 162:Generated_Source\PSoC5/MIDI2_UART_PM.c **** *
 163:Generated_Source\PSoC5/MIDI2_UART_PM.c **** * Global Variables:
 164:Generated_Source\PSoC5/MIDI2_UART_PM.c **** *  MIDI2_UART_backup - modified when non-retention registers are saved.
 165:Generated_Source\PSoC5/MIDI2_UART_PM.c **** *
 166:Generated_Source\PSoC5/MIDI2_UART_PM.c **** * Reentrant:
 167:Generated_Source\PSoC5/MIDI2_UART_PM.c **** *  No.
 168:Generated_Source\PSoC5/MIDI2_UART_PM.c **** *
ARM GAS  C:\Users\mgronber\AppData\Local\Temp\ccTPx6pt.s 			page 5


 169:Generated_Source\PSoC5/MIDI2_UART_PM.c **** *******************************************************************************/
 170:Generated_Source\PSoC5/MIDI2_UART_PM.c **** void MIDI2_UART_Sleep(void)
 171:Generated_Source\PSoC5/MIDI2_UART_PM.c **** {
  61              		.loc 1 171 0
  62              		.cfi_startproc
  63              		@ args = 0, pretend = 0, frame = 0
  64              		@ frame_needed = 0, uses_anonymous_args = 0
  65              		@ link register save eliminated.
 172:Generated_Source\PSoC5/MIDI2_UART_PM.c **** 
 173:Generated_Source\PSoC5/MIDI2_UART_PM.c ****     #if(MIDI2_UART_RX_ENABLED || MIDI2_UART_HD_ENABLED)
 174:Generated_Source\PSoC5/MIDI2_UART_PM.c ****         if((MIDI2_UART_RXSTATUS_ACTL_REG  & MIDI2_UART_INT_ENABLE) != 0u)
  66              		.loc 1 174 0
  67 0000 074B     		ldr	r3, .L8
  68 0002 1B78     		ldrb	r3, [r3]	@ zero_extendqisi2
  69 0004 03F01003 		and	r3, r3, #16
  70 0008 03F0FF02 		and	r2, r3, #255
  71 000c 1BB9     		cbnz	r3, .L7
 175:Generated_Source\PSoC5/MIDI2_UART_PM.c ****         {
 176:Generated_Source\PSoC5/MIDI2_UART_PM.c ****             MIDI2_UART_backup.enableState = 1u;
 177:Generated_Source\PSoC5/MIDI2_UART_PM.c ****         }
 178:Generated_Source\PSoC5/MIDI2_UART_PM.c ****         else
 179:Generated_Source\PSoC5/MIDI2_UART_PM.c ****         {
 180:Generated_Source\PSoC5/MIDI2_UART_PM.c ****             MIDI2_UART_backup.enableState = 0u;
  72              		.loc 1 180 0
  73 000e 054B     		ldr	r3, .L8+4
  74 0010 1A70     		strb	r2, [r3]
 181:Generated_Source\PSoC5/MIDI2_UART_PM.c ****         }
 182:Generated_Source\PSoC5/MIDI2_UART_PM.c ****     #else
 183:Generated_Source\PSoC5/MIDI2_UART_PM.c ****         if((MIDI2_UART_TXSTATUS_ACTL_REG  & MIDI2_UART_INT_ENABLE) !=0u)
 184:Generated_Source\PSoC5/MIDI2_UART_PM.c ****         {
 185:Generated_Source\PSoC5/MIDI2_UART_PM.c ****             MIDI2_UART_backup.enableState = 1u;
 186:Generated_Source\PSoC5/MIDI2_UART_PM.c ****         }
 187:Generated_Source\PSoC5/MIDI2_UART_PM.c ****         else
 188:Generated_Source\PSoC5/MIDI2_UART_PM.c ****         {
 189:Generated_Source\PSoC5/MIDI2_UART_PM.c ****             MIDI2_UART_backup.enableState = 0u;
 190:Generated_Source\PSoC5/MIDI2_UART_PM.c ****         }
 191:Generated_Source\PSoC5/MIDI2_UART_PM.c ****     #endif /* End MIDI2_UART_RX_ENABLED || MIDI2_UART_HD_ENABLED*/
 192:Generated_Source\PSoC5/MIDI2_UART_PM.c **** 
 193:Generated_Source\PSoC5/MIDI2_UART_PM.c ****     MIDI2_UART_Stop();
  75              		.loc 1 193 0
  76 0012 FFF7FEBF 		b	MIDI2_UART_Stop
  77              	.LVL0:
  78              	.L7:
 176:Generated_Source\PSoC5/MIDI2_UART_PM.c ****         }
  79              		.loc 1 176 0
  80 0016 034B     		ldr	r3, .L8+4
  81 0018 0122     		movs	r2, #1
  82 001a 1A70     		strb	r2, [r3]
  83              		.loc 1 193 0
  84 001c FFF7FEBF 		b	MIDI2_UART_Stop
  85              	.LVL1:
  86              	.L9:
  87              		.align	2
  88              	.L8:
  89 0020 9B640040 		.word	1073767579
  90 0024 00000000 		.word	.LANCHOR0
  91              		.cfi_endproc
ARM GAS  C:\Users\mgronber\AppData\Local\Temp\ccTPx6pt.s 			page 6


  92              	.LFE2:
  93              		.size	MIDI2_UART_Sleep, .-MIDI2_UART_Sleep
  94              		.section	.text.MIDI2_UART_Wakeup,"ax",%progbits
  95              		.align	2
  96              		.global	MIDI2_UART_Wakeup
  97              		.thumb
  98              		.thumb_func
  99              		.type	MIDI2_UART_Wakeup, %function
 100              	MIDI2_UART_Wakeup:
 101              	.LFB3:
 194:Generated_Source\PSoC5/MIDI2_UART_PM.c ****     MIDI2_UART_SaveConfig();
 195:Generated_Source\PSoC5/MIDI2_UART_PM.c **** }
 196:Generated_Source\PSoC5/MIDI2_UART_PM.c **** 
 197:Generated_Source\PSoC5/MIDI2_UART_PM.c **** 
 198:Generated_Source\PSoC5/MIDI2_UART_PM.c **** /*******************************************************************************
 199:Generated_Source\PSoC5/MIDI2_UART_PM.c **** * Function Name: MIDI2_UART_Wakeup
 200:Generated_Source\PSoC5/MIDI2_UART_PM.c **** ********************************************************************************
 201:Generated_Source\PSoC5/MIDI2_UART_PM.c **** *
 202:Generated_Source\PSoC5/MIDI2_UART_PM.c **** * Summary:
 203:Generated_Source\PSoC5/MIDI2_UART_PM.c **** *  Restores and enables the user configuration. Should be called
 204:Generated_Source\PSoC5/MIDI2_UART_PM.c **** *  just after awaking from sleep.
 205:Generated_Source\PSoC5/MIDI2_UART_PM.c **** *
 206:Generated_Source\PSoC5/MIDI2_UART_PM.c **** * Parameters:
 207:Generated_Source\PSoC5/MIDI2_UART_PM.c **** *  None.
 208:Generated_Source\PSoC5/MIDI2_UART_PM.c **** *
 209:Generated_Source\PSoC5/MIDI2_UART_PM.c **** * Return:
 210:Generated_Source\PSoC5/MIDI2_UART_PM.c **** *  None.
 211:Generated_Source\PSoC5/MIDI2_UART_PM.c **** *
 212:Generated_Source\PSoC5/MIDI2_UART_PM.c **** * Global Variables:
 213:Generated_Source\PSoC5/MIDI2_UART_PM.c **** *  MIDI2_UART_backup - used when non-retention registers are restored.
 214:Generated_Source\PSoC5/MIDI2_UART_PM.c **** *
 215:Generated_Source\PSoC5/MIDI2_UART_PM.c **** * Reentrant:
 216:Generated_Source\PSoC5/MIDI2_UART_PM.c **** *  No.
 217:Generated_Source\PSoC5/MIDI2_UART_PM.c **** *
 218:Generated_Source\PSoC5/MIDI2_UART_PM.c **** *******************************************************************************/
 219:Generated_Source\PSoC5/MIDI2_UART_PM.c **** void MIDI2_UART_Wakeup(void)
 220:Generated_Source\PSoC5/MIDI2_UART_PM.c **** {
 102              		.loc 1 220 0
 103              		.cfi_startproc
 104              		@ args = 0, pretend = 0, frame = 0
 105              		@ frame_needed = 0, uses_anonymous_args = 0
 106 0000 08B5     		push	{r3, lr}
 107              		.cfi_def_cfa_offset 8
 108              		.cfi_offset 3, -8
 109              		.cfi_offset 14, -4
 221:Generated_Source\PSoC5/MIDI2_UART_PM.c ****     MIDI2_UART_RestoreConfig();
 222:Generated_Source\PSoC5/MIDI2_UART_PM.c ****     #if( (MIDI2_UART_RX_ENABLED) || (MIDI2_UART_HD_ENABLED) )
 223:Generated_Source\PSoC5/MIDI2_UART_PM.c ****         MIDI2_UART_ClearRxBuffer();
 110              		.loc 1 223 0
 111 0002 FFF7FEFF 		bl	MIDI2_UART_ClearRxBuffer
 112              	.LVL2:
 224:Generated_Source\PSoC5/MIDI2_UART_PM.c ****     #endif /* End (MIDI2_UART_RX_ENABLED) || (MIDI2_UART_HD_ENABLED) */
 225:Generated_Source\PSoC5/MIDI2_UART_PM.c ****     #if(MIDI2_UART_TX_ENABLED || MIDI2_UART_HD_ENABLED)
 226:Generated_Source\PSoC5/MIDI2_UART_PM.c ****         MIDI2_UART_ClearTxBuffer();
 113              		.loc 1 226 0
 114 0006 FFF7FEFF 		bl	MIDI2_UART_ClearTxBuffer
 115              	.LVL3:
ARM GAS  C:\Users\mgronber\AppData\Local\Temp\ccTPx6pt.s 			page 7


 227:Generated_Source\PSoC5/MIDI2_UART_PM.c ****     #endif /* End MIDI2_UART_TX_ENABLED || MIDI2_UART_HD_ENABLED */
 228:Generated_Source\PSoC5/MIDI2_UART_PM.c **** 
 229:Generated_Source\PSoC5/MIDI2_UART_PM.c ****     if(MIDI2_UART_backup.enableState != 0u)
 116              		.loc 1 229 0
 117 000a 044B     		ldr	r3, .L14
 118 000c 1B78     		ldrb	r3, [r3]	@ zero_extendqisi2
 119 000e 03B9     		cbnz	r3, .L13
 120 0010 08BD     		pop	{r3, pc}
 121              	.L13:
 230:Generated_Source\PSoC5/MIDI2_UART_PM.c ****     {
 231:Generated_Source\PSoC5/MIDI2_UART_PM.c ****         MIDI2_UART_Enable();
 232:Generated_Source\PSoC5/MIDI2_UART_PM.c ****     }
 233:Generated_Source\PSoC5/MIDI2_UART_PM.c **** }
 122              		.loc 1 233 0
 123 0012 BDE80840 		pop	{r3, lr}
 124              		.cfi_restore 14
 125              		.cfi_restore 3
 126              		.cfi_def_cfa_offset 0
 231:Generated_Source\PSoC5/MIDI2_UART_PM.c ****     }
 127              		.loc 1 231 0
 128 0016 FFF7FEBF 		b	MIDI2_UART_Enable
 129              	.LVL4:
 130              	.L15:
 131 001a 00BF     		.align	2
 132              	.L14:
 133 001c 00000000 		.word	.LANCHOR0
 134              		.cfi_endproc
 135              	.LFE3:
 136              		.size	MIDI2_UART_Wakeup, .-MIDI2_UART_Wakeup
 137              		.bss
 138              		.align	2
 139              		.set	.LANCHOR0,. + 0
 140              		.type	MIDI2_UART_backup, %object
 141              		.size	MIDI2_UART_backup, 3
 142              	MIDI2_UART_backup:
 143 0000 000000   		.space	3
 144 0003 00       		.text
 145              	.Letext0:
 146              		.file 2 "Generated_Source\\PSoC5\\cytypes.h"
 147              		.file 3 "Generated_Source\\PSoC5\\MIDI2_UART.h"
 148              		.section	.debug_info,"",%progbits
 149              	.Ldebug_info0:
 150 0000 8F010000 		.4byte	0x18f
 151 0004 0400     		.2byte	0x4
 152 0006 00000000 		.4byte	.Ldebug_abbrev0
 153 000a 04       		.byte	0x4
 154 000b 01       		.uleb128 0x1
 155 000c 70000000 		.4byte	.LASF27
 156 0010 01       		.byte	0x1
 157 0011 8E020000 		.4byte	.LASF28
 158 0015 25000000 		.4byte	.LASF29
 159 0019 00000000 		.4byte	.Ldebug_ranges0+0
 160 001d 00000000 		.4byte	0
 161 0021 00000000 		.4byte	.Ldebug_line0
 162 0025 02       		.uleb128 0x2
 163 0026 01       		.byte	0x1
 164 0027 06       		.byte	0x6
ARM GAS  C:\Users\mgronber\AppData\Local\Temp\ccTPx6pt.s 			page 8


 165 0028 82020000 		.4byte	.LASF0
 166 002c 02       		.uleb128 0x2
 167 002d 01       		.byte	0x1
 168 002e 08       		.byte	0x8
 169 002f 16010000 		.4byte	.LASF1
 170 0033 02       		.uleb128 0x2
 171 0034 02       		.byte	0x2
 172 0035 05       		.byte	0x5
 173 0036 5A010000 		.4byte	.LASF2
 174 003a 02       		.uleb128 0x2
 175 003b 02       		.byte	0x2
 176 003c 07       		.byte	0x7
 177 003d 12000000 		.4byte	.LASF3
 178 0041 02       		.uleb128 0x2
 179 0042 04       		.byte	0x4
 180 0043 05       		.byte	0x5
 181 0044 5C020000 		.4byte	.LASF4
 182 0048 02       		.uleb128 0x2
 183 0049 04       		.byte	0x4
 184 004a 07       		.byte	0x7
 185 004b 7D010000 		.4byte	.LASF5
 186 004f 02       		.uleb128 0x2
 187 0050 08       		.byte	0x8
 188 0051 05       		.byte	0x5
 189 0052 F7010000 		.4byte	.LASF6
 190 0056 02       		.uleb128 0x2
 191 0057 08       		.byte	0x8
 192 0058 07       		.byte	0x7
 193 0059 9C010000 		.4byte	.LASF7
 194 005d 03       		.uleb128 0x3
 195 005e 04       		.byte	0x4
 196 005f 05       		.byte	0x5
 197 0060 696E7400 		.ascii	"int\000"
 198 0064 02       		.uleb128 0x2
 199 0065 04       		.byte	0x4
 200 0066 07       		.byte	0x7
 201 0067 8F010000 		.4byte	.LASF8
 202 006b 04       		.uleb128 0x4
 203 006c 4D010000 		.4byte	.LASF12
 204 0070 02       		.byte	0x2
 205 0071 5B       		.byte	0x5b
 206 0072 2C000000 		.4byte	0x2c
 207 0076 02       		.uleb128 0x2
 208 0077 04       		.byte	0x4
 209 0078 04       		.byte	0x4
 210 0079 FE000000 		.4byte	.LASF9
 211 007d 02       		.uleb128 0x2
 212 007e 08       		.byte	0x8
 213 007f 04       		.byte	0x4
 214 0080 53010000 		.4byte	.LASF10
 215 0084 02       		.uleb128 0x2
 216 0085 01       		.byte	0x1
 217 0086 08       		.byte	0x8
 218 0087 05020000 		.4byte	.LASF11
 219 008b 04       		.uleb128 0x4
 220 008c 24010000 		.4byte	.LASF13
 221 0090 02       		.byte	0x2
ARM GAS  C:\Users\mgronber\AppData\Local\Temp\ccTPx6pt.s 			page 9


 222 0091 F0       		.byte	0xf0
 223 0092 96000000 		.4byte	0x96
 224 0096 05       		.uleb128 0x5
 225 0097 6B000000 		.4byte	0x6b
 226 009b 02       		.uleb128 0x2
 227 009c 04       		.byte	0x4
 228 009d 07       		.byte	0x7
 229 009e DC010000 		.4byte	.LASF14
 230 00a2 06       		.uleb128 0x6
 231 00a3 29010000 		.4byte	.LASF30
 232 00a7 03       		.byte	0x3
 233 00a8 03       		.byte	0x3
 234 00a9 45       		.byte	0x45
 235 00aa D3000000 		.4byte	0xd3
 236 00ae 07       		.uleb128 0x7
 237 00af 65020000 		.4byte	.LASF15
 238 00b3 03       		.byte	0x3
 239 00b4 47       		.byte	0x47
 240 00b5 6B000000 		.4byte	0x6b
 241 00b9 00       		.byte	0
 242 00ba 07       		.uleb128 0x7
 243 00bb 39020000 		.4byte	.LASF16
 244 00bf 03       		.byte	0x3
 245 00c0 4D       		.byte	0x4d
 246 00c1 6B000000 		.4byte	0x6b
 247 00c5 01       		.byte	0x1
 248 00c6 07       		.uleb128 0x7
 249 00c7 42010000 		.4byte	.LASF17
 250 00cb 03       		.byte	0x3
 251 00cc 59       		.byte	0x59
 252 00cd 6B000000 		.4byte	0x6b
 253 00d1 02       		.byte	0x2
 254 00d2 00       		.byte	0
 255 00d3 04       		.uleb128 0x4
 256 00d4 C3010000 		.4byte	.LASF18
 257 00d8 03       		.byte	0x3
 258 00d9 64       		.byte	0x64
 259 00da A2000000 		.4byte	0xa2
 260 00de 08       		.uleb128 0x8
 261 00df 0A020000 		.4byte	.LASF19
 262 00e3 01       		.byte	0x1
 263 00e4 34       		.byte	0x34
 264 00e5 01       		.byte	0x1
 265 00e6 08       		.uleb128 0x8
 266 00e7 20020000 		.4byte	.LASF20
 267 00eb 01       		.byte	0x1
 268 00ec 6E       		.byte	0x6e
 269 00ed 01       		.byte	0x1
 270 00ee 09       		.uleb128 0x9
 271 00ef DE000000 		.4byte	0xde
 272 00f3 00000000 		.4byte	.LFB0
 273 00f7 02000000 		.4byte	.LFE0-.LFB0
 274 00fb 01       		.uleb128 0x1
 275 00fc 9C       		.byte	0x9c
 276 00fd 09       		.uleb128 0x9
 277 00fe E6000000 		.4byte	0xe6
 278 0102 00000000 		.4byte	.LFB1
ARM GAS  C:\Users\mgronber\AppData\Local\Temp\ccTPx6pt.s 			page 10


 279 0106 02000000 		.4byte	.LFE1-.LFB1
 280 010a 01       		.uleb128 0x1
 281 010b 9C       		.byte	0x9c
 282 010c 0A       		.uleb128 0xa
 283 010d 71020000 		.4byte	.LASF21
 284 0111 01       		.byte	0x1
 285 0112 AA       		.byte	0xaa
 286 0113 00000000 		.4byte	.LFB2
 287 0117 28000000 		.4byte	.LFE2-.LFB2
 288 011b 01       		.uleb128 0x1
 289 011c 9C       		.byte	0x9c
 290 011d 34010000 		.4byte	0x134
 291 0121 0B       		.uleb128 0xb
 292 0122 16000000 		.4byte	.LVL0
 293 0126 76010000 		.4byte	0x176
 294 012a 0B       		.uleb128 0xb
 295 012b 20000000 		.4byte	.LVL1
 296 012f 76010000 		.4byte	0x176
 297 0133 00       		.byte	0
 298 0134 0A       		.uleb128 0xa
 299 0135 04010000 		.4byte	.LASF22
 300 0139 01       		.byte	0x1
 301 013a DB       		.byte	0xdb
 302 013b 00000000 		.4byte	.LFB3
 303 013f 20000000 		.4byte	.LFE3-.LFB3
 304 0143 01       		.uleb128 0x1
 305 0144 9C       		.byte	0x9c
 306 0145 65010000 		.4byte	0x165
 307 0149 0C       		.uleb128 0xc
 308 014a 06000000 		.4byte	.LVL2
 309 014e 7D010000 		.4byte	0x17d
 310 0152 0C       		.uleb128 0xc
 311 0153 0A000000 		.4byte	.LVL3
 312 0157 84010000 		.4byte	0x184
 313 015b 0B       		.uleb128 0xb
 314 015c 1A000000 		.4byte	.LVL4
 315 0160 8B010000 		.4byte	0x18b
 316 0164 00       		.byte	0
 317 0165 0D       		.uleb128 0xd
 318 0166 00000000 		.4byte	.LASF31
 319 016a 01       		.byte	0x1
 320 016b 18       		.byte	0x18
 321 016c D3000000 		.4byte	0xd3
 322 0170 05       		.uleb128 0x5
 323 0171 03       		.byte	0x3
 324 0172 00000000 		.4byte	MIDI2_UART_backup
 325 0176 0E       		.uleb128 0xe
 326 0177 B3010000 		.4byte	.LASF23
 327 017b 03       		.byte	0x3
 328 017c 6C       		.byte	0x6c
 329 017d 0E       		.uleb128 0xe
 330 017e 43020000 		.4byte	.LASF24
 331 0182 03       		.byte	0x3
 332 0183 8C       		.byte	0x8c
 333 0184 0E       		.uleb128 0xe
 334 0185 64010000 		.4byte	.LASF25
 335 0189 03       		.byte	0x3
ARM GAS  C:\Users\mgronber\AppData\Local\Temp\ccTPx6pt.s 			page 11


 336 018a A4       		.byte	0xa4
 337 018b 0E       		.uleb128 0xe
 338 018c E5010000 		.4byte	.LASF26
 339 0190 03       		.byte	0x3
 340 0191 71       		.byte	0x71
 341 0192 00       		.byte	0
 342              		.section	.debug_abbrev,"",%progbits
 343              	.Ldebug_abbrev0:
 344 0000 01       		.uleb128 0x1
 345 0001 11       		.uleb128 0x11
 346 0002 01       		.byte	0x1
 347 0003 25       		.uleb128 0x25
 348 0004 0E       		.uleb128 0xe
 349 0005 13       		.uleb128 0x13
 350 0006 0B       		.uleb128 0xb
 351 0007 03       		.uleb128 0x3
 352 0008 0E       		.uleb128 0xe
 353 0009 1B       		.uleb128 0x1b
 354 000a 0E       		.uleb128 0xe
 355 000b 55       		.uleb128 0x55
 356 000c 17       		.uleb128 0x17
 357 000d 11       		.uleb128 0x11
 358 000e 01       		.uleb128 0x1
 359 000f 10       		.uleb128 0x10
 360 0010 17       		.uleb128 0x17
 361 0011 00       		.byte	0
 362 0012 00       		.byte	0
 363 0013 02       		.uleb128 0x2
 364 0014 24       		.uleb128 0x24
 365 0015 00       		.byte	0
 366 0016 0B       		.uleb128 0xb
 367 0017 0B       		.uleb128 0xb
 368 0018 3E       		.uleb128 0x3e
 369 0019 0B       		.uleb128 0xb
 370 001a 03       		.uleb128 0x3
 371 001b 0E       		.uleb128 0xe
 372 001c 00       		.byte	0
 373 001d 00       		.byte	0
 374 001e 03       		.uleb128 0x3
 375 001f 24       		.uleb128 0x24
 376 0020 00       		.byte	0
 377 0021 0B       		.uleb128 0xb
 378 0022 0B       		.uleb128 0xb
 379 0023 3E       		.uleb128 0x3e
 380 0024 0B       		.uleb128 0xb
 381 0025 03       		.uleb128 0x3
 382 0026 08       		.uleb128 0x8
 383 0027 00       		.byte	0
 384 0028 00       		.byte	0
 385 0029 04       		.uleb128 0x4
 386 002a 16       		.uleb128 0x16
 387 002b 00       		.byte	0
 388 002c 03       		.uleb128 0x3
 389 002d 0E       		.uleb128 0xe
 390 002e 3A       		.uleb128 0x3a
 391 002f 0B       		.uleb128 0xb
 392 0030 3B       		.uleb128 0x3b
ARM GAS  C:\Users\mgronber\AppData\Local\Temp\ccTPx6pt.s 			page 12


 393 0031 0B       		.uleb128 0xb
 394 0032 49       		.uleb128 0x49
 395 0033 13       		.uleb128 0x13
 396 0034 00       		.byte	0
 397 0035 00       		.byte	0
 398 0036 05       		.uleb128 0x5
 399 0037 35       		.uleb128 0x35
 400 0038 00       		.byte	0
 401 0039 49       		.uleb128 0x49
 402 003a 13       		.uleb128 0x13
 403 003b 00       		.byte	0
 404 003c 00       		.byte	0
 405 003d 06       		.uleb128 0x6
 406 003e 13       		.uleb128 0x13
 407 003f 01       		.byte	0x1
 408 0040 03       		.uleb128 0x3
 409 0041 0E       		.uleb128 0xe
 410 0042 0B       		.uleb128 0xb
 411 0043 0B       		.uleb128 0xb
 412 0044 3A       		.uleb128 0x3a
 413 0045 0B       		.uleb128 0xb
 414 0046 3B       		.uleb128 0x3b
 415 0047 0B       		.uleb128 0xb
 416 0048 01       		.uleb128 0x1
 417 0049 13       		.uleb128 0x13
 418 004a 00       		.byte	0
 419 004b 00       		.byte	0
 420 004c 07       		.uleb128 0x7
 421 004d 0D       		.uleb128 0xd
 422 004e 00       		.byte	0
 423 004f 03       		.uleb128 0x3
 424 0050 0E       		.uleb128 0xe
 425 0051 3A       		.uleb128 0x3a
 426 0052 0B       		.uleb128 0xb
 427 0053 3B       		.uleb128 0x3b
 428 0054 0B       		.uleb128 0xb
 429 0055 49       		.uleb128 0x49
 430 0056 13       		.uleb128 0x13
 431 0057 38       		.uleb128 0x38
 432 0058 0B       		.uleb128 0xb
 433 0059 00       		.byte	0
 434 005a 00       		.byte	0
 435 005b 08       		.uleb128 0x8
 436 005c 2E       		.uleb128 0x2e
 437 005d 00       		.byte	0
 438 005e 3F       		.uleb128 0x3f
 439 005f 19       		.uleb128 0x19
 440 0060 03       		.uleb128 0x3
 441 0061 0E       		.uleb128 0xe
 442 0062 3A       		.uleb128 0x3a
 443 0063 0B       		.uleb128 0xb
 444 0064 3B       		.uleb128 0x3b
 445 0065 0B       		.uleb128 0xb
 446 0066 27       		.uleb128 0x27
 447 0067 19       		.uleb128 0x19
 448 0068 20       		.uleb128 0x20
 449 0069 0B       		.uleb128 0xb
ARM GAS  C:\Users\mgronber\AppData\Local\Temp\ccTPx6pt.s 			page 13


 450 006a 00       		.byte	0
 451 006b 00       		.byte	0
 452 006c 09       		.uleb128 0x9
 453 006d 2E       		.uleb128 0x2e
 454 006e 00       		.byte	0
 455 006f 31       		.uleb128 0x31
 456 0070 13       		.uleb128 0x13
 457 0071 11       		.uleb128 0x11
 458 0072 01       		.uleb128 0x1
 459 0073 12       		.uleb128 0x12
 460 0074 06       		.uleb128 0x6
 461 0075 40       		.uleb128 0x40
 462 0076 18       		.uleb128 0x18
 463 0077 9742     		.uleb128 0x2117
 464 0079 19       		.uleb128 0x19
 465 007a 00       		.byte	0
 466 007b 00       		.byte	0
 467 007c 0A       		.uleb128 0xa
 468 007d 2E       		.uleb128 0x2e
 469 007e 01       		.byte	0x1
 470 007f 3F       		.uleb128 0x3f
 471 0080 19       		.uleb128 0x19
 472 0081 03       		.uleb128 0x3
 473 0082 0E       		.uleb128 0xe
 474 0083 3A       		.uleb128 0x3a
 475 0084 0B       		.uleb128 0xb
 476 0085 3B       		.uleb128 0x3b
 477 0086 0B       		.uleb128 0xb
 478 0087 27       		.uleb128 0x27
 479 0088 19       		.uleb128 0x19
 480 0089 11       		.uleb128 0x11
 481 008a 01       		.uleb128 0x1
 482 008b 12       		.uleb128 0x12
 483 008c 06       		.uleb128 0x6
 484 008d 40       		.uleb128 0x40
 485 008e 18       		.uleb128 0x18
 486 008f 9742     		.uleb128 0x2117
 487 0091 19       		.uleb128 0x19
 488 0092 01       		.uleb128 0x1
 489 0093 13       		.uleb128 0x13
 490 0094 00       		.byte	0
 491 0095 00       		.byte	0
 492 0096 0B       		.uleb128 0xb
 493 0097 898201   		.uleb128 0x4109
 494 009a 00       		.byte	0
 495 009b 11       		.uleb128 0x11
 496 009c 01       		.uleb128 0x1
 497 009d 9542     		.uleb128 0x2115
 498 009f 19       		.uleb128 0x19
 499 00a0 31       		.uleb128 0x31
 500 00a1 13       		.uleb128 0x13
 501 00a2 00       		.byte	0
 502 00a3 00       		.byte	0
 503 00a4 0C       		.uleb128 0xc
 504 00a5 898201   		.uleb128 0x4109
 505 00a8 00       		.byte	0
 506 00a9 11       		.uleb128 0x11
ARM GAS  C:\Users\mgronber\AppData\Local\Temp\ccTPx6pt.s 			page 14


 507 00aa 01       		.uleb128 0x1
 508 00ab 31       		.uleb128 0x31
 509 00ac 13       		.uleb128 0x13
 510 00ad 00       		.byte	0
 511 00ae 00       		.byte	0
 512 00af 0D       		.uleb128 0xd
 513 00b0 34       		.uleb128 0x34
 514 00b1 00       		.byte	0
 515 00b2 03       		.uleb128 0x3
 516 00b3 0E       		.uleb128 0xe
 517 00b4 3A       		.uleb128 0x3a
 518 00b5 0B       		.uleb128 0xb
 519 00b6 3B       		.uleb128 0x3b
 520 00b7 0B       		.uleb128 0xb
 521 00b8 49       		.uleb128 0x49
 522 00b9 13       		.uleb128 0x13
 523 00ba 02       		.uleb128 0x2
 524 00bb 18       		.uleb128 0x18
 525 00bc 00       		.byte	0
 526 00bd 00       		.byte	0
 527 00be 0E       		.uleb128 0xe
 528 00bf 2E       		.uleb128 0x2e
 529 00c0 00       		.byte	0
 530 00c1 3F       		.uleb128 0x3f
 531 00c2 19       		.uleb128 0x19
 532 00c3 03       		.uleb128 0x3
 533 00c4 0E       		.uleb128 0xe
 534 00c5 3A       		.uleb128 0x3a
 535 00c6 0B       		.uleb128 0xb
 536 00c7 3B       		.uleb128 0x3b
 537 00c8 0B       		.uleb128 0xb
 538 00c9 27       		.uleb128 0x27
 539 00ca 19       		.uleb128 0x19
 540 00cb 3C       		.uleb128 0x3c
 541 00cc 19       		.uleb128 0x19
 542 00cd 00       		.byte	0
 543 00ce 00       		.byte	0
 544 00cf 00       		.byte	0
 545              		.section	.debug_aranges,"",%progbits
 546 0000 34000000 		.4byte	0x34
 547 0004 0200     		.2byte	0x2
 548 0006 00000000 		.4byte	.Ldebug_info0
 549 000a 04       		.byte	0x4
 550 000b 00       		.byte	0
 551 000c 0000     		.2byte	0
 552 000e 0000     		.2byte	0
 553 0010 00000000 		.4byte	.LFB0
 554 0014 02000000 		.4byte	.LFE0-.LFB0
 555 0018 00000000 		.4byte	.LFB1
 556 001c 02000000 		.4byte	.LFE1-.LFB1
 557 0020 00000000 		.4byte	.LFB2
 558 0024 28000000 		.4byte	.LFE2-.LFB2
 559 0028 00000000 		.4byte	.LFB3
 560 002c 20000000 		.4byte	.LFE3-.LFB3
 561 0030 00000000 		.4byte	0
 562 0034 00000000 		.4byte	0
 563              		.section	.debug_ranges,"",%progbits
ARM GAS  C:\Users\mgronber\AppData\Local\Temp\ccTPx6pt.s 			page 15


 564              	.Ldebug_ranges0:
 565 0000 00000000 		.4byte	.LFB0
 566 0004 02000000 		.4byte	.LFE0
 567 0008 00000000 		.4byte	.LFB1
 568 000c 02000000 		.4byte	.LFE1
 569 0010 00000000 		.4byte	.LFB2
 570 0014 28000000 		.4byte	.LFE2
 571 0018 00000000 		.4byte	.LFB3
 572 001c 20000000 		.4byte	.LFE3
 573 0020 00000000 		.4byte	0
 574 0024 00000000 		.4byte	0
 575              		.section	.debug_line,"",%progbits
 576              	.Ldebug_line0:
 577 0000 AF000000 		.section	.debug_str,"MS",%progbits,1
 577      02005A00 
 577      00000201 
 577      FB0E0D00 
 577      01010101 
 578              	.LASF31:
 579 0000 4D494449 		.ascii	"MIDI2_UART_backup\000"
 579      325F5541 
 579      52545F62 
 579      61636B75 
 579      7000
 580              	.LASF3:
 581 0012 73686F72 		.ascii	"short unsigned int\000"
 581      7420756E 
 581      7369676E 
 581      65642069 
 581      6E7400
 582              	.LASF29:
 583 0025 433A5C55 		.ascii	"C:\\Users\\mgronber\\Desktop\\Hummingbird\\Hummingb"
 583      73657273 
 583      5C6D6772 
 583      6F6E6265 
 583      725C4465 
 584 0053 69726428 		.ascii	"ird(Continuous Output).cydsn\000"
 584      436F6E74 
 584      696E756F 
 584      7573204F 
 584      75747075 
 585              	.LASF27:
 586 0070 474E5520 		.ascii	"GNU C 4.9.3 20150303 (release) [ARM/embedded-4_9-br"
 586      4320342E 
 586      392E3320 
 586      32303135 
 586      30333033 
 587 00a3 616E6368 		.ascii	"anch revision 221220] -mcpu=cortex-m3 -mthumb -g -O"
 587      20726576 
 587      6973696F 
 587      6E203232 
 587      31323230 
 588 00d6 32202D66 		.ascii	"2 -ffunction-sections -ffat-lto-objects\000"
 588      66756E63 
 588      74696F6E 
 588      2D736563 
 588      74696F6E 
ARM GAS  C:\Users\mgronber\AppData\Local\Temp\ccTPx6pt.s 			page 16


 589              	.LASF9:
 590 00fe 666C6F61 		.ascii	"float\000"
 590      7400
 591              	.LASF22:
 592 0104 4D494449 		.ascii	"MIDI2_UART_Wakeup\000"
 592      325F5541 
 592      52545F57 
 592      616B6575 
 592      7000
 593              	.LASF1:
 594 0116 756E7369 		.ascii	"unsigned char\000"
 594      676E6564 
 594      20636861 
 594      7200
 595              	.LASF13:
 596 0124 72656738 		.ascii	"reg8\000"
 596      00
 597              	.LASF30:
 598 0129 4D494449 		.ascii	"MIDI2_UART_backupStruct_\000"
 598      325F5541 
 598      52545F62 
 598      61636B75 
 598      70537472 
 599              	.LASF17:
 600 0142 74785F63 		.ascii	"tx_clk_ctr\000"
 600      6C6B5F63 
 600      747200
 601              	.LASF12:
 602 014d 75696E74 		.ascii	"uint8\000"
 602      3800
 603              	.LASF10:
 604 0153 646F7562 		.ascii	"double\000"
 604      6C6500
 605              	.LASF2:
 606 015a 73686F72 		.ascii	"short int\000"
 606      7420696E 
 606      7400
 607              	.LASF25:
 608 0164 4D494449 		.ascii	"MIDI2_UART_ClearTxBuffer\000"
 608      325F5541 
 608      52545F43 
 608      6C656172 
 608      54784275 
 609              	.LASF5:
 610 017d 6C6F6E67 		.ascii	"long unsigned int\000"
 610      20756E73 
 610      69676E65 
 610      6420696E 
 610      7400
 611              	.LASF8:
 612 018f 756E7369 		.ascii	"unsigned int\000"
 612      676E6564 
 612      20696E74 
 612      00
 613              	.LASF7:
 614 019c 6C6F6E67 		.ascii	"long long unsigned int\000"
 614      206C6F6E 
ARM GAS  C:\Users\mgronber\AppData\Local\Temp\ccTPx6pt.s 			page 17


 614      6720756E 
 614      7369676E 
 614      65642069 
 615              	.LASF23:
 616 01b3 4D494449 		.ascii	"MIDI2_UART_Stop\000"
 616      325F5541 
 616      52545F53 
 616      746F7000 
 617              	.LASF18:
 618 01c3 4D494449 		.ascii	"MIDI2_UART_BACKUP_STRUCT\000"
 618      325F5541 
 618      52545F42 
 618      41434B55 
 618      505F5354 
 619              	.LASF14:
 620 01dc 73697A65 		.ascii	"sizetype\000"
 620      74797065 
 620      00
 621              	.LASF26:
 622 01e5 4D494449 		.ascii	"MIDI2_UART_Enable\000"
 622      325F5541 
 622      52545F45 
 622      6E61626C 
 622      6500
 623              	.LASF6:
 624 01f7 6C6F6E67 		.ascii	"long long int\000"
 624      206C6F6E 
 624      6720696E 
 624      7400
 625              	.LASF11:
 626 0205 63686172 		.ascii	"char\000"
 626      00
 627              	.LASF19:
 628 020a 4D494449 		.ascii	"MIDI2_UART_SaveConfig\000"
 628      325F5541 
 628      52545F53 
 628      61766543 
 628      6F6E6669 
 629              	.LASF20:
 630 0220 4D494449 		.ascii	"MIDI2_UART_RestoreConfig\000"
 630      325F5541 
 630      52545F52 
 630      6573746F 
 630      7265436F 
 631              	.LASF16:
 632 0239 72785F70 		.ascii	"rx_period\000"
 632      6572696F 
 632      6400
 633              	.LASF24:
 634 0243 4D494449 		.ascii	"MIDI2_UART_ClearRxBuffer\000"
 634      325F5541 
 634      52545F43 
 634      6C656172 
 634      52784275 
 635              	.LASF4:
 636 025c 6C6F6E67 		.ascii	"long int\000"
 636      20696E74 
ARM GAS  C:\Users\mgronber\AppData\Local\Temp\ccTPx6pt.s 			page 18


 636      00
 637              	.LASF15:
 638 0265 656E6162 		.ascii	"enableState\000"
 638      6C655374 
 638      61746500 
 639              	.LASF21:
 640 0271 4D494449 		.ascii	"MIDI2_UART_Sleep\000"
 640      325F5541 
 640      52545F53 
 640      6C656570 
 640      00
 641              	.LASF0:
 642 0282 7369676E 		.ascii	"signed char\000"
 642      65642063 
 642      68617200 
 643              	.LASF28:
 644 028e 47656E65 		.ascii	"Generated_Source\\PSoC5\\MIDI2_UART_PM.c\000"
 644      72617465 
 644      645F536F 
 644      75726365 
 644      5C50536F 
 645              		.ident	"GCC: (GNU Tools for ARM Embedded Processors) 4.9.3 20150303 (release) [ARM/embedded-4_9-br
