ARM GAS  C:\Users\mgronber\AppData\Local\Temp\ccC6jz8z.s 			page 1


   1              		.syntax unified
   2              		.cpu cortex-m3
   3              		.fpu softvfp
   4              		.eabi_attribute 20, 1
   5              		.eabi_attribute 21, 1
   6              		.eabi_attribute 23, 3
   7              		.eabi_attribute 24, 1
   8              		.eabi_attribute 25, 1
   9              		.eabi_attribute 26, 1
  10              		.eabi_attribute 30, 2
  11              		.eabi_attribute 34, 1
  12              		.eabi_attribute 18, 4
  13              		.thumb
  14              		.file	"USB_pm.c"
  15              		.text
  16              	.Ltext0:
  17              		.cfi_sections	.debug_frame
  18              		.section	.text.USB_DP_ISR,"ax",%progbits
  19              		.align	2
  20              		.global	USB_DP_ISR
  21              		.thumb
  22              		.thumb_func
  23              		.type	USB_DP_ISR, %function
  24              	USB_DP_ISR:
  25              	.LFB56:
  26              		.file 1 "Generated_Source\\PSoC5\\USB_pm.c"
   1:Generated_Source\PSoC5/USB_pm.c **** /*******************************************************************************
   2:Generated_Source\PSoC5/USB_pm.c **** * File Name: USB_pm.c
   3:Generated_Source\PSoC5/USB_pm.c **** * Version 2.70
   4:Generated_Source\PSoC5/USB_pm.c **** *
   5:Generated_Source\PSoC5/USB_pm.c **** * Description:
   6:Generated_Source\PSoC5/USB_pm.c **** *  This file provides Suspend/Resume APIs functionality.
   7:Generated_Source\PSoC5/USB_pm.c **** *
   8:Generated_Source\PSoC5/USB_pm.c **** * Note:
   9:Generated_Source\PSoC5/USB_pm.c **** *
  10:Generated_Source\PSoC5/USB_pm.c **** ********************************************************************************
  11:Generated_Source\PSoC5/USB_pm.c **** * Copyright 2008-2013, Cypress Semiconductor Corporation.  All rights reserved.
  12:Generated_Source\PSoC5/USB_pm.c **** * You may use this file only in accordance with the license, terms, conditions,
  13:Generated_Source\PSoC5/USB_pm.c **** * disclaimers, and limitations in the end user license agreement accompanying
  14:Generated_Source\PSoC5/USB_pm.c **** * the software package with which this file was provided.
  15:Generated_Source\PSoC5/USB_pm.c **** *******************************************************************************/
  16:Generated_Source\PSoC5/USB_pm.c **** 
  17:Generated_Source\PSoC5/USB_pm.c **** #include "project.h"
  18:Generated_Source\PSoC5/USB_pm.c **** #include "USB.h"
  19:Generated_Source\PSoC5/USB_pm.c **** #include "USB_pvt.h"
  20:Generated_Source\PSoC5/USB_pm.c **** 
  21:Generated_Source\PSoC5/USB_pm.c **** 
  22:Generated_Source\PSoC5/USB_pm.c **** /***************************************
  23:Generated_Source\PSoC5/USB_pm.c **** * Custom Declarations
  24:Generated_Source\PSoC5/USB_pm.c **** ***************************************/
  25:Generated_Source\PSoC5/USB_pm.c **** /* `#START PM_CUSTOM_DECLARATIONS` Place your declaration here */
  26:Generated_Source\PSoC5/USB_pm.c **** 
  27:Generated_Source\PSoC5/USB_pm.c **** /* `#END` */
  28:Generated_Source\PSoC5/USB_pm.c **** 
  29:Generated_Source\PSoC5/USB_pm.c **** 
  30:Generated_Source\PSoC5/USB_pm.c **** /***************************************
  31:Generated_Source\PSoC5/USB_pm.c **** * Local data allocation
ARM GAS  C:\Users\mgronber\AppData\Local\Temp\ccC6jz8z.s 			page 2


  32:Generated_Source\PSoC5/USB_pm.c **** ***************************************/
  33:Generated_Source\PSoC5/USB_pm.c **** 
  34:Generated_Source\PSoC5/USB_pm.c **** static USB_BACKUP_STRUCT  USB_backup;
  35:Generated_Source\PSoC5/USB_pm.c **** 
  36:Generated_Source\PSoC5/USB_pm.c **** 
  37:Generated_Source\PSoC5/USB_pm.c **** #if(USB_DP_ISR_REMOVE == 0u)
  38:Generated_Source\PSoC5/USB_pm.c **** 
  39:Generated_Source\PSoC5/USB_pm.c ****     /*******************************************************************************
  40:Generated_Source\PSoC5/USB_pm.c ****     * Function Name: USB_DP_Interrupt
  41:Generated_Source\PSoC5/USB_pm.c ****     ********************************************************************************
  42:Generated_Source\PSoC5/USB_pm.c ****     *
  43:Generated_Source\PSoC5/USB_pm.c ****     * Summary:
  44:Generated_Source\PSoC5/USB_pm.c ****     *  This Interrupt Service Routine handles DP pin changes for wake-up from
  45:Generated_Source\PSoC5/USB_pm.c ****     *  the sleep mode.
  46:Generated_Source\PSoC5/USB_pm.c ****     *
  47:Generated_Source\PSoC5/USB_pm.c ****     * Parameters:
  48:Generated_Source\PSoC5/USB_pm.c ****     *  None.
  49:Generated_Source\PSoC5/USB_pm.c ****     *
  50:Generated_Source\PSoC5/USB_pm.c ****     * Return:
  51:Generated_Source\PSoC5/USB_pm.c ****     *  None.
  52:Generated_Source\PSoC5/USB_pm.c ****     *
  53:Generated_Source\PSoC5/USB_pm.c ****     *******************************************************************************/
  54:Generated_Source\PSoC5/USB_pm.c ****     CY_ISR(USB_DP_ISR)
  55:Generated_Source\PSoC5/USB_pm.c ****     {
  27              		.loc 1 55 0
  28              		.cfi_startproc
  29              		@ args = 0, pretend = 0, frame = 0
  30              		@ frame_needed = 0, uses_anonymous_args = 0
  31              		@ link register save eliminated.
  56:Generated_Source\PSoC5/USB_pm.c ****         /* `#START DP_USER_CODE` Place your code here */
  57:Generated_Source\PSoC5/USB_pm.c **** 
  58:Generated_Source\PSoC5/USB_pm.c ****         /* `#END` */
  59:Generated_Source\PSoC5/USB_pm.c **** 
  60:Generated_Source\PSoC5/USB_pm.c ****         /* Clears active interrupt */
  61:Generated_Source\PSoC5/USB_pm.c ****         CY_GET_REG8(USB_DP_INTSTAT_PTR);
  32              		.loc 1 61 0
  33 0000 014B     		ldr	r3, .L2
  34 0002 1B78     		ldrb	r3, [r3]	@ zero_extendqisi2
  35 0004 7047     		bx	lr
  36              	.L3:
  37 0006 00BF     		.align	2
  38              	.L2:
  39 0008 8F450040 		.word	1073759631
  40              		.cfi_endproc
  41              	.LFE56:
  42              		.size	USB_DP_ISR, .-USB_DP_ISR
  43              		.section	.text.USB_SaveConfig,"ax",%progbits
  44              		.align	2
  45              		.global	USB_SaveConfig
  46              		.thumb
  47              		.thumb_func
  48              		.type	USB_SaveConfig, %function
  49              	USB_SaveConfig:
  50              	.LFB57:
  62:Generated_Source\PSoC5/USB_pm.c ****     }
  63:Generated_Source\PSoC5/USB_pm.c **** 
  64:Generated_Source\PSoC5/USB_pm.c **** #endif /* (USB_DP_ISR_REMOVE == 0u) */
ARM GAS  C:\Users\mgronber\AppData\Local\Temp\ccC6jz8z.s 			page 3


  65:Generated_Source\PSoC5/USB_pm.c **** 
  66:Generated_Source\PSoC5/USB_pm.c **** 
  67:Generated_Source\PSoC5/USB_pm.c **** /*******************************************************************************
  68:Generated_Source\PSoC5/USB_pm.c **** * Function Name: USB_SaveConfig
  69:Generated_Source\PSoC5/USB_pm.c **** ********************************************************************************
  70:Generated_Source\PSoC5/USB_pm.c **** *
  71:Generated_Source\PSoC5/USB_pm.c **** * Summary:
  72:Generated_Source\PSoC5/USB_pm.c **** *  Saves the current user configuration.
  73:Generated_Source\PSoC5/USB_pm.c **** *
  74:Generated_Source\PSoC5/USB_pm.c **** * Parameters:
  75:Generated_Source\PSoC5/USB_pm.c **** *  None.
  76:Generated_Source\PSoC5/USB_pm.c **** *
  77:Generated_Source\PSoC5/USB_pm.c **** * Return:
  78:Generated_Source\PSoC5/USB_pm.c **** *  None.
  79:Generated_Source\PSoC5/USB_pm.c **** *
  80:Generated_Source\PSoC5/USB_pm.c **** * Reentrant:
  81:Generated_Source\PSoC5/USB_pm.c **** *  No.
  82:Generated_Source\PSoC5/USB_pm.c **** *
  83:Generated_Source\PSoC5/USB_pm.c **** *******************************************************************************/
  84:Generated_Source\PSoC5/USB_pm.c **** void USB_SaveConfig(void) 
  85:Generated_Source\PSoC5/USB_pm.c **** {
  51              		.loc 1 85 0
  52              		.cfi_startproc
  53              		@ args = 0, pretend = 0, frame = 0
  54              		@ frame_needed = 0, uses_anonymous_args = 0
  55              		@ link register save eliminated.
  56 0000 7047     		bx	lr
  57              		.cfi_endproc
  58              	.LFE57:
  59              		.size	USB_SaveConfig, .-USB_SaveConfig
  60 0002 00BF     		.section	.text.USB_RestoreConfig,"ax",%progbits
  61              		.align	2
  62              		.global	USB_RestoreConfig
  63              		.thumb
  64              		.thumb_func
  65              		.type	USB_RestoreConfig, %function
  66              	USB_RestoreConfig:
  67              	.LFB58:
  86:Generated_Source\PSoC5/USB_pm.c **** 
  87:Generated_Source\PSoC5/USB_pm.c **** }
  88:Generated_Source\PSoC5/USB_pm.c **** 
  89:Generated_Source\PSoC5/USB_pm.c **** 
  90:Generated_Source\PSoC5/USB_pm.c **** /*******************************************************************************
  91:Generated_Source\PSoC5/USB_pm.c **** * Function Name: USB_RestoreConfig
  92:Generated_Source\PSoC5/USB_pm.c **** ********************************************************************************
  93:Generated_Source\PSoC5/USB_pm.c **** *
  94:Generated_Source\PSoC5/USB_pm.c **** * Summary:
  95:Generated_Source\PSoC5/USB_pm.c **** *  Restores the current user configuration.
  96:Generated_Source\PSoC5/USB_pm.c **** *
  97:Generated_Source\PSoC5/USB_pm.c **** * Parameters:
  98:Generated_Source\PSoC5/USB_pm.c **** *  None.
  99:Generated_Source\PSoC5/USB_pm.c **** *
 100:Generated_Source\PSoC5/USB_pm.c **** * Return:
 101:Generated_Source\PSoC5/USB_pm.c **** *  None.
 102:Generated_Source\PSoC5/USB_pm.c **** *
 103:Generated_Source\PSoC5/USB_pm.c **** * Reentrant:
 104:Generated_Source\PSoC5/USB_pm.c **** *  No.
ARM GAS  C:\Users\mgronber\AppData\Local\Temp\ccC6jz8z.s 			page 4


 105:Generated_Source\PSoC5/USB_pm.c **** *
 106:Generated_Source\PSoC5/USB_pm.c **** *******************************************************************************/
 107:Generated_Source\PSoC5/USB_pm.c **** void USB_RestoreConfig(void) 
 108:Generated_Source\PSoC5/USB_pm.c **** {
  68              		.loc 1 108 0
  69              		.cfi_startproc
  70              		@ args = 0, pretend = 0, frame = 0
  71              		@ frame_needed = 0, uses_anonymous_args = 0
  72              		@ link register save eliminated.
 109:Generated_Source\PSoC5/USB_pm.c ****     if(USB_configuration != 0u)
  73              		.loc 1 109 0
  74 0000 024B     		ldr	r3, .L9
  75 0002 1B78     		ldrb	r3, [r3]	@ zero_extendqisi2
  76 0004 03B9     		cbnz	r3, .L8
  77 0006 7047     		bx	lr
  78              	.L8:
 110:Generated_Source\PSoC5/USB_pm.c ****     {
 111:Generated_Source\PSoC5/USB_pm.c ****         USB_ConfigReg();
  79              		.loc 1 111 0
  80 0008 FFF7FEBF 		b	USB_ConfigReg
  81              	.LVL0:
  82              	.L10:
  83              		.align	2
  84              	.L9:
  85 000c 00000000 		.word	USB_configuration
  86              		.cfi_endproc
  87              	.LFE58:
  88              		.size	USB_RestoreConfig, .-USB_RestoreConfig
  89              		.section	.text.USB_Suspend,"ax",%progbits
  90              		.align	2
  91              		.global	USB_Suspend
  92              		.thumb
  93              		.thumb_func
  94              		.type	USB_Suspend, %function
  95              	USB_Suspend:
  96              	.LFB59:
 112:Generated_Source\PSoC5/USB_pm.c ****     }
 113:Generated_Source\PSoC5/USB_pm.c **** }
 114:Generated_Source\PSoC5/USB_pm.c **** 
 115:Generated_Source\PSoC5/USB_pm.c **** 
 116:Generated_Source\PSoC5/USB_pm.c **** /*******************************************************************************
 117:Generated_Source\PSoC5/USB_pm.c **** * Function Name: USB_Suspend
 118:Generated_Source\PSoC5/USB_pm.c **** ********************************************************************************
 119:Generated_Source\PSoC5/USB_pm.c **** *
 120:Generated_Source\PSoC5/USB_pm.c **** * Summary:
 121:Generated_Source\PSoC5/USB_pm.c **** *  This function disables the USBFS block and prepares for power down mode.
 122:Generated_Source\PSoC5/USB_pm.c **** *
 123:Generated_Source\PSoC5/USB_pm.c **** * Parameters:
 124:Generated_Source\PSoC5/USB_pm.c **** *  None.
 125:Generated_Source\PSoC5/USB_pm.c **** *
 126:Generated_Source\PSoC5/USB_pm.c **** * Return:
 127:Generated_Source\PSoC5/USB_pm.c **** *   None.
 128:Generated_Source\PSoC5/USB_pm.c **** *
 129:Generated_Source\PSoC5/USB_pm.c **** * Global variables:
 130:Generated_Source\PSoC5/USB_pm.c **** *  USB_backup.enable:  modified.
 131:Generated_Source\PSoC5/USB_pm.c **** *
 132:Generated_Source\PSoC5/USB_pm.c **** * Reentrant:
ARM GAS  C:\Users\mgronber\AppData\Local\Temp\ccC6jz8z.s 			page 5


 133:Generated_Source\PSoC5/USB_pm.c **** *  No.
 134:Generated_Source\PSoC5/USB_pm.c **** *
 135:Generated_Source\PSoC5/USB_pm.c **** *******************************************************************************/
 136:Generated_Source\PSoC5/USB_pm.c **** void USB_Suspend(void) 
 137:Generated_Source\PSoC5/USB_pm.c **** {
  97              		.loc 1 137 0
  98              		.cfi_startproc
  99              		@ args = 0, pretend = 0, frame = 0
 100              		@ frame_needed = 0, uses_anonymous_args = 0
 101 0000 2DE9F041 		push	{r4, r5, r6, r7, r8, lr}
 102              		.cfi_def_cfa_offset 24
 103              		.cfi_offset 4, -24
 104              		.cfi_offset 5, -20
 105              		.cfi_offset 6, -16
 106              		.cfi_offset 7, -12
 107              		.cfi_offset 8, -8
 108              		.cfi_offset 14, -4
 138:Generated_Source\PSoC5/USB_pm.c ****     uint8 enableInterrupts;
 139:Generated_Source\PSoC5/USB_pm.c ****     enableInterrupts = CyEnterCriticalSection();
 109              		.loc 1 139 0
 110 0004 FFF7FEFF 		bl	CyEnterCriticalSection
 111              	.LVL1:
 140:Generated_Source\PSoC5/USB_pm.c **** 
 141:Generated_Source\PSoC5/USB_pm.c ****     if((CY_GET_REG8(USB_CR0_PTR) & USB_CR0_ENABLE) != 0u)
 112              		.loc 1 141 0
 113 0008 2C4C     		ldr	r4, .L16
 139:Generated_Source\PSoC5/USB_pm.c **** 
 114              		.loc 1 139 0
 115 000a 0546     		mov	r5, r0
 116              	.LVL2:
 117              		.loc 1 141 0
 118 000c 2378     		ldrb	r3, [r4]	@ zero_extendqisi2
 119 000e 1B06     		lsls	r3, r3, #24
 120 0010 15D4     		bmi	.L15
 142:Generated_Source\PSoC5/USB_pm.c ****     {   /* USB block is enabled */
 143:Generated_Source\PSoC5/USB_pm.c ****         USB_backup.enableState = 1u;
 144:Generated_Source\PSoC5/USB_pm.c **** 
 145:Generated_Source\PSoC5/USB_pm.c ****         #if(USB_EP_MM != USB__EP_MANUAL)
 146:Generated_Source\PSoC5/USB_pm.c ****             USB_Stop_DMA(USB_MAX_EP);     /* Stop all DMAs */
 147:Generated_Source\PSoC5/USB_pm.c ****         #endif   /*  USB_EP_MM != USB__EP_MANUAL */
 148:Generated_Source\PSoC5/USB_pm.c **** 
 149:Generated_Source\PSoC5/USB_pm.c ****         /* Ensure USB transmit enable is low (USB_USBIO_CR0.ten). - Manual Transmission - Disabled 
 150:Generated_Source\PSoC5/USB_pm.c ****         USB_USBIO_CR0_REG &= (uint8)~USB_USBIO_CR0_TEN;
 151:Generated_Source\PSoC5/USB_pm.c ****         CyDelayUs(0u);  /*~50ns delay */
 152:Generated_Source\PSoC5/USB_pm.c **** 
 153:Generated_Source\PSoC5/USB_pm.c ****         /* Disable the USBIO by asserting PM.USB_CR0.fsusbio_pd_n(Inverted) and pd_pullup_hv(Invert
 154:Generated_Source\PSoC5/USB_pm.c ****         USB_PM_USB_CR0_REG &=
 155:Generated_Source\PSoC5/USB_pm.c ****                                 (uint8)~(USB_PM_USB_CR0_PD_N | USB_PM_USB_CR0_PD_PULLUP_N);
 156:Generated_Source\PSoC5/USB_pm.c **** 
 157:Generated_Source\PSoC5/USB_pm.c ****         /* Disable the SIE */
 158:Generated_Source\PSoC5/USB_pm.c ****         USB_CR0_REG &= (uint8)~USB_CR0_ENABLE;
 159:Generated_Source\PSoC5/USB_pm.c **** 
 160:Generated_Source\PSoC5/USB_pm.c ****         CyDelayUs(0u);  /* ~50ns delay */
 161:Generated_Source\PSoC5/USB_pm.c ****         /* Store mode and Disable VRegulator*/
 162:Generated_Source\PSoC5/USB_pm.c ****         USB_backup.mode = USB_CR1_REG & USB_CR1_REG_ENABLE;
 163:Generated_Source\PSoC5/USB_pm.c ****         USB_CR1_REG &= (uint8)~USB_CR1_REG_ENABLE;
 164:Generated_Source\PSoC5/USB_pm.c **** 
ARM GAS  C:\Users\mgronber\AppData\Local\Temp\ccC6jz8z.s 			page 6


 165:Generated_Source\PSoC5/USB_pm.c ****         CyDelayUs(1u);  /* 0.5 us min delay */
 166:Generated_Source\PSoC5/USB_pm.c ****         /* Disable the USBIO reference by setting PM.USB_CR0.fsusbio_ref_en.*/
 167:Generated_Source\PSoC5/USB_pm.c ****         USB_PM_USB_CR0_REG &= (uint8)~USB_PM_USB_CR0_REF_EN;
 168:Generated_Source\PSoC5/USB_pm.c **** 
 169:Generated_Source\PSoC5/USB_pm.c ****         /* Switch DP and DM terminals to GPIO mode and disconnect 1.5k pullup*/
 170:Generated_Source\PSoC5/USB_pm.c ****         USB_USBIO_CR1_REG |= USB_USBIO_CR1_IOMODE;
 171:Generated_Source\PSoC5/USB_pm.c **** 
 172:Generated_Source\PSoC5/USB_pm.c ****         /* Disable USB in ACT PM */
 173:Generated_Source\PSoC5/USB_pm.c ****         USB_PM_ACT_CFG_REG &= (uint8)~USB_PM_ACT_EN_FSUSB;
 174:Generated_Source\PSoC5/USB_pm.c ****         /* Disable USB block for Standby Power Mode */
 175:Generated_Source\PSoC5/USB_pm.c ****         USB_PM_STBY_CFG_REG &= (uint8)~USB_PM_STBY_EN_FSUSB;
 176:Generated_Source\PSoC5/USB_pm.c ****         CyDelayUs(1u); /* min  0.5us delay required */
 177:Generated_Source\PSoC5/USB_pm.c **** 
 178:Generated_Source\PSoC5/USB_pm.c ****     }
 179:Generated_Source\PSoC5/USB_pm.c ****     else
 180:Generated_Source\PSoC5/USB_pm.c ****     {
 181:Generated_Source\PSoC5/USB_pm.c ****         USB_backup.enableState = 0u;
 121              		.loc 1 181 0
 122 0012 2B4B     		ldr	r3, .L16+4
 123 0014 0022     		movs	r2, #0
 124 0016 1A70     		strb	r2, [r3]
 125              	.L13:
 182:Generated_Source\PSoC5/USB_pm.c ****     }
 183:Generated_Source\PSoC5/USB_pm.c ****     
 184:Generated_Source\PSoC5/USB_pm.c ****     CyExitCriticalSection(enableInterrupts);
 126              		.loc 1 184 0
 127 0018 2846     		mov	r0, r5
 128 001a FFF7FEFF 		bl	CyExitCriticalSection
 129              	.LVL3:
 185:Generated_Source\PSoC5/USB_pm.c **** 
 186:Generated_Source\PSoC5/USB_pm.c ****     /* Set the DP Interrupt for wake-up from sleep mode. */
 187:Generated_Source\PSoC5/USB_pm.c ****     #if(USB_DP_ISR_REMOVE == 0u)
 188:Generated_Source\PSoC5/USB_pm.c ****         (void) CyIntSetVector(USB_DP_INTC_VECT_NUM, &USB_DP_ISR);
 130              		.loc 1 188 0
 131 001e 2949     		ldr	r1, .L16+8
 132 0020 0C20     		movs	r0, #12
 133 0022 FFF7FEFF 		bl	CyIntSetVector
 134              	.LVL4:
 189:Generated_Source\PSoC5/USB_pm.c ****         CyIntSetPriority(USB_DP_INTC_VECT_NUM, USB_DP_INTC_PRIOR);
 135              		.loc 1 189 0
 136 0026 0721     		movs	r1, #7
 137 0028 0C20     		movs	r0, #12
 138 002a FFF7FEFF 		bl	CyIntSetPriority
 139              	.LVL5:
 190:Generated_Source\PSoC5/USB_pm.c ****         CyIntClearPending(USB_DP_INTC_VECT_NUM);
 140              		.loc 1 190 0
 141 002e 2649     		ldr	r1, .L16+12
 191:Generated_Source\PSoC5/USB_pm.c ****         CyIntEnable(USB_DP_INTC_VECT_NUM);
 142              		.loc 1 191 0
 143 0030 264A     		ldr	r2, .L16+16
 190:Generated_Source\PSoC5/USB_pm.c ****         CyIntClearPending(USB_DP_INTC_VECT_NUM);
 144              		.loc 1 190 0
 145 0032 4FF48053 		mov	r3, #4096
 146 0036 0B60     		str	r3, [r1]
 147              		.loc 1 191 0
 148 0038 1360     		str	r3, [r2]
 149 003a BDE8F081 		pop	{r4, r5, r6, r7, r8, pc}
ARM GAS  C:\Users\mgronber\AppData\Local\Temp\ccC6jz8z.s 			page 7


 150              	.LVL6:
 151              	.L15:
 143:Generated_Source\PSoC5/USB_pm.c **** 
 152              		.loc 1 143 0
 153 003e DFF88080 		ldr	r8, .L16+4
 154 0042 0127     		movs	r7, #1
 150:Generated_Source\PSoC5/USB_pm.c ****         CyDelayUs(0u);  /*~50ns delay */
 155              		.loc 1 150 0
 156 0044 224A     		ldr	r2, .L16+20
 143:Generated_Source\PSoC5/USB_pm.c **** 
 157              		.loc 1 143 0
 158 0046 88F80070 		strb	r7, [r8]
 150:Generated_Source\PSoC5/USB_pm.c ****         CyDelayUs(0u);  /*~50ns delay */
 159              		.loc 1 150 0
 160 004a 1378     		ldrb	r3, [r2]	@ zero_extendqisi2
 154:Generated_Source\PSoC5/USB_pm.c ****                                 (uint8)~(USB_PM_USB_CR0_PD_N | USB_PM_USB_CR0_PD_PULLUP_N);
 161              		.loc 1 154 0
 162 004c 214E     		ldr	r6, .L16+24
 150:Generated_Source\PSoC5/USB_pm.c ****         CyDelayUs(0u);  /*~50ns delay */
 163              		.loc 1 150 0
 164 004e 03F07F03 		and	r3, r3, #127
 165 0052 1370     		strb	r3, [r2]
 151:Generated_Source\PSoC5/USB_pm.c **** 
 166              		.loc 1 151 0
 167 0054 0020     		movs	r0, #0
 168 0056 FFF7FEFF 		bl	CyDelayUs
 169              	.LVL7:
 154:Generated_Source\PSoC5/USB_pm.c ****                                 (uint8)~(USB_PM_USB_CR0_PD_N | USB_PM_USB_CR0_PD_PULLUP_N);
 170              		.loc 1 154 0
 171 005a 3378     		ldrb	r3, [r6]	@ zero_extendqisi2
 160:Generated_Source\PSoC5/USB_pm.c ****         /* Store mode and Disable VRegulator*/
 172              		.loc 1 160 0
 173 005c 0020     		movs	r0, #0
 154:Generated_Source\PSoC5/USB_pm.c ****                                 (uint8)~(USB_PM_USB_CR0_PD_N | USB_PM_USB_CR0_PD_PULLUP_N);
 174              		.loc 1 154 0
 175 005e 03F0F903 		and	r3, r3, #249
 176 0062 3370     		strb	r3, [r6]
 158:Generated_Source\PSoC5/USB_pm.c **** 
 177              		.loc 1 158 0
 178 0064 2378     		ldrb	r3, [r4]	@ zero_extendqisi2
 179 0066 03F07F03 		and	r3, r3, #127
 180 006a 2370     		strb	r3, [r4]
 160:Generated_Source\PSoC5/USB_pm.c ****         /* Store mode and Disable VRegulator*/
 181              		.loc 1 160 0
 182 006c FFF7FEFF 		bl	CyDelayUs
 183              	.LVL8:
 162:Generated_Source\PSoC5/USB_pm.c ****         USB_CR1_REG &= (uint8)~USB_CR1_REG_ENABLE;
 184              		.loc 1 162 0
 185 0070 194A     		ldr	r2, .L16+28
 165:Generated_Source\PSoC5/USB_pm.c ****         /* Disable the USBIO reference by setting PM.USB_CR0.fsusbio_ref_en.*/
 186              		.loc 1 165 0
 187 0072 3846     		mov	r0, r7
 162:Generated_Source\PSoC5/USB_pm.c ****         USB_CR1_REG &= (uint8)~USB_CR1_REG_ENABLE;
 188              		.loc 1 162 0
 189 0074 1378     		ldrb	r3, [r2]	@ zero_extendqisi2
 163:Generated_Source\PSoC5/USB_pm.c **** 
 190              		.loc 1 163 0
ARM GAS  C:\Users\mgronber\AppData\Local\Temp\ccC6jz8z.s 			page 8


 191 0076 1178     		ldrb	r1, [r2]	@ zero_extendqisi2
 162:Generated_Source\PSoC5/USB_pm.c ****         USB_CR1_REG &= (uint8)~USB_CR1_REG_ENABLE;
 192              		.loc 1 162 0
 193 0078 3B40     		ands	r3, r3, r7
 163:Generated_Source\PSoC5/USB_pm.c **** 
 194              		.loc 1 163 0
 195 007a 01F0FE01 		and	r1, r1, #254
 196 007e 1170     		strb	r1, [r2]
 162:Generated_Source\PSoC5/USB_pm.c ****         USB_CR1_REG &= (uint8)~USB_CR1_REG_ENABLE;
 197              		.loc 1 162 0
 198 0080 88F80130 		strb	r3, [r8, #1]
 165:Generated_Source\PSoC5/USB_pm.c ****         /* Disable the USBIO reference by setting PM.USB_CR0.fsusbio_ref_en.*/
 199              		.loc 1 165 0
 200 0084 FFF7FEFF 		bl	CyDelayUs
 201              	.LVL9:
 167:Generated_Source\PSoC5/USB_pm.c **** 
 202              		.loc 1 167 0
 203 0088 3378     		ldrb	r3, [r6]	@ zero_extendqisi2
 170:Generated_Source\PSoC5/USB_pm.c **** 
 204              		.loc 1 170 0
 205 008a 144A     		ldr	r2, .L16+32
 167:Generated_Source\PSoC5/USB_pm.c **** 
 206              		.loc 1 167 0
 207 008c 03F0FE03 		and	r3, r3, #254
 208 0090 3370     		strb	r3, [r6]
 170:Generated_Source\PSoC5/USB_pm.c **** 
 209              		.loc 1 170 0
 210 0092 1378     		ldrb	r3, [r2]	@ zero_extendqisi2
 173:Generated_Source\PSoC5/USB_pm.c ****         /* Disable USB block for Standby Power Mode */
 211              		.loc 1 173 0
 212 0094 1249     		ldr	r1, .L16+36
 170:Generated_Source\PSoC5/USB_pm.c **** 
 213              		.loc 1 170 0
 214 0096 43F02003 		orr	r3, r3, #32
 215 009a 1370     		strb	r3, [r2]
 173:Generated_Source\PSoC5/USB_pm.c ****         /* Disable USB block for Standby Power Mode */
 216              		.loc 1 173 0
 217 009c 0B78     		ldrb	r3, [r1]	@ zero_extendqisi2
 175:Generated_Source\PSoC5/USB_pm.c ****         CyDelayUs(1u); /* min  0.5us delay required */
 218              		.loc 1 175 0
 219 009e A2F5E252 		sub	r2, r2, #7232
 173:Generated_Source\PSoC5/USB_pm.c ****         /* Disable USB block for Standby Power Mode */
 220              		.loc 1 173 0
 221 00a2 03F0FE03 		and	r3, r3, #254
 175:Generated_Source\PSoC5/USB_pm.c ****         CyDelayUs(1u); /* min  0.5us delay required */
 222              		.loc 1 175 0
 223 00a6 1D3A     		subs	r2, r2, #29
 173:Generated_Source\PSoC5/USB_pm.c ****         /* Disable USB block for Standby Power Mode */
 224              		.loc 1 173 0
 225 00a8 0B70     		strb	r3, [r1]
 175:Generated_Source\PSoC5/USB_pm.c ****         CyDelayUs(1u); /* min  0.5us delay required */
 226              		.loc 1 175 0
 227 00aa 1378     		ldrb	r3, [r2]	@ zero_extendqisi2
 176:Generated_Source\PSoC5/USB_pm.c **** 
 228              		.loc 1 176 0
 229 00ac 3846     		mov	r0, r7
 175:Generated_Source\PSoC5/USB_pm.c ****         CyDelayUs(1u); /* min  0.5us delay required */
ARM GAS  C:\Users\mgronber\AppData\Local\Temp\ccC6jz8z.s 			page 9


 230              		.loc 1 175 0
 231 00ae 03F0FE03 		and	r3, r3, #254
 232 00b2 1370     		strb	r3, [r2]
 176:Generated_Source\PSoC5/USB_pm.c **** 
 233              		.loc 1 176 0
 234 00b4 FFF7FEFF 		bl	CyDelayUs
 235              	.LVL10:
 236 00b8 AEE7     		b	.L13
 237              	.L17:
 238 00ba 00BF     		.align	2
 239              	.L16:
 240 00bc 08600040 		.word	1073766408
 241 00c0 00000000 		.word	.LANCHOR0
 242 00c4 00000000 		.word	USB_DP_ISR
 243 00c8 80E200E0 		.word	-536812928
 244 00cc 00E100E0 		.word	-536813312
 245 00d0 10600040 		.word	1073766416
 246 00d4 94430040 		.word	1073759124
 247 00d8 09600040 		.word	1073766409
 248 00dc 12600040 		.word	1073766418
 249 00e0 A5430040 		.word	1073759141
 250              		.cfi_endproc
 251              	.LFE59:
 252              		.size	USB_Suspend, .-USB_Suspend
 253              		.section	.text.USB_Resume,"ax",%progbits
 254              		.align	2
 255              		.global	USB_Resume
 256              		.thumb
 257              		.thumb_func
 258              		.type	USB_Resume, %function
 259              	USB_Resume:
 260              	.LFB60:
 192:Generated_Source\PSoC5/USB_pm.c ****     #endif /* (USB_DP_ISR_REMOVE == 0u) */
 193:Generated_Source\PSoC5/USB_pm.c **** }
 194:Generated_Source\PSoC5/USB_pm.c **** 
 195:Generated_Source\PSoC5/USB_pm.c **** 
 196:Generated_Source\PSoC5/USB_pm.c **** /*******************************************************************************
 197:Generated_Source\PSoC5/USB_pm.c **** * Function Name: USB_Resume
 198:Generated_Source\PSoC5/USB_pm.c **** ********************************************************************************
 199:Generated_Source\PSoC5/USB_pm.c **** *
 200:Generated_Source\PSoC5/USB_pm.c **** * Summary:
 201:Generated_Source\PSoC5/USB_pm.c **** *  This function enables the USBFS block after power down mode.
 202:Generated_Source\PSoC5/USB_pm.c **** *
 203:Generated_Source\PSoC5/USB_pm.c **** * Parameters:
 204:Generated_Source\PSoC5/USB_pm.c **** *  None.
 205:Generated_Source\PSoC5/USB_pm.c **** *
 206:Generated_Source\PSoC5/USB_pm.c **** * Return:
 207:Generated_Source\PSoC5/USB_pm.c **** *  None.
 208:Generated_Source\PSoC5/USB_pm.c **** *
 209:Generated_Source\PSoC5/USB_pm.c **** * Global variables:
 210:Generated_Source\PSoC5/USB_pm.c **** *  USB_backup - checked.
 211:Generated_Source\PSoC5/USB_pm.c **** *
 212:Generated_Source\PSoC5/USB_pm.c **** * Reentrant:
 213:Generated_Source\PSoC5/USB_pm.c **** *  No.
 214:Generated_Source\PSoC5/USB_pm.c **** *
 215:Generated_Source\PSoC5/USB_pm.c **** *******************************************************************************/
 216:Generated_Source\PSoC5/USB_pm.c **** void USB_Resume(void) 
ARM GAS  C:\Users\mgronber\AppData\Local\Temp\ccC6jz8z.s 			page 10


 217:Generated_Source\PSoC5/USB_pm.c **** {
 261              		.loc 1 217 0
 262              		.cfi_startproc
 263              		@ args = 0, pretend = 0, frame = 0
 264              		@ frame_needed = 0, uses_anonymous_args = 0
 265 0000 70B5     		push	{r4, r5, r6, lr}
 266              		.cfi_def_cfa_offset 16
 267              		.cfi_offset 4, -16
 268              		.cfi_offset 5, -12
 269              		.cfi_offset 6, -8
 270              		.cfi_offset 14, -4
 218:Generated_Source\PSoC5/USB_pm.c ****     uint8 enableInterrupts;
 219:Generated_Source\PSoC5/USB_pm.c ****     enableInterrupts = CyEnterCriticalSection();
 271              		.loc 1 219 0
 272 0002 FFF7FEFF 		bl	CyEnterCriticalSection
 273              	.LVL11:
 220:Generated_Source\PSoC5/USB_pm.c **** 
 221:Generated_Source\PSoC5/USB_pm.c ****     if(USB_backup.enableState != 0u)
 274              		.loc 1 221 0
 275 0006 284D     		ldr	r5, .L27
 219:Generated_Source\PSoC5/USB_pm.c **** 
 276              		.loc 1 219 0
 277 0008 0646     		mov	r6, r0
 278              	.LVL12:
 279              		.loc 1 221 0
 280 000a 2B78     		ldrb	r3, [r5]	@ zero_extendqisi2
 281 000c 23B9     		cbnz	r3, .L26
 282              	.L20:
 222:Generated_Source\PSoC5/USB_pm.c ****     {
 223:Generated_Source\PSoC5/USB_pm.c ****         #if(USB_DP_ISR_REMOVE == 0u)
 224:Generated_Source\PSoC5/USB_pm.c ****             CyIntDisable(USB_DP_INTC_VECT_NUM);
 225:Generated_Source\PSoC5/USB_pm.c ****         #endif /*  USB_DP_ISR_REMOVE */
 226:Generated_Source\PSoC5/USB_pm.c **** 
 227:Generated_Source\PSoC5/USB_pm.c ****         /* Enable USB block */
 228:Generated_Source\PSoC5/USB_pm.c ****         USB_PM_ACT_CFG_REG |= USB_PM_ACT_EN_FSUSB;
 229:Generated_Source\PSoC5/USB_pm.c ****         /* Enable USB block for Standby Power Mode */
 230:Generated_Source\PSoC5/USB_pm.c ****         USB_PM_STBY_CFG_REG |= USB_PM_STBY_EN_FSUSB;
 231:Generated_Source\PSoC5/USB_pm.c ****         /* Enable core clock */
 232:Generated_Source\PSoC5/USB_pm.c ****         USB_USB_CLK_EN_REG |= USB_USB_CLK_ENABLE;
 233:Generated_Source\PSoC5/USB_pm.c **** 
 234:Generated_Source\PSoC5/USB_pm.c ****         /* Enable the USBIO reference by setting PM.USB_CR0.fsusbio_ref_en.*/
 235:Generated_Source\PSoC5/USB_pm.c ****         USB_PM_USB_CR0_REG |= USB_PM_USB_CR0_REF_EN;
 236:Generated_Source\PSoC5/USB_pm.c ****         /* The reference will be available ~40us after power restored */
 237:Generated_Source\PSoC5/USB_pm.c ****         CyDelayUs(40u);
 238:Generated_Source\PSoC5/USB_pm.c ****         /* Return VRegulator*/
 239:Generated_Source\PSoC5/USB_pm.c ****         USB_CR1_REG |= USB_backup.mode;
 240:Generated_Source\PSoC5/USB_pm.c ****         CyDelayUs(0u);  /*~50ns delay */
 241:Generated_Source\PSoC5/USB_pm.c ****         /* Enable USBIO */
 242:Generated_Source\PSoC5/USB_pm.c ****         USB_PM_USB_CR0_REG |= USB_PM_USB_CR0_PD_N;
 243:Generated_Source\PSoC5/USB_pm.c ****         CyDelayUs(2u);
 244:Generated_Source\PSoC5/USB_pm.c ****         /* Set the USBIO pull-up enable */
 245:Generated_Source\PSoC5/USB_pm.c ****         USB_PM_USB_CR0_REG |= USB_PM_USB_CR0_PD_PULLUP_N;
 246:Generated_Source\PSoC5/USB_pm.c **** 
 247:Generated_Source\PSoC5/USB_pm.c ****         /* Re-init Arbiter configuration for DMA transfers */
 248:Generated_Source\PSoC5/USB_pm.c ****         #if(USB_EP_MM != USB__EP_MANUAL)
 249:Generated_Source\PSoC5/USB_pm.c ****             /* Usb arb interrupt enable */
 250:Generated_Source\PSoC5/USB_pm.c ****             USB_ARB_INT_EN_REG = USB_ARB_INT_MASK;
ARM GAS  C:\Users\mgronber\AppData\Local\Temp\ccC6jz8z.s 			page 11


 251:Generated_Source\PSoC5/USB_pm.c ****             #if(USB_EP_MM == USB__EP_DMAMANUAL)
 252:Generated_Source\PSoC5/USB_pm.c ****                 USB_ARB_CFG_REG = USB_ARB_CFG_MANUAL_DMA;
 253:Generated_Source\PSoC5/USB_pm.c ****             #endif   /*  USB_EP_MM == USB__EP_DMAMANUAL */
 254:Generated_Source\PSoC5/USB_pm.c ****             #if(USB_EP_MM == USB__EP_DMAAUTO)
 255:Generated_Source\PSoC5/USB_pm.c ****                 /*Set cfg cmplt this rises DMA request when the full configuration is done */
 256:Generated_Source\PSoC5/USB_pm.c ****                 USB_ARB_CFG_REG = USB_ARB_CFG_AUTO_DMA | USB_ARB_CFG_AUTO_MEM;
 257:Generated_Source\PSoC5/USB_pm.c ****             #endif   /*  USB_EP_MM == USB__EP_DMAAUTO */
 258:Generated_Source\PSoC5/USB_pm.c ****         #endif   /*  USB_EP_MM != USB__EP_MANUAL */
 259:Generated_Source\PSoC5/USB_pm.c **** 
 260:Generated_Source\PSoC5/USB_pm.c ****         /* STALL_IN_OUT */
 261:Generated_Source\PSoC5/USB_pm.c ****         CY_SET_REG8(USB_EP0_CR_PTR, USB_MODE_STALL_IN_OUT);
 262:Generated_Source\PSoC5/USB_pm.c ****         /* Enable the SIE with a last address */
 263:Generated_Source\PSoC5/USB_pm.c ****         USB_CR0_REG |= USB_CR0_ENABLE;
 264:Generated_Source\PSoC5/USB_pm.c ****         CyDelayCycles(1u);
 265:Generated_Source\PSoC5/USB_pm.c ****         /* Finally, Enable d+ pullup and select iomode to USB mode*/
 266:Generated_Source\PSoC5/USB_pm.c ****         CY_SET_REG8(USB_USBIO_CR1_PTR, USB_USBIO_CR1_USBPUEN);
 267:Generated_Source\PSoC5/USB_pm.c **** 
 268:Generated_Source\PSoC5/USB_pm.c ****         /* Restore USB register settings */
 269:Generated_Source\PSoC5/USB_pm.c ****         USB_RestoreConfig();
 270:Generated_Source\PSoC5/USB_pm.c ****     }
 271:Generated_Source\PSoC5/USB_pm.c **** 
 272:Generated_Source\PSoC5/USB_pm.c ****     CyExitCriticalSection(enableInterrupts);
 283              		.loc 1 272 0
 284 000e 3046     		mov	r0, r6
 273:Generated_Source\PSoC5/USB_pm.c **** }
 285              		.loc 1 273 0
 286 0010 BDE87040 		pop	{r4, r5, r6, lr}
 287              		.cfi_remember_state
 288              		.cfi_restore 14
 289              		.cfi_restore 6
 290              		.cfi_restore 5
 291              		.cfi_restore 4
 292              		.cfi_def_cfa_offset 0
 293              	.LVL13:
 272:Generated_Source\PSoC5/USB_pm.c **** }
 294              		.loc 1 272 0
 295 0014 FFF7FEBF 		b	CyExitCriticalSection
 296              	.LVL14:
 297              	.L26:
 298              		.cfi_restore_state
 224:Generated_Source\PSoC5/USB_pm.c ****         #endif /*  USB_DP_ISR_REMOVE */
 299              		.loc 1 224 0
 300 0018 244B     		ldr	r3, .L27+4
 228:Generated_Source\PSoC5/USB_pm.c ****         /* Enable USB block for Standby Power Mode */
 301              		.loc 1 228 0
 302 001a 254A     		ldr	r2, .L27+8
 224:Generated_Source\PSoC5/USB_pm.c ****         #endif /*  USB_DP_ISR_REMOVE */
 303              		.loc 1 224 0
 304 001c 4FF48051 		mov	r1, #4096
 305 0020 1960     		str	r1, [r3]
 228:Generated_Source\PSoC5/USB_pm.c ****         /* Enable USB block for Standby Power Mode */
 306              		.loc 1 228 0
 307 0022 1378     		ldrb	r3, [r2]	@ zero_extendqisi2
 230:Generated_Source\PSoC5/USB_pm.c ****         /* Enable core clock */
 308              		.loc 1 230 0
 309 0024 2349     		ldr	r1, .L27+12
 228:Generated_Source\PSoC5/USB_pm.c ****         /* Enable USB block for Standby Power Mode */
ARM GAS  C:\Users\mgronber\AppData\Local\Temp\ccC6jz8z.s 			page 12


 310              		.loc 1 228 0
 311 0026 43F00103 		orr	r3, r3, #1
 312 002a 1370     		strb	r3, [r2]
 230:Generated_Source\PSoC5/USB_pm.c ****         /* Enable core clock */
 313              		.loc 1 230 0
 314 002c 0B78     		ldrb	r3, [r1]	@ zero_extendqisi2
 232:Generated_Source\PSoC5/USB_pm.c **** 
 315              		.loc 1 232 0
 316 002e 02F5E752 		add	r2, r2, #7392
 230:Generated_Source\PSoC5/USB_pm.c ****         /* Enable core clock */
 317              		.loc 1 230 0
 318 0032 43F00103 		orr	r3, r3, #1
 319 0036 0B70     		strb	r3, [r1]
 232:Generated_Source\PSoC5/USB_pm.c **** 
 320              		.loc 1 232 0
 321 0038 1832     		adds	r2, r2, #24
 322 003a 1378     		ldrb	r3, [r2]	@ zero_extendqisi2
 235:Generated_Source\PSoC5/USB_pm.c ****         /* The reference will be available ~40us after power restored */
 323              		.loc 1 235 0
 324 003c 1E4C     		ldr	r4, .L27+16
 232:Generated_Source\PSoC5/USB_pm.c **** 
 325              		.loc 1 232 0
 326 003e 43F00103 		orr	r3, r3, #1
 327 0042 1370     		strb	r3, [r2]
 235:Generated_Source\PSoC5/USB_pm.c ****         /* The reference will be available ~40us after power restored */
 328              		.loc 1 235 0
 329 0044 2378     		ldrb	r3, [r4]	@ zero_extendqisi2
 237:Generated_Source\PSoC5/USB_pm.c ****         /* Return VRegulator*/
 330              		.loc 1 237 0
 331 0046 2820     		movs	r0, #40
 235:Generated_Source\PSoC5/USB_pm.c ****         /* The reference will be available ~40us after power restored */
 332              		.loc 1 235 0
 333 0048 43F00103 		orr	r3, r3, #1
 334 004c 2370     		strb	r3, [r4]
 237:Generated_Source\PSoC5/USB_pm.c ****         /* Return VRegulator*/
 335              		.loc 1 237 0
 336 004e FFF7FEFF 		bl	CyDelayUs
 337              	.LVL15:
 239:Generated_Source\PSoC5/USB_pm.c ****         CyDelayUs(0u);  /*~50ns delay */
 338              		.loc 1 239 0
 339 0052 1A4A     		ldr	r2, .L27+20
 340 0054 6B78     		ldrb	r3, [r5, #1]	@ zero_extendqisi2
 341 0056 1178     		ldrb	r1, [r2]	@ zero_extendqisi2
 240:Generated_Source\PSoC5/USB_pm.c ****         /* Enable USBIO */
 342              		.loc 1 240 0
 343 0058 0020     		movs	r0, #0
 239:Generated_Source\PSoC5/USB_pm.c ****         CyDelayUs(0u);  /*~50ns delay */
 344              		.loc 1 239 0
 345 005a 0B43     		orrs	r3, r3, r1
 346 005c 1370     		strb	r3, [r2]
 240:Generated_Source\PSoC5/USB_pm.c ****         /* Enable USBIO */
 347              		.loc 1 240 0
 348 005e FFF7FEFF 		bl	CyDelayUs
 349              	.LVL16:
 242:Generated_Source\PSoC5/USB_pm.c ****         CyDelayUs(2u);
 350              		.loc 1 242 0
 351 0062 2378     		ldrb	r3, [r4]	@ zero_extendqisi2
ARM GAS  C:\Users\mgronber\AppData\Local\Temp\ccC6jz8z.s 			page 13


 243:Generated_Source\PSoC5/USB_pm.c ****         /* Set the USBIO pull-up enable */
 352              		.loc 1 243 0
 353 0064 0220     		movs	r0, #2
 242:Generated_Source\PSoC5/USB_pm.c ****         CyDelayUs(2u);
 354              		.loc 1 242 0
 355 0066 0343     		orrs	r3, r3, r0
 356 0068 2370     		strb	r3, [r4]
 243:Generated_Source\PSoC5/USB_pm.c ****         /* Set the USBIO pull-up enable */
 357              		.loc 1 243 0
 358 006a FFF7FEFF 		bl	CyDelayUs
 359              	.LVL17:
 245:Generated_Source\PSoC5/USB_pm.c **** 
 360              		.loc 1 245 0
 361 006e 2378     		ldrb	r3, [r4]	@ zero_extendqisi2
 261:Generated_Source\PSoC5/USB_pm.c ****         /* Enable the SIE with a last address */
 362              		.loc 1 261 0
 363 0070 1349     		ldr	r1, .L27+24
 263:Generated_Source\PSoC5/USB_pm.c ****         CyDelayCycles(1u);
 364              		.loc 1 263 0
 365 0072 144A     		ldr	r2, .L27+28
 245:Generated_Source\PSoC5/USB_pm.c **** 
 366              		.loc 1 245 0
 367 0074 43F00403 		orr	r3, r3, #4
 261:Generated_Source\PSoC5/USB_pm.c ****         /* Enable the SIE with a last address */
 368              		.loc 1 261 0
 369 0078 0320     		movs	r0, #3
 245:Generated_Source\PSoC5/USB_pm.c **** 
 370              		.loc 1 245 0
 371 007a 2370     		strb	r3, [r4]
 261:Generated_Source\PSoC5/USB_pm.c ****         /* Enable the SIE with a last address */
 372              		.loc 1 261 0
 373 007c 0870     		strb	r0, [r1]
 263:Generated_Source\PSoC5/USB_pm.c ****         CyDelayCycles(1u);
 374              		.loc 1 263 0
 375 007e 1378     		ldrb	r3, [r2]	@ zero_extendqisi2
 264:Generated_Source\PSoC5/USB_pm.c ****         /* Finally, Enable d+ pullup and select iomode to USB mode*/
 376              		.loc 1 264 0
 377 0080 0120     		movs	r0, #1
 263:Generated_Source\PSoC5/USB_pm.c ****         CyDelayCycles(1u);
 378              		.loc 1 263 0
 379 0082 43F08003 		orr	r3, r3, #128
 380 0086 1370     		strb	r3, [r2]
 264:Generated_Source\PSoC5/USB_pm.c ****         /* Finally, Enable d+ pullup and select iomode to USB mode*/
 381              		.loc 1 264 0
 382 0088 FFF7FEFF 		bl	CyDelayCycles
 383              	.LVL18:
 266:Generated_Source\PSoC5/USB_pm.c **** 
 384              		.loc 1 266 0
 385 008c 0E4A     		ldr	r2, .L27+32
 386 008e 0421     		movs	r1, #4
 387              	.LBB4:
 388              	.LBB5:
 109:Generated_Source\PSoC5/USB_pm.c ****     {
 389              		.loc 1 109 0
 390 0090 0E4B     		ldr	r3, .L27+36
 391              	.LBE5:
 392              	.LBE4:
ARM GAS  C:\Users\mgronber\AppData\Local\Temp\ccC6jz8z.s 			page 14


 266:Generated_Source\PSoC5/USB_pm.c **** 
 393              		.loc 1 266 0
 394 0092 1170     		strb	r1, [r2]
 395              	.LBB7:
 396              	.LBB6:
 109:Generated_Source\PSoC5/USB_pm.c ****     {
 397              		.loc 1 109 0
 398 0094 1B78     		ldrb	r3, [r3]	@ zero_extendqisi2
 399 0096 002B     		cmp	r3, #0
 400 0098 B9D0     		beq	.L20
 111:Generated_Source\PSoC5/USB_pm.c ****     }
 401              		.loc 1 111 0
 402 009a FFF7FEFF 		bl	USB_ConfigReg
 403              	.LVL19:
 404              	.LBE6:
 405              	.LBE7:
 272:Generated_Source\PSoC5/USB_pm.c **** }
 406              		.loc 1 272 0
 407 009e 3046     		mov	r0, r6
 408              		.loc 1 273 0
 409 00a0 BDE87040 		pop	{r4, r5, r6, lr}
 410              		.cfi_restore 4
 411              		.cfi_restore 5
 412              		.cfi_restore 6
 413              		.cfi_restore 14
 414              		.cfi_def_cfa_offset 0
 415              	.LVL20:
 272:Generated_Source\PSoC5/USB_pm.c **** }
 416              		.loc 1 272 0
 417 00a4 FFF7FEBF 		b	CyExitCriticalSection
 418              	.LVL21:
 419              	.L28:
 420              		.align	2
 421              	.L27:
 422 00a8 00000000 		.word	.LANCHOR0
 423 00ac 80E100E0 		.word	-536813184
 424 00b0 A5430040 		.word	1073759141
 425 00b4 B5430040 		.word	1073759157
 426 00b8 94430040 		.word	1073759124
 427 00bc 09600040 		.word	1073766409
 428 00c0 28600040 		.word	1073766440
 429 00c4 08600040 		.word	1073766408
 430 00c8 12600040 		.word	1073766418
 431 00cc 00000000 		.word	USB_configuration
 432              		.cfi_endproc
 433              	.LFE60:
 434              		.size	USB_Resume, .-USB_Resume
 435              		.bss
 436              		.align	2
 437              		.set	.LANCHOR0,. + 0
 438              		.type	USB_backup, %object
 439              		.size	USB_backup, 2
 440              	USB_backup:
 441 0000 0000     		.space	2
 442 0002 0000     		.text
 443              	.Letext0:
 444              		.file 2 "c:\\program files (x86)\\cypress\\psoc creator\\4.0\\psoc creator\\import\\gnu\\arm\\4.9.
ARM GAS  C:\Users\mgronber\AppData\Local\Temp\ccC6jz8z.s 			page 15


 445              		.file 3 "c:\\program files (x86)\\cypress\\psoc creator\\4.0\\psoc creator\\import\\gnu\\arm\\4.9.
 446              		.file 4 "Generated_Source\\PSoC5\\cytypes.h"
 447              		.file 5 "Generated_Source\\PSoC5\\USB.h"
 448              		.file 6 "Generated_Source\\PSoC5/core_cm3.h"
 449              		.file 7 "Generated_Source\\PSoC5\\USB_pvt.h"
 450              		.file 8 "Generated_Source\\PSoC5\\CyLib.h"
 451              		.section	.debug_info,"",%progbits
 452              	.Ldebug_info0:
 453 0000 69030000 		.4byte	0x369
 454 0004 0400     		.2byte	0x4
 455 0006 00000000 		.4byte	.Ldebug_abbrev0
 456 000a 04       		.byte	0x4
 457 000b 01       		.uleb128 0x1
 458 000c C1000000 		.4byte	.LASF37
 459 0010 01       		.byte	0x1
 460 0011 26000000 		.4byte	.LASF38
 461 0015 76000000 		.4byte	.LASF39
 462 0019 18000000 		.4byte	.Ldebug_ranges0+0x18
 463 001d 00000000 		.4byte	0
 464 0021 00000000 		.4byte	.Ldebug_line0
 465 0025 02       		.uleb128 0x2
 466 0026 01       		.byte	0x1
 467 0027 06       		.byte	0x6
 468 0028 DE020000 		.4byte	.LASF0
 469 002c 02       		.uleb128 0x2
 470 002d 01       		.byte	0x1
 471 002e 08       		.byte	0x8
 472 002f AB010000 		.4byte	.LASF1
 473 0033 02       		.uleb128 0x2
 474 0034 02       		.byte	0x2
 475 0035 05       		.byte	0x5
 476 0036 A3020000 		.4byte	.LASF2
 477 003a 02       		.uleb128 0x2
 478 003b 02       		.byte	0x2
 479 003c 07       		.byte	0x7
 480 003d 7A010000 		.4byte	.LASF3
 481 0041 03       		.uleb128 0x3
 482 0042 55000000 		.4byte	.LASF9
 483 0046 02       		.byte	0x2
 484 0047 3F       		.byte	0x3f
 485 0048 4C000000 		.4byte	0x4c
 486 004c 02       		.uleb128 0x2
 487 004d 04       		.byte	0x4
 488 004e 05       		.byte	0x5
 489 004f C9020000 		.4byte	.LASF4
 490 0053 02       		.uleb128 0x2
 491 0054 04       		.byte	0x4
 492 0055 07       		.byte	0x7
 493 0056 68010000 		.4byte	.LASF5
 494 005a 02       		.uleb128 0x2
 495 005b 08       		.byte	0x8
 496 005c 05       		.byte	0x5
 497 005d 88020000 		.4byte	.LASF6
 498 0061 02       		.uleb128 0x2
 499 0062 08       		.byte	0x8
 500 0063 07       		.byte	0x7
 501 0064 20020000 		.4byte	.LASF7
ARM GAS  C:\Users\mgronber\AppData\Local\Temp\ccC6jz8z.s 			page 16


 502 0068 04       		.uleb128 0x4
 503 0069 04       		.byte	0x4
 504 006a 05       		.byte	0x5
 505 006b 696E7400 		.ascii	"int\000"
 506 006f 02       		.uleb128 0x2
 507 0070 04       		.byte	0x4
 508 0071 07       		.byte	0x7
 509 0072 13020000 		.4byte	.LASF8
 510 0076 03       		.uleb128 0x3
 511 0077 9B020000 		.4byte	.LASF10
 512 007b 03       		.byte	0x3
 513 007c 2C       		.byte	0x2c
 514 007d 41000000 		.4byte	0x41
 515 0081 03       		.uleb128 0x3
 516 0082 AD020000 		.4byte	.LASF11
 517 0086 04       		.byte	0x4
 518 0087 5B       		.byte	0x5b
 519 0088 2C000000 		.4byte	0x2c
 520 008c 03       		.uleb128 0x3
 521 008d D2010000 		.4byte	.LASF12
 522 0091 04       		.byte	0x4
 523 0092 5C       		.byte	0x5c
 524 0093 3A000000 		.4byte	0x3a
 525 0097 03       		.uleb128 0x3
 526 0098 F5010000 		.4byte	.LASF13
 527 009c 04       		.byte	0x4
 528 009d 5D       		.byte	0x5d
 529 009e 53000000 		.4byte	0x53
 530 00a2 02       		.uleb128 0x2
 531 00a3 04       		.byte	0x4
 532 00a4 04       		.byte	0x4
 533 00a5 4F010000 		.4byte	.LASF14
 534 00a9 02       		.uleb128 0x2
 535 00aa 08       		.byte	0x8
 536 00ab 04       		.byte	0x4
 537 00ac CB010000 		.4byte	.LASF15
 538 00b0 02       		.uleb128 0x2
 539 00b1 01       		.byte	0x1
 540 00b2 08       		.byte	0x8
 541 00b3 96020000 		.4byte	.LASF16
 542 00b7 03       		.uleb128 0x3
 543 00b8 63010000 		.4byte	.LASF17
 544 00bc 04       		.byte	0x4
 545 00bd F0       		.byte	0xf0
 546 00be C2000000 		.4byte	0xc2
 547 00c2 05       		.uleb128 0x5
 548 00c3 81000000 		.4byte	0x81
 549 00c7 03       		.uleb128 0x3
 550 00c8 20000000 		.4byte	.LASF18
 551 00cc 04       		.byte	0x4
 552 00cd F2       		.byte	0xf2
 553 00ce D2000000 		.4byte	0xd2
 554 00d2 05       		.uleb128 0x5
 555 00d3 97000000 		.4byte	0x97
 556 00d7 06       		.uleb128 0x6
 557 00d8 58020000 		.4byte	.LASF19
 558 00dc 04       		.byte	0x4
ARM GAS  C:\Users\mgronber\AppData\Local\Temp\ccC6jz8z.s 			page 17


 559 00dd 0201     		.2byte	0x102
 560 00df E3000000 		.4byte	0xe3
 561 00e3 07       		.uleb128 0x7
 562 00e4 04       		.byte	0x4
 563 00e5 E9000000 		.4byte	0xe9
 564 00e9 08       		.uleb128 0x8
 565 00ea 02       		.uleb128 0x2
 566 00eb 04       		.byte	0x4
 567 00ec 07       		.byte	0x7
 568 00ed 7F020000 		.4byte	.LASF20
 569 00f1 09       		.uleb128 0x9
 570 00f2 02       		.byte	0x2
 571 00f3 05       		.byte	0x5
 572 00f4 A9       		.byte	0xa9
 573 00f5 12010000 		.4byte	0x112
 574 00f9 0A       		.uleb128 0xa
 575 00fa D2020000 		.4byte	.LASF21
 576 00fe 05       		.byte	0x5
 577 00ff AB       		.byte	0xab
 578 0100 81000000 		.4byte	0x81
 579 0104 00       		.byte	0
 580 0105 0A       		.uleb128 0xa
 581 0106 48020000 		.4byte	.LASF22
 582 010a 05       		.byte	0x5
 583 010b AC       		.byte	0xac
 584 010c 81000000 		.4byte	0x81
 585 0110 01       		.byte	0x1
 586 0111 00       		.byte	0
 587 0112 03       		.uleb128 0x3
 588 0113 B9010000 		.4byte	.LASF23
 589 0117 05       		.byte	0x5
 590 0118 AD       		.byte	0xad
 591 0119 F1000000 		.4byte	0xf1
 592 011d 0B       		.uleb128 0xb
 593 011e D9010000 		.4byte	.LASF32
 594 0122 01       		.byte	0x1
 595 0123 6B       		.byte	0x6b
 596 0124 01       		.byte	0x1
 597 0125 0C       		.uleb128 0xc
 598 0126 74020000 		.4byte	.LASF24
 599 012a 01       		.byte	0x1
 600 012b 36       		.byte	0x36
 601 012c 00000000 		.4byte	.LFB56
 602 0130 0C000000 		.4byte	.LFE56-.LFB56
 603 0134 01       		.uleb128 0x1
 604 0135 9C       		.byte	0x9c
 605 0136 0C       		.uleb128 0xc
 606 0137 65020000 		.4byte	.LASF25
 607 013b 01       		.byte	0x1
 608 013c 54       		.byte	0x54
 609 013d 00000000 		.4byte	.LFB57
 610 0141 02000000 		.4byte	.LFE57-.LFB57
 611 0145 01       		.uleb128 0x1
 612 0146 9C       		.byte	0x9c
 613 0147 0D       		.uleb128 0xd
 614 0148 1D010000 		.4byte	0x11d
 615 014c 00000000 		.4byte	.LFB58
ARM GAS  C:\Users\mgronber\AppData\Local\Temp\ccC6jz8z.s 			page 18


 616 0150 10000000 		.4byte	.LFE58-.LFB58
 617 0154 01       		.uleb128 0x1
 618 0155 9C       		.byte	0x9c
 619 0156 64010000 		.4byte	0x164
 620 015a 0E       		.uleb128 0xe
 621 015b 0C000000 		.4byte	.LVL0
 622 015f FB020000 		.4byte	0x2fb
 623 0163 00       		.byte	0
 624 0164 0F       		.uleb128 0xf
 625 0165 5F000000 		.4byte	.LASF26
 626 0169 01       		.byte	0x1
 627 016a 88       		.byte	0x88
 628 016b 00000000 		.4byte	.LFB59
 629 016f E4000000 		.4byte	.LFE59-.LFB59
 630 0173 01       		.uleb128 0x1
 631 0174 9C       		.byte	0x9c
 632 0175 22020000 		.4byte	0x222
 633 0179 10       		.uleb128 0x10
 634 017a 9A010000 		.4byte	.LASF28
 635 017e 01       		.byte	0x1
 636 017f 8A       		.byte	0x8a
 637 0180 81000000 		.4byte	0x81
 638 0184 01       		.uleb128 0x1
 639 0185 55       		.byte	0x55
 640 0186 11       		.uleb128 0x11
 641 0187 08000000 		.4byte	.LVL1
 642 018b 02030000 		.4byte	0x302
 643 018f 12       		.uleb128 0x12
 644 0190 1E000000 		.4byte	.LVL3
 645 0194 0D030000 		.4byte	0x30d
 646 0198 A3010000 		.4byte	0x1a3
 647 019c 13       		.uleb128 0x13
 648 019d 01       		.uleb128 0x1
 649 019e 50       		.byte	0x50
 650 019f 02       		.uleb128 0x2
 651 01a0 75       		.byte	0x75
 652 01a1 00       		.sleb128 0
 653 01a2 00       		.byte	0
 654 01a3 12       		.uleb128 0x12
 655 01a4 26000000 		.4byte	.LVL4
 656 01a8 1E030000 		.4byte	0x31e
 657 01ac BF010000 		.4byte	0x1bf
 658 01b0 13       		.uleb128 0x13
 659 01b1 01       		.uleb128 0x1
 660 01b2 51       		.byte	0x51
 661 01b3 05       		.uleb128 0x5
 662 01b4 03       		.byte	0x3
 663 01b5 00000000 		.4byte	USB_DP_ISR
 664 01b9 13       		.uleb128 0x13
 665 01ba 01       		.uleb128 0x1
 666 01bb 50       		.byte	0x50
 667 01bc 01       		.uleb128 0x1
 668 01bd 3C       		.byte	0x3c
 669 01be 00       		.byte	0
 670 01bf 12       		.uleb128 0x12
 671 01c0 2E000000 		.4byte	.LVL5
 672 01c4 38030000 		.4byte	0x338
ARM GAS  C:\Users\mgronber\AppData\Local\Temp\ccC6jz8z.s 			page 19


 673 01c8 D7010000 		.4byte	0x1d7
 674 01cc 13       		.uleb128 0x13
 675 01cd 01       		.uleb128 0x1
 676 01ce 51       		.byte	0x51
 677 01cf 01       		.uleb128 0x1
 678 01d0 37       		.byte	0x37
 679 01d1 13       		.uleb128 0x13
 680 01d2 01       		.uleb128 0x1
 681 01d3 50       		.byte	0x50
 682 01d4 01       		.uleb128 0x1
 683 01d5 3C       		.byte	0x3c
 684 01d6 00       		.byte	0
 685 01d7 12       		.uleb128 0x12
 686 01d8 5A000000 		.4byte	.LVL7
 687 01dc 4E030000 		.4byte	0x34e
 688 01e0 EA010000 		.4byte	0x1ea
 689 01e4 13       		.uleb128 0x13
 690 01e5 01       		.uleb128 0x1
 691 01e6 50       		.byte	0x50
 692 01e7 01       		.uleb128 0x1
 693 01e8 30       		.byte	0x30
 694 01e9 00       		.byte	0
 695 01ea 12       		.uleb128 0x12
 696 01eb 70000000 		.4byte	.LVL8
 697 01ef 4E030000 		.4byte	0x34e
 698 01f3 FD010000 		.4byte	0x1fd
 699 01f7 13       		.uleb128 0x13
 700 01f8 01       		.uleb128 0x1
 701 01f9 50       		.byte	0x50
 702 01fa 01       		.uleb128 0x1
 703 01fb 30       		.byte	0x30
 704 01fc 00       		.byte	0
 705 01fd 12       		.uleb128 0x12
 706 01fe 88000000 		.4byte	.LVL9
 707 0202 4E030000 		.4byte	0x34e
 708 0206 11020000 		.4byte	0x211
 709 020a 13       		.uleb128 0x13
 710 020b 01       		.uleb128 0x1
 711 020c 50       		.byte	0x50
 712 020d 02       		.uleb128 0x2
 713 020e 77       		.byte	0x77
 714 020f 00       		.sleb128 0
 715 0210 00       		.byte	0
 716 0211 14       		.uleb128 0x14
 717 0212 B8000000 		.4byte	.LVL10
 718 0216 4E030000 		.4byte	0x34e
 719 021a 13       		.uleb128 0x13
 720 021b 01       		.uleb128 0x1
 721 021c 50       		.byte	0x50
 722 021d 02       		.uleb128 0x2
 723 021e 77       		.byte	0x77
 724 021f 00       		.sleb128 0
 725 0220 00       		.byte	0
 726 0221 00       		.byte	0
 727 0222 0F       		.uleb128 0xf
 728 0223 4D020000 		.4byte	.LASF27
 729 0227 01       		.byte	0x1
ARM GAS  C:\Users\mgronber\AppData\Local\Temp\ccC6jz8z.s 			page 20


 730 0228 D8       		.byte	0xd8
 731 0229 00000000 		.4byte	.LFB60
 732 022d D0000000 		.4byte	.LFE60-.LFB60
 733 0231 01       		.uleb128 0x1
 734 0232 9C       		.byte	0x9c
 735 0233 CD020000 		.4byte	0x2cd
 736 0237 15       		.uleb128 0x15
 737 0238 9A010000 		.4byte	.LASF28
 738 023c 01       		.byte	0x1
 739 023d DA       		.byte	0xda
 740 023e 81000000 		.4byte	0x81
 741 0242 00000000 		.4byte	.LLST0
 742 0246 16       		.uleb128 0x16
 743 0247 1D010000 		.4byte	0x11d
 744 024b 90000000 		.4byte	.LBB4
 745 024f 00000000 		.4byte	.Ldebug_ranges0+0
 746 0253 01       		.byte	0x1
 747 0254 0D01     		.2byte	0x10d
 748 0256 64020000 		.4byte	0x264
 749 025a 11       		.uleb128 0x11
 750 025b 9E000000 		.4byte	.LVL19
 751 025f FB020000 		.4byte	0x2fb
 752 0263 00       		.byte	0
 753 0264 11       		.uleb128 0x11
 754 0265 06000000 		.4byte	.LVL11
 755 0269 02030000 		.4byte	0x302
 756 026d 0E       		.uleb128 0xe
 757 026e 18000000 		.4byte	.LVL14
 758 0272 0D030000 		.4byte	0x30d
 759 0276 12       		.uleb128 0x12
 760 0277 52000000 		.4byte	.LVL15
 761 027b 4E030000 		.4byte	0x34e
 762 027f 8A020000 		.4byte	0x28a
 763 0283 13       		.uleb128 0x13
 764 0284 01       		.uleb128 0x1
 765 0285 50       		.byte	0x50
 766 0286 02       		.uleb128 0x2
 767 0287 08       		.byte	0x8
 768 0288 28       		.byte	0x28
 769 0289 00       		.byte	0
 770 028a 12       		.uleb128 0x12
 771 028b 62000000 		.4byte	.LVL16
 772 028f 4E030000 		.4byte	0x34e
 773 0293 9D020000 		.4byte	0x29d
 774 0297 13       		.uleb128 0x13
 775 0298 01       		.uleb128 0x1
 776 0299 50       		.byte	0x50
 777 029a 01       		.uleb128 0x1
 778 029b 30       		.byte	0x30
 779 029c 00       		.byte	0
 780 029d 12       		.uleb128 0x12
 781 029e 6E000000 		.4byte	.LVL17
 782 02a2 4E030000 		.4byte	0x34e
 783 02a6 B0020000 		.4byte	0x2b0
 784 02aa 13       		.uleb128 0x13
 785 02ab 01       		.uleb128 0x1
 786 02ac 50       		.byte	0x50
ARM GAS  C:\Users\mgronber\AppData\Local\Temp\ccC6jz8z.s 			page 21


 787 02ad 01       		.uleb128 0x1
 788 02ae 32       		.byte	0x32
 789 02af 00       		.byte	0
 790 02b0 12       		.uleb128 0x12
 791 02b1 8C000000 		.4byte	.LVL18
 792 02b5 5F030000 		.4byte	0x35f
 793 02b9 C3020000 		.4byte	0x2c3
 794 02bd 13       		.uleb128 0x13
 795 02be 01       		.uleb128 0x1
 796 02bf 50       		.byte	0x50
 797 02c0 01       		.uleb128 0x1
 798 02c1 31       		.byte	0x31
 799 02c2 00       		.byte	0
 800 02c3 0E       		.uleb128 0xe
 801 02c4 A8000000 		.4byte	.LVL21
 802 02c8 0D030000 		.4byte	0x30d
 803 02cc 00       		.byte	0
 804 02cd 10       		.uleb128 0x10
 805 02ce 6B000000 		.4byte	.LASF29
 806 02d2 01       		.byte	0x1
 807 02d3 22       		.byte	0x22
 808 02d4 12010000 		.4byte	0x112
 809 02d8 05       		.uleb128 0x5
 810 02d9 03       		.byte	0x3
 811 02da 00000000 		.4byte	USB_backup
 812 02de 17       		.uleb128 0x17
 813 02df 0E000000 		.4byte	.LASF30
 814 02e3 05       		.byte	0x5
 815 02e4 5102     		.2byte	0x251
 816 02e6 C2000000 		.4byte	0xc2
 817 02ea 17       		.uleb128 0x17
 818 02eb 8D010000 		.4byte	.LASF31
 819 02ef 06       		.byte	0x6
 820 02f0 1606     		.2byte	0x616
 821 02f2 F6020000 		.4byte	0x2f6
 822 02f6 05       		.uleb128 0x5
 823 02f7 76000000 		.4byte	0x76
 824 02fb 18       		.uleb128 0x18
 825 02fc 55010000 		.4byte	.LASF33
 826 0300 07       		.byte	0x7
 827 0301 66       		.byte	0x66
 828 0302 19       		.uleb128 0x19
 829 0303 FC010000 		.4byte	.LASF40
 830 0307 08       		.byte	0x8
 831 0308 7E       		.byte	0x7e
 832 0309 81000000 		.4byte	0x81
 833 030d 1A       		.uleb128 0x1a
 834 030e B3020000 		.4byte	.LASF34
 835 0312 08       		.byte	0x8
 836 0313 7F       		.byte	0x7f
 837 0314 1E030000 		.4byte	0x31e
 838 0318 1B       		.uleb128 0x1b
 839 0319 81000000 		.4byte	0x81
 840 031d 00       		.byte	0
 841 031e 1C       		.uleb128 0x1c
 842 031f 46000000 		.4byte	.LASF41
 843 0323 08       		.byte	0x8
ARM GAS  C:\Users\mgronber\AppData\Local\Temp\ccC6jz8z.s 			page 22


 844 0324 89       		.byte	0x89
 845 0325 D7000000 		.4byte	0xd7
 846 0329 38030000 		.4byte	0x338
 847 032d 1B       		.uleb128 0x1b
 848 032e 81000000 		.4byte	0x81
 849 0332 1B       		.uleb128 0x1b
 850 0333 D7000000 		.4byte	0xd7
 851 0337 00       		.byte	0
 852 0338 1A       		.uleb128 0x1a
 853 0339 37020000 		.4byte	.LASF35
 854 033d 08       		.byte	0x8
 855 033e 8C       		.byte	0x8c
 856 033f 4E030000 		.4byte	0x34e
 857 0343 1B       		.uleb128 0x1b
 858 0344 81000000 		.4byte	0x81
 859 0348 1B       		.uleb128 0x1b
 860 0349 81000000 		.4byte	0x81
 861 034d 00       		.byte	0
 862 034e 1A       		.uleb128 0x1a
 863 034f EB010000 		.4byte	.LASF36
 864 0353 08       		.byte	0x8
 865 0354 78       		.byte	0x78
 866 0355 5F030000 		.4byte	0x35f
 867 0359 1B       		.uleb128 0x1b
 868 035a 8C000000 		.4byte	0x8c
 869 035e 00       		.byte	0
 870 035f 1D       		.uleb128 0x1d
 871 0360 00000000 		.4byte	.LASF42
 872 0364 08       		.byte	0x8
 873 0365 7A       		.byte	0x7a
 874 0366 1B       		.uleb128 0x1b
 875 0367 97000000 		.4byte	0x97
 876 036b 00       		.byte	0
 877 036c 00       		.byte	0
 878              		.section	.debug_abbrev,"",%progbits
 879              	.Ldebug_abbrev0:
 880 0000 01       		.uleb128 0x1
 881 0001 11       		.uleb128 0x11
 882 0002 01       		.byte	0x1
 883 0003 25       		.uleb128 0x25
 884 0004 0E       		.uleb128 0xe
 885 0005 13       		.uleb128 0x13
 886 0006 0B       		.uleb128 0xb
 887 0007 03       		.uleb128 0x3
 888 0008 0E       		.uleb128 0xe
 889 0009 1B       		.uleb128 0x1b
 890 000a 0E       		.uleb128 0xe
 891 000b 55       		.uleb128 0x55
 892 000c 17       		.uleb128 0x17
 893 000d 11       		.uleb128 0x11
 894 000e 01       		.uleb128 0x1
 895 000f 10       		.uleb128 0x10
 896 0010 17       		.uleb128 0x17
 897 0011 00       		.byte	0
 898 0012 00       		.byte	0
 899 0013 02       		.uleb128 0x2
 900 0014 24       		.uleb128 0x24
ARM GAS  C:\Users\mgronber\AppData\Local\Temp\ccC6jz8z.s 			page 23


 901 0015 00       		.byte	0
 902 0016 0B       		.uleb128 0xb
 903 0017 0B       		.uleb128 0xb
 904 0018 3E       		.uleb128 0x3e
 905 0019 0B       		.uleb128 0xb
 906 001a 03       		.uleb128 0x3
 907 001b 0E       		.uleb128 0xe
 908 001c 00       		.byte	0
 909 001d 00       		.byte	0
 910 001e 03       		.uleb128 0x3
 911 001f 16       		.uleb128 0x16
 912 0020 00       		.byte	0
 913 0021 03       		.uleb128 0x3
 914 0022 0E       		.uleb128 0xe
 915 0023 3A       		.uleb128 0x3a
 916 0024 0B       		.uleb128 0xb
 917 0025 3B       		.uleb128 0x3b
 918 0026 0B       		.uleb128 0xb
 919 0027 49       		.uleb128 0x49
 920 0028 13       		.uleb128 0x13
 921 0029 00       		.byte	0
 922 002a 00       		.byte	0
 923 002b 04       		.uleb128 0x4
 924 002c 24       		.uleb128 0x24
 925 002d 00       		.byte	0
 926 002e 0B       		.uleb128 0xb
 927 002f 0B       		.uleb128 0xb
 928 0030 3E       		.uleb128 0x3e
 929 0031 0B       		.uleb128 0xb
 930 0032 03       		.uleb128 0x3
 931 0033 08       		.uleb128 0x8
 932 0034 00       		.byte	0
 933 0035 00       		.byte	0
 934 0036 05       		.uleb128 0x5
 935 0037 35       		.uleb128 0x35
 936 0038 00       		.byte	0
 937 0039 49       		.uleb128 0x49
 938 003a 13       		.uleb128 0x13
 939 003b 00       		.byte	0
 940 003c 00       		.byte	0
 941 003d 06       		.uleb128 0x6
 942 003e 16       		.uleb128 0x16
 943 003f 00       		.byte	0
 944 0040 03       		.uleb128 0x3
 945 0041 0E       		.uleb128 0xe
 946 0042 3A       		.uleb128 0x3a
 947 0043 0B       		.uleb128 0xb
 948 0044 3B       		.uleb128 0x3b
 949 0045 05       		.uleb128 0x5
 950 0046 49       		.uleb128 0x49
 951 0047 13       		.uleb128 0x13
 952 0048 00       		.byte	0
 953 0049 00       		.byte	0
 954 004a 07       		.uleb128 0x7
 955 004b 0F       		.uleb128 0xf
 956 004c 00       		.byte	0
 957 004d 0B       		.uleb128 0xb
ARM GAS  C:\Users\mgronber\AppData\Local\Temp\ccC6jz8z.s 			page 24


 958 004e 0B       		.uleb128 0xb
 959 004f 49       		.uleb128 0x49
 960 0050 13       		.uleb128 0x13
 961 0051 00       		.byte	0
 962 0052 00       		.byte	0
 963 0053 08       		.uleb128 0x8
 964 0054 15       		.uleb128 0x15
 965 0055 00       		.byte	0
 966 0056 27       		.uleb128 0x27
 967 0057 19       		.uleb128 0x19
 968 0058 00       		.byte	0
 969 0059 00       		.byte	0
 970 005a 09       		.uleb128 0x9
 971 005b 13       		.uleb128 0x13
 972 005c 01       		.byte	0x1
 973 005d 0B       		.uleb128 0xb
 974 005e 0B       		.uleb128 0xb
 975 005f 3A       		.uleb128 0x3a
 976 0060 0B       		.uleb128 0xb
 977 0061 3B       		.uleb128 0x3b
 978 0062 0B       		.uleb128 0xb
 979 0063 01       		.uleb128 0x1
 980 0064 13       		.uleb128 0x13
 981 0065 00       		.byte	0
 982 0066 00       		.byte	0
 983 0067 0A       		.uleb128 0xa
 984 0068 0D       		.uleb128 0xd
 985 0069 00       		.byte	0
 986 006a 03       		.uleb128 0x3
 987 006b 0E       		.uleb128 0xe
 988 006c 3A       		.uleb128 0x3a
 989 006d 0B       		.uleb128 0xb
 990 006e 3B       		.uleb128 0x3b
 991 006f 0B       		.uleb128 0xb
 992 0070 49       		.uleb128 0x49
 993 0071 13       		.uleb128 0x13
 994 0072 38       		.uleb128 0x38
 995 0073 0B       		.uleb128 0xb
 996 0074 00       		.byte	0
 997 0075 00       		.byte	0
 998 0076 0B       		.uleb128 0xb
 999 0077 2E       		.uleb128 0x2e
 1000 0078 00       		.byte	0
 1001 0079 3F       		.uleb128 0x3f
 1002 007a 19       		.uleb128 0x19
 1003 007b 03       		.uleb128 0x3
 1004 007c 0E       		.uleb128 0xe
 1005 007d 3A       		.uleb128 0x3a
 1006 007e 0B       		.uleb128 0xb
 1007 007f 3B       		.uleb128 0x3b
 1008 0080 0B       		.uleb128 0xb
 1009 0081 27       		.uleb128 0x27
 1010 0082 19       		.uleb128 0x19
 1011 0083 20       		.uleb128 0x20
 1012 0084 0B       		.uleb128 0xb
 1013 0085 00       		.byte	0
 1014 0086 00       		.byte	0
ARM GAS  C:\Users\mgronber\AppData\Local\Temp\ccC6jz8z.s 			page 25


 1015 0087 0C       		.uleb128 0xc
 1016 0088 2E       		.uleb128 0x2e
 1017 0089 00       		.byte	0
 1018 008a 3F       		.uleb128 0x3f
 1019 008b 19       		.uleb128 0x19
 1020 008c 03       		.uleb128 0x3
 1021 008d 0E       		.uleb128 0xe
 1022 008e 3A       		.uleb128 0x3a
 1023 008f 0B       		.uleb128 0xb
 1024 0090 3B       		.uleb128 0x3b
 1025 0091 0B       		.uleb128 0xb
 1026 0092 27       		.uleb128 0x27
 1027 0093 19       		.uleb128 0x19
 1028 0094 11       		.uleb128 0x11
 1029 0095 01       		.uleb128 0x1
 1030 0096 12       		.uleb128 0x12
 1031 0097 06       		.uleb128 0x6
 1032 0098 40       		.uleb128 0x40
 1033 0099 18       		.uleb128 0x18
 1034 009a 9742     		.uleb128 0x2117
 1035 009c 19       		.uleb128 0x19
 1036 009d 00       		.byte	0
 1037 009e 00       		.byte	0
 1038 009f 0D       		.uleb128 0xd
 1039 00a0 2E       		.uleb128 0x2e
 1040 00a1 01       		.byte	0x1
 1041 00a2 31       		.uleb128 0x31
 1042 00a3 13       		.uleb128 0x13
 1043 00a4 11       		.uleb128 0x11
 1044 00a5 01       		.uleb128 0x1
 1045 00a6 12       		.uleb128 0x12
 1046 00a7 06       		.uleb128 0x6
 1047 00a8 40       		.uleb128 0x40
 1048 00a9 18       		.uleb128 0x18
 1049 00aa 9742     		.uleb128 0x2117
 1050 00ac 19       		.uleb128 0x19
 1051 00ad 01       		.uleb128 0x1
 1052 00ae 13       		.uleb128 0x13
 1053 00af 00       		.byte	0
 1054 00b0 00       		.byte	0
 1055 00b1 0E       		.uleb128 0xe
 1056 00b2 898201   		.uleb128 0x4109
 1057 00b5 00       		.byte	0
 1058 00b6 11       		.uleb128 0x11
 1059 00b7 01       		.uleb128 0x1
 1060 00b8 9542     		.uleb128 0x2115
 1061 00ba 19       		.uleb128 0x19
 1062 00bb 31       		.uleb128 0x31
 1063 00bc 13       		.uleb128 0x13
 1064 00bd 00       		.byte	0
 1065 00be 00       		.byte	0
 1066 00bf 0F       		.uleb128 0xf
 1067 00c0 2E       		.uleb128 0x2e
 1068 00c1 01       		.byte	0x1
 1069 00c2 3F       		.uleb128 0x3f
 1070 00c3 19       		.uleb128 0x19
 1071 00c4 03       		.uleb128 0x3
ARM GAS  C:\Users\mgronber\AppData\Local\Temp\ccC6jz8z.s 			page 26


 1072 00c5 0E       		.uleb128 0xe
 1073 00c6 3A       		.uleb128 0x3a
 1074 00c7 0B       		.uleb128 0xb
 1075 00c8 3B       		.uleb128 0x3b
 1076 00c9 0B       		.uleb128 0xb
 1077 00ca 27       		.uleb128 0x27
 1078 00cb 19       		.uleb128 0x19
 1079 00cc 11       		.uleb128 0x11
 1080 00cd 01       		.uleb128 0x1
 1081 00ce 12       		.uleb128 0x12
 1082 00cf 06       		.uleb128 0x6
 1083 00d0 40       		.uleb128 0x40
 1084 00d1 18       		.uleb128 0x18
 1085 00d2 9742     		.uleb128 0x2117
 1086 00d4 19       		.uleb128 0x19
 1087 00d5 01       		.uleb128 0x1
 1088 00d6 13       		.uleb128 0x13
 1089 00d7 00       		.byte	0
 1090 00d8 00       		.byte	0
 1091 00d9 10       		.uleb128 0x10
 1092 00da 34       		.uleb128 0x34
 1093 00db 00       		.byte	0
 1094 00dc 03       		.uleb128 0x3
 1095 00dd 0E       		.uleb128 0xe
 1096 00de 3A       		.uleb128 0x3a
 1097 00df 0B       		.uleb128 0xb
 1098 00e0 3B       		.uleb128 0x3b
 1099 00e1 0B       		.uleb128 0xb
 1100 00e2 49       		.uleb128 0x49
 1101 00e3 13       		.uleb128 0x13
 1102 00e4 02       		.uleb128 0x2
 1103 00e5 18       		.uleb128 0x18
 1104 00e6 00       		.byte	0
 1105 00e7 00       		.byte	0
 1106 00e8 11       		.uleb128 0x11
 1107 00e9 898201   		.uleb128 0x4109
 1108 00ec 00       		.byte	0
 1109 00ed 11       		.uleb128 0x11
 1110 00ee 01       		.uleb128 0x1
 1111 00ef 31       		.uleb128 0x31
 1112 00f0 13       		.uleb128 0x13
 1113 00f1 00       		.byte	0
 1114 00f2 00       		.byte	0
 1115 00f3 12       		.uleb128 0x12
 1116 00f4 898201   		.uleb128 0x4109
 1117 00f7 01       		.byte	0x1
 1118 00f8 11       		.uleb128 0x11
 1119 00f9 01       		.uleb128 0x1
 1120 00fa 31       		.uleb128 0x31
 1121 00fb 13       		.uleb128 0x13
 1122 00fc 01       		.uleb128 0x1
 1123 00fd 13       		.uleb128 0x13
 1124 00fe 00       		.byte	0
 1125 00ff 00       		.byte	0
 1126 0100 13       		.uleb128 0x13
 1127 0101 8A8201   		.uleb128 0x410a
 1128 0104 00       		.byte	0
ARM GAS  C:\Users\mgronber\AppData\Local\Temp\ccC6jz8z.s 			page 27


 1129 0105 02       		.uleb128 0x2
 1130 0106 18       		.uleb128 0x18
 1131 0107 9142     		.uleb128 0x2111
 1132 0109 18       		.uleb128 0x18
 1133 010a 00       		.byte	0
 1134 010b 00       		.byte	0
 1135 010c 14       		.uleb128 0x14
 1136 010d 898201   		.uleb128 0x4109
 1137 0110 01       		.byte	0x1
 1138 0111 11       		.uleb128 0x11
 1139 0112 01       		.uleb128 0x1
 1140 0113 31       		.uleb128 0x31
 1141 0114 13       		.uleb128 0x13
 1142 0115 00       		.byte	0
 1143 0116 00       		.byte	0
 1144 0117 15       		.uleb128 0x15
 1145 0118 34       		.uleb128 0x34
 1146 0119 00       		.byte	0
 1147 011a 03       		.uleb128 0x3
 1148 011b 0E       		.uleb128 0xe
 1149 011c 3A       		.uleb128 0x3a
 1150 011d 0B       		.uleb128 0xb
 1151 011e 3B       		.uleb128 0x3b
 1152 011f 0B       		.uleb128 0xb
 1153 0120 49       		.uleb128 0x49
 1154 0121 13       		.uleb128 0x13
 1155 0122 02       		.uleb128 0x2
 1156 0123 17       		.uleb128 0x17
 1157 0124 00       		.byte	0
 1158 0125 00       		.byte	0
 1159 0126 16       		.uleb128 0x16
 1160 0127 1D       		.uleb128 0x1d
 1161 0128 01       		.byte	0x1
 1162 0129 31       		.uleb128 0x31
 1163 012a 13       		.uleb128 0x13
 1164 012b 52       		.uleb128 0x52
 1165 012c 01       		.uleb128 0x1
 1166 012d 55       		.uleb128 0x55
 1167 012e 17       		.uleb128 0x17
 1168 012f 58       		.uleb128 0x58
 1169 0130 0B       		.uleb128 0xb
 1170 0131 59       		.uleb128 0x59
 1171 0132 05       		.uleb128 0x5
 1172 0133 01       		.uleb128 0x1
 1173 0134 13       		.uleb128 0x13
 1174 0135 00       		.byte	0
 1175 0136 00       		.byte	0
 1176 0137 17       		.uleb128 0x17
 1177 0138 34       		.uleb128 0x34
 1178 0139 00       		.byte	0
 1179 013a 03       		.uleb128 0x3
 1180 013b 0E       		.uleb128 0xe
 1181 013c 3A       		.uleb128 0x3a
 1182 013d 0B       		.uleb128 0xb
 1183 013e 3B       		.uleb128 0x3b
 1184 013f 05       		.uleb128 0x5
 1185 0140 49       		.uleb128 0x49
ARM GAS  C:\Users\mgronber\AppData\Local\Temp\ccC6jz8z.s 			page 28


 1186 0141 13       		.uleb128 0x13
 1187 0142 3F       		.uleb128 0x3f
 1188 0143 19       		.uleb128 0x19
 1189 0144 3C       		.uleb128 0x3c
 1190 0145 19       		.uleb128 0x19
 1191 0146 00       		.byte	0
 1192 0147 00       		.byte	0
 1193 0148 18       		.uleb128 0x18
 1194 0149 2E       		.uleb128 0x2e
 1195 014a 00       		.byte	0
 1196 014b 3F       		.uleb128 0x3f
 1197 014c 19       		.uleb128 0x19
 1198 014d 03       		.uleb128 0x3
 1199 014e 0E       		.uleb128 0xe
 1200 014f 3A       		.uleb128 0x3a
 1201 0150 0B       		.uleb128 0xb
 1202 0151 3B       		.uleb128 0x3b
 1203 0152 0B       		.uleb128 0xb
 1204 0153 27       		.uleb128 0x27
 1205 0154 19       		.uleb128 0x19
 1206 0155 3C       		.uleb128 0x3c
 1207 0156 19       		.uleb128 0x19
 1208 0157 00       		.byte	0
 1209 0158 00       		.byte	0
 1210 0159 19       		.uleb128 0x19
 1211 015a 2E       		.uleb128 0x2e
 1212 015b 00       		.byte	0
 1213 015c 3F       		.uleb128 0x3f
 1214 015d 19       		.uleb128 0x19
 1215 015e 03       		.uleb128 0x3
 1216 015f 0E       		.uleb128 0xe
 1217 0160 3A       		.uleb128 0x3a
 1218 0161 0B       		.uleb128 0xb
 1219 0162 3B       		.uleb128 0x3b
 1220 0163 0B       		.uleb128 0xb
 1221 0164 27       		.uleb128 0x27
 1222 0165 19       		.uleb128 0x19
 1223 0166 49       		.uleb128 0x49
 1224 0167 13       		.uleb128 0x13
 1225 0168 3C       		.uleb128 0x3c
 1226 0169 19       		.uleb128 0x19
 1227 016a 00       		.byte	0
 1228 016b 00       		.byte	0
 1229 016c 1A       		.uleb128 0x1a
 1230 016d 2E       		.uleb128 0x2e
 1231 016e 01       		.byte	0x1
 1232 016f 3F       		.uleb128 0x3f
 1233 0170 19       		.uleb128 0x19
 1234 0171 03       		.uleb128 0x3
 1235 0172 0E       		.uleb128 0xe
 1236 0173 3A       		.uleb128 0x3a
 1237 0174 0B       		.uleb128 0xb
 1238 0175 3B       		.uleb128 0x3b
 1239 0176 0B       		.uleb128 0xb
 1240 0177 27       		.uleb128 0x27
 1241 0178 19       		.uleb128 0x19
 1242 0179 3C       		.uleb128 0x3c
ARM GAS  C:\Users\mgronber\AppData\Local\Temp\ccC6jz8z.s 			page 29


 1243 017a 19       		.uleb128 0x19
 1244 017b 01       		.uleb128 0x1
 1245 017c 13       		.uleb128 0x13
 1246 017d 00       		.byte	0
 1247 017e 00       		.byte	0
 1248 017f 1B       		.uleb128 0x1b
 1249 0180 05       		.uleb128 0x5
 1250 0181 00       		.byte	0
 1251 0182 49       		.uleb128 0x49
 1252 0183 13       		.uleb128 0x13
 1253 0184 00       		.byte	0
 1254 0185 00       		.byte	0
 1255 0186 1C       		.uleb128 0x1c
 1256 0187 2E       		.uleb128 0x2e
 1257 0188 01       		.byte	0x1
 1258 0189 3F       		.uleb128 0x3f
 1259 018a 19       		.uleb128 0x19
 1260 018b 03       		.uleb128 0x3
 1261 018c 0E       		.uleb128 0xe
 1262 018d 3A       		.uleb128 0x3a
 1263 018e 0B       		.uleb128 0xb
 1264 018f 3B       		.uleb128 0x3b
 1265 0190 0B       		.uleb128 0xb
 1266 0191 27       		.uleb128 0x27
 1267 0192 19       		.uleb128 0x19
 1268 0193 49       		.uleb128 0x49
 1269 0194 13       		.uleb128 0x13
 1270 0195 3C       		.uleb128 0x3c
 1271 0196 19       		.uleb128 0x19
 1272 0197 01       		.uleb128 0x1
 1273 0198 13       		.uleb128 0x13
 1274 0199 00       		.byte	0
 1275 019a 00       		.byte	0
 1276 019b 1D       		.uleb128 0x1d
 1277 019c 2E       		.uleb128 0x2e
 1278 019d 01       		.byte	0x1
 1279 019e 3F       		.uleb128 0x3f
 1280 019f 19       		.uleb128 0x19
 1281 01a0 03       		.uleb128 0x3
 1282 01a1 0E       		.uleb128 0xe
 1283 01a2 3A       		.uleb128 0x3a
 1284 01a3 0B       		.uleb128 0xb
 1285 01a4 3B       		.uleb128 0x3b
 1286 01a5 0B       		.uleb128 0xb
 1287 01a6 27       		.uleb128 0x27
 1288 01a7 19       		.uleb128 0x19
 1289 01a8 3C       		.uleb128 0x3c
 1290 01a9 19       		.uleb128 0x19
 1291 01aa 00       		.byte	0
 1292 01ab 00       		.byte	0
 1293 01ac 00       		.byte	0
 1294              		.section	.debug_loc,"",%progbits
 1295              	.Ldebug_loc0:
 1296              	.LLST0:
 1297 0000 0A000000 		.4byte	.LVL12
 1298 0004 14000000 		.4byte	.LVL13
 1299 0008 0100     		.2byte	0x1
ARM GAS  C:\Users\mgronber\AppData\Local\Temp\ccC6jz8z.s 			page 30


 1300 000a 56       		.byte	0x56
 1301 000b 18000000 		.4byte	.LVL14
 1302 000f A4000000 		.4byte	.LVL20
 1303 0013 0100     		.2byte	0x1
 1304 0015 56       		.byte	0x56
 1305 0016 00000000 		.4byte	0
 1306 001a 00000000 		.4byte	0
 1307              		.section	.debug_aranges,"",%progbits
 1308 0000 3C000000 		.4byte	0x3c
 1309 0004 0200     		.2byte	0x2
 1310 0006 00000000 		.4byte	.Ldebug_info0
 1311 000a 04       		.byte	0x4
 1312 000b 00       		.byte	0
 1313 000c 0000     		.2byte	0
 1314 000e 0000     		.2byte	0
 1315 0010 00000000 		.4byte	.LFB56
 1316 0014 0C000000 		.4byte	.LFE56-.LFB56
 1317 0018 00000000 		.4byte	.LFB57
 1318 001c 02000000 		.4byte	.LFE57-.LFB57
 1319 0020 00000000 		.4byte	.LFB58
 1320 0024 10000000 		.4byte	.LFE58-.LFB58
 1321 0028 00000000 		.4byte	.LFB59
 1322 002c E4000000 		.4byte	.LFE59-.LFB59
 1323 0030 00000000 		.4byte	.LFB60
 1324 0034 D0000000 		.4byte	.LFE60-.LFB60
 1325 0038 00000000 		.4byte	0
 1326 003c 00000000 		.4byte	0
 1327              		.section	.debug_ranges,"",%progbits
 1328              	.Ldebug_ranges0:
 1329 0000 90000000 		.4byte	.LBB4
 1330 0004 92000000 		.4byte	.LBE4
 1331 0008 94000000 		.4byte	.LBB7
 1332 000c 9E000000 		.4byte	.LBE7
 1333 0010 00000000 		.4byte	0
 1334 0014 00000000 		.4byte	0
 1335 0018 00000000 		.4byte	.LFB56
 1336 001c 0C000000 		.4byte	.LFE56
 1337 0020 00000000 		.4byte	.LFB57
 1338 0024 02000000 		.4byte	.LFE57
 1339 0028 00000000 		.4byte	.LFB58
 1340 002c 10000000 		.4byte	.LFE58
 1341 0030 00000000 		.4byte	.LFB59
 1342 0034 E4000000 		.4byte	.LFE59
 1343 0038 00000000 		.4byte	.LFB60
 1344 003c D0000000 		.4byte	.LFE60
 1345 0040 00000000 		.4byte	0
 1346 0044 00000000 		.4byte	0
 1347              		.section	.debug_line,"",%progbits
 1348              	.Ldebug_line0:
 1349 0000 45020000 		.section	.debug_str,"MS",%progbits,1
 1349      02006A01 
 1349      00000201 
 1349      FB0E0D00 
 1349      01010101 
 1350              	.LASF42:
 1351 0000 43794465 		.ascii	"CyDelayCycles\000"
 1351      6C617943 
ARM GAS  C:\Users\mgronber\AppData\Local\Temp\ccC6jz8z.s 			page 31


 1351      79636C65 
 1351      7300
 1352              	.LASF30:
 1353 000e 5553425F 		.ascii	"USB_configuration\000"
 1353      636F6E66 
 1353      69677572 
 1353      6174696F 
 1353      6E00
 1354              	.LASF18:
 1355 0020 72656733 		.ascii	"reg32\000"
 1355      3200
 1356              	.LASF38:
 1357 0026 47656E65 		.ascii	"Generated_Source\\PSoC5\\USB_pm.c\000"
 1357      72617465 
 1357      645F536F 
 1357      75726365 
 1357      5C50536F 
 1358              	.LASF41:
 1359 0046 4379496E 		.ascii	"CyIntSetVector\000"
 1359      74536574 
 1359      56656374 
 1359      6F7200
 1360              	.LASF9:
 1361 0055 5F5F696E 		.ascii	"__int32_t\000"
 1361      7433325F 
 1361      7400
 1362              	.LASF26:
 1363 005f 5553425F 		.ascii	"USB_Suspend\000"
 1363      53757370 
 1363      656E6400 
 1364              	.LASF29:
 1365 006b 5553425F 		.ascii	"USB_backup\000"
 1365      6261636B 
 1365      757000
 1366              	.LASF39:
 1367 0076 433A5C55 		.ascii	"C:\\Users\\mgronber\\Desktop\\Hummingbird\\Hummingb"
 1367      73657273 
 1367      5C6D6772 
 1367      6F6E6265 
 1367      725C4465 
 1368 00a4 69726428 		.ascii	"ird(Continuous Output).cydsn\000"
 1368      436F6E74 
 1368      696E756F 
 1368      7573204F 
 1368      75747075 
 1369              	.LASF37:
 1370 00c1 474E5520 		.ascii	"GNU C 4.9.3 20150303 (release) [ARM/embedded-4_9-br"
 1370      4320342E 
 1370      392E3320 
 1370      32303135 
 1370      30333033 
 1371 00f4 616E6368 		.ascii	"anch revision 221220] -mcpu=cortex-m3 -mthumb -g -O"
 1371      20726576 
 1371      6973696F 
 1371      6E203232 
 1371      31323230 
 1372 0127 32202D66 		.ascii	"2 -ffunction-sections -ffat-lto-objects\000"
ARM GAS  C:\Users\mgronber\AppData\Local\Temp\ccC6jz8z.s 			page 32


 1372      66756E63 
 1372      74696F6E 
 1372      2D736563 
 1372      74696F6E 
 1373              	.LASF14:
 1374 014f 666C6F61 		.ascii	"float\000"
 1374      7400
 1375              	.LASF33:
 1376 0155 5553425F 		.ascii	"USB_ConfigReg\000"
 1376      436F6E66 
 1376      69675265 
 1376      6700
 1377              	.LASF17:
 1378 0163 72656738 		.ascii	"reg8\000"
 1378      00
 1379              	.LASF5:
 1380 0168 6C6F6E67 		.ascii	"long unsigned int\000"
 1380      20756E73 
 1380      69676E65 
 1380      6420696E 
 1380      7400
 1381              	.LASF3:
 1382 017a 73686F72 		.ascii	"short unsigned int\000"
 1382      7420756E 
 1382      7369676E 
 1382      65642069 
 1382      6E7400
 1383              	.LASF31:
 1384 018d 49544D5F 		.ascii	"ITM_RxBuffer\000"
 1384      52784275 
 1384      66666572 
 1384      00
 1385              	.LASF28:
 1386 019a 656E6162 		.ascii	"enableInterrupts\000"
 1386      6C65496E 
 1386      74657272 
 1386      75707473 
 1386      00
 1387              	.LASF1:
 1388 01ab 756E7369 		.ascii	"unsigned char\000"
 1388      676E6564 
 1388      20636861 
 1388      7200
 1389              	.LASF23:
 1390 01b9 5553425F 		.ascii	"USB_BACKUP_STRUCT\000"
 1390      4241434B 
 1390      55505F53 
 1390      54525543 
 1390      5400
 1391              	.LASF15:
 1392 01cb 646F7562 		.ascii	"double\000"
 1392      6C6500
 1393              	.LASF12:
 1394 01d2 75696E74 		.ascii	"uint16\000"
 1394      313600
 1395              	.LASF32:
 1396 01d9 5553425F 		.ascii	"USB_RestoreConfig\000"
ARM GAS  C:\Users\mgronber\AppData\Local\Temp\ccC6jz8z.s 			page 33


 1396      52657374 
 1396      6F726543 
 1396      6F6E6669 
 1396      6700
 1397              	.LASF36:
 1398 01eb 43794465 		.ascii	"CyDelayUs\000"
 1398      6C617955 
 1398      7300
 1399              	.LASF13:
 1400 01f5 75696E74 		.ascii	"uint32\000"
 1400      333200
 1401              	.LASF40:
 1402 01fc 4379456E 		.ascii	"CyEnterCriticalSection\000"
 1402      74657243 
 1402      72697469 
 1402      63616C53 
 1402      65637469 
 1403              	.LASF8:
 1404 0213 756E7369 		.ascii	"unsigned int\000"
 1404      676E6564 
 1404      20696E74 
 1404      00
 1405              	.LASF7:
 1406 0220 6C6F6E67 		.ascii	"long long unsigned int\000"
 1406      206C6F6E 
 1406      6720756E 
 1406      7369676E 
 1406      65642069 
 1407              	.LASF35:
 1408 0237 4379496E 		.ascii	"CyIntSetPriority\000"
 1408      74536574 
 1408      5072696F 
 1408      72697479 
 1408      00
 1409              	.LASF22:
 1410 0248 6D6F6465 		.ascii	"mode\000"
 1410      00
 1411              	.LASF27:
 1412 024d 5553425F 		.ascii	"USB_Resume\000"
 1412      52657375 
 1412      6D6500
 1413              	.LASF19:
 1414 0258 63796973 		.ascii	"cyisraddress\000"
 1414      72616464 
 1414      72657373 
 1414      00
 1415              	.LASF25:
 1416 0265 5553425F 		.ascii	"USB_SaveConfig\000"
 1416      53617665 
 1416      436F6E66 
 1416      696700
 1417              	.LASF24:
 1418 0274 5553425F 		.ascii	"USB_DP_ISR\000"
 1418      44505F49 
 1418      535200
 1419              	.LASF20:
 1420 027f 73697A65 		.ascii	"sizetype\000"
ARM GAS  C:\Users\mgronber\AppData\Local\Temp\ccC6jz8z.s 			page 34


 1420      74797065 
 1420      00
 1421              	.LASF6:
 1422 0288 6C6F6E67 		.ascii	"long long int\000"
 1422      206C6F6E 
 1422      6720696E 
 1422      7400
 1423              	.LASF16:
 1424 0296 63686172 		.ascii	"char\000"
 1424      00
 1425              	.LASF10:
 1426 029b 696E7433 		.ascii	"int32_t\000"
 1426      325F7400 
 1427              	.LASF2:
 1428 02a3 73686F72 		.ascii	"short int\000"
 1428      7420696E 
 1428      7400
 1429              	.LASF11:
 1430 02ad 75696E74 		.ascii	"uint8\000"
 1430      3800
 1431              	.LASF34:
 1432 02b3 43794578 		.ascii	"CyExitCriticalSection\000"
 1432      69744372 
 1432      69746963 
 1432      616C5365 
 1432      6374696F 
 1433              	.LASF4:
 1434 02c9 6C6F6E67 		.ascii	"long int\000"
 1434      20696E74 
 1434      00
 1435              	.LASF21:
 1436 02d2 656E6162 		.ascii	"enableState\000"
 1436      6C655374 
 1436      61746500 
 1437              	.LASF0:
 1438 02de 7369676E 		.ascii	"signed char\000"
 1438      65642063 
 1438      68617200 
 1439              		.ident	"GCC: (GNU Tools for ARM Embedded Processors) 4.9.3 20150303 (release) [ARM/embedded-4_9-br
