Archive member included because of file (symbol)

.\CortexM3\ARM_GCC_493\Debug\Hummingbird(Continuous Output).a(MIDI1_UART_PM.o)
                              .\CortexM3\ARM_GCC_493\Debug\main.o (MIDI1_UART_Sleep)
.\CortexM3\ARM_GCC_493\Debug\Hummingbird(Continuous Output).a(MIDI2_UART_PM.o)
                              .\CortexM3\ARM_GCC_493\Debug\main.o (MIDI2_UART_Sleep)
.\CortexM3\ARM_GCC_493\Debug\Hummingbird(Continuous Output).a(cyfitter_cfg.o)
                              .\CortexM3\ARM_GCC_493\Debug\Cm3Start.o (cyfitter_cfg)
.\CortexM3\ARM_GCC_493\Debug\Hummingbird(Continuous Output).a(SleepTimer.o)
                              .\CortexM3\ARM_GCC_493\Debug\main.o (SleepTimer_GetStatus)
.\CortexM3\ARM_GCC_493\Debug\Hummingbird(Continuous Output).a(MIDI_PWR.o)
                              .\CortexM3\ARM_GCC_493\Debug\main.o (MIDI_PWR_Write)
.\CortexM3\ARM_GCC_493\Debug\Hummingbird(Continuous Output).a(USB.o)
                              .\CortexM3\ARM_GCC_493\Debug\main.o (USB_Start)
.\CortexM3\ARM_GCC_493\Debug\Hummingbird(Continuous Output).a(USB_drv.o)
                              .\CortexM3\ARM_GCC_493\Debug\Hummingbird(Continuous Output).a(USB.o) (USB_lastPacketSize)
.\CortexM3\ARM_GCC_493\Debug\Hummingbird(Continuous Output).a(USB_episr.o)
                              .\CortexM3\ARM_GCC_493\Debug\Hummingbird(Continuous Output).a(USB.o) (USB_EP_1_ISR)
.\CortexM3\ARM_GCC_493\Debug\Hummingbird(Continuous Output).a(USB_pm.o)
                              .\CortexM3\ARM_GCC_493\Debug\main.o (USB_Suspend)
.\CortexM3\ARM_GCC_493\Debug\Hummingbird(Continuous Output).a(USB_std.o)
                              .\CortexM3\ARM_GCC_493\Debug\Hummingbird(Continuous Output).a(USB_pm.o) (USB_ConfigReg)
.\CortexM3\ARM_GCC_493\Debug\Hummingbird(Continuous Output).a(USB_vnd.o)
                              .\CortexM3\ARM_GCC_493\Debug\Hummingbird(Continuous Output).a(USB_drv.o) (USB_HandleVendorRqst)
.\CortexM3\ARM_GCC_493\Debug\Hummingbird(Continuous Output).a(USB_midi.o)
                              .\CortexM3\ARM_GCC_493\Debug\Hummingbird(Continuous Output).a(USB_std.o) (USB_midi_in_ep)
.\CortexM3\ARM_GCC_493\Debug\Hummingbird(Continuous Output).a(CyDmac.o)
                              .\CortexM3\ARM_GCC_493\Debug\Cm3Start.o (CyDmacConfigure)
.\CortexM3\ARM_GCC_493\Debug\Hummingbird(Continuous Output).a(CyLib.o)
                              .\CortexM3\ARM_GCC_493\Debug\Hummingbird(Continuous Output).a(cyfitter_cfg.o) (CyDelayUs)
.\CortexM3\ARM_GCC_493\Debug\Hummingbird(Continuous Output).a(cyPm.o)
                              .\CortexM3\ARM_GCC_493\Debug\main.o (CyPmSaveClocks)
.\CortexM3\ARM_GCC_493\Debug\Hummingbird(Continuous Output).a(ADC_SAR_1.o)
                              .\CortexM3\ARM_GCC_493\Debug\main.o (ADC_SAR_1_Start)
.\CortexM3\ARM_GCC_493\Debug\Hummingbird(Continuous Output).a(ADC_SAR_1_INT.o)
                              .\CortexM3\ARM_GCC_493\Debug\Hummingbird(Continuous Output).a(ADC_SAR_1.o) (ADC_SAR_1_ISR)
.\CortexM3\ARM_GCC_493\Debug\Hummingbird(Continuous Output).a(Timer_1.o)
                              .\CortexM3\ARM_GCC_493\Debug\main.o (Timer_1_Start)
.\CortexM3\ARM_GCC_493\Debug\Hummingbird(Continuous Output).a(isr_1.o)
                              .\CortexM3\ARM_GCC_493\Debug\main.o (isr_1_StartEx)
.\CortexM3\ARM_GCC_493\Debug\Hummingbird(Continuous Output).a(ADC_SAR_1_theACLK.o)
                              .\CortexM3\ARM_GCC_493\Debug\Hummingbird(Continuous Output).a(ADC_SAR_1.o) (ADC_SAR_1_theACLK_SetModeRegister)
.\CortexM3\ARM_GCC_493\Debug\Hummingbird(Continuous Output).a(UI_ADC.o)
                              .\CortexM3\ARM_GCC_493\Debug\main.o (UI_ADC_Start)
.\CortexM3\ARM_GCC_493\Debug\Hummingbird(Continuous Output).a(UI_ADC_INT.o)
                              .\CortexM3\ARM_GCC_493\Debug\Hummingbird(Continuous Output).a(UI_ADC.o) (UI_ADC_ISR)
.\CortexM3\ARM_GCC_493\Debug\Hummingbird(Continuous Output).a(UI_ADC_SAR.o)
                              .\CortexM3\ARM_GCC_493\Debug\Hummingbird(Continuous Output).a(UI_ADC.o) (UI_ADC_SAR_Stop)
.\CortexM3\ARM_GCC_493\Debug\Hummingbird(Continuous Output).a(UI_ADC_TempBuf_dma.o)
                              .\CortexM3\ARM_GCC_493\Debug\Hummingbird(Continuous Output).a(UI_ADC.o) (UI_ADC_TempBuf_DmaInitialize)
.\CortexM3\ARM_GCC_493\Debug\Hummingbird(Continuous Output).a(UI_ADC_FinalBuf_dma.o)
                              .\CortexM3\ARM_GCC_493\Debug\Hummingbird(Continuous Output).a(UI_ADC.o) (UI_ADC_FinalBuf_DmaInitialize)
.\CortexM3\ARM_GCC_493\Debug\Hummingbird(Continuous Output).a(UI_ADC_IRQ.o)
                              .\CortexM3\ARM_GCC_493\Debug\Hummingbird(Continuous Output).a(UI_ADC.o) (UI_ADC_IRQ_SetVector)
.\CortexM3\ARM_GCC_493\Debug\Hummingbird(Continuous Output).a(UART.o)
                              .\CortexM3\ARM_GCC_493\Debug\main.o (UART_Start)
.\CortexM3\ARM_GCC_493\Debug\Hummingbird(Continuous Output).a(I2C_CharLCD.o)
[...]
Memory Configuration

Name             Origin             Length             Attributes
rom              0x00000000         0x00040000         xr
ram              0x1fff8000         0x00010000         xrw
*default*        0x00000000         0xffffffff

Linker script and memory map

LOAD c:/program files (x86)/cypress/psoc creator/4.0/psoc creator/import/gnu/arm/4.9.3/bin/../lib/gcc/arm-none-eabi/4.9.3/armv7-m/crti.o
LOAD c:/program files (x86)/cypress/psoc creator/4.0/psoc creator/import/gnu/arm/4.9.3/bin/../lib/gcc/arm-none-eabi/4.9.3/armv7-m/crtbegin.o
LOAD c:/program files (x86)/cypress/psoc creator/4.0/psoc creator/import/gnu/arm/4.9.3/bin/../lib/gcc/arm-none-eabi/4.9.3/../../../../arm-none-eabi/lib/armv7-m/crt0.o
START GROUP
LOAD .\CortexM3\ARM_GCC_493\Debug\main.o
LOAD .\CortexM3\ARM_GCC_493\Debug\fft.o
LOAD .\CortexM3\ARM_GCC_493\Debug\midi.o
LOAD .\CortexM3\ARM_GCC_493\Debug\pitch.o
LOAD .\CortexM3\ARM_GCC_493\Debug\hbird.o
LOAD .\CortexM3\ARM_GCC_493\Debug\cymetadata.o
LOAD .\CortexM3\ARM_GCC_493\Debug\Cm3Start.o
LOAD .\CortexM3\ARM_GCC_493\Debug\Hummingbird(Continuous Output).a
LOAD C:\Program Files (x86)\Cypress\PSoC Creator\4.0\PSoC Creator\psoc\content\cycomponentlibrary\CyComponentLibrary.cylib\CortexM3\ARM_GCC_493\Debug\CyComponentLibrary.a
LOAD c:/program files (x86)/cypress/psoc creator/4.0/psoc creator/import/gnu/arm/4.9.3/bin/../lib/gcc/arm-none-eabi/4.9.3/../../../../arm-none-eabi/lib/armv7-m\libm.a
END GROUP
START GROUP
LOAD c:/program files (x86)/cypress/psoc creator/4.0/psoc creator/import/gnu/arm/4.9.3/bin/../lib/gcc/arm-none-eabi/4.9.3/armv7-m\libgcc.a
LOAD c:/program files (x86)/cypress/psoc creator/4.0/psoc creator/import/gnu/arm/4.9.3/bin/../lib/gcc/arm-none-eabi/4.9.3/../../../../arm-none-eabi/lib/armv7-m\libg_nano.a
LOAD c:/program files (x86)/cypress/psoc creator/4.0/psoc creator/import/gnu/arm/4.9.3/bin/../lib/gcc/arm-none-eabi/4.9.3/../../../../arm-none-eabi/lib/armv7-m\libc_nano.a
END GROUP
START GROUP
LOAD c:/program files (x86)/cypress/psoc creator/4.0/psoc creator/import/gnu/arm/4.9.3/bin/../lib/gcc/arm-none-eabi/4.9.3/armv7-m\libgcc.a
LOAD c:/program files (x86)/cypress/psoc creator/4.0/psoc creator/import/gnu/arm/4.9.3/bin/../lib/gcc/arm-none-eabi/4.9.3/../../../../arm-none-eabi/lib/armv7-m\libc_nano.a
END GROUP
LOAD c:/program files (x86)/cypress/psoc creator/4.0/psoc creator/import/gnu/arm/4.9.3/bin/../lib/gcc/arm-none-eabi/4.9.3/armv7-m/crtend.o
LOAD c:/program files (x86)/cypress/psoc creator/4.0/psoc creator/import/gnu/arm/4.9.3/bin/../lib/gcc/arm-none-eabi/4.9.3/armv7-m/crtn.o
START GROUP
LOAD c:/program files (x86)/cypress/psoc creator/4.0/psoc creator/import/gnu/arm/4.9.3/bin/../lib/gcc/arm-none-eabi/4.9.3/armv7-m\libgcc.a
LOAD c:/program files (x86)/cypress/psoc creator/4.0/psoc creator/import/gnu/arm/4.9.3/bin/../lib/gcc/arm-none-eabi/4.9.3/../../../../arm-none-eabi/lib/armv7-m\libc.a
LOAD c:/program files (x86)/cypress/psoc creator/4.0/psoc creator/import/gnu/arm/4.9.3/bin/../lib/gcc/arm-none-eabi/4.9.3/../../../../arm-none-eabi/lib/armv7-m\libnosys.a
END GROUP
                0x00000000                CY_APPL_ORIGIN = 0x0
                0x00000100                CY_FLASH_ROW_SIZE = 0x100
                0x00000020                CY_ECC_ROW_SIZE = 0x20
                0x00000000                CY_EE_IN_BTLDR = 0x0
                0x00000000                CY_APPL_LOADABLE = 0x0
                0x00000800                CY_EE_SIZE = 0x800
                0x00000001                CY_APPL_NUM = 0x1
                0x00000001                CY_APPL_MAX = 0x1
                0x00000040                CY_METADATA_SIZE = 0x40
                0x1fff98c0                PROVIDE (__cy_heap_start, _end)
                0x00000001                PROVIDE (__cy_region_num, ((__cy_regions_end - __cy_regions) / 0x10))
                0x20008000                PROVIDE (__cy_stack, (ORIGIN (ram) + 0x10000))
                0x20007800                PROVIDE (__cy_heap_end, (__cy_stack - 0x800))

.cybootloader   0x00000000        0x0
 *(.cybootloader)
                0x00000000                appl1_start = CY_APPL_ORIGIN?CY_APPL_ORIGIN:ALIGN (CY_FLASH_ROW_SIZE)
                0x0001ff00                appl2_start = (appl1_start + ALIGN ((((0x40000 - appl1_start) - (0x2 * CY_FLASH_ROW_SIZE)) / 0x2), CY_FLASH_ROW_SIZE))
                0x00000000                appl_start = (CY_APPL_NUM == 0x1)?appl1_start:appl2_start
                0x00000000                ecc_offset = ((appl_start / CY_FLASH_ROW_SIZE) * CY_ECC_ROW_SIZE)
                0x00000000                ee_offset = (CY_APPL_LOADABLE && ! (CY_EE_IN_BTLDR))?((CY_EE_SIZE / CY_APPL_MAX) * (CY_APPL_NUM - 0x1)):0x0
                0x00000800                ee_size = (CY_APPL_LOADABLE && ! (CY_EE_IN_BTLDR))?(CY_EE_SIZE / CY_APPL_MAX):CY_EE_SIZE
                0x00000000                PROVIDE (CY_ECC_OFFSET, ecc_offset)

.text           0x00000000     0x8474
 CREATE_OBJECT_SYMBOLS
                0x00000000                PROVIDE (__cy_interrupt_vector, RomVectors)
 *(.romvectors)
 .romvectors    0x00000000       0x10 .\CortexM3\ARM_GCC_493\Debug\Cm3Start.o
                0x00000000                RomVectors
                0x00000001                ASSERT ((. != __cy_interrupt_vector), No interrupt vector)
                0x00000001                ASSERT (CY_APPL_ORIGIN?(SIZEOF (.cybootloader) <= CY_APPL_ORIGIN):0x1, Wrong image location)
                0x00000010                PROVIDE (__cy_reset, Reset)
 *(.text.Reset)
 .text.Reset    0x00000010       0x18 .\CortexM3\ARM_GCC_493\Debug\Cm3Start.o
                0x00000010                Reset
                0x00000001                ASSERT ((. != __cy_reset), No reset code)
 *(.dma_init)
                0x00000001                ASSERT ((((appl_start + .) <= 0x10000) || 0x1), DMA Init must be within the first 64k of flash)
 *(.text .text.* .gnu.linkonce.t.*)
 .text          0x00000028       0x5c c:/program files (x86)/cypress/psoc creator/4.0/psoc creator/import/gnu/arm/4.9.3/bin/../lib/gcc/arm-none-eabi/4.9.3/armv7-m/crtbegin.o
 .text.GetSample
                0x00000084       0x88 .\CortexM3\ARM_GCC_493\Debug\main.o
                0x00000084                GetSample
 .text.startup.main
                0x0000010c      0x1f8 .\CortexM3\ARM_GCC_493\Debug\main.o
                0x0000010c                main
 .text.memdup   0x00000304       0x1c .\CortexM3\ARM_GCC_493\Debug\fft.o
 .text.fft_init
                0x00000320       0x78 .\CortexM3\ARM_GCC_493\Debug\fft.o
                0x00000320                fft_init
 .text.transform_radix2
                0x00000398      0x1b4 .\CortexM3\ARM_GCC_493\Debug\fft.o
                0x00000398                transform_radix2
 .text.transform_bluestein
                0x0000054c      0x2c4 .\CortexM3\ARM_GCC_493\Debug\fft.o
                0x0000054c                transform_bluestein
 .text.transform.part.1
                0x00000810       0x18 .\CortexM3\ARM_GCC_493\Debug\fft.o
 .text.transform
                0x00000828       0x18 .\CortexM3\ARM_GCC_493\Debug\fft.o
                0x00000828                transform
 .text.inverse_transform
                0x00000840       0x18 .\CortexM3\ARM_GCC_493\Debug\fft.o
                0x00000840                inverse_transform
 .text.convolve_complex.part.0
                0x00000858      0x184 .\CortexM3\ARM_GCC_493\Debug\fft.o
 .text.populate_midi_array
                0x000009dc       0x48 .\CortexM3\ARM_GCC_493\Debug\midi.o
                0x000009dc                populate_midi_array
 *fill*         0x00000a24        0x4 
 .text.midi_note_changed
                0x00000a28       0xb8 .\CortexM3\ARM_GCC_493\Debug\midi.o
                0x00000a28                midi_note_changed
 .text.midi_note_basename
                0x00000ae0      0x190 .\CortexM3\ARM_GCC_493\Debug\midi.o
                0x00000ae0                midi_note_basename
 .text.NoteSnap
                0x00000c70      0x524 .\CortexM3\ARM_GCC_493\Debug\midi.o
                0x00000c70                NoteSnap
 .text.pitch_init
                0x00001194       0x14 .\CortexM3\ARM_GCC_493\Debug\pitch.o
                0x00001194                pitch_init
 .text.pitch_auto_fft
                0x000011a8       0xdc .\CortexM3\ARM_GCC_493\Debug\pitch.o
                0x000011a8                pitch_auto_fft
 .text.UpdateScaleLCD
                0x00001284       0x90 .\CortexM3\ARM_GCC_493\Debug\hbird.o
                0x00001284                UpdateScaleLCD
 .text.UpdateKeyLCD
                0x00001314       0x40 .\CortexM3\ARM_GCC_493\Debug\hbird.o
                0x00001314                UpdateKeyLCD
 .text.IntDefaultHandler
                0x00001354        0x4 .\CortexM3\ARM_GCC_493\Debug\Cm3Start.o
                0x00001354                IntDefaultHandler
 .text.Start_c  0x00001358       0x60 .\CortexM3\ARM_GCC_493\Debug\Cm3Start.o
                0x00001358                Start_c
 .text.startup.initialize_psoc
                0x000013b8       0x78 .\CortexM3\ARM_GCC_493\Debug\Cm3Start.o
                0x000013b8                initialize_psoc
 .text.MIDI1_UART_Sleep
                0x00001430       0x28 .\CortexM3\ARM_GCC_493\Debug\Hummingbird(Continuous Output).a(MIDI1_UART_PM.o)
                0x00001430                MIDI1_UART_Sleep
 .text.MIDI1_UART_Wakeup
                0x00001458       0x20 .\CortexM3\ARM_GCC_493\Debug\Hummingbird(Continuous Output).a(MIDI1_UART_PM.o)
                0x00001458                MIDI1_UART_Wakeup
 .text.MIDI2_UART_Sleep
                0x00001478       0x28 .\CortexM3\ARM_GCC_493\Debug\Hummingbird(Continuous Output).a(MIDI2_UART_PM.o)
                0x00001478                MIDI2_UART_Sleep
 .text.MIDI2_UART_Wakeup
                0x000014a0       0x20 .\CortexM3\ARM_GCC_493\Debug\Hummingbird(Continuous Output).a(MIDI2_UART_PM.o)
                0x000014a0                MIDI2_UART_Wakeup
 .text.cyfitter_cfg
                0x000014c0      0x34c .\CortexM3\ARM_GCC_493\Debug\Hummingbird(Continuous Output).a(cyfitter_cfg.o)
                0x000014c0                cyfitter_cfg
 .text.MIDI_PWR_Write
                0x0000180c       0x18 .\CortexM3\ARM_GCC_493\Debug\Hummingbird(Continuous Output).a(MIDI_PWR.o)
                0x0000180c                MIDI_PWR_Write
 .text.USB_Init
                0x00001824      0x124 .\CortexM3\ARM_GCC_493\Debug\Hummingbird(Continuous Output).a(USB.o)
                0x00001824                USB_Init
 .text.USB_InitComponent
                0x00001948       0xb8 .\CortexM3\ARM_GCC_493\Debug\Hummingbird(Continuous Output).a(USB.o)
                0x00001948                USB_InitComponent
 .text.USB_Start
                0x00001a00       0x28 .\CortexM3\ARM_GCC_493\Debug\Hummingbird(Continuous Output).a(USB.o)
                0x00001a00                USB_Start
 .text.USB_ReInitComponent
                0x00001a28       0x68 .\CortexM3\ARM_GCC_493\Debug\Hummingbird(Continuous Output).a(USB.o)
                0x00001a28                USB_ReInitComponent
 .text.USB_EnableOutEP
                0x00001a90       0x2c .\CortexM3\ARM_GCC_493\Debug\Hummingbird(Continuous Output).a(USB.o)
                0x00001a90                USB_EnableOutEP
 .text.USB_HandleSetup
                0x00001abc       0x7c .\CortexM3\ARM_GCC_493\Debug\Hummingbird(Continuous Output).a(USB_drv.o)
                0x00001abc                USB_HandleSetup
 .text.USB_LoadEP0
                0x00001b38       0xa8 .\CortexM3\ARM_GCC_493\Debug\Hummingbird(Continuous Output).a(USB_drv.o)
                0x00001b38                USB_LoadEP0
 .text.USB_InitControlRead
                0x00001be0       0x8c .\CortexM3\ARM_GCC_493\Debug\Hummingbird(Continuous Output).a(USB_drv.o)
                0x00001be0                USB_InitControlRead
 .text.USB_ControlReadStatusStage
                0x00001c6c       0x4c .\CortexM3\ARM_GCC_493\Debug\Hummingbird(Continuous Output).a(USB_drv.o)
                0x00001c6c                USB_ControlReadStatusStage
 .text.USB_ControlWriteDataStage
                0x00001cb8       0x8c .\CortexM3\ARM_GCC_493\Debug\Hummingbird(Continuous Output).a(USB_drv.o)
                0x00001cb8                USB_ControlWriteDataStage
 .text.USB_HandleOUT
                0x00001d44       0x4c .\CortexM3\ARM_GCC_493\Debug\Hummingbird(Continuous Output).a(USB_drv.o)
                0x00001d44                USB_HandleOUT
 .text.USB_InitNoDataControlTransfer
                0x00001d90       0x30 .\CortexM3\ARM_GCC_493\Debug\Hummingbird(Continuous Output).a(USB_drv.o)
                0x00001d90                USB_InitNoDataControlTransfer
 .text.USB_NoDataControlStatusStage
                0x00001dc0       0x60 .\CortexM3\ARM_GCC_493\Debug\Hummingbird(Continuous Output).a(USB_drv.o)
                0x00001dc0                USB_NoDataControlStatusStage
 .text.USB_HandleIN
                0x00001e20       0x5c .\CortexM3\ARM_GCC_493\Debug\Hummingbird(Continuous Output).a(USB_drv.o)
                0x00001e20                USB_HandleIN
 .text.USB_EP_0_ISR
                0x00001e7c       0x8c .\CortexM3\ARM_GCC_493\Debug\Hummingbird(Continuous Output).a(USB_drv.o)
                0x00001e7c                USB_EP_0_ISR
 .text.USB_EP_1_ISR
                0x00001f08       0x34 .\CortexM3\ARM_GCC_493\Debug\Hummingbird(Continuous Output).a(USB_episr.o)
                0x00001f08                USB_EP_1_ISR
 .text.USB_EP_2_ISR
                0x00001f3c       0x34 .\CortexM3\ARM_GCC_493\Debug\Hummingbird(Continuous Output).a(USB_episr.o)
                0x00001f3c                USB_EP_2_ISR
 .text.USB_SOF_ISR
                0x00001f70        0x4 .\CortexM3\ARM_GCC_493\Debug\Hummingbird(Continuous Output).a(USB_episr.o)
                0x00001f70                USB_SOF_ISR
 .text.USB_BUS_RESET_ISR
                0x00001f74        0x4 .\CortexM3\ARM_GCC_493\Debug\Hummingbird(Continuous Output).a(USB_episr.o)
                0x00001f74                USB_BUS_RESET_ISR
 .text.USB_DP_ISR
                0x00001f78        0xc .\CortexM3\ARM_GCC_493\Debug\Hummingbird(Continuous Output).a(USB_pm.o)
                0x00001f78                USB_DP_ISR
 .text.USB_Suspend
                0x00001f84       0xe4 .\CortexM3\ARM_GCC_493\Debug\Hummingbird(Continuous Output).a(USB_pm.o)
                0x00001f84                USB_Suspend
 .text.USB_Resume
                0x00002068       0xd0 .\CortexM3\ARM_GCC_493\Debug\Hummingbird(Continuous Output).a(USB_pm.o)
                0x00002068                USB_Resume
 .text.USB_ConfigAltChanged.part.0
                0x00002138      0x1bc .\CortexM3\ARM_GCC_493\Debug\Hummingbird(Continuous Output).a(USB_std.o)
 .text.USB_ReadDieID
                0x000022f4       0x54 .\CortexM3\ARM_GCC_493\Debug\Hummingbird(Continuous Output).a(USB_std.o)
                0x000022f4                USB_ReadDieID
 .text.USB_ConfigReg
                0x00002348       0x98 .\CortexM3\ARM_GCC_493\Debug\Hummingbird(Continuous Output).a(USB_std.o)
                0x00002348                USB_ConfigReg
 .text.USB_GetInterfaceClassTablePtr
                0x000023e0       0x44 .\CortexM3\ARM_GCC_493\Debug\Hummingbird(Continuous Output).a(USB_std.o)
                0x000023e0                USB_GetInterfaceClassTablePtr
 .text.USB_Config
                0x00002424      0x1e4 .\CortexM3\ARM_GCC_493\Debug\Hummingbird(Continuous Output).a(USB_std.o)
                0x00002424                USB_Config
 .text.USB_SetEndpointHalt
                0x00002608       0x58 .\CortexM3\ARM_GCC_493\Debug\Hummingbird(Continuous Output).a(USB_std.o)
                0x00002608                USB_SetEndpointHalt
 .text.USB_ClearEndpointHalt
                0x00002660       0x84 .\CortexM3\ARM_GCC_493\Debug\Hummingbird(Continuous Output).a(USB_std.o)
                0x00002660                USB_ClearEndpointHalt
 .text.USB_ValidateAlternateSetting
                0x000026e4       0x74 .\CortexM3\ARM_GCC_493\Debug\Hummingbird(Continuous Output).a(USB_std.o)
                0x000026e4                USB_ValidateAlternateSetting
 .text.USB_HandleStandardRqst
                0x00002758      0x364 .\CortexM3\ARM_GCC_493\Debug\Hummingbird(Continuous Output).a(USB_std.o)
                0x00002758                USB_HandleStandardRqst
 .text.USB_HandleVendorRqst
                0x00002abc       0x34 .\CortexM3\ARM_GCC_493\Debug\Hummingbird(Continuous Output).a(USB_vnd.o)
                0x00002abc                USB_HandleVendorRqst
 .text.USB_MIDI_Init
                0x00002af0       0x5c .\CortexM3\ARM_GCC_493\Debug\Hummingbird(Continuous Output).a(USB_midi.o)
                0x00002af0                USB_MIDI_Init
 .text.USB_MIDI_EP_Init
                0x00002b4c       0x20 .\CortexM3\ARM_GCC_493\Debug\Hummingbird(Continuous Output).a(USB_midi.o)
                0x00002b4c                USB_MIDI_EP_Init
 .text.CyDmacConfigure
                0x00002b6c       0x34 .\CortexM3\ARM_GCC_493\Debug\Hummingbird(Continuous Output).a(CyDmac.o)
                0x00002b6c                CyDmacConfigure
 .text.CyDmaChEnable
                0x00002ba0       0x3c .\CortexM3\ARM_GCC_493\Debug\Hummingbird(Continuous Output).a(CyDmac.o)
                0x00002ba0                CyDmaChEnable
 .text.CyDmaClearPendingDrq
                0x00002bdc       0x30 .\CortexM3\ARM_GCC_493\Debug\Hummingbird(Continuous Output).a(CyDmac.o)
                0x00002bdc                CyDmaClearPendingDrq
 .text.CyDmaChPriority
                0x00002c0c       0x24 .\CortexM3\ARM_GCC_493\Debug\Hummingbird(Continuous Output).a(CyDmac.o)
                0x00002c0c                CyDmaChPriority
 .text.CyDmaChSetExtendedAddress
                0x00002c30       0x30 .\CortexM3\ARM_GCC_493\Debug\Hummingbird(Continuous Output).a(CyDmac.o)
                0x00002c30                CyDmaChSetExtendedAddress
 .text.CyDmaChSetInitialTd
                0x00002c60       0x18 .\CortexM3\ARM_GCC_493\Debug\Hummingbird(Continuous Output).a(CyDmac.o)
                0x00002c60                CyDmaChSetInitialTd
 .text.CyDmaChSetConfiguration
                0x00002c78       0x48 .\CortexM3\ARM_GCC_493\Debug\Hummingbird(Continuous Output).a(CyDmac.o)
                0x00002c78                CyDmaChSetConfiguration
 .text.CyDmaTdAllocate
                0x00002cc0       0x38 .\CortexM3\ARM_GCC_493\Debug\Hummingbird(Continuous Output).a(CyDmac.o)
                0x00002cc0                CyDmaTdAllocate
 .text.CyDmaTdSetConfiguration
                0x00002cf8       0x30 .\CortexM3\ARM_GCC_493\Debug\Hummingbird(Continuous Output).a(CyDmac.o)
                0x00002cf8                CyDmaTdSetConfiguration
 .text.CyDmaTdSetAddress
                0x00002d28       0x1c .\CortexM3\ARM_GCC_493\Debug\Hummingbird(Continuous Output).a(CyDmac.o)
                0x00002d28                CyDmaTdSetAddress
 .text.CyIMO_SetTrimValue
                0x00002d44       0xf4 .\CortexM3\ARM_GCC_493\Debug\Hummingbird(Continuous Output).a(CyLib.o)
 .text.CyPLL_OUT_Start
                0x00002e38       0x78 .\CortexM3\ARM_GCC_493\Debug\Hummingbird(Continuous Output).a(CyLib.o)
                0x00002e38                CyPLL_OUT_Start
 .text.CyPLL_OUT_Stop
                0x00002eb0       0x10 .\CortexM3\ARM_GCC_493\Debug\Hummingbird(Continuous Output).a(CyLib.o)
                0x00002eb0                CyPLL_OUT_Stop
 .text.CyIMO_Start
                0x00002ec0       0x6c .\CortexM3\ARM_GCC_493\Debug\Hummingbird(Continuous Output).a(CyLib.o)
                0x00002ec0                CyIMO_Start
 .text.CyIMO_Stop
                0x00002f2c       0x20 .\CortexM3\ARM_GCC_493\Debug\Hummingbird(Continuous Output).a(CyLib.o)
                0x00002f2c                CyIMO_Stop
 .text.CyIMO_SetFreq
                0x00002f4c      0x130 .\CortexM3\ARM_GCC_493\Debug\Hummingbird(Continuous Output).a(CyLib.o)
                0x00002f4c                CyIMO_SetFreq
 .text.CyIMO_SetSource
                0x0000307c       0x50 .\CortexM3\ARM_GCC_493\Debug\Hummingbird(Continuous Output).a(CyLib.o)
                0x0000307c                CyIMO_SetSource
 .text.CyIMO_EnableDoubler
                0x000030cc       0x10 .\CortexM3\ARM_GCC_493\Debug\Hummingbird(Continuous Output).a(CyLib.o)
                0x000030cc                CyIMO_EnableDoubler
 .text.CyIMO_DisableDoubler
                0x000030dc       0x10 .\CortexM3\ARM_GCC_493\Debug\Hummingbird(Continuous Output).a(CyLib.o)
                0x000030dc                CyIMO_DisableDoubler
 .text.CyMasterClk_SetSource
                0x000030ec       0x18 .\CortexM3\ARM_GCC_493\Debug\Hummingbird(Continuous Output).a(CyLib.o)
                0x000030ec                CyMasterClk_SetSource
 .text.CyMasterClk_SetDivider
                0x00003104        0xc .\CortexM3\ARM_GCC_493\Debug\Hummingbird(Continuous Output).a(CyLib.o)
                0x00003104                CyMasterClk_SetDivider
 .text.CyBusClk_SetDivider
                0x00003110      0x110 .\CortexM3\ARM_GCC_493\Debug\Hummingbird(Continuous Output).a(CyLib.o)
                0x00003110                CyBusClk_SetDivider
 .text.CyILO_Start100K
                0x00003220       0x10 .\CortexM3\ARM_GCC_493\Debug\Hummingbird(Continuous Output).a(CyLib.o)
                0x00003220                CyILO_Start100K
 .text.CyXTAL_Start
                0x00003230       0xac .\CortexM3\ARM_GCC_493\Debug\Hummingbird(Continuous Output).a(CyLib.o)
                0x00003230                CyXTAL_Start
 .text.CyXTAL_Stop
                0x000032dc       0x10 .\CortexM3\ARM_GCC_493\Debug\Hummingbird(Continuous Output).a(CyLib.o)
                0x000032dc                CyXTAL_Stop
 .text.CyHalt   0x000032ec        0x4 .\CortexM3\ARM_GCC_493\Debug\Hummingbird(Continuous Output).a(CyLib.o)
                0x000032ec                CyHalt
 .text.CyDelay  0x000032f0       0x48 .\CortexM3\ARM_GCC_493\Debug\Hummingbird(Continuous Output).a(CyLib.o)
                0x000032f0                CyDelay
 .text.CyDelayUs
                0x00003338       0x10 .\CortexM3\ARM_GCC_493\Debug\Hummingbird(Continuous Output).a(CyLib.o)
                0x00003338                CyDelayUs
 .text.CyIntSetVector
                0x00003348       0x20 .\CortexM3\ARM_GCC_493\Debug\Hummingbird(Continuous Output).a(CyLib.o)
                0x00003348                CyIntSetVector
 .text.CyIntSetPriority
                0x00003368       0x20 .\CortexM3\ARM_GCC_493\Debug\Hummingbird(Continuous Output).a(CyLib.o)
                0x00003368                CyIntSetPriority
 .text.CyPmHibSlpSaveSet
                0x00003388      0x1c8 .\CortexM3\ARM_GCC_493\Debug\Hummingbird(Continuous Output).a(cyPm.o)
 .text.CyPmHibSlpRestore
                0x00003550      0x140 .\CortexM3\ARM_GCC_493\Debug\Hummingbird(Continuous Output).a(cyPm.o)
 .text.CyPmSaveClocks
                0x00003690      0x208 .\CortexM3\ARM_GCC_493\Debug\Hummingbird(Continuous Output).a(cyPm.o)
                0x00003690                CyPmSaveClocks
 .text.CyPmRestoreClocks
                0x00003898      0x240 .\CortexM3\ARM_GCC_493\Debug\Hummingbird(Continuous Output).a(cyPm.o)
                0x00003898                CyPmRestoreClocks
 .text.CyPmSleep
                0x00003ad8       0xf8 .\CortexM3\ARM_GCC_493\Debug\Hummingbird(Continuous Output).a(cyPm.o)
                0x00003ad8                CyPmSleep
 .text.CyPmReadStatus
                0x00003bd0       0x2c .\CortexM3\ARM_GCC_493\Debug\Hummingbird(Continuous Output).a(cyPm.o)
                0x00003bd0                CyPmReadStatus
 .text.CyPmFtwSetInterval
                0x00003bfc       0x54 .\CortexM3\ARM_GCC_493\Debug\Hummingbird(Continuous Output).a(cyPm.o)
                0x00003bfc                CyPmFtwSetInterval
 .text.ADC_SAR_1_Enable
                0x00003c50       0xa4 .\CortexM3\ARM_GCC_493\Debug\Hummingbird(Continuous Output).a(ADC_SAR_1.o)
                0x00003c50                ADC_SAR_1_Enable
 .text.ADC_SAR_1_SetResolution
                0x00003cf4       0x88 .\CortexM3\ARM_GCC_493\Debug\Hummingbird(Continuous Output).a(ADC_SAR_1.o)
                0x00003cf4                ADC_SAR_1_SetResolution
 .text.ADC_SAR_1_Init
                0x00003d7c       0x3c .\CortexM3\ARM_GCC_493\Debug\Hummingbird(Continuous Output).a(ADC_SAR_1.o)
                0x00003d7c                ADC_SAR_1_Init
 .text.ADC_SAR_1_Start
                0x00003db8       0x1c .\CortexM3\ARM_GCC_493\Debug\Hummingbird(Continuous Output).a(ADC_SAR_1.o)
                0x00003db8                ADC_SAR_1_Start
 .text.ADC_SAR_1_StartConvert
                0x00003dd4       0x10 .\CortexM3\ARM_GCC_493\Debug\Hummingbird(Continuous Output).a(ADC_SAR_1.o)
                0x00003dd4                ADC_SAR_1_StartConvert
 .text.ADC_SAR_1_IsEndConversion
                0x00003de4       0x28 .\CortexM3\ARM_GCC_493\Debug\Hummingbird(Continuous Output).a(ADC_SAR_1.o)
                0x00003de4                ADC_SAR_1_IsEndConversion
 .text.ADC_SAR_1_GetResult16
                0x00003e0c       0x18 .\CortexM3\ARM_GCC_493\Debug\Hummingbird(Continuous Output).a(ADC_SAR_1.o)
                0x00003e0c                ADC_SAR_1_GetResult16
 .text.ADC_SAR_1_ISR
                0x00003e24        0x4 .\CortexM3\ARM_GCC_493\Debug\Hummingbird(Continuous Output).a(ADC_SAR_1_INT.o)
                0x00003e24                ADC_SAR_1_ISR
 .text.Timer_1_Init
                0x00003e28       0x5c .\CortexM3\ARM_GCC_493\Debug\Hummingbird(Continuous Output).a(Timer_1.o)
                0x00003e28                Timer_1_Init
 .text.Timer_1_Start
                0x00003e84       0x24 .\CortexM3\ARM_GCC_493\Debug\Hummingbird(Continuous Output).a(Timer_1.o)
                0x00003e84                Timer_1_Start
 .text.isr_1_StartEx
                0x00003ea8       0x30 .\CortexM3\ARM_GCC_493\Debug\Hummingbird(Continuous Output).a(isr_1.o)
                0x00003ea8                isr_1_StartEx
 .text.ADC_SAR_1_theACLK_SetModeRegister
                0x00003ed8       0x14 .\CortexM3\ARM_GCC_493\Debug\Hummingbird(Continuous Output).a(ADC_SAR_1_theACLK.o)
                0x00003ed8                ADC_SAR_1_theACLK_SetModeRegister
 .text.UI_ADC_Init
                0x00003eec       0x40 .\CortexM3\ARM_GCC_493\Debug\Hummingbird(Continuous Output).a(UI_ADC.o)
                0x00003eec                UI_ADC_Init
 .text.UI_ADC_Enable
                0x00003f2c       0xc8 .\CortexM3\ARM_GCC_493\Debug\Hummingbird(Continuous Output).a(UI_ADC.o)
                0x00003f2c                UI_ADC_Enable
 .text.UI_ADC_Start
                0x00003ff4       0x28 .\CortexM3\ARM_GCC_493\Debug\Hummingbird(Continuous Output).a(UI_ADC.o)
                0x00003ff4                UI_ADC_Start
 .text.UI_ADC_StartConvert
                0x0000401c        0x4 .\CortexM3\ARM_GCC_493\Debug\Hummingbird(Continuous Output).a(UI_ADC.o)
                0x0000401c                UI_ADC_StartConvert
 .text.UI_ADC_IsEndConversion
                0x00004020       0x18 .\CortexM3\ARM_GCC_493\Debug\Hummingbird(Continuous Output).a(UI_ADC.o)
                0x00004020                UI_ADC_IsEndConversion
 .text.UI_ADC_GetResult16
                0x00004038       0x1c .\CortexM3\ARM_GCC_493\Debug\Hummingbird(Continuous Output).a(UI_ADC.o)
                0x00004038                UI_ADC_GetResult16
 .text.UI_ADC_ISR
                0x00004054        0x4 .\CortexM3\ARM_GCC_493\Debug\Hummingbird(Continuous Output).a(UI_ADC_INT.o)
                0x00004054                UI_ADC_ISR
 .text.UI_ADC_SAR_Enable
                0x00004058       0x84 .\CortexM3\ARM_GCC_493\Debug\Hummingbird(Continuous Output).a(UI_ADC_SAR.o)
                0x00004058                UI_ADC_SAR_Enable
 .text.UI_ADC_SAR_SetResolution
                0x000040dc       0x78 .\CortexM3\ARM_GCC_493\Debug\Hummingbird(Continuous Output).a(UI_ADC_SAR.o)
                0x000040dc                UI_ADC_SAR_SetResolution
 .text.UI_ADC_SAR_Start
                0x00004154       0x34 .\CortexM3\ARM_GCC_493\Debug\Hummingbird(Continuous Output).a(UI_ADC_SAR.o)
                0x00004154                UI_ADC_SAR_Start
 .text.UI_ADC_SAR_StartConvert
                0x00004188       0x10 .\CortexM3\ARM_GCC_493\Debug\Hummingbird(Continuous Output).a(UI_ADC_SAR.o)
                0x00004188                UI_ADC_SAR_StartConvert
 .text.UI_ADC_TempBuf_DmaInitialize
                0x00004198       0x44 .\CortexM3\ARM_GCC_493\Debug\Hummingbird(Continuous Output).a(UI_ADC_TempBuf_dma.o)
                0x00004198                UI_ADC_TempBuf_DmaInitialize
 .text.UI_ADC_FinalBuf_DmaInitialize
                0x000041dc       0x3c .\CortexM3\ARM_GCC_493\Debug\Hummingbird(Continuous Output).a(UI_ADC_FinalBuf_dma.o)
                0x000041dc                UI_ADC_FinalBuf_DmaInitialize
 .text.UI_ADC_IRQ_SetVector
                0x00004218        0xc .\CortexM3\ARM_GCC_493\Debug\Hummingbird(Continuous Output).a(UI_ADC_IRQ.o)
                0x00004218                UI_ADC_IRQ_SetVector
 .text.UI_ADC_IRQ_SetPriority
                0x00004224       0x10 .\CortexM3\ARM_GCC_493\Debug\Hummingbird(Continuous Output).a(UI_ADC_IRQ.o)
                0x00004224                UI_ADC_IRQ_SetPriority
 .text.UART_Enable
                0x00004234       0x1c .\CortexM3\ARM_GCC_493\Debug\Hummingbird(Continuous Output).a(UART.o)
                0x00004234                UART_Enable
 .text.UART_Start
                0x00004250       0x38 .\CortexM3\ARM_GCC_493\Debug\Hummingbird(Continuous Output).a(UART.o)
                0x00004250                UART_Start
 .text.UART_PutChar
                0x00004288       0x18 .\CortexM3\ARM_GCC_493\Debug\Hummingbird(Continuous Output).a(UART.o)
                0x00004288                UART_PutChar
 .text.I2C_CharLCD_Init
                0x000042a0       0x8c .\CortexM3\ARM_GCC_493\Debug\Hummingbird(Continuous Output).a(I2C_CharLCD.o)
                0x000042a0                I2C_CharLCD_Init
 .text.I2C_CharLCD_Enable
                0x0000432c       0x2c .\CortexM3\ARM_GCC_493\Debug\Hummingbird(Continuous Output).a(I2C_CharLCD.o)
                0x0000432c                I2C_CharLCD_Enable
 .text.I2C_CharLCD_Start
                0x00004358       0x28 .\CortexM3\ARM_GCC_493\Debug\Hummingbird(Continuous Output).a(I2C_CharLCD.o)
                0x00004358                I2C_CharLCD_Start
 .text.I2C_CharLCD_ISR
                0x00004380      0x250 .\CortexM3\ARM_GCC_493\Debug\Hummingbird(Continuous Output).a(I2C_CharLCD_INT.o)
                0x00004380                I2C_CharLCD_ISR
 .text.I2C_CharLCD_MasterWriteBuf
                0x000045d0       0xc4 .\CortexM3\ARM_GCC_493\Debug\Hummingbird(Continuous Output).a(I2C_CharLCD_MASTER.o)
                0x000045d0                I2C_CharLCD_MasterWriteBuf
 .text.CharLCD_WriteData
                0x00004694       0x44 .\CortexM3\ARM_GCC_493\Debug\Hummingbird(Continuous Output).a(CharLCD_I2C.o)
                0x00004694                CharLCD_WriteData
 .text.CharLCD_PrintString
                0x000046d8       0x1c .\CortexM3\ARM_GCC_493\Debug\Hummingbird(Continuous Output).a(CharLCD_I2C.o)
                0x000046d8                CharLCD_PrintString
 .text.CharLCD_WriteControl
                0x000046f4       0x44 .\CortexM3\ARM_GCC_493\Debug\Hummingbird(Continuous Output).a(CharLCD_I2C.o)
                0x000046f4                CharLCD_WriteControl
 .text.CharLCD_Position
                0x00004738       0x34 .\CortexM3\ARM_GCC_493\Debug\Hummingbird(Continuous Output).a(CharLCD_I2C.o)
                0x00004738                CharLCD_Position
 .text.CharLCD_WrtCntrlUpNib
                0x0000476c       0x30 .\CortexM3\ARM_GCC_493\Debug\Hummingbird(Continuous Output).a(CharLCD_I2C.o)
                0x0000476c                CharLCD_WrtCntrlUpNib
 .text.CharLCD_Init
                0x0000479c       0x6c .\CortexM3\ARM_GCC_493\Debug\Hummingbird(Continuous Output).a(CharLCD_I2C.o)
                0x0000479c                CharLCD_Init
 .text.CharLCD_Start
                0x00004808       0x20 .\CortexM3\ARM_GCC_493\Debug\Hummingbird(Continuous Output).a(CharLCD_I2C.o)
                0x00004808                CharLCD_Start
 .text.CharLCD_PrintNumber
                0x00004828       0xb8 .\CortexM3\ARM_GCC_493\Debug\Hummingbird(Continuous Output).a(CharLCD_I2C.o)
                0x00004828                CharLCD_PrintNumber
 .text          0x000048e0       0x20 .\CortexM3\ARM_GCC_493\Debug\Hummingbird(Continuous Output).a(CyBootAsmGnu.o)
                0x000048e0                CyDelayCycles
                0x000048f0                CyEnterCriticalSection
                0x000048f8                CyExitCriticalSection
 .text.MIDI1_UART_Init
                0x00004900       0x60 .\CortexM3\ARM_GCC_493\Debug\Hummingbird(Continuous Output).a(MIDI1_UART.o)
                0x00004900                MIDI1_UART_Init
 .text.MIDI1_UART_Enable
                0x00004960       0x40 .\CortexM3\ARM_GCC_493\Debug\Hummingbird(Continuous Output).a(MIDI1_UART.o)
                0x00004960                MIDI1_UART_Enable
 .text.MIDI1_UART_Start
                0x000049a0       0x1c .\CortexM3\ARM_GCC_493\Debug\Hummingbird(Continuous Output).a(MIDI1_UART.o)
                0x000049a0                MIDI1_UART_Start
 .text.MIDI1_UART_Stop
                0x000049bc       0x40 .\CortexM3\ARM_GCC_493\Debug\Hummingbird(Continuous Output).a(MIDI1_UART.o)
                0x000049bc                MIDI1_UART_Stop
 .text.MIDI1_UART_ClearRxBuffer
                0x000049fc       0x44 .\CortexM3\ARM_GCC_493\Debug\Hummingbird(Continuous Output).a(MIDI1_UART.o)
                0x000049fc                MIDI1_UART_ClearRxBuffer
 .text.MIDI1_UART_ClearTxBuffer
                0x00004a40       0x40 .\CortexM3\ARM_GCC_493\Debug\Hummingbird(Continuous Output).a(MIDI1_UART.o)
                0x00004a40                MIDI1_UART_ClearTxBuffer
 .text.MIDI2_UART_Init
                0x00004a80       0x60 .\CortexM3\ARM_GCC_493\Debug\Hummingbird(Continuous Output).a(MIDI2_UART.o)
                0x00004a80                MIDI2_UART_Init
 .text.MIDI2_UART_Enable
                0x00004ae0       0x44 .\CortexM3\ARM_GCC_493\Debug\Hummingbird(Continuous Output).a(MIDI2_UART.o)
                0x00004ae0                MIDI2_UART_Enable
 .text.MIDI2_UART_Start
                0x00004b24       0x1c .\CortexM3\ARM_GCC_493\Debug\Hummingbird(Continuous Output).a(MIDI2_UART.o)
                0x00004b24                MIDI2_UART_Start
 .text.MIDI2_UART_Stop
                0x00004b40       0x44 .\CortexM3\ARM_GCC_493\Debug\Hummingbird(Continuous Output).a(MIDI2_UART.o)
                0x00004b40                MIDI2_UART_Stop
 .text.MIDI2_UART_ClearRxBuffer
                0x00004b84       0x44 .\CortexM3\ARM_GCC_493\Debug\Hummingbird(Continuous Output).a(MIDI2_UART.o)
                0x00004b84                MIDI2_UART_ClearRxBuffer
 .text.MIDI2_UART_ClearTxBuffer
                0x00004bc8       0x40 .\CortexM3\ARM_GCC_493\Debug\Hummingbird(Continuous Output).a(MIDI2_UART.o)
                0x00004bc8                MIDI2_UART_ClearTxBuffer
 .text.USB_DispatchClassRqst
                0x00004c08       0x60 .\CortexM3\ARM_GCC_493\Debug\Hummingbird(Continuous Output).a(USB_cls.o)
                0x00004c08                USB_DispatchClassRqst
 .text.CyFlash_SetWaitCycles
                0x00004c68       0x54 .\CortexM3\ARM_GCC_493\Debug\Hummingbird(Continuous Output).a(CyFlash.o)
                0x00004c68                CyFlash_SetWaitCycles
 .text.CySetReg24
                0x00004cbc       0x14 .\CortexM3\ARM_GCC_493\Debug\Hummingbird(Continuous Output).a(cyutils.o)
                0x00004cbc                CySetReg24
 .text.MIDI1_UART_RXISR
                0x00004cd0       0x80 .\CortexM3\ARM_GCC_493\Debug\Hummingbird(Continuous Output).a(MIDI1_UART_INT.o)
                0x00004cd0                MIDI1_UART_RXISR
 .text.MIDI1_UART_TXISR
                0x00004d50       0x68 .\CortexM3\ARM_GCC_493\Debug\Hummingbird(Continuous Output).a(MIDI1_UART_INT.o)
                0x00004d50                MIDI1_UART_TXISR
 .text.MIDI2_UART_RXISR
                0x00004db8       0x80 .\CortexM3\ARM_GCC_493\Debug\Hummingbird(Continuous Output).a(MIDI2_UART_INT.o)
                0x00004db8                MIDI2_UART_RXISR
 .text.MIDI2_UART_TXISR
                0x00004e38       0x68 .\CortexM3\ARM_GCC_493\Debug\Hummingbird(Continuous Output).a(MIDI2_UART_INT.o)
                0x00004e38                MIDI2_UART_TXISR
 .text.USB_DispatchAUDIOClassRqst
                0x00004ea0       0x34 .\CortexM3\ARM_GCC_493\Debug\Hummingbird(Continuous Output).a(USB_audio.o)
                0x00004ea0                USB_DispatchAUDIOClassRqst
 .text.cos      0x00004ed4       0x90 c:/program files (x86)/cypress/psoc creator/4.0/psoc creator/import/gnu/arm/4.9.3/bin/../lib/gcc/arm-none-eabi/4.9.3/../../../../arm-none-eabi/lib/armv7-m\libm.a(lib_a-s_cos.o)
                0x00004ed4                cos
 .text.sin      0x00004f64       0x94 c:/program files (x86)/cypress/psoc creator/4.0/psoc creator/import/gnu/arm/4.9.3/bin/../lib/gcc/arm-none-eabi/4.9.3/../../../../arm-none-eabi/lib/armv7-m\libm.a(lib_a-s_sin.o)
                0x00004f64                sin
 .text.pow      0x00004ff8      0x2f0 c:/program files (x86)/cypress/psoc creator/4.0/psoc creator/import/gnu/arm/4.9.3/bin/../lib/gcc/arm-none-eabi/4.9.3/../../../../arm-none-eabi/lib/armv7-m\libm.a(lib_a-w_pow.o)
                0x00004ff8                pow
 .text.__ieee754_pow
                0x000052e8      0xaa0 c:/program files (x86)/cypress/psoc creator/4.0/psoc creator/import/gnu/arm/4.9.3/bin/../lib/gcc/arm-none-eabi/4.9.3/../../../../arm-none-eabi/lib/armv7-m\libm.a(lib_a-e_pow.o)
                0x000052e8                __ieee754_pow
 .text.__ieee754_rem_pio2
                0x00005d88      0x428 c:/program files (x86)/cypress/psoc creator/4.0/psoc creator/import/gnu/arm/4.9.3/bin/../lib/gcc/arm-none-eabi/4.9.3/../../../../arm-none-eabi/lib/armv7-m\libm.a(lib_a-e_rem_pio2.o)
                0x00005d88                __ieee754_rem_pio2
 .text.__ieee754_sqrt
                0x000061b0      0x18c c:/program files (x86)/cypress/psoc creator/4.0/psoc creator/import/gnu/arm/4.9.3/bin/../lib/gcc/arm-none-eabi/4.9.3/../../../../arm-none-eabi/lib/armv7-m\libm.a(lib_a-e_sqrt.o)
                0x000061b0                __ieee754_sqrt
 *fill*         0x0000633c        0x4 
 .text.__kernel_cos
                0x00006340      0x248 c:/program files (x86)/cypress/psoc creator/4.0/psoc creator/import/gnu/arm/4.9.3/bin/../lib/gcc/arm-none-eabi/4.9.3/../../../../arm-none-eabi/lib/armv7-m\libm.a(lib_a-k_cos.o)
                0x00006340                __kernel_cos
 .text.__kernel_rem_pio2
                0x00006588      0x808 c:/program files (x86)/cypress/psoc creator/4.0/psoc creator/import/gnu/arm/4.9.3/bin/../lib/gcc/arm-none-eabi/4.9.3/../../../../arm-none-eabi/lib/armv7-m\libm.a(lib_a-k_rem_pio2.o)
                0x00006588                __kernel_rem_pio2
 .text.__kernel_sin
                0x00006d90      0x170 c:/program files (x86)/cypress/psoc creator/4.0/psoc creator/import/gnu/arm/4.9.3/bin/../lib/gcc/arm-none-eabi/4.9.3/../../../../arm-none-eabi/lib/armv7-m\libm.a(lib_a-k_sin.o)
                0x00006d90                __kernel_sin
 .text.fabs     0x00006f00        0x8 c:/program files (x86)/cypress/psoc creator/4.0/psoc creator/import/gnu/arm/4.9.3/bin/../lib/gcc/arm-none-eabi/4.9.3/../../../../arm-none-eabi/lib/armv7-m\libm.a(lib_a-s_fabs.o)
                0x00006f00                fabs
 .text.finite   0x00006f08        0xc c:/program files (x86)/cypress/psoc creator/4.0/psoc creator/import/gnu/arm/4.9.3/bin/../lib/gcc/arm-none-eabi/4.9.3/../../../../arm-none-eabi/lib/armv7-m\libm.a(lib_a-s_finite.o)
                0x00006f08                finite
 *fill*         0x00006f14        0x4 
 .text.floor    0x00006f18      0x118 c:/program files (x86)/cypress/psoc creator/4.0/psoc creator/import/gnu/arm/4.9.3/bin/../lib/gcc/arm-none-eabi/4.9.3/../../../../arm-none-eabi/lib/armv7-m\libm.a(lib_a-s_floor.o)
                0x00006f18                floor
 .text.__fpclassifyd
                0x00007030       0x58 c:/program files (x86)/cypress/psoc creator/4.0/psoc creator/import/gnu/arm/4.9.3/bin/../lib/gcc/arm-none-eabi/4.9.3/../../../../arm-none-eabi/lib/armv7-m\libm.a(lib_a-s_fpclassify.o)
                0x00007030                __fpclassifyd
 .text.matherr  0x00007088        0x4 c:/program files (x86)/cypress/psoc creator/4.0/psoc creator/import/gnu/arm/4.9.3/bin/../lib/gcc/arm-none-eabi/4.9.3/../../../../arm-none-eabi/lib/armv7-m\libm.a(lib_a-s_matherr.o)
                0x00007088                matherr
 .text.nan      0x0000708c        0xc c:/program files (x86)/cypress/psoc creator/4.0/psoc creator/import/gnu/arm/4.9.3/bin/../lib/gcc/arm-none-eabi/4.9.3/../../../../arm-none-eabi/lib/armv7-m\libm.a(lib_a-s_nan.o)
                0x0000708c                nan
 .text.rint     0x00007098      0x11c c:/program files (x86)/cypress/psoc creator/4.0/psoc creator/import/gnu/arm/4.9.3/bin/../lib/gcc/arm-none-eabi/4.9.3/../../../../arm-none-eabi/lib/armv7-m\libm.a(lib_a-s_rint.o)
                0x00007098                rint
 *fill*         0x000071b4        0x4 
 .text.scalbn   0x000071b8       0xf0 c:/program files (x86)/cypress/psoc creator/4.0/psoc creator/import/gnu/arm/4.9.3/bin/../lib/gcc/arm-none-eabi/4.9.3/../../../../arm-none-eabi/lib/armv7-m\libm.a(lib_a-s_scalbn.o)
                0x000071b8                scalbn
 .text.copysign
                0x000072a8       0x10 c:/program files (x86)/cypress/psoc creator/4.0/psoc creator/import/gnu/arm/4.9.3/bin/../lib/gcc/arm-none-eabi/4.9.3/../../../../arm-none-eabi/lib/armv7-m\libm.a(lib_a-s_copysign.o)
                0x000072a8                copysign
 .text          0x000072b8      0x370 c:/program files (x86)/cypress/psoc creator/4.0/psoc creator/import/gnu/arm/4.9.3/bin/../lib/gcc/arm-none-eabi/4.9.3/armv7-m\libgcc.a(_arm_addsubdf3.o)
                0x000072b8                __aeabi_drsub
                0x000072c0                __aeabi_dsub
                0x000072c0                __subdf3
                0x000072c4                __aeabi_dadd
                0x000072c4                __adddf3
                0x0000753c                __floatunsidf
                0x0000753c                __aeabi_ui2d
                0x0000755c                __floatsidf
                0x0000755c                __aeabi_i2d
                0x00007580                __aeabi_f2d
                0x00007580                __extendsfdf2
                0x000075bc                __floatundidf
                0x000075bc                __aeabi_ul2d
                0x000075cc                __floatdidf
                0x000075cc                __aeabi_l2d
 .text          0x00007628      0x424 c:/program files (x86)/cypress/psoc creator/4.0/psoc creator/import/gnu/arm/4.9.3/bin/../lib/gcc/arm-none-eabi/4.9.3/armv7-m\libgcc.a(_arm_muldivdf3.o)
                0x00007628                __aeabi_dmul
                0x00007628                __muldf3
                0x0000787c                __divdf3
                0x0000787c                __aeabi_ddiv
 .text          0x00007a4c      0x110 c:/program files (x86)/cypress/psoc creator/4.0/psoc creator/import/gnu/arm/4.9.3/bin/../lib/gcc/arm-none-eabi/4.9.3/armv7-m\libgcc.a(_arm_cmpdf2.o)
                0x00007a4c                __gtdf2
                0x00007a4c                __gedf2
                0x00007a54                __ltdf2
                0x00007a54                __ledf2
                0x00007a5c                __nedf2
                0x00007a5c                __eqdf2
                0x00007a5c                __cmpdf2
                0x00007ad8                __aeabi_cdrcmple
                0x00007ae8                __aeabi_cdcmpeq
                0x00007ae8                __aeabi_cdcmple
                0x00007af8                __aeabi_dcmpeq
                0x00007b0c                __aeabi_dcmplt
                0x00007b20                __aeabi_dcmple
                0x00007b34                __aeabi_dcmpge
                0x00007b48                __aeabi_dcmpgt
 .text          0x00007b5c       0x50 c:/program files (x86)/cypress/psoc creator/4.0/psoc creator/import/gnu/arm/4.9.3/bin/../lib/gcc/arm-none-eabi/4.9.3/armv7-m\libgcc.a(_arm_fixdfsi.o)
                0x00007b5c                __aeabi_d2iz
                0x00007b5c                __fixdfsi
 .text          0x00007bac       0xa0 c:/program files (x86)/cypress/psoc creator/4.0/psoc creator/import/gnu/arm/4.9.3/bin/../lib/gcc/arm-none-eabi/4.9.3/armv7-m\libgcc.a(_arm_truncdfsf2.o)
                0x00007bac                __truncdfsf2
                0x00007bac                __aeabi_d2f
 .text          0x00007c4c      0x21c c:/program files (x86)/cypress/psoc creator/4.0/psoc creator/import/gnu/arm/4.9.3/bin/../lib/gcc/arm-none-eabi/4.9.3/armv7-m\libgcc.a(_arm_addsubsf3.o)
                0x00007c4c                __aeabi_frsub
                0x00007c54                __subsf3
                0x00007c54                __aeabi_fsub
                0x00007c58                __aeabi_fadd
                0x00007c58                __addsf3
                0x00007db8                __aeabi_ui2f
                0x00007db8                __floatunsisf
                0x00007dc0                __aeabi_i2f
                0x00007dc0                __floatsisf
                0x00007ddc                __aeabi_ul2f
                0x00007ddc                __floatundisf
                0x00007dec                __aeabi_l2f
                0x00007dec                __floatdisf
 .text          0x00007e68      0x2a0 c:/program files (x86)/cypress/psoc creator/4.0/psoc creator/import/gnu/arm/4.9.3/bin/../lib/gcc/arm-none-eabi/4.9.3/armv7-m\libgcc.a(_arm_muldivsf3.o)
                0x00007e68                __mulsf3
                0x00007e68                __aeabi_fmul
                0x00007fd0                __aeabi_fdiv
                0x00007fd0                __divsf3
 .text          0x00008108       0xec c:/program files (x86)/cypress/psoc creator/4.0/psoc creator/import/gnu/arm/4.9.3/bin/../lib/gcc/arm-none-eabi/4.9.3/armv7-m\libgcc.a(_arm_cmpsf2.o)
                0x00008108                __gesf2
                0x00008108                __gtsf2
                0x00008110                __lesf2
                0x00008110                __ltsf2
                0x00008118                __nesf2
                0x00008118                __eqsf2
                0x00008118                __cmpsf2
                0x00008178                __aeabi_cfrcmple
                0x00008180                __aeabi_cfcmpeq
                0x00008180                __aeabi_cfcmple
                0x00008190                __aeabi_fcmpeq
                0x000081a4                __aeabi_fcmplt
                0x000081b8                __aeabi_fcmple
                0x000081cc                __aeabi_fcmpge
                0x000081e0                __aeabi_fcmpgt
 .text          0x000081f4       0x40 c:/program files (x86)/cypress/psoc creator/4.0/psoc creator/import/gnu/arm/4.9.3/bin/../lib/gcc/arm-none-eabi/4.9.3/armv7-m\libgcc.a(_arm_fixunssfsi.o)
                0x000081f4                __fixunssfsi
                0x000081f4                __aeabi_f2uiz
 .text.calloc   0x00008234       0x14 c:/program files (x86)/cypress/psoc creator/4.0/psoc creator/import/gnu/arm/4.9.3/bin/../lib/gcc/arm-none-eabi/4.9.3/../../../../arm-none-eabi/lib/armv7-m\libg_nano.a(lib_a-calloc.o)
                0x00008234                calloc
 .text.__errno  0x00008248        0xc c:/program files (x86)/cypress/psoc creator/4.0/psoc creator/import/gnu/arm/4.9.3/bin/../lib/gcc/arm-none-eabi/4.9.3/../../../../arm-none-eabi/lib/armv7-m\libg_nano.a(lib_a-errno.o)
                0x00008248                __errno
 .text.__libc_init_array
                0x00008254       0x4c c:/program files (x86)/cypress/psoc creator/4.0/psoc creator/import/gnu/arm/4.9.3/bin/../lib/gcc/arm-none-eabi/4.9.3/../../../../arm-none-eabi/lib/armv7-m\libg_nano.a(lib_a-init.o)
                0x00008254                __libc_init_array
 .text.malloc   0x000082a0       0x10 c:/program files (x86)/cypress/psoc creator/4.0/psoc creator/import/gnu/arm/4.9.3/bin/../lib/gcc/arm-none-eabi/4.9.3/../../../../arm-none-eabi/lib/armv7-m\libg_nano.a(lib_a-malloc.o)
                0x000082a0                malloc
 .text.free     0x000082b0       0x10 c:/program files (x86)/cypress/psoc creator/4.0/psoc creator/import/gnu/arm/4.9.3/bin/../lib/gcc/arm-none-eabi/4.9.3/../../../../arm-none-eabi/lib/armv7-m\libg_nano.a(lib_a-malloc.o)
                0x000082b0                free
 .text.memcpy   0x000082c0       0x16 c:/program files (x86)/cypress/psoc creator/4.0/psoc creator/import/gnu/arm/4.9.3/bin/../lib/gcc/arm-none-eabi/4.9.3/../../../../arm-none-eabi/lib/armv7-m\libg_nano.a(lib_a-memcpy.o)
                0x000082c0                memcpy
 .text.memset   0x000082d6       0x10 c:/program files (x86)/cypress/psoc creator/4.0/psoc creator/import/gnu/arm/4.9.3/bin/../lib/gcc/arm-none-eabi/4.9.3/../../../../arm-none-eabi/lib/armv7-m\libg_nano.a(lib_a-memset.o)
                0x000082d6                memset
 .text._calloc_r
                0x000082e6       0x1c c:/program files (x86)/cypress/psoc creator/4.0/psoc creator/import/gnu/arm/4.9.3/bin/../lib/gcc/arm-none-eabi/4.9.3/../../../../arm-none-eabi/lib/armv7-m\libg_nano.a(lib_a-nano-callocr.o)
                0x000082e6                _calloc_r
 *fill*         0x00008302        0x2 
 .text._free_r  0x00008304       0x88 c:/program files (x86)/cypress/psoc creator/4.0/psoc creator/import/gnu/arm/4.9.3/bin/../lib/gcc/arm-none-eabi/4.9.3/../../../../arm-none-eabi/lib/armv7-m\libg_nano.a(lib_a-nano-freer.o)
                0x00008304                _free_r
 .text._malloc_r
                0x0000838c       0xac c:/program files (x86)/cypress/psoc creator/4.0/psoc creator/import/gnu/arm/4.9.3/bin/../lib/gcc/arm-none-eabi/4.9.3/../../../../arm-none-eabi/lib/armv7-m\libg_nano.a(lib_a-nano-mallocr.o)
                0x0000838c                _malloc_r
 .text._sbrk_r  0x00008438       0x20 c:/program files (x86)/cypress/psoc creator/4.0/psoc creator/import/gnu/arm/4.9.3/bin/../lib/gcc/arm-none-eabi/4.9.3/../../../../arm-none-eabi/lib/armv7-m\libg_nano.a(lib_a-sbrkr.o)
                0x00008438                _sbrk_r
 .text._sbrk    0x00008458       0x1c c:/program files (x86)/cypress/psoc creator/4.0/psoc creator/import/gnu/arm/4.9.3/bin/../lib/gcc/arm-none-eabi/4.9.3/../../../../arm-none-eabi/lib/armv7-m\libnosys.a(sbrk.o)
                0x00008458                _sbrk
 *(.plt)
 *(.gnu.warning)
 *(.glue_7t)
 .glue_7t       0x00000000        0x0 linker stubs
 *(.glue_7)
 .glue_7        0x00000000        0x0 linker stubs
 *(.vfp11_veneer)
 .vfp11_veneer  0x00000000        0x0 linker stubs
 *(.bootloader)
 *(.ARM.extab* .gnu.linkonce.armextab.*)
 *(.gcc_except_table)

.v4_bx          0x00008474        0x0
 .v4_bx         0x00000000        0x0 linker stubs

.iplt           0x00008474        0x0
 .iplt          0x00000000        0x0 c:/program files (x86)/cypress/psoc creator/4.0/psoc creator/import/gnu/arm/4.9.3/bin/../lib/gcc/arm-none-eabi/4.9.3/armv7-m/crtbegin.o

.eh_frame_hdr
 *(.eh_frame_hdr)

.eh_frame       0x00008474        0x4
 *(.eh_frame)
 .eh_frame      0x00008474        0x0 c:/program files (x86)/cypress/psoc creator/4.0/psoc creator/import/gnu/arm/4.9.3/bin/../lib/gcc/arm-none-eabi/4.9.3/armv7-m/crtbegin.o
 .eh_frame      0x00008474        0x4 c:/program files (x86)/cypress/psoc creator/4.0/psoc creator/import/gnu/arm/4.9.3/bin/../lib/gcc/arm-none-eabi/4.9.3/armv7-m/crtend.o
                0x00008478                PROVIDE (__exidx_start, .)

.ARM.exidx
 *(.ARM.exidx* .gnu.linkonce.armexidx.*)
                0x00008478                __exidx_end = .

.rodata         0x00008478      0x4f8
 *(.rodata .rodata.* .gnu.linkonce.r.*)
 .rodata.str1.4
                0x00008478       0x31 .\CortexM3\ARM_GCC_493\Debug\midi.o
                                 0x34 (size before relaxing)
 *fill*         0x000084a9        0x3 
 .rodata.str1.4
                0x000084ac       0x2a .\CortexM3\ARM_GCC_493\Debug\hbird.o
                                 0x2c (size before relaxing)
 *fill*         0x000084d6        0x2 
 .rodata        0x000084d8       0x30 .\CortexM3\ARM_GCC_493\Debug\Hummingbird(Continuous Output).a(cyfitter_cfg.o)
 .rodata        0x00008508       0x14 .\CortexM3\ARM_GCC_493\Debug\Hummingbird(Continuous Output).a(USB_std.o)
 .rodata        0x0000851c       0x10 .\CortexM3\ARM_GCC_493\Debug\Hummingbird(Continuous Output).a(cyPm.o)
 .rodata        0x0000852c      0x1ec .\CortexM3\ARM_GCC_493\Debug\Hummingbird(Continuous Output).a(USB_descr.o)
                0x0000852c                USB_MSOS_CONFIGURATION_DESCR
                0x00008554                USB_MSOS_DESCRIPTOR
                0x00008568                USB_TABLE
                0x00008570                USB_DEVICE0_TABLE
                0x00008580                USB_DEVICE0_CONFIGURATION0_TABLE
                0x000085a8                USB_DEVICE0_CONFIGURATION0_INTERFACE_CLASS
                0x000085ac                USB_DEVICE0_CONFIGURATION0_EP_SETTINGS_TABLE
                0x000085bc                USB_SN_STRING_DESCRIPTOR
                0x000085c0                USB_STRING_DESCRIPTORS
                0x0000867c                USB_DEVICE0_CONFIGURATION0_DESCR
                0x00008704                USB_DEVICE0_DESCR
 .rodata.str1.4
                0x00008718        0x4 c:/program files (x86)/cypress/psoc creator/4.0/psoc creator/import/gnu/arm/4.9.3/bin/../lib/gcc/arm-none-eabi/4.9.3/../../../../arm-none-eabi/lib/armv7-m\libm.a(lib_a-w_pow.o)
 *fill*         0x0000871c        0x4 
 .rodata.dp_h   0x00008720       0x10 c:/program files (x86)/cypress/psoc creator/4.0/psoc creator/import/gnu/arm/4.9.3/bin/../lib/gcc/arm-none-eabi/4.9.3/../../../../arm-none-eabi/lib/armv7-m\libm.a(lib_a-e_pow.o)
 .rodata.dp_l   0x00008730       0x10 c:/program files (x86)/cypress/psoc creator/4.0/psoc creator/import/gnu/arm/4.9.3/bin/../lib/gcc/arm-none-eabi/4.9.3/../../../../arm-none-eabi/lib/armv7-m\libm.a(lib_a-e_pow.o)
 .rodata.bp     0x00008740       0x10 c:/program files (x86)/cypress/psoc creator/4.0/psoc creator/import/gnu/arm/4.9.3/bin/../lib/gcc/arm-none-eabi/4.9.3/../../../../arm-none-eabi/lib/armv7-m\libm.a(lib_a-e_pow.o)
 .rodata.str1.4
                0x00000000        0x4 c:/program files (x86)/cypress/psoc creator/4.0/psoc creator/import/gnu/arm/4.9.3/bin/../lib/gcc/arm-none-eabi/4.9.3/../../../../arm-none-eabi/lib/armv7-m\libm.a(lib_a-e_pow.o)
 .rodata.npio2_hw
                0x00008750       0x80 c:/program files (x86)/cypress/psoc creator/4.0/psoc creator/import/gnu/arm/4.9.3/bin/../lib/gcc/arm-none-eabi/4.9.3/../../../../arm-none-eabi/lib/armv7-m\libm.a(lib_a-e_rem_pio2.o)
 .rodata.two_over_pi
                0x000087d0      0x108 c:/program files (x86)/cypress/psoc creator/4.0/psoc creator/import/gnu/arm/4.9.3/bin/../lib/gcc/arm-none-eabi/4.9.3/../../../../arm-none-eabi/lib/armv7-m\libm.a(lib_a-e_rem_pio2.o)
 .rodata.init_jk
                0x000088d8       0x10 c:/program files (x86)/cypress/psoc creator/4.0/psoc creator/import/gnu/arm/4.9.3/bin/../lib/gcc/arm-none-eabi/4.9.3/../../../../arm-none-eabi/lib/armv7-m\libm.a(lib_a-k_rem_pio2.o)
 .rodata.PIo2   0x000088e8       0x40 c:/program files (x86)/cypress/psoc creator/4.0/psoc creator/import/gnu/arm/4.9.3/bin/../lib/gcc/arm-none-eabi/4.9.3/../../../../arm-none-eabi/lib/armv7-m\libm.a(lib_a-k_rem_pio2.o)
 .rodata.TWO52  0x00008928       0x10 c:/program files (x86)/cypress/psoc creator/4.0/psoc creator/import/gnu/arm/4.9.3/bin/../lib/gcc/arm-none-eabi/4.9.3/../../../../arm-none-eabi/lib/armv7-m\libm.a(lib_a-s_rint.o)
 .rodata.str1.1
                0x00008938        0x2 c:/program files (x86)/cypress/psoc creator/4.0/psoc creator/import/gnu/arm/4.9.3/bin/../lib/gcc/arm-none-eabi/4.9.3/../../../../arm-none-eabi/lib/armv7-m\libg_nano.a(lib_a-impure.o)
                0x0000893c                . = ALIGN (0x4)
 *fill*         0x0000893a        0x2 
 *(.init)
 .init          0x0000893c        0x4 c:/program files (x86)/cypress/psoc creator/4.0/psoc creator/import/gnu/arm/4.9.3/bin/../lib/gcc/arm-none-eabi/4.9.3/armv7-m/crti.o
                0x0000893c                _init
 .init          0x00008940        0x8 c:/program files (x86)/cypress/psoc creator/4.0/psoc creator/import/gnu/arm/4.9.3/bin/../lib/gcc/arm-none-eabi/4.9.3/armv7-m/crtn.o
                0x00008948                . = ALIGN (0x4)
                0x00008948                __preinit_array_start = .
 *(.preinit_array)
                0x00008948                __preinit_array_end = .
                0x00008948                . = ALIGN (0x4)
                0x00008948                __init_array_start = .
 *(SORT(.init_array.*))
 *(.init_array)
 .init_array    0x00008948        0x4 c:/program files (x86)/cypress/psoc creator/4.0/psoc creator/import/gnu/arm/4.9.3/bin/../lib/gcc/arm-none-eabi/4.9.3/armv7-m/crtbegin.o
 .init_array    0x0000894c        0x4 .\CortexM3\ARM_GCC_493\Debug\Cm3Start.o
                0x00008950                __init_array_end = .
                0x00008950                . = ALIGN (0x4)
 *(.fini)
 .fini          0x00008950        0x4 c:/program files (x86)/cypress/psoc creator/4.0/psoc creator/import/gnu/arm/4.9.3/bin/../lib/gcc/arm-none-eabi/4.9.3/armv7-m/crti.o
                0x00008950                _fini
 .fini          0x00008954        0x8 c:/program files (x86)/cypress/psoc creator/4.0/psoc creator/import/gnu/arm/4.9.3/bin/../lib/gcc/arm-none-eabi/4.9.3/armv7-m/crtn.o
                0x0000895c                . = ALIGN (0x4)
                0x0000895c                __fini_array_start = .
 *(.fini_array)
 .fini_array    0x0000895c        0x4 c:/program files (x86)/cypress/psoc creator/4.0/psoc creator/import/gnu/arm/4.9.3/bin/../lib/gcc/arm-none-eabi/4.9.3/armv7-m/crtbegin.o
 *(SORT(.fini_array.*))
                0x00008960                __fini_array_end = .
                0x00008960                . = ALIGN (0x4)
 *crtbegin.o(.ctors)
 *(EXCLUDE_FILE(*crtend.o) .ctors)
 *(SORT(.ctors.*))
 *crtend.o(.ctors)
                0x00008960                . = ALIGN (0x4)
 *crtbegin.o(.dtors)
 *(EXCLUDE_FILE(*crtend.o) .dtors)
 *(SORT(.dtors.*))
 *crtend.o(.dtors)
                0x00008960                . = ALIGN (0x4)
                0x00008960                __cy_regions = .
                0x00008960        0x4 LONG 0x8970 __cy_region_init_ram
                0x00008964        0x4 LONG 0x1fff8108 __cy_region_start_data
                0x00008968        0x4 LONG 0x178 __cy_region_init_size_ram
                0x0000896c        0x4 LONG 0x1640 __cy_region_zero_size_ram
                0x00008970                __cy_regions_end = .
                0x00008970                . = ALIGN (0x8)
                0x00008970                _etext = .

.ramvectors     0x1fff8000      0x100
                0x1fff8000                __cy_region_start_ram = .
 *(.ramvectors)
 .ramvectors    0x1fff8000      0x100 .\CortexM3\ARM_GCC_493\Debug\Cm3Start.o
                0x1fff8000                CyRamVectors

.noinit         0x1fff8100        0x5
 *(.noinit)
 .noinit        0x1fff8100        0x4 .\CortexM3\ARM_GCC_493\Debug\Cm3Start.o
 .noinit        0x1fff8104        0x1 .\CortexM3\ARM_GCC_493\Debug\Hummingbird(Continuous Output).a(CyLib.o)
                0x1fff8104                CyResetStatus

.data           0x1fff8108      0x178 load address 0x00008970
                0x1fff8108                __cy_region_start_data = .
 *(.jcr)
 .jcr           0x1fff8108        0x0 c:/program files (x86)/cypress/psoc creator/4.0/psoc creator/import/gnu/arm/4.9.3/bin/../lib/gcc/arm-none-eabi/4.9.3/armv7-m/crtbegin.o
 .jcr           0x1fff8108        0x4 c:/program files (x86)/cypress/psoc creator/4.0/psoc creator/import/gnu/arm/4.9.3/bin/../lib/gcc/arm-none-eabi/4.9.3/armv7-m/crtend.o
 *(.got.plt)
 *(.got)
 *(.shdata)
 *(.data .data.* .gnu.linkonce.d.*)
 .data          0x1fff810c        0x4 .\CortexM3\ARM_GCC_493\Debug\main.o
                0x1fff810c                lastNote
 .data          0x1fff8110       0xe8 .\CortexM3\ARM_GCC_493\Debug\midi.o
                0x1fff8110                scaleMajor
                0x1fff8184                scaleNatMinor
 .data          0x1fff81f8        0x8 .\CortexM3\ARM_GCC_493\Debug\Hummingbird(Continuous Output).a(CyDmac.o)
 .data          0x1fff8200       0x10 .\CortexM3\ARM_GCC_493\Debug\Hummingbird(Continuous Output).a(CyLib.o)
                0x1fff8200                cydelay_freq_mhz
                0x1fff8204                cydelay_32k_ms
                0x1fff8208                cydelay_freq_khz
                0x1fff820c                cydelay_freq_hz
 .data          0x1fff8210        0x2 .\CortexM3\ARM_GCC_493\Debug\Hummingbird(Continuous Output).a(UI_ADC.o)
 .data          0x1fff8212        0x1 .\CortexM3\ARM_GCC_493\Debug\Hummingbird(Continuous Output).a(UI_ADC_TempBuf_dma.o)
                0x1fff8212                UI_ADC_TempBuf_DmaHandle
 .data          0x1fff8213        0x1 .\CortexM3\ARM_GCC_493\Debug\Hummingbird(Continuous Output).a(UI_ADC_FinalBuf_dma.o)
                0x1fff8213                UI_ADC_FinalBuf_DmaHandle
 .data.__fdlib_version
                0x1fff8214        0x1 c:/program files (x86)/cypress/psoc creator/4.0/psoc creator/import/gnu/arm/4.9.3/bin/../lib/gcc/arm-none-eabi/4.9.3/../../../../arm-none-eabi/lib/armv7-m\libm.a(lib_a-s_lib_ver.o)
                0x1fff8214                __fdlib_version
 *fill*         0x1fff8215        0x3 
 .data.impure_data
                0x1fff8218       0x60 c:/program files (x86)/cypress/psoc creator/4.0/psoc creator/import/gnu/arm/4.9.3/bin/../lib/gcc/arm-none-eabi/4.9.3/../../../../arm-none-eabi/lib/armv7-m\libg_nano.a(lib_a-impure.o)
 .data._impure_ptr
                0x1fff8278        0x4 c:/program files (x86)/cypress/psoc creator/4.0/psoc creator/import/gnu/arm/4.9.3/bin/../lib/gcc/arm-none-eabi/4.9.3/../../../../arm-none-eabi/lib/armv7-m\libg_nano.a(lib_a-impure.o)
                0x1fff8278                _impure_ptr
                0x1fff8280                . = ALIGN (0x8)
 *fill*         0x1fff827c        0x4 
 *(.ram)
                0x1fff8280                _edata = .

.igot.plt       0x1fff8280        0x0 load address 0x00008ae8
 .igot.plt      0x00000000        0x0 c:/program files (x86)/cypress/psoc creator/4.0/psoc creator/import/gnu/arm/4.9.3/bin/../lib/gcc/arm-none-eabi/4.9.3/armv7-m/crtbegin.o

.bss            0x1fff8280     0x1640 load address 0x00008ae8
                0x1fff8280                PROVIDE (__bss_start__, .)
 *(.shbss)
 *(.bss .bss.* .gnu.linkonce.b.*)
 .bss           0x1fff8280       0x1c c:/program files (x86)/cypress/psoc creator/4.0/psoc creator/import/gnu/arm/4.9.3/bin/../lib/gcc/arm-none-eabi/4.9.3/armv7-m/crtbegin.o
 .bss           0x1fff829c       0x24 .\CortexM3\ARM_GCC_493\Debug\main.o
                0x1fff829c                currFrame
                0x1fff82a0                frameLocked
                0x1fff82a4                max_value
                0x1fff82a8                frameIndex
                0x1fff82ac                frameReady
                0x1fff82ae                frameProcessed
                0x1fff82af                usbActivityCounter
                0x1fff82b0                sampleFrame
                0x1fff82b1                curKey
                0x1fff82b2                curScale
                0x1fff82b3                inqFlags_old
                0x1fff82b4                frame2InUse
                0x1fff82b5                frame1InUse
                0x1fff82b8                i
                0x1fff82bc                sustain
                0x1fff82bd                csButtChange
                0x1fff82be                csButtStates_old
                0x1fff82bf                csButtStates
 .bss           0x1fff82c0      0x800 .\CortexM3\ARM_GCC_493\Debug\pitch.o
 .bss           0x1fff8ac0        0x4 .\CortexM3\ARM_GCC_493\Debug\Hummingbird(Continuous Output).a(MIDI1_UART_PM.o)
 .bss           0x1fff8ac4        0x4 .\CortexM3\ARM_GCC_493\Debug\Hummingbird(Continuous Output).a(MIDI2_UART_PM.o)
 .bss           0x1fff8ac8        0x1 .\CortexM3\ARM_GCC_493\Debug\Hummingbird(Continuous Output).a(USB.o)
                0x1fff8ac8                USB_initVar
 *fill*         0x1fff8ac9        0x3 
 .bss           0x1fff8acc        0x4 .\CortexM3\ARM_GCC_493\Debug\Hummingbird(Continuous Output).a(USB_pm.o)
 .bss           0x1fff8ad0        0x4 .\CortexM3\ARM_GCC_493\Debug\Hummingbird(Continuous Output).a(USB_std.o)
 .bss           0x1fff8ad4       0x18 .\CortexM3\ARM_GCC_493\Debug\Hummingbird(Continuous Output).a(USB_midi.o)
 .bss           0x1fff8aec       0x44 .\CortexM3\ARM_GCC_493\Debug\Hummingbird(Continuous Output).a(cyPm.o)
 .bss           0x1fff8b30        0x1 .\CortexM3\ARM_GCC_493\Debug\Hummingbird(Continuous Output).a(ADC_SAR_1.o)
                0x1fff8b30                ADC_SAR_1_initVar
 .bss           0x1fff8b31        0x1 .\CortexM3\ARM_GCC_493\Debug\Hummingbird(Continuous Output).a(Timer_1.o)
                0x1fff8b31                Timer_1_initVar
 *fill*         0x1fff8b32        0x2 
 .bss           0x1fff8b34        0xc .\CortexM3\ARM_GCC_493\Debug\Hummingbird(Continuous Output).a(UI_ADC.o)
                0x1fff8b3c                UI_ADC_initVar
 .bss           0x1fff8b40        0x1 .\CortexM3\ARM_GCC_493\Debug\Hummingbird(Continuous Output).a(UI_ADC_SAR.o)
                0x1fff8b40                UI_ADC_SAR_initVar
 .bss           0x1fff8b41        0x2 .\CortexM3\ARM_GCC_493\Debug\Hummingbird(Continuous Output).a(UART.o)
                0x1fff8b41                UART_initVar
 .bss           0x1fff8b43        0x1 .\CortexM3\ARM_GCC_493\Debug\Hummingbird(Continuous Output).a(I2C_CharLCD.o)
                0x1fff8b43                I2C_CharLCD_initVar
 .bss           0x1fff8b44        0x2 .\CortexM3\ARM_GCC_493\Debug\Hummingbird(Continuous Output).a(CharLCD_I2C.o)
                0x1fff8b44                CharLCD_enableState
                0x1fff8b45                CharLCD_initVar
 .bss           0x1fff8b46        0x8 .\CortexM3\ARM_GCC_493\Debug\Hummingbird(Continuous Output).a(MIDI1_UART.o)
                0x1fff8b46                MIDI1_UART_initVar
                0x1fff8b47                MIDI1_UART_rxBufferRead
                0x1fff8b48                MIDI1_UART_rxBufferWrite
                0x1fff8b49                MIDI1_UART_rxBufferLoopDetect
                0x1fff8b4a                MIDI1_UART_rxBufferOverflow
                0x1fff8b4b                MIDI1_UART_txBufferRead
                0x1fff8b4c                MIDI1_UART_txBufferWrite
 .bss           0x1fff8b4e        0x8 .\CortexM3\ARM_GCC_493\Debug\Hummingbird(Continuous Output).a(MIDI2_UART.o)
                0x1fff8b4e                MIDI2_UART_initVar
                0x1fff8b4f                MIDI2_UART_rxBufferRead
                0x1fff8b50                MIDI2_UART_rxBufferWrite
                0x1fff8b51                MIDI2_UART_rxBufferLoopDetect
                0x1fff8b52                MIDI2_UART_rxBufferOverflow
                0x1fff8b53                MIDI2_UART_txBufferRead
                0x1fff8b54                MIDI2_UART_txBufferWrite
 *fill*         0x1fff8b56        0x2 
 .bss.__malloc_sbrk_start
                0x1fff8b58        0x4 c:/program files (x86)/cypress/psoc creator/4.0/psoc creator/import/gnu/arm/4.9.3/bin/../lib/gcc/arm-none-eabi/4.9.3/../../../../arm-none-eabi/lib/armv7-m\libg_nano.a(lib_a-nano-mallocr.o)
                0x1fff8b58                __malloc_sbrk_start
 .bss.__malloc_free_list
                0x1fff8b5c        0x4 c:/program files (x86)/cypress/psoc creator/4.0/psoc creator/import/gnu/arm/4.9.3/bin/../lib/gcc/arm-none-eabi/4.9.3/../../../../arm-none-eabi/lib/armv7-m\libg_nano.a(lib_a-nano-mallocr.o)
                0x1fff8b5c                __malloc_free_list
 .bss.heap_end.4079
                0x1fff8b60        0x4 c:/program files (x86)/cypress/psoc creator/4.0/psoc creator/import/gnu/arm/4.9.3/bin/../lib/gcc/arm-none-eabi/4.9.3/../../../../arm-none-eabi/lib/armv7-m\libnosys.a(sbrk.o)
 *(COMMON)
 *fill*         0x1fff8b64        0x4 
 COMMON         0x1fff8b68      0x820 .\CortexM3\ARM_GCC_493\Debug\main.o
                0x1fff8b68                midiMsg
                0x1fff8b6c                ADCoutput
                0x1fff8b70                LCDstr
                0x1fff8b80                noteTable
                0x1fff8f80                pitchHz
                0x1fff8f84                test_max
                0x1fff8f88                dataFrames
 COMMON         0x1fff9388       0x98 .\CortexM3\ARM_GCC_493\Debug\Hummingbird(Continuous Output).a(USB_drv.o)
                0x1fff9388                USB_transferState
                0x1fff9389                USB_interfaceNumber
                0x1fff938a                USB_lastPacketSize
                0x1fff938c                USB_interfaceClass
                0x1fff9390                USB_interfaceSetting
                0x1fff9392                USB_ep0Mode
                0x1fff9393                USB_device
                0x1fff9394                USB_deviceAddress
                0x1fff9395                USB_ep0Toggle
                0x1fff9396                USB_configurationChanged
                0x1fff9398                USB_interfaceStatus
                0x1fff939a                USB_transferByteCount
                0x1fff939c                USB_configuration
                0x1fff93a0                USB_interfaceSetting_last
                0x1fff93a4                USB_currentTD
                0x1fff93b0                USB_ep0Count
                0x1fff93b1                USB_deviceStatus
                0x1fff93b4                USB_EP
 COMMON         0x1fff9420       0x48 .\CortexM3\ARM_GCC_493\Debug\Hummingbird(Continuous Output).a(USB_midi.o)
                0x1fff9420                USB_midiOutBuffer
                0x1fff9440                USB_MIDI1_InqFlags
                0x1fff9441                USB_midi_in_ep
                0x1fff9442                USB_midiInPointer
                0x1fff9443                USB_MIDI2_InqFlags
                0x1fff9444                USB_midi_out_ep
                0x1fff9448                USB_midiInBuffer
 COMMON         0x1fff9468        0xa .\CortexM3\ARM_GCC_493\Debug\Hummingbird(Continuous Output).a(ADC_SAR_1.o)
                0x1fff9468                ADC_SAR_1_countsPerVolt
                0x1fff946a                ADC_SAR_1_shift
                0x1fff946c                ADC_SAR_1_countsPer10Volt
                0x1fff9470                ADC_SAR_1_offset
 *fill*         0x1fff9472        0x2 
 COMMON         0x1fff9474        0x4 .\CortexM3\ARM_GCC_493\Debug\Hummingbird(Continuous Output).a(UI_ADC.o)
                0x1fff9474                UI_ADC_finalArray
 COMMON         0x1fff9478        0xa .\CortexM3\ARM_GCC_493\Debug\Hummingbird(Continuous Output).a(UI_ADC_SAR.o)
                0x1fff9478                UI_ADC_SAR_countsPer10Volt
                0x1fff947c                UI_ADC_SAR_offset
                0x1fff947e                UI_ADC_SAR_shift
                0x1fff9480                UI_ADC_SAR_countsPerVolt
 COMMON         0x1fff9482        0x1 .\CortexM3\ARM_GCC_493\Debug\Hummingbird(Continuous Output).a(I2C_CharLCD.o)
                0x1fff9482                I2C_CharLCD_state
 *fill*         0x1fff9483        0x1 
 COMMON         0x1fff9484       0x12 .\CortexM3\ARM_GCC_493\Debug\Hummingbird(Continuous Output).a(I2C_CharLCD_MASTER.o)
                0x1fff9484                I2C_CharLCD_mstrRdBufSize
                0x1fff9488                I2C_CharLCD_mstrRdBufPtr
                0x1fff948c                I2C_CharLCD_mstrControl
                0x1fff948d                I2C_CharLCD_mstrWrBufIndex
                0x1fff948e                I2C_CharLCD_mstrStatus
                0x1fff9490                I2C_CharLCD_mstrWrBufPtr
                0x1fff9494                I2C_CharLCD_mstrWrBufSize
                0x1fff9495                I2C_CharLCD_mstrRdBufIndex
 *fill*         0x1fff9496        0x2 
 COMMON         0x1fff9498      0x1ff .\CortexM3\ARM_GCC_493\Debug\Hummingbird(Continuous Output).a(MIDI1_UART.o)
                0x1fff9498                MIDI1_UART_txBuffer
                0x1fff9598                MIDI1_UART_rxBuffer
 *fill*         0x1fff9697        0x1 
 COMMON         0x1fff9698      0x1ff .\CortexM3\ARM_GCC_493\Debug\Hummingbird(Continuous Output).a(MIDI2_UART.o)
                0x1fff9698                MIDI2_UART_rxBuffer
                0x1fff9798                MIDI2_UART_txBuffer
 *fill*         0x1fff9897        0x1 
 COMMON         0x1fff9898       0x22 .\CortexM3\ARM_GCC_493\Debug\Hummingbird(Continuous Output).a(USB_descr.o)
                0x1fff9898                USB_idSerialNumberStringDescriptor
 *fill*         0x1fff98ba        0x2 
 COMMON         0x1fff98bc        0x4 c:/program files (x86)/cypress/psoc creator/4.0/psoc creator/import/gnu/arm/4.9.3/bin/../lib/gcc/arm-none-eabi/4.9.3/../../../../arm-none-eabi/lib/armv7-m\libg_nano.a(lib_a-reent.o)
                0x1fff98bc                errno
                0x1fff98c0                . = ALIGN (0x8)
 *(.ram.b)
                0x1fff98c0                _end = .
                0x1fff98c0                __end = .
                0x1fff98c0                PROVIDE (end, .)
                0x1fff98c0                PROVIDE (__bss_end__, .)
                0x00008970                __cy_region_init_ram = LOADADDR (.data)
                0x00000178                __cy_region_init_size_ram = (_edata - ADDR (.data))
                0x00001640                __cy_region_zero_size_ram = (_end - _edata)

.heap           0x1fff98c0       0x80 load address 0x00008ae8
                0x1fff98c0                . = _end
                0x1fff9940                . = (. + 0x80)
 *fill*         0x1fff98c0       0x80 
                0x1fff9940                __cy_heap_limit = .

.stack          0x20007800      0x800
                0x20007800                __cy_stack_limit = .
                0x20008000                . = (. + 0x800)
 *fill*         0x20007800      0x800 
                0x00000001                ASSERT ((__cy_stack_limit >= __cy_heap_limit), region RAM overflowed with stack)

.cyloadermeta
 *(.cyloadermeta)

.cyloadablemeta
 *(.cyloadablemeta)

.cyconfigecc    0x80000000      0xe84
 *(.cyconfigecc)
 .cyconfigecc   0x80000000      0xe84 .\CortexM3\ARM_GCC_493\Debug\cymetadata.o
                0x80000000                cy_meta_configecc

.cycustnvl      0x90000000        0x4
 *(.cycustnvl)
 .cycustnvl     0x90000000        0x4 .\CortexM3\ARM_GCC_493\Debug\cymetadata.o
                0x90000000                cy_meta_custnvl

.cywolatch      0x90100000        0x4
 *(.cywolatch)
 .cywolatch     0x90100000        0x4 .\CortexM3\ARM_GCC_493\Debug\cymetadata.o
                0x90100000                cy_meta_wonvl

.cyeeprom       0x90200000        0x0
 *(.cyeeprom)
                0x00000001                ASSERT ((. <= ((0x90200000 + ee_offset) + ee_size)), .cyeeprom data will not fit in EEPROM)

.cyflashprotect
                0x90400000      0x100
 *(.cyflashprotect)
 .cyflashprotect
                0x90400000      0x100 .\CortexM3\ARM_GCC_493\Debug\cymetadata.o
                0x90400000                cy_meta_flashprotect

.cymeta         0x90500000        0xc
 *(.cymeta)
 .cymeta        0x90500000        0xc .\CortexM3\ARM_GCC_493\Debug\cymetadata.o
                0x90500000                cy_metadata

.rel.dyn        0x00008ae8        0x0 load address 0x9050000c
 .rel.iplt      0x00000000        0x0 c:/program files (x86)/cypress/psoc creator/4.0/psoc creator/import/gnu/arm/4.9.3/bin/../lib/gcc/arm-none-eabi/4.9.3/armv7-m/crtbegin.o

.stab
 *(.stab)

.stabstr
 *(.stabstr)

.debug
 *(.debug)

.line
 *(.line)

.debug_srcinfo
 *(.debug_srcinfo)

.debug_sfnames
 *(.debug_sfnames)

.debug_aranges  0x00000000     0x13a0
 *(.debug_aranges)
 .debug_aranges
                0x00000000       0x40 .\CortexM3\ARM_GCC_493\Debug\main.o
 .debug_aranges
                0x00000040       0x68 .\CortexM3\ARM_GCC_493\Debug\fft.o
 .debug_aranges
                0x000000a8       0x50 .\CortexM3\ARM_GCC_493\Debug\midi.o
 .debug_aranges
                0x000000f8       0x40 .\CortexM3\ARM_GCC_493\Debug\pitch.o
 .debug_aranges
                0x00000138       0x30 .\CortexM3\ARM_GCC_493\Debug\hbird.o
 .debug_aranges
                0x00000168       0x18 .\CortexM3\ARM_GCC_493\Debug\cymetadata.o
 .debug_aranges
                0x00000180       0x40 .\CortexM3\ARM_GCC_493\Debug\Cm3Start.o
 .debug_aranges
                0x000001c0       0x38 .\CortexM3\ARM_GCC_493\Debug\Hummingbird(Continuous Output).a(MIDI1_UART_PM.o)
 .debug_aranges
                0x000001f8       0x38 .\CortexM3\ARM_GCC_493\Debug\Hummingbird(Continuous Output).a(MIDI2_UART_PM.o)
 .debug_aranges
                0x00000230       0x28 .\CortexM3\ARM_GCC_493\Debug\Hummingbird(Continuous Output).a(cyfitter_cfg.o)
 .debug_aranges
                0x00000258       0x58 .\CortexM3\ARM_GCC_493\Debug\Hummingbird(Continuous Output).a(SleepTimer.o)
 .debug_aranges
                0x000002b0       0x38 .\CortexM3\ARM_GCC_493\Debug\Hummingbird(Continuous Output).a(MIDI_PWR.o)
 .debug_aranges
                0x000002e8       0xb0 .\CortexM3\ARM_GCC_493\Debug\Hummingbird(Continuous Output).a(USB.o)
 .debug_aranges
                0x00000398       0x98 .\CortexM3\ARM_GCC_493\Debug\Hummingbird(Continuous Output).a(USB_drv.o)
 .debug_aranges
                0x00000430       0x38 .\CortexM3\ARM_GCC_493\Debug\Hummingbird(Continuous Output).a(USB_episr.o)
 .debug_aranges
                0x00000468       0x40 .\CortexM3\ARM_GCC_493\Debug\Hummingbird(Continuous Output).a(USB_pm.o)
 .debug_aranges
                0x000004a8       0x80 .\CortexM3\ARM_GCC_493\Debug\Hummingbird(Continuous Output).a(USB_std.o)
 .debug_aranges
                0x00000528       0x20 .\CortexM3\ARM_GCC_493\Debug\Hummingbird(Continuous Output).a(USB_vnd.o)
 .debug_aranges
                0x00000548       0x78 .\CortexM3\ARM_GCC_493\Debug\Hummingbird(Continuous Output).a(USB_midi.o)
 .debug_aranges
                0x000005c0       0xd8 .\CortexM3\ARM_GCC_493\Debug\Hummingbird(Continuous Output).a(CyDmac.o)
 .debug_aranges
                0x00000698      0x208 .\CortexM3\ARM_GCC_493\Debug\Hummingbird(Continuous Output).a(CyLib.o)
 .debug_aranges
                0x000008a0       0x70 .\CortexM3\ARM_GCC_493\Debug\Hummingbird(Continuous Output).a(cyPm.o)
 .debug_aranges
                0x00000910       0xa0 .\CortexM3\ARM_GCC_493\Debug\Hummingbird(Continuous Output).a(ADC_SAR_1.o)
 .debug_aranges
                0x000009b0       0x20 .\CortexM3\ARM_GCC_493\Debug\Hummingbird(Continuous Output).a(ADC_SAR_1_INT.o)
 .debug_aranges
                0x000009d0       0x90 .\CortexM3\ARM_GCC_493\Debug\Hummingbird(Continuous Output).a(Timer_1.o)
 .debug_aranges
                0x00000a60       0x80 .\CortexM3\ARM_GCC_493\Debug\Hummingbird(Continuous Output).a(isr_1.o)
 .debug_aranges
                0x00000ae0       0x70 .\CortexM3\ARM_GCC_493\Debug\Hummingbird(Continuous Output).a(ADC_SAR_1_theACLK.o)
 .debug_aranges
                0x00000b50       0xa0 .\CortexM3\ARM_GCC_493\Debug\Hummingbird(Continuous Output).a(UI_ADC.o)
 .debug_aranges
                0x00000bf0       0x20 .\CortexM3\ARM_GCC_493\Debug\Hummingbird(Continuous Output).a(UI_ADC_INT.o)
 .debug_aranges
                0x00000c10       0xa0 .\CortexM3\ARM_GCC_493\Debug\Hummingbird(Continuous Output).a(UI_ADC_SAR.o)
 .debug_aranges
                0x00000cb0       0x28 .\CortexM3\ARM_GCC_493\Debug\Hummingbird(Continuous Output).a(UI_ADC_TempBuf_dma.o)
 .debug_aranges
                0x00000cd8       0x28 .\CortexM3\ARM_GCC_493\Debug\Hummingbird(Continuous Output).a(UI_ADC_FinalBuf_dma.o)
 .debug_aranges
                0x00000d00       0x80 .\CortexM3\ARM_GCC_493\Debug\Hummingbird(Continuous Output).a(UI_ADC_IRQ.o)
 .debug_aranges
                0x00000d80       0xa0 .\CortexM3\ARM_GCC_493\Debug\Hummingbird(Continuous Output).a(UART.o)
 .debug_aranges
                0x00000e20       0x38 .\CortexM3\ARM_GCC_493\Debug\Hummingbird(Continuous Output).a(I2C_CharLCD.o)
 .debug_aranges
                0x00000e58       0x20 .\CortexM3\ARM_GCC_493\Debug\Hummingbird(Continuous Output).a(I2C_CharLCD_INT.o)
 .debug_aranges
                0x00000e78       0x38 .\CortexM3\ARM_GCC_493\Debug\Hummingbird(Continuous Output).a(I2C_CharLCD_PM.o)
 .debug_aranges
                0x00000eb0       0x80 .\CortexM3\ARM_GCC_493\Debug\Hummingbird(Continuous Output).a(I2C_CharLCD_MASTER.o)
 .debug_aranges
                0x00000f30       0x88 .\CortexM3\ARM_GCC_493\Debug\Hummingbird(Continuous Output).a(CharLCD_I2C.o)
 .debug_aranges
                0x00000fb8       0x20 .\CortexM3\ARM_GCC_493\Debug\Hummingbird(Continuous Output).a(CyBootAsmGnu.o)
 .debug_aranges
                0x00000fd8      0x110 .\CortexM3\ARM_GCC_493\Debug\Hummingbird(Continuous Output).a(MIDI1_UART.o)
 .debug_aranges
                0x000010e8      0x110 .\CortexM3\ARM_GCC_493\Debug\Hummingbird(Continuous Output).a(MIDI2_UART.o)
 .debug_aranges
                0x000011f8       0x20 .\CortexM3\ARM_GCC_493\Debug\Hummingbird(Continuous Output).a(USB_cls.o)
 .debug_aranges
                0x00001218       0x18 .\CortexM3\ARM_GCC_493\Debug\Hummingbird(Continuous Output).a(USB_descr.o)
 .debug_aranges
                0x00001230       0x78 .\CortexM3\ARM_GCC_493\Debug\Hummingbird(Continuous Output).a(CyFlash.o)
 .debug_aranges
                0x000012a8       0x68 .\CortexM3\ARM_GCC_493\Debug\Hummingbird(Continuous Output).a(CySpc.o)
 .debug_aranges
                0x00001310       0x20 .\CortexM3\ARM_GCC_493\Debug\Hummingbird(Continuous Output).a(cyutils.o)
 .debug_aranges
                0x00001330       0x28 .\CortexM3\ARM_GCC_493\Debug\Hummingbird(Continuous Output).a(MIDI1_UART_INT.o)
 .debug_aranges
                0x00001358       0x28 .\CortexM3\ARM_GCC_493\Debug\Hummingbird(Continuous Output).a(MIDI2_UART_INT.o)
 .debug_aranges
                0x00001380       0x20 .\CortexM3\ARM_GCC_493\Debug\Hummingbird(Continuous Output).a(USB_audio.o)

.debug_pubnames
 *(.debug_pubnames)

.debug_info     0x00000000     0xe7ad
 *(.debug_info .gnu.linkonce.wi.*)
 .debug_info    0x00000000      0x981 .\CortexM3\ARM_GCC_493\Debug\main.o
 .debug_info    0x00000981      0xee7 .\CortexM3\ARM_GCC_493\Debug\fft.o
 .debug_info    0x00001868      0x3d3 .\CortexM3\ARM_GCC_493\Debug\midi.o
 .debug_info    0x00001c3b      0x439 .\CortexM3\ARM_GCC_493\Debug\pitch.o
 .debug_info    0x00002074      0x43d .\CortexM3\ARM_GCC_493\Debug\hbird.o
 .debug_info    0x000024b1      0x13e .\CortexM3\ARM_GCC_493\Debug\cymetadata.o
 .debug_info    0x000025ef      0x315 .\CortexM3\ARM_GCC_493\Debug\Cm3Start.o
 .debug_info    0x00002904      0x193 .\CortexM3\ARM_GCC_493\Debug\Hummingbird(Continuous Output).a(MIDI1_UART_PM.o)
 .debug_info    0x00002a97      0x193 .\CortexM3\ARM_GCC_493\Debug\Hummingbird(Continuous Output).a(MIDI2_UART_PM.o)
 .debug_info    0x00002c2a      0x6b1 .\CortexM3\ARM_GCC_493\Debug\Hummingbird(Continuous Output).a(cyfitter_cfg.o)
 .debug_info    0x000032db      0x2d3 .\CortexM3\ARM_GCC_493\Debug\Hummingbird(Continuous Output).a(SleepTimer.o)
 .debug_info    0x000035ae      0x11f .\CortexM3\ARM_GCC_493\Debug\Hummingbird(Continuous Output).a(MIDI_PWR.o)
 .debug_info    0x000036cd      0x855 .\CortexM3\ARM_GCC_493\Debug\Hummingbird(Continuous Output).a(USB.o)
 .debug_info    0x00003f22      0x6a7 .\CortexM3\ARM_GCC_493\Debug\Hummingbird(Continuous Output).a(USB_drv.o)
 .debug_info    0x000045c9      0x1a9 .\CortexM3\ARM_GCC_493\Debug\Hummingbird(Continuous Output).a(USB_episr.o)
 .debug_info    0x00004772      0x36d .\CortexM3\ARM_GCC_493\Debug\Hummingbird(Continuous Output).a(USB_pm.o)
 .debug_info    0x00004adf      0xb2f .\CortexM3\ARM_GCC_493\Debug\Hummingbird(Continuous Output).a(USB_std.o)
 .debug_info    0x0000560e      0x18b .\CortexM3\ARM_GCC_493\Debug\Hummingbird(Continuous Output).a(USB_vnd.o)
 .debug_info    0x00005799      0x96e .\CortexM3\ARM_GCC_493\Debug\Hummingbird(Continuous Output).a(USB_midi.o)
 .debug_info    0x00006107      0x94e .\CortexM3\ARM_GCC_493\Debug\Hummingbird(Continuous Output).a(CyDmac.o)
 .debug_info    0x00006a55     0x1125 .\CortexM3\ARM_GCC_493\Debug\Hummingbird(Continuous Output).a(CyLib.o)
 .debug_info    0x00007b7a      0x9c6 .\CortexM3\ARM_GCC_493\Debug\Hummingbird(Continuous Output).a(cyPm.o)
 .debug_info    0x00008540      0x60c .\CortexM3\ARM_GCC_493\Debug\Hummingbird(Continuous Output).a(ADC_SAR_1.o)
 .debug_info    0x00008b4c       0x92 .\CortexM3\ARM_GCC_493\Debug\Hummingbird(Continuous Output).a(ADC_SAR_1_INT.o)
 .debug_info    0x00008bde      0x40d .\CortexM3\ARM_GCC_493\Debug\Hummingbird(Continuous Output).a(Timer_1.o)
 .debug_info    0x00008feb      0x36f .\CortexM3\ARM_GCC_493\Debug\Hummingbird(Continuous Output).a(isr_1.o)
 .debug_info    0x0000935a      0x297 .\CortexM3\ARM_GCC_493\Debug\Hummingbird(Continuous Output).a(ADC_SAR_1_theACLK.o)
 .debug_info    0x000095f1      0x7ce .\CortexM3\ARM_GCC_493\Debug\Hummingbird(Continuous Output).a(UI_ADC.o)
 .debug_info    0x00009dbf       0x99 .\CortexM3\ARM_GCC_493\Debug\Hummingbird(Continuous Output).a(UI_ADC_INT.o)
 .debug_info    0x00009e58      0x56a .\CortexM3\ARM_GCC_493\Debug\Hummingbird(Continuous Output).a(UI_ADC_SAR.o)
 .debug_info    0x0000a3c2      0x1f8 .\CortexM3\ARM_GCC_493\Debug\Hummingbird(Continuous Output).a(UI_ADC_TempBuf_dma.o)
 .debug_info    0x0000a5ba      0x1f8 .\CortexM3\ARM_GCC_493\Debug\Hummingbird(Continuous Output).a(UI_ADC_FinalBuf_dma.o)
 .debug_info    0x0000a7b2      0x36f .\CortexM3\ARM_GCC_493\Debug\Hummingbird(Continuous Output).a(UI_ADC_IRQ.o)
 .debug_info    0x0000ab21      0x47f .\CortexM3\ARM_GCC_493\Debug\Hummingbird(Continuous Output).a(UART.o)
 .debug_info    0x0000afa0      0x2d0 .\CortexM3\ARM_GCC_493\Debug\Hummingbird(Continuous Output).a(I2C_CharLCD.o)
 .debug_info    0x0000b270      0x166 .\CortexM3\ARM_GCC_493\Debug\Hummingbird(Continuous Output).a(I2C_CharLCD_INT.o)
 .debug_info    0x0000b3d6      0x224 .\CortexM3\ARM_GCC_493\Debug\Hummingbird(Continuous Output).a(I2C_CharLCD_PM.o)
 .debug_info    0x0000b5fa      0x400 .\CortexM3\ARM_GCC_493\Debug\Hummingbird(Continuous Output).a(I2C_CharLCD_MASTER.o)
 .debug_info    0x0000b9fa      0x77d .\CortexM3\ARM_GCC_493\Debug\Hummingbird(Continuous Output).a(CharLCD_I2C.o)
 .debug_info    0x0000c177       0xb0 .\CortexM3\ARM_GCC_493\Debug\Hummingbird(Continuous Output).a(CyBootAsmGnu.o)
 .debug_info    0x0000c227      0x910 .\CortexM3\ARM_GCC_493\Debug\Hummingbird(Continuous Output).a(MIDI1_UART.o)
 .debug_info    0x0000cb37      0x910 .\CortexM3\ARM_GCC_493\Debug\Hummingbird(Continuous Output).a(MIDI2_UART.o)
 .debug_info    0x0000d447      0x1ad .\CortexM3\ARM_GCC_493\Debug\Hummingbird(Continuous Output).a(USB_cls.o)
 .debug_info    0x0000d5f4      0x2cf .\CortexM3\ARM_GCC_493\Debug\Hummingbird(Continuous Output).a(USB_descr.o)
 .debug_info    0x0000d8c3      0x624 .\CortexM3\ARM_GCC_493\Debug\Hummingbird(Continuous Output).a(CyFlash.o)
 .debug_info    0x0000dee7      0x442 .\CortexM3\ARM_GCC_493\Debug\Hummingbird(Continuous Output).a(CySpc.o)
 .debug_info    0x0000e329       0xec .\CortexM3\ARM_GCC_493\Debug\Hummingbird(Continuous Output).a(cyutils.o)
 .debug_info    0x0000e415      0x162 .\CortexM3\ARM_GCC_493\Debug\Hummingbird(Continuous Output).a(MIDI1_UART_INT.o)
 .debug_info    0x0000e577      0x162 .\CortexM3\ARM_GCC_493\Debug\Hummingbird(Continuous Output).a(MIDI2_UART_INT.o)
 .debug_info    0x0000e6d9       0xd4 .\CortexM3\ARM_GCC_493\Debug\Hummingbird(Continuous Output).a(USB_audio.o)

.debug_abbrev   0x00000000     0x4e43
 *(.debug_abbrev)
 .debug_abbrev  0x00000000      0x250 .\CortexM3\ARM_GCC_493\Debug\main.o
 .debug_abbrev  0x00000250      0x31f .\CortexM3\ARM_GCC_493\Debug\fft.o
 .debug_abbrev  0x0000056f      0x1ab .\CortexM3\ARM_GCC_493\Debug\midi.o
 .debug_abbrev  0x0000071a      0x16b .\CortexM3\ARM_GCC_493\Debug\pitch.o
 .debug_abbrev  0x00000885      0x18d .\CortexM3\ARM_GCC_493\Debug\hbird.o
 .debug_abbrev  0x00000a12       0x77 .\CortexM3\ARM_GCC_493\Debug\cymetadata.o
 .debug_abbrev  0x00000a89      0x199 .\CortexM3\ARM_GCC_493\Debug\Cm3Start.o
 .debug_abbrev  0x00000c22       0xd0 .\CortexM3\ARM_GCC_493\Debug\Hummingbird(Continuous Output).a(MIDI1_UART_PM.o)
 .debug_abbrev  0x00000cf2       0xd0 .\CortexM3\ARM_GCC_493\Debug\Hummingbird(Continuous Output).a(MIDI2_UART_PM.o)
 .debug_abbrev  0x00000dc2      0x28b .\CortexM3\ARM_GCC_493\Debug\Hummingbird(Continuous Output).a(cyfitter_cfg.o)
 .debug_abbrev  0x0000104d      0x1a2 .\CortexM3\ARM_GCC_493\Debug\Hummingbird(Continuous Output).a(SleepTimer.o)
 .debug_abbrev  0x000011ef       0x90 .\CortexM3\ARM_GCC_493\Debug\Hummingbird(Continuous Output).a(MIDI_PWR.o)
 .debug_abbrev  0x0000127f      0x2e7 .\CortexM3\ARM_GCC_493\Debug\Hummingbird(Continuous Output).a(USB.o)
 .debug_abbrev  0x00001566      0x24d .\CortexM3\ARM_GCC_493\Debug\Hummingbird(Continuous Output).a(USB_drv.o)
 .debug_abbrev  0x000017b3       0xe6 .\CortexM3\ARM_GCC_493\Debug\Hummingbird(Continuous Output).a(USB_episr.o)
 .debug_abbrev  0x00001899      0x1ad .\CortexM3\ARM_GCC_493\Debug\Hummingbird(Continuous Output).a(USB_pm.o)
 .debug_abbrev  0x00001a46      0x2bd .\CortexM3\ARM_GCC_493\Debug\Hummingbird(Continuous Output).a(USB_std.o)
 .debug_abbrev  0x00001d03       0xd9 .\CortexM3\ARM_GCC_493\Debug\Hummingbird(Continuous Output).a(USB_vnd.o)
 .debug_abbrev  0x00001ddc      0x243 .\CortexM3\ARM_GCC_493\Debug\Hummingbird(Continuous Output).a(USB_midi.o)
 .debug_abbrev  0x0000201f      0x1d4 .\CortexM3\ARM_GCC_493\Debug\Hummingbird(Continuous Output).a(CyDmac.o)
 .debug_abbrev  0x000021f3      0x3cb .\CortexM3\ARM_GCC_493\Debug\Hummingbird(Continuous Output).a(CyLib.o)
 .debug_abbrev  0x000025be      0x210 .\CortexM3\ARM_GCC_493\Debug\Hummingbird(Continuous Output).a(cyPm.o)
 .debug_abbrev  0x000027ce      0x227 .\CortexM3\ARM_GCC_493\Debug\Hummingbird(Continuous Output).a(ADC_SAR_1.o)
 .debug_abbrev  0x000029f5       0x42 .\CortexM3\ARM_GCC_493\Debug\Hummingbird(Continuous Output).a(ADC_SAR_1_INT.o)
 .debug_abbrev  0x00002a37      0x23b .\CortexM3\ARM_GCC_493\Debug\Hummingbird(Continuous Output).a(Timer_1.o)
 .debug_abbrev  0x00002c72      0x1ff .\CortexM3\ARM_GCC_493\Debug\Hummingbird(Continuous Output).a(isr_1.o)
 .debug_abbrev  0x00002e71      0x142 .\CortexM3\ARM_GCC_493\Debug\Hummingbird(Continuous Output).a(ADC_SAR_1_theACLK.o)
 .debug_abbrev  0x00002fb3      0x1c1 .\CortexM3\ARM_GCC_493\Debug\Hummingbird(Continuous Output).a(UI_ADC.o)
 .debug_abbrev  0x00003174       0x42 .\CortexM3\ARM_GCC_493\Debug\Hummingbird(Continuous Output).a(UI_ADC_INT.o)
 .debug_abbrev  0x000031b6      0x23c .\CortexM3\ARM_GCC_493\Debug\Hummingbird(Continuous Output).a(UI_ADC_SAR.o)
 .debug_abbrev  0x000033f2       0xee .\CortexM3\ARM_GCC_493\Debug\Hummingbird(Continuous Output).a(UI_ADC_TempBuf_dma.o)
 .debug_abbrev  0x000034e0       0xee .\CortexM3\ARM_GCC_493\Debug\Hummingbird(Continuous Output).a(UI_ADC_FinalBuf_dma.o)
 .debug_abbrev  0x000035ce      0x1ff .\CortexM3\ARM_GCC_493\Debug\Hummingbird(Continuous Output).a(UI_ADC_IRQ.o)
 .debug_abbrev  0x000037cd      0x1fa .\CortexM3\ARM_GCC_493\Debug\Hummingbird(Continuous Output).a(UART.o)
 .debug_abbrev  0x000039c7      0x168 .\CortexM3\ARM_GCC_493\Debug\Hummingbird(Continuous Output).a(I2C_CharLCD.o)
 .debug_abbrev  0x00003b2f       0xb0 .\CortexM3\ARM_GCC_493\Debug\Hummingbird(Continuous Output).a(I2C_CharLCD_INT.o)
 .debug_abbrev  0x00003bdf      0x172 .\CortexM3\ARM_GCC_493\Debug\Hummingbird(Continuous Output).a(I2C_CharLCD_PM.o)
 .debug_abbrev  0x00003d51      0x12d .\CortexM3\ARM_GCC_493\Debug\Hummingbird(Continuous Output).a(I2C_CharLCD_MASTER.o)
 .debug_abbrev  0x00003e7e      0x216 .\CortexM3\ARM_GCC_493\Debug\Hummingbird(Continuous Output).a(CharLCD_I2C.o)
 .debug_abbrev  0x00004094       0x14 .\CortexM3\ARM_GCC_493\Debug\Hummingbird(Continuous Output).a(CyBootAsmGnu.o)
 .debug_abbrev  0x000040a8      0x28d .\CortexM3\ARM_GCC_493\Debug\Hummingbird(Continuous Output).a(MIDI1_UART.o)
 .debug_abbrev  0x00004335      0x28d .\CortexM3\ARM_GCC_493\Debug\Hummingbird(Continuous Output).a(MIDI2_UART.o)
 .debug_abbrev  0x000045c2       0xe8 .\CortexM3\ARM_GCC_493\Debug\Hummingbird(Continuous Output).a(USB_cls.o)
 .debug_abbrev  0x000046aa       0xa7 .\CortexM3\ARM_GCC_493\Debug\Hummingbird(Continuous Output).a(USB_descr.o)
 .debug_abbrev  0x00004751      0x2f9 .\CortexM3\ARM_GCC_493\Debug\Hummingbird(Continuous Output).a(CyFlash.o)
 .debug_abbrev  0x00004a4a      0x1b1 .\CortexM3\ARM_GCC_493\Debug\Hummingbird(Continuous Output).a(CySpc.o)
 .debug_abbrev  0x00004bfb       0x8e .\CortexM3\ARM_GCC_493\Debug\Hummingbird(Continuous Output).a(cyutils.o)
 .debug_abbrev  0x00004c89       0xa2 .\CortexM3\ARM_GCC_493\Debug\Hummingbird(Continuous Output).a(MIDI1_UART_INT.o)
 .debug_abbrev  0x00004d2b       0xa2 .\CortexM3\ARM_GCC_493\Debug\Hummingbird(Continuous Output).a(MIDI2_UART_INT.o)
 .debug_abbrev  0x00004dcd       0x76 .\CortexM3\ARM_GCC_493\Debug\Hummingbird(Continuous Output).a(USB_audio.o)

.debug_line     0x00000000     0x64e0
 *(.debug_line)
 .debug_line    0x00000000      0x334 .\CortexM3\ARM_GCC_493\Debug\main.o
 .debug_line    0x00000334      0x409 .\CortexM3\ARM_GCC_493\Debug\fft.o
 .debug_line    0x0000073d      0x283 .\CortexM3\ARM_GCC_493\Debug\midi.o
 .debug_line    0x000009c0      0x2c7 .\CortexM3\ARM_GCC_493\Debug\pitch.o
 .debug_line    0x00000c87      0x1dd .\CortexM3\ARM_GCC_493\Debug\hbird.o
 .debug_line    0x00000e64       0x51 .\CortexM3\ARM_GCC_493\Debug\cymetadata.o
 .debug_line    0x00000eb5      0x1b5 .\CortexM3\ARM_GCC_493\Debug\Cm3Start.o
 .debug_line    0x0000106a       0xb3 .\CortexM3\ARM_GCC_493\Debug\Hummingbird(Continuous Output).a(MIDI1_UART_PM.o)
 .debug_line    0x0000111d       0xb3 .\CortexM3\ARM_GCC_493\Debug\Hummingbird(Continuous Output).a(MIDI2_UART_PM.o)
 .debug_line    0x000011d0      0x246 .\CortexM3\ARM_GCC_493\Debug\Hummingbird(Continuous Output).a(cyfitter_cfg.o)
 .debug_line    0x00001416      0x117 .\CortexM3\ARM_GCC_493\Debug\Hummingbird(Continuous Output).a(SleepTimer.o)
 .debug_line    0x0000152d       0x99 .\CortexM3\ARM_GCC_493\Debug\Hummingbird(Continuous Output).a(MIDI_PWR.o)
 .debug_line    0x000015c6      0x322 .\CortexM3\ARM_GCC_493\Debug\Hummingbird(Continuous Output).a(USB.o)